Archive member included because of file (symbol)

c:/NXP/bstudio_nxp/sdk/JN-SW-4168/Components/Library\libOS_JN516x.a(os.o)
                              os_gen.o (symbol from plugin) (os_vStart)
c:/NXP/bstudio_nxp/sdk/JN-SW-4168/Components/Library\libOS_JN516x.a(os_contirq_JN516x.o)
                              os_irq.o (os_UnclaimedException_W)
c:/NXP/bstudio_nxp/sdk/JN-SW-4168/Components/Library\libPWRM_JN516x.a(pwrm.o)
                              app_start.o (symbol from plugin) (PWRM_vInit)
c:/NXP/bstudio_nxp/sdk/JN-SW-4168/Components/Library\libPWRM_JN516x.a(pwrm_setjmp_JN516x.o)
                              pwrm.o (symbol from plugin) (setjmp)
c:/NXP/bstudio_nxp/sdk/JN-SW-4168/Components/Library\libPWRM_JN516x.a(pwrm_cold_start.o)
                              (AppColdStart)
c:/NXP/bstudio_nxp/sdk/JN-SW-4168/Components/Library\libPWRM_JN516x.a(pwrm_warm_start.o)
                              (AppWarmStart)
c:/NXP/bstudio_nxp/sdk/JN-SW-4168/Components/Library\libPDUM_JN516x.a(pdum_nwk.o)
                              pdum_gen.o (symbol from plugin) (pdum_vNPduInit)
c:/NXP/bstudio_nxp/sdk/JN-SW-4168/Components/Library\libPDUM_JN516x.a(pdum_apl.o)
                              appZdpExtraction.o (symbol from plugin) (PDUM_u16APduInstanceReadNBO)
c:/NXP/bstudio_nxp/sdk/JN-SW-4168/Components/Library\libPDUM_JN516x.a(pdum.o)
                              pdum_nwk.o (symbol from plugin) (PDUM_u16SizeNBO)
c:/NXP/bstudio_nxp/sdk/JN-SW-4168/Components/Library\libZPSAPL_JN516x.a(zps_apl_af.o)
                              App_Coordinator.o (symbol from plugin) (ZPS_eAplAfInit)
c:/NXP/bstudio_nxp/sdk/JN-SW-4168/Components/Library\libZPSAPL_JN516x.a(zps_apl_af_apsde.o)
                              zps_gen.o (symbol from plugin) (zps_vHandleApsdeDataFragIndNotSupported)
c:/NXP/bstudio_nxp/sdk/JN-SW-4168/Components/Library\libZPSAPL_JN516x.a(zps_apl_task.o)
                              zps_apl_af_apsde.o (symbol from plugin) (zps_vAplAfPostEvent)
c:/NXP/bstudio_nxp/sdk/JN-SW-4168/Components/Library\libZPSAPL_JN516x.a(zps_apl_apsde.o)
                              zps_apl_task.o (symbol from plugin) (ZPS_vAplRegisterApsdeDcfmIndCallbacks)
c:/NXP/bstudio_nxp/sdk/JN-SW-4168/Components/Library\libZPSAPL_JN516x.a(zps_apl_apsme.o)
                              zps_apl_task.o (symbol from plugin) (ZPS_vAplRegisterApsmeDcfmIndCallbacks)
c:/NXP/bstudio_nxp/sdk/JN-SW-4168/Components/Library\libZPSAPL_JN516x.a(zps_apl_aps_nlde.o)
                              zps_apl_task.o (symbol from plugin) (zps_vAplApsHandleNldeDcfmInd)
c:/NXP/bstudio_nxp/sdk/JN-SW-4168/Components/Library\libZPSAPL_JN516x.a(zps_apl_sec.o)
                              zps_apl_task.o (symbol from plugin) (zps_psFindKeyDescr)
c:/NXP/bstudio_nxp/sdk/JN-SW-4168/Components/Library\libZPSAPL_JN516x.a(zps_apl_aib.o)
                              app_zbp_utilities.o (symbol from plugin) (zps_psAplAibGetAib)
c:/NXP/bstudio_nxp/sdk/JN-SW-4168/Components/Library\libZPSAPL_JN516x.a(zps_apl_zdo_nwkmanager.o)
                              zps_apl_apsme.o (symbol from plugin) (zps_vAplSaveRecord)
c:/NXP/bstudio_nxp/sdk/JN-SW-4168/Components/Library\libZPSAPL_JN516x.a(zps_apl_zdo_handle_zdp_event.o)
                              zps_apl_task.o (symbol from plugin) (zps_bAplZdoHandleZdpEvent)
c:/NXP/bstudio_nxp/sdk/JN-SW-4168/Components/Library\libZPSAPL_JN516x.a(zps_apl_zdo_trust_center.o)
                              zps_gen.o (symbol from plugin) (zps_vAplTrustCenterInit)
c:/NXP/bstudio_nxp/sdk/JN-SW-4168/Components/Library\libZPSAPL_JN516x.a(zps_apl_zdo_common.o)
                              zps_apl_zdo_nwkmanager.o (symbol from plugin) (zps_eAplZdoNlmeleaveWrapper)
c:/NXP/bstudio_nxp/sdk/JN-SW-4168/Components/Library\libZPSAPL_JN516x.a(zps_apl_zdo_default_server.o)
                              zps_gen.o (symbol from plugin) (zps_vAplZdoDefaultServerInit)
c:/NXP/bstudio_nxp/sdk/JN-SW-4168/Components/Library\libZPSAPL_JN516x.a(zps_apl_mac_isr.o)
                              zps_apl_task.o (symbol from plugin) (u32DataQueueCount)
c:/NXP/bstudio_nxp/sdk/JN-SW-4168/Components/Library\libZPSAPL_JN516x.a(zps_apl_zdo_end_device_bind_server.o)
                              zps_gen.o (symbol from plugin) (zps_vAplZdoEndDeviceBindServerInit)
c:/NXP/bstudio_nxp/sdk/JN-SW-4168/Components/Library\libZPSAPL_JN516x.a(zps_apl_zdo_nwk_addr_server.o)
                              zps_gen.o (symbol from plugin) (zps_vAplZdoNwkAddrServerInit)
c:/NXP/bstudio_nxp/sdk/JN-SW-4168/Components/Library\libZPSAPL_JN516x.a(zps_apl_zdo_ieee_addr_server.o)
                              zps_gen.o (symbol from plugin) (zps_vAplZdoIeeeAddrServerInit)
c:/NXP/bstudio_nxp/sdk/JN-SW-4168/Components/Library\libZPSAPL_JN516x.a(zps_apl_zdo_match_desc_server.o)
                              zps_gen.o (symbol from plugin) (zps_vAplZdoMatchDescServerInit)
c:/NXP/bstudio_nxp/sdk/JN-SW-4168/Components/Library\libZPSAPL_JN516x.a(zps_apl_zdo_node_desc_server.o)
[...]
Memory Configuration

Name             Origin             Length             Attributes
flash            0x0000000000080000 0x0000000000040000
ram              0x000000000400004c 0x0000000000007fb4
*default*        0x0000000000000000 0xffffffffffffffff

Linker script and memory map

                0x0000000000001388                __stack_size = 0x1388
                0x00000000000007d0                __minimum_heap_size = 0x7d0
START GROUP
LOAD os_gen.o
LOAD C:\Users\Linkylab\AppData\Local\Temp\ccO3wVyw.ltrans0.ltrans.o
LOAD C:\Users\Linkylab\AppData\Local\Temp\ccO3wVyw.ltrans1.ltrans.o
LOAD C:\Users\Linkylab\AppData\Local\Temp\ccO3wVyw.ltrans2.ltrans.o
LOAD C:\Users\Linkylab\AppData\Local\Temp\ccO3wVyw.ltrans3.ltrans.o
LOAD C:\Users\Linkylab\AppData\Local\Temp\ccO3wVyw.ltrans4.ltrans.o
LOAD C:\Users\Linkylab\AppData\Local\Temp\ccO3wVyw.ltrans5.ltrans.o
LOAD C:\Users\Linkylab\AppData\Local\Temp\ccO3wVyw.ltrans6.ltrans.o
LOAD C:\Users\Linkylab\AppData\Local\Temp\ccO3wVyw.ltrans7.ltrans.o
LOAD C:\Users\Linkylab\AppData\Local\Temp\ccO3wVyw.ltrans8.ltrans.o
LOAD C:\Users\Linkylab\AppData\Local\Temp\ccO3wVyw.ltrans9.ltrans.o
LOAD C:\Users\Linkylab\AppData\Local\Temp\ccO3wVyw.ltrans10.ltrans.o
LOAD C:\Users\Linkylab\AppData\Local\Temp\ccO3wVyw.ltrans11.ltrans.o
LOAD C:\Users\Linkylab\AppData\Local\Temp\ccO3wVyw.ltrans12.ltrans.o
LOAD C:\Users\Linkylab\AppData\Local\Temp\ccO3wVyw.ltrans13.ltrans.o
LOAD C:\Users\Linkylab\AppData\Local\Temp\ccO3wVyw.ltrans14.ltrans.o
LOAD C:\Users\Linkylab\AppData\Local\Temp\ccO3wVyw.ltrans15.ltrans.o
LOAD C:\Users\Linkylab\AppData\Local\Temp\ccO3wVyw.ltrans16.ltrans.o
LOAD C:\Users\Linkylab\AppData\Local\Temp\ccO3wVyw.ltrans17.ltrans.o
LOAD C:\Users\Linkylab\AppData\Local\Temp\ccO3wVyw.ltrans18.ltrans.o
LOAD C:\Users\Linkylab\AppData\Local\Temp\ccO3wVyw.ltrans19.ltrans.o
LOAD C:\Users\Linkylab\AppData\Local\Temp\ccO3wVyw.ltrans20.ltrans.o
LOAD C:\Users\Linkylab\AppData\Local\Temp\ccO3wVyw.ltrans21.ltrans.o
LOAD C:\Users\Linkylab\AppData\Local\Temp\ccO3wVyw.ltrans22.ltrans.o
LOAD C:\Users\Linkylab\AppData\Local\Temp\ccO3wVyw.ltrans23.ltrans.o
LOAD C:\Users\Linkylab\AppData\Local\Temp\ccO3wVyw.ltrans24.ltrans.o
LOAD C:\Users\Linkylab\AppData\Local\Temp\ccO3wVyw.ltrans25.ltrans.o
LOAD C:\Users\Linkylab\AppData\Local\Temp\ccO3wVyw.ltrans26.ltrans.o
LOAD C:\Users\Linkylab\AppData\Local\Temp\ccO3wVyw.ltrans27.ltrans.o
LOAD C:\Users\Linkylab\AppData\Local\Temp\ccO3wVyw.ltrans28.ltrans.o
LOAD C:\Users\Linkylab\AppData\Local\Temp\ccO3wVyw.ltrans29.ltrans.o
LOAD C:\Users\Linkylab\AppData\Local\Temp\ccO3wVyw.ltrans30.ltrans.o
LOAD C:\Users\Linkylab\AppData\Local\Temp\ccO3wVyw.ltrans31.ltrans.o
LOAD c:/nxp/bstudio_nxp/sdk/tools/ba-elf-ba2-r36379/bin/../lib/gcc/ba-elf/4.7.4/../../../../ba-elf/lib/mcpu_jn51xx_sizeopt\libc.a
LOAD c:/nxp/bstudio_nxp/sdk/tools/ba-elf-ba2-r36379/bin/../lib/gcc/ba-elf/4.7.4/mcpu_jn51xx_sizeopt\libgcc.a
LOAD c:/nxp/bstudio_nxp/sdk/tools/ba-elf-ba2-r36379/bin/../lib/gcc/ba-elf/4.7.4/../../../../ba-elf/lib/mcpu_jn51xx_sizeopt\libc.a
LOAD os_irq.o
LOAD os_irq_alignment.o
LOAD os_irq_buserror.o
LOAD os_irq_illegalinstruction.o
LOAD os_irq_stackoverflowexception.o
LOAD os_irq_unimplementedmodule.o
LOAD pdum_gen.o
LOAD pdum_apdu.o
LOAD zps_gen.o
LOAD app_zbp_utilities.o
LOAD app_exceptions.o
LOAD app_pdm.o
LOAD app_timer_driver.o
LOAD app_start.o
LOAD App_Coordinator.o
LOAD app_endpoint.o
LOAD AgeChildren.o
LOAD haKeys.o
LOAD appZpsBeaconHandler.o
LOAD appZdpExtraction.o
LOAD c:/NXP/bstudio_nxp/sdk/JN-SW-4168/Components/Library\libZPSMAC_Mini_JN516x.a
LOAD c:/NXP/bstudio_nxp/sdk/JN-SW-4168/Components/Library\libOS_JN516x.a
LOAD c:/NXP/bstudio_nxp/sdk/JN-SW-4168/Components/Library\libPWRM_JN516x.a
LOAD c:/NXP/bstudio_nxp/sdk/JN-SW-4168/Components/Library\libZPSTSV_JN516x.a
LOAD c:/NXP/bstudio_nxp/sdk/JN-SW-4168/Components/Library\libAES_SW_JN516x.a
LOAD c:/NXP/bstudio_nxp/sdk/JN-SW-4168/Components/Library\libPDUM_JN516x.a
LOAD c:/NXP/bstudio_nxp/sdk/JN-SW-4168/Components/Library\libZPSAPL_JN516x.a
LOAD c:/NXP/bstudio_nxp/sdk/JN-SW-4168/Components/Library\libRandom_JN516x.a
LOAD c:/NXP/bstudio_nxp/sdk/JN-SW-4168/Components/Library\libPDM_EEPROM_JN516x.a
LOAD c:/NXP/bstudio_nxp/sdk/JN-SW-4168/Components/Library\libDBG_JN516x.a
LOAD c:/NXP/bstudio_nxp/sdk/JN-SW-4168/Components/Library\libZPSNWK_JN516x.a
LOAD c:/NXP/bstudio_nxp/sdk/JN-SW-4168/Components/Library\libMiniMac_JN516x.a
LOAD c:/NXP/bstudio_nxp/sdk/JN-SW-4168/Components/Library\libMiniMacShim_JN516x.a
LOAD c:/NXP/bstudio_nxp/sdk/JN-SW-4168/Components/Library\libMMAC_JN516x.a
LOAD c:/NXP/bstudio_nxp/sdk/JN-SW-4168/Components/Library\libAes_JN516x.a
LOAD c:/NXP/bstudio_nxp/sdk/JN-SW-4168/Components/Library\libHardwareApi_JN516x.a
LOAD c:/NXP/bstudio_nxp/sdk/JN-SW-4168/Components/Library\libMicroSpecific_JN516x.a
LOAD c:/NXP/bstudio_nxp/sdk/JN-SW-4168/Components/Library\libBoot_JN516x.a
LOAD c:/NXP/bstudio_nxp/sdk/JN-SW-4168/Platform/DK4/Library\libBoardLib_JN516x.a
END GROUP
LOAD c:/nxp/bstudio_nxp/sdk/tools/ba-elf-ba2-r36379/bin/../lib/gcc/ba-elf/4.7.4/../../../../ba-elf/lib/mcpu_jn51xx_sizeopt\libc.a
LOAD c:/nxp/bstudio_nxp/sdk/tools/ba-elf-ba2-r36379/bin/../lib/gcc/ba-elf/4.7.4/mcpu_jn51xx_sizeopt\libgcc.a
LOAD c:/nxp/bstudio_nxp/sdk/tools/ba-elf-ba2-r36379/bin/../lib/gcc/ba-elf/4.7.4/../../../../ba-elf/lib/mcpu_jn51xx_sizeopt\libc.a
                0x0000000000080038                _exception_vsr_table = 0x80038
                0x0000000004000000                pSPIflashFncTable = 0x4000000
                0x0000000000000044                restore_state = 0x44
                0x000000000000004a                bZSPIWaitWIPClear = 0x4a
                0x0000000000000050                u16ZSPIflashRDID = 0x50
                0x0000000000000056                u8SelectFlashChipType = 0x56
                0x000000000000005c                memcpy = 0x5c
                0x0000000000000066                vBootFlashProg = 0x66
                [0x00000000000007d0]                __minimum_heap_size = DEFINED (__minimum_heap_size)?__minimum_heap_size:0xd16
                [0x0000000000001388]                __stack_size = DEFINED (__stack_size)?__stack_size:0x800
                0x0000000000000000                _SwConfig = (DEFINED (g_bSWConf_Debug) | (DEFINED (g_bSWConf_AltDebugPort) << 0x1))

.version        0x000000000007fffc        0x4
                0x000000000007fffc        0x4 LONG 0x7030008

.bir            0x0000000000080000       0x10
                0x0000000000080000                _flash_start = ABSOLUTE (.)
                0x0000000000080000                _flash_beg = ABSOLUTE (.)
                0x0000000000080000        0x4 LONG 0x12345678
                0x0000000000080004        0x4 LONG 0x11223344
                0x0000000000080008        0x4 LONG 0x55667788
                0x000000000008000c        0x1 BYTE 0x8
                0x000000000008000d        0x1 BYTE 0x1
                0x000000000008000e        0x2 SHORT 0x0

.flashheader    0x0000000000080010       0x28
                0x0000000000080010        0x4 LONG 0x0
                0x0000000000080014        0x4 LONG 0x0
                0x0000000000080018        0x4 LONG 0x0
                0x000000000008001c        0x2 SHORT 0x0
                0x000000000008001e        0x2 SHORT 0x0 ABSOLUTE (_SwConfig)
                0x0000000000080020                _enc_start = ABSOLUTE (.)
                0x0000000000080020        0x4 LONG 0x1b98c ABSOLUTE (_image_len)
                0x0000000000080024        0x4 LONG 0x9b2a8 ABSOLUTE (_flash_data_start)
                0x0000000000080028        0x2 SHORT 0x13 ((ABSOLUTE (_ram_data_start) / 0x4) & 0xffff)
                0x000000000008002a        0x2 SHORT 0x1b9 ((ABSOLUTE (_ram_data_len) / 0x4) & 0xffff)
                0x000000000008002c        0x2 SHORT 0x1cc ((ABSOLUTE (_bss_start) / 0x4) & 0xffff)
                0x000000000008002e        0x2 SHORT 0xc61 ((ABSOLUTE (_bss_len) / 0x4) & 0xffff)
                0x0000000000080030        0x4 LONG 0x95dfb ABSOLUTE (AppWarmStart)
                0x0000000000080034        0x4 LONG 0x95e15 ABSOLUTE (AppColdStart)
                0x0000000000000000                _enc_offset = (_enc_start & 0xf)

.ro_mac_address
                0x0000000000080040        0x0
                0x0000000000080040                _FlsMACAddress = ABSOLUTE (.)
 *(.ro_mac_address)
                0x0000000000080040                . = ALIGN (0x10)

.ro_ota_header  0x0000000000080040        0x0
                0x0000000000080040                _FlsOtaHeader = ABSOLUTE (.)
 *(.ro_ota_header)
                0x0000000000080040                . = ALIGN (0x10)

.ro_se_lnkKey   0x0000000000080040        0x0
                0x0000000000080040                _FlsLinkKey = ABSOLUTE (.)
 *(.ro_se_lnkKey)
                0x0000000000080040                . = ALIGN (0x10)

.rodata         0x0000000000080038      0xcaf
 *(.rodata*)
 .rodata.str1.1
                0x0000000000080038       0x6d C:\Users\Linkylab\AppData\Local\Temp\ccO3wVyw.ltrans0.ltrans.o
 *fill*         0x00000000000800a5        0x3 00
 .rodata        0x00000000000800a8       0x18 C:\Users\Linkylab\AppData\Local\Temp\ccO3wVyw.ltrans0.ltrans.o
                0x00000000000800a8                psAplDefaultZLLAPSLinkKey
                0x00000000000800ac                gMAC_u8MaxBuffers
                0x00000000000800b0                g_u32ApsFcSaveCountBitShift
                0x00000000000800b4                u8MaxZpsConfigEp
                0x00000000000800b5                au8EpMapPresent
                0x00000000000800b8                s_groupPdmTable
 .rodata.str1.1
                0x00000000000800c0      0x377 C:\Users\Linkylab\AppData\Local\Temp\ccO3wVyw.ltrans1.ltrans.o
                                        0x3b3 (size before relaxing)
 .rodata.str1.1
                0x0000000000000000      0x377 C:\Users\Linkylab\AppData\Local\Temp\ccO3wVyw.ltrans2.ltrans.o
                                          0x8 (size before relaxing)
 *fill*         0x0000000000080437        0x1 00
 .rodata        0x0000000000080438       0x28 C:\Users\Linkylab\AppData\Local\Temp\ccO3wVyw.ltrans2.ltrans.o
 .rodata.str1.1
                0x0000000000080460       0x11 C:\Users\Linkylab\AppData\Local\Temp\ccO3wVyw.ltrans3.ltrans.o
                                         0x20 (size before relaxing)
 .rodata.str1.1
                0x0000000000000000       0x11 C:\Users\Linkylab\AppData\Local\Temp\ccO3wVyw.ltrans4.ltrans.o
                                          0x7 (size before relaxing)
 *fill*         0x0000000000080471        0x3 00
 .rodata        0x0000000000080474       0x20 C:\Users\Linkylab\AppData\Local\Temp\ccO3wVyw.ltrans5.ltrans.o
                0x000000000008047c                au32UartAddrOffset
 .rodata.str1.1
                0x0000000000080494        0x3 C:\Users\Linkylab\AppData\Local\Temp\ccO3wVyw.ltrans5.ltrans.o
 .rodata.str1.1
                0x0000000000080497        0x6 C:\Users\Linkylab\AppData\Local\Temp\ccO3wVyw.ltrans6.ltrans.o
 *fill*         0x000000000008049d        0x3 00
 .rodata        0x00000000000804a0       0x18 C:\Users\Linkylab\AppData\Local\Temp\ccO3wVyw.ltrans7.ltrans.o
                0x00000000000804a0                au32NwkPdmRecordOffsets
 .rodata.str1.1
                0x0000000000000000        0x6 C:\Users\Linkylab\AppData\Local\Temp\ccO3wVyw.ltrans8.ltrans.o
                                          0x8 (size before relaxing)
 .rodata        0x00000000000804b8        0x7 C:\Users\Linkylab\AppData\Local\Temp\ccO3wVyw.ltrans8.ltrans.o
                0x00000000000804b8                u8MacNwkTriesTimeout
 .rodata.str1.1
                0x0000000000000000        0x3 C:\Users\Linkylab\AppData\Local\Temp\ccO3wVyw.ltrans9.ltrans.o
 .rodata.str1.1
                0x0000000000000000        0x6 C:\Users\Linkylab\AppData\Local\Temp\ccO3wVyw.ltrans11.ltrans.o
                                          0x8 (size before relaxing)
 .rodata        0x00000000000804bf       0x10 C:\Users\Linkylab\AppData\Local\Temp\ccO3wVyw.ltrans11.ltrans.o
                0x00000000000804bf                au8FlashWaitStatesHSRCO.94304
                0x00000000000804c7                au8FlashWaitStates32MXO.94303
 .rodata.str1.1
                0x0000000000000000        0x3 C:\Users\Linkylab\AppData\Local\Temp\ccO3wVyw.ltrans12.ltrans.o
 .rodata.str1.1
                0x00000000000804cf       0x17 C:\Users\Linkylab\AppData\Local\Temp\ccO3wVyw.ltrans13.ltrans.o
                                         0x34 (size before relaxing)
 .rodata.str1.1
                0x00000000000804e6        0x5 C:\Users\Linkylab\AppData\Local\Temp\ccO3wVyw.ltrans14.ltrans.o
                                         0x13 (size before relaxing)
 .rodata.str1.1
                0x00000000000804eb      0x159 C:\Users\Linkylab\AppData\Local\Temp\ccO3wVyw.ltrans15.ltrans.o
                                        0x1b5 (size before relaxing)
 .rodata        0x0000000000080644        0xc C:\Users\Linkylab\AppData\Local\Temp\ccO3wVyw.ltrans16.ltrans.o
                0x0000000000080649                bResolvedConflictAllowed
                0x000000000008064c                u32ScanAttemptDelayTime
 .rodata.str1.1
                0x0000000000080650       0x2c C:\Users\Linkylab\AppData\Local\Temp\ccO3wVyw.ltrans18.ltrans.o
                                         0x54 (size before relaxing)
 .rodata.str1.1
                0x0000000000000000        0xa C:\Users\Linkylab\AppData\Local\Temp\ccO3wVyw.ltrans19.ltrans.o
 .rodata        0x000000000008067c       0x88 C:\Users\Linkylab\AppData\Local\Temp\ccO3wVyw.ltrans19.ltrans.o
                0x000000000008067c                g_u32NwkFcSaveCountBitShift
 .rodata.str1.1
                0x0000000000080704        0x5 C:\Users\Linkylab\AppData\Local\Temp\ccO3wVyw.ltrans21.ltrans.o
                                          0xf (size before relaxing)
 .rodata.str1.1
                0x0000000000080709        0x6 C:\Users\Linkylab\AppData\Local\Temp\ccO3wVyw.ltrans22.ltrans.o
 .rodata.str1.1
                0x000000000008070f       0x38 C:\Users\Linkylab\AppData\Local\Temp\ccO3wVyw.ltrans23.ltrans.o
                                         0x3d (size before relaxing)
 *fill*         0x0000000000080747        0x1 00
 .rodata        0x0000000000080748      0x3c8 C:\Users\Linkylab\AppData\Local\Temp\ccO3wVyw.ltrans23.ltrans.o
                0x0000000000080748                zps_g_pvApl
                0x000000000008074c                pwrm_psWakeupCallbacks
 .rodata.str1.1
                0x0000000000000000       0x38 C:\Users\Linkylab\AppData\Local\Temp\ccO3wVyw.ltrans25.ltrans.o
                                          0x4 (size before relaxing)
 .rodata.str1.1
                0x0000000000080b10       0x1d C:\Users\Linkylab\AppData\Local\Temp\ccO3wVyw.ltrans27.ltrans.o
                                         0x3c (size before relaxing)
 .rodata.str1.1
                0x0000000000080b2d        0x7 C:\Users\Linkylab\AppData\Local\Temp\ccO3wVyw.ltrans28.ltrans.o
                                          0xf (size before relaxing)
 .rodata        0x0000000000080b34       0x8c C:\Users\Linkylab\AppData\Local\Temp\ccO3wVyw.ltrans29.ltrans.o
                0x0000000000080b34                s_apsStSceTbl.75718
                0x0000000000080b48                bRxOnOptimisationTurnedOff
                0x0000000000080b4c                zps_sJoinSceTbl
                0x0000000000080b58                zps_sActvSceTbl
 .rodata        0x0000000000080bc0      0x120 C:\Users\Linkylab\AppData\Local\Temp\ccO3wVyw.ltrans30.ltrans.o
 .rodata.str1.1
                0x0000000000080ce0        0x7 C:\Users\Linkylab\AppData\Local\Temp\ccO3wVyw.ltrans31.ltrans.o
                                         0x11 (size before relaxing)

.text           0x0000000000080ce8    0x1a5be
 *(.text*)
 .text          0x0000000000080ce8     0x13d8 C:\Users\Linkylab\AppData\Local\Temp\ccO3wVyw.ltrans0.ltrans.o
                0x0000000000080ce8                APP_TIMER_Version_1v0
                0x0000000000080ce8                vInitialiseApp.3737
 .text          0x00000000000820c0     0x11e0 C:\Users\Linkylab\AppData\Local\Temp\ccO3wVyw.ltrans1.ltrans.o
                0x00000000000820c0                os_vAPP_taskCoordinator
 .text          0x00000000000832a0     0x1040 C:\Users\Linkylab\AppData\Local\Temp\ccO3wVyw.ltrans2.ltrans.o
                0x00000000000832a0                DBG_iUartGetChar
                0x00000000000832fd                vMMAC_IntHandlerBbc
                0x0000000000083317                eBasicTxCompleteHandler
                0x000000000008331c                vTxRxTimeout.92603
                0x0000000000083379                eSmeAcScBeaconInd.83817
                0x00000000000833df                eSmeASFlBeaconInd.83652
                0x0000000000083401                eSmeUDNTScanDcfm.83102
                0x0000000000083488                zps_eNwkHandleSmePollDcfm
                0x00000000000834b2                eLeaveDataDcfmRemoteLeave.88402
                0x00000000000834fb                eSmeGenlScanDcfm.83644
                0x0000000000083559                eSmeEdScScanDcfm.83640
                0x0000000000083700                eSmeAcScBeaconInd.83660
                0x0000000000083808                eSmeUDNTBeaconInd.83636
                0x000000000008382b                vMiniMac_ReturnTxBufferCallback
                0x000000000008383d                bEnableReceive.92605
                0x000000000008387b                pvHeap_Alloc
                0x000000000008387e                vMicroIntRestoreState
                0x000000000008388a                bAHI_WriteEEPROMfixSegmentData
                0x00000000000838e8                bAHI_InitialiseEEPROM
                0x0000000000083930                vAHI_ReadDataFromEEPROMregister
                0x000000000008395d                vAHI_WriteDataIntoEEPROMregister
                0x000000000008398d                iPDM_WriteSegmentHeaderDataIntoEEPROMsegment
                0x00000000000839bc                u8AHI_WakeTimerFiredStatus
                0x00000000000839d0                vAHI_WakeTimerStop.part.3.94798
                0x00000000000839f0                vAHI_UartReset.part.4.94552
                0x0000000000083a28                vAHI_OptimiseWaitStates
                0x0000000000083a74                bAHI_GetClkSource
                0x0000000000083a81                vAHI_CpuDoze
                0x0000000000083a94                vAHI_SwReset
                0x0000000000083ac4                vAHI_DioSetPullup
                0x0000000000083ae4                vAHI_DioSetOutput
                0x0000000000083af8                vAHI_DioSetDirection
                0x0000000000083b0c                vEcbEncodeStripe.94012
                0x0000000000083b63                bIssueACIcommand
                0x0000000000083bf9                AESSW_vMMOBlockUpdate
                0x0000000000083c6b                MAC_u64GetExtAddr
                0x0000000000083c86                ZPS_u64NwkNibFindExtAddr
                0x0000000000083d2c                ZPS_u16NwkNibFindNwkAddr
                0x0000000000083dcd                psSearchForFrameToSend
                0x0000000000083e24                eMiniMac_FrameInProgress
                0x0000000000083e4f                vRemoveFromTxQueue
                0x0000000000083e8b                vAddToTxQueue
                0x0000000000083ec1                u8GetHeaderSize
                0x0000000000083ee9                vMiniMac_MLME_SetReq_MaxCsmaBackoffs
                0x0000000000083f09                vMiniMac_MLME_SetReq_MaxBe
                0x0000000000083f2c                vMiniMac_MLME_SetReq_MinBe
                0x0000000000083f4f                zps_psFormatCmdFrameGeneral
                0x0000000000083fdc                zps_eNwkFormStInit
                0x0000000000083ff1                vSendDcfm.84338
                0x0000000000084016                bCheckMatchingEntry.83812
                0x000000000008403c                zps_psNwkSlistRemoveFromHead
                0x0000000000084053                zps_psNwkSlistRemove
                0x000000000008408b                zps_bNwkMcpsMgrRemoveDescrFromLists
                0x00000000000840c9                zps_vNwkSlistAddToTail
                0x00000000000840e3                ZPS_vNwkSecResetDevice
                0x0000000000084128                ZPS_bNwkSecHaveNetworkKey
                0x000000000008415c                ZPS_bNwkSecFindMatSet
                0x0000000000084198                zps_eNwkRtMatch
                0x00000000000842a5                ZPS_u8NwkCalcNldeReqOverhead
 .text          0x00000000000842e0     0x10e1 C:\Users\Linkylab\AppData\Local\Temp\ccO3wVyw.ltrans3.ltrans.o
                0x00000000000842e0                vSendNetworkReport.74525
                0x00000000000843ba                zps_psNwkInitiateRouteDiscovery
                0x000000000008454f                zps_psNwkSendRejoinReqCmd.constprop.14
                0x00000000000845cd                zps_psSendNetworkStatusCmd
                0x0000000000084839                zps_eNwkHandleSceRouteRecord
                0x0000000000084918                zps_eDefaultDataDcfm
                0x0000000000084a07                zps_psSendFrm
                0x0000000000084d71                zps_psSendBroadcastFrm
                0x0000000000084e07                ZPS_vNwkHandleNldeReqRsp
                0x0000000000085004                psSendRouteReplyCmd.79800
                0x0000000000085116                zps_eNwkHandleSceRouteReply
 .text          0x00000000000853c1     0x1199 C:\Users\Linkylab\AppData\Local\Temp\ccO3wVyw.ltrans4.ltrans.o
                0x00000000000853c1                zps_bAplZdoNodeDescServer
                0x000000000008552d                zps_bAplZdoPowerDescServer
                0x000000000008564a                zps_bAplZdoActiveEpServer
                0x0000000000085733                zps_bAplZdoSystemServerDiscoveryServer
                0x00000000000857bc                zps_bAplZdoMgmtRtgServer
                0x0000000000085a95                vZdoEndDeviceBindStateIdle
                0x0000000000085e50                zps_bAplZdoMatchDescServer
                0x0000000000085e64                zps_bAplZdoSimpleDescServer
                0x00000000000860c5                zps_bAplZdoMgmtLqiServer
                0x00000000000862f1                PDUM_eNPduFree
                0x000000000008635e                zps_vNwkMcpsMgrFreeReqDescr
                0x0000000000086390                vFreePendingReqDescr
                0x00000000000863f6                zps_vNwkMcpsMgrTidyBtrReqDescr
                0x0000000000086439                vNwkBttTimerExpiry.81902
 .text          0x000000000008655a      0xdda C:\Users\Linkylab\AppData\Local\Temp\ccO3wVyw.ltrans5.ltrans.o
                0x0000000000086590                os_vAPP_cbDisableTickTimer
                0x00000000000865d4                os_vAPP_cbEnableTickTimer
                0x0000000000086654                vRetryCcaFailure
                0x00000000000866a0                eOrphanNotificationSent.92246
                0x00000000000866e9                DBG_vUartInitHardware
                0x0000000000086826                dbg_vPrintfImplNoneVerbose
                0x0000000000086cad                ZPS_bSecDecrypt
                0x0000000000086dbf                boPDM_IsBitmapSaturated.71216
                0x0000000000086e08                iPDM_SearchForBufferIdInList
                0x0000000000086e3d                iPDM_SearchForBufferIdInFileSystem
                0x0000000000086e50                iPDM_ReadUserDataFromSegmentWithId
                0x0000000000086e85                iPDM_SearchForSpecificSegmentInList
                0x0000000000086eb7                psGetTxFrameBuffer
                0x0000000000086ef6                psGetAndBuildCoordRealignment
                0x0000000000086f4e                eBuildAndSend.92256
                0x0000000000086fc3                MAC_vPibSetRxOnWhenIdle.constprop.76
                0x0000000000086fcc                vMiniMac_Init
 .text          0x0000000000087334      0xf27 C:\Users\Linkylab\AppData\Local\Temp\ccO3wVyw.ltrans6.ltrans.o
                0x0000000000087334                DBG_vUartFlush
                0x0000000000087361                DBG_vUartPutch
                0x00000000000873a7                os_u32APP_cbGetTickTimer
                0x00000000000873b0                os_bAPP_cbSetTickTimerCompare
                0x000000000008740c                vMMAC_RadioToOffAndWait
                0x0000000000087429                vStartReceive
                0x0000000000087445                vSetChannelAndPower
                0x0000000000087626                vMiniMac_NextTransaction
                0x0000000000087690                eTransmit
                0x000000000008779b                vMiniMac_TxComplete
                0x000000000008788c                vTimerFired
                0x000000000008795b                vDispatch.6135
                0x0000000000087a2d                OS_eStartSWTimer.constprop.88
                0x0000000000087b4c                OS_eActivateTask.constprop.21
                0x0000000000087bf0                OS_eStopSWTimer
                0x0000000000087d13                os_vAPP_taskBlinkLED
                0x0000000000087d7f                OS_ePostMessage
                0x0000000000087ee5                vPostMlmeDcfmInd.24352
                0x0000000000087f82                OS_eExitCriticalSection
                0x0000000000088067                u8ZdoEndDeviceBindServerUnpackApdu
                0x00000000000880f7                iPDM_ReadSegmentHeaderDataFromEEPROMsegment
                0x0000000000088150                iPDM_ReadUserDataFromEEPROMsegment
                0x00000000000881ca                iPDM_ReCalculateWearCountAndChecksumAndWriteFileSystemHeader
                0x0000000000088214                vPDM_SetEEPROMandFileSystemValidState
                0x000000000008823b                iPDM_ReadUserDataFromFileSystemRecord
 .text          0x000000000008825b      0xb78 C:\Users\Linkylab\AppData\Local\Temp\ccO3wVyw.ltrans7.ltrans.o
                0x000000000008825b                zps_vNwkHandleCmeRouteDiscoveryReq
                0x00000000000882e1                vPDM_MoveAllDataFromListToList
                0x000000000008831f                vPDM_MoveAllDataWithBufferIdAndStateFromListToList
                0x00000000000883aa                vPDM_MoveAllDataToDeAllocList
                0x00000000000883d2                iPDM_ReconstructReplacedDataTable
                0x0000000000088651                vPDM_ImageBitmapRepair.70239
                0x00000000000886b2                vPDM_MoveAllDataWithBufferIdFromListToList
                0x0000000000088737                vPDM_DeleteAppendedSequence
                0x00000000000887dc                PDM_eSaveRecordData
                0x0000000000088c11                ZPS_vNwkSaveRecord
                0x0000000000088c7f                ZPS_vNwkResetOutgoingFrameCounter
                0x0000000000088cd3                zps_eAplApsmeCmdMgrSendCommand
                0x0000000000088daa                zps_vAplApsmeCmdMgrRetryTimeout.13376
 .text          0x0000000000088dd3      0xda1 C:\Users\Linkylab\AppData\Local\Temp\ccO3wVyw.ltrans8.ltrans.o
                0x0000000000088dd3                zps_bAplZdoNwkAddrServer
                0x0000000000088f57                zps_bAplZdoIeeeAddrServer
                0x00000000000890b0                eBeaconReqSent.92250
                0x00000000000890d7                vPostVsMcpsDcfmInd.24359
                0x00000000000891bb                PDUM_eNPduAllocate
                0x000000000008922a                vMiniMac_McpsCallback
                0x0000000000089482                eMcpsTxCompleteHandler.91741
                0x00000000000894b0                zps_u8AplApsConstructAndPostLoopBackDataInd.11985
                0x00000000000895e9                u8PostUnicastMsgToNHLE.11993
                0x0000000000089622                zps_psAllocateAndFormatMacHdr
                0x0000000000089925                zps_psNwkInitCmdFrame
                0x00000000000899a4                eSendLinkStatusDataDcfm.part.1.73490
                0x0000000000089ad6                PDUM_eNPduClone
                0x0000000000089b22                zps_vNwkRemoveConflictedBroadcast
 .text          0x0000000000089b74     0x10b5 C:\Users\Linkylab\AppData\Local\Temp\ccO3wVyw.ltrans9.ltrans.o
                0x0000000000089b74                vPermitJoinHandleExpiry.78646
                0x0000000000089b7d                vNwkMcpsTimerCallback
                0x0000000000089b97                zps_eSceGenlIllegal
                0x0000000000089b9e                zps_eSmeGenlIllegal
                0x0000000000089ba5                DBG_vUartFailedAssert
                0x0000000000089ba9                vZdoEndDeviceBindTimeoutSecondMessage
                0x0000000000089bbd                psGetVsMcpsBuf.24356
                0x0000000000089bc6                psGetMlmeBuf.24349
                0x0000000000089bcf                zps_vExpireRequestKeyReq.21681
                0x0000000000089c1a                psGetNlmeBuf.9370
                0x0000000000089c24                psGetNldeBuf.9391
                0x0000000000089c2e                psGetApsmeBuf.9377
                0x0000000000089c37                psGetApsdeBuf.9384
                0x0000000000089c3d                vLoopbackTimerCallback
                0x0000000000089c6c                zps_eNwkRctMatchNwkAddr
                0x0000000000089cd6                zps_vRemoveNextHop
                0x0000000000089d8b                zps_vRemoveRoute
                0x0000000000089e22                zps_psNwkRtMatchNwkAddr
                0x0000000000089e98                ZPS_u8NwkNibNtDiscMatch
                0x0000000000089f54                zps_vNwkFreeMcpsHandle
                0x0000000000089f7e                ZPS_u64NwkNibGetMappedIeeeAddr
                0x0000000000089fa0                ZPS_bNwkNibNtActvMatch
                0x000000000008a04f                bCheckNwkAddr
                0x000000000008a098                zps_eAplTrustCenterFindDevice
                0x000000000008a0dc                ZPS_vSetExtendedStatus
                0x000000000008a0ee                zps_psApsApsAllocateDcfmRecord
                0x000000000008a15c                zps_u8CalcLinkCost
                0x000000000008a198                zps_u64NwkLibFromPayload
                0x000000000008a1d7                zps_vNwkLibU64ToPayload
                0x000000000008a204                zps_vInitBeaconPayload
                0x000000000008a280                zps_eNwkDcfmIndPost
                0x000000000008a2a3                zps_psNwkDcfmIndGetBuf
                0x000000000008a2c5                eRouteRequestDataDcfm.79822
                0x000000000008a319                eNldeDataDcfm.77652
                0x000000000008a349                zps_vSendNwkStatusInd
                0x000000000008a379                DBG_vInit
                0x000000000008a3bb                vPDM_ReadBitmapHeader.71181
                0x000000000008a3da                psSLISTsearch
                0x000000000008a41a                psSLISTremove
                0x000000000008a498                vSLISTaddToTail
                0x000000000008a4b7                psSLISTgetNext
                0x000000000008a4db                u8PDM_CalculateFileSystemCapacity
                0x000000000008a4f9                u8PDM_CalculateLargestDataRecordStored
                0x000000000008a52a                bPDM_ImageBitmapRepairCheck
                0x000000000008a552                u8PDM_ReadSequenceNumber
                0x000000000008a575                boSegmentNumberDeleteSearchMatch.70751
                0x000000000008a590                u8PDM_ReadSegmentDataSize
                0x000000000008a5a4                u32PDM_ReadFileSystemHeaderWearCount
                0x000000000008a5ba                boSearchForWearCountSubstitute.71067
                0x000000000008a5e0                boSearchForWearCountInsertPoint.70320
                0x000000000008a5fe                vPDM_WriteFileSystemHeaderWearCount
                0x000000000008a610                RND_u32GetRand256
                0x000000000008a62d                RND_u32GetRand
                0x000000000008a654                u16CalculateFailedTxCount.43667
                0x000000000008a67e                vZdoIeeeAddrServerSendExtendResponse.part.0.29464
                0x000000000008a6df                vZdoNwkAddrServerSendExtendResponse.part.0.28284
                0x000000000008a740                bFindMatch.27012
                0x000000000008a79e                zps_bAplZdoServerHandleConfirmAcks
                0x000000000008a7e8                zps_bPerformLeaveActionDecider
                0x000000000008a7ed                vHandleUpdateDeviceIndication.18460
                0x000000000008a817                u32GetScanChannels.18447
                0x000000000008a842                bDuplicateCheck.14816
                0x000000000008a94f                zps_vAplApsInitDuplicateTable
                0x000000000008a972                zps_vInitAPSMECmdHdr
                0x000000000008a9ab                bIsBindTableMatch.13384
                0x000000000008a9fc                eRemoveEntryInBindingTable.13412
                0x000000000008aa7b                zps_vAplApsInitFragTransmitPool
                0x000000000008aa9c                zps_vAplApsFillAndPostApsAck
                0x000000000008ab06                zps_u8AplApsFreeMsgHandle
                0x000000000008ab70                zps_vAplApsInitSyncMsgPool
                0x000000000008aba8                zps_vAplApsInitFragReceivePool
                0x000000000008abcb                vFillDataIndStruct.9233
 .text          0x000000000008ac29     0x105c C:\Users\Linkylab\AppData\Local\Temp\ccO3wVyw.ltrans10.ltrans.o
                0x000000000008acb1                zps_bNwkFindAddIeeeAddr
                0x000000000008ae2f                ZPS_bNwkNibAddrMapAddEntry
                0x000000000008aff6                zps_eNwkHandleSceRouteRequest
                0x000000000008b4c7                zps_sNwkNibNtCheckJoin
                0x000000000008b775                zps_vNwkHandleCmeDirectJoinReq
                0x000000000008b7f4                zps_vJoinInitNtParent
                0x000000000008b993                vContinueRejoin.86193
                0x000000000008ba3a                zps_vCheckActvNtForDuplicate
                0x000000000008bad8                eSmeOrphScanDcfm.87418
                0x000000000008bb50                eCheckAddrConflict.isra.4.74762
                0x000000000008bbe6                zps_vSaveAllZpsRecords
                0x000000000008bc07                vAplSecRemoveLinkKey.18537
 .text          0x000000000008bc85      0xd25 C:\Users\Linkylab\AppData\Local\Temp\ccO3wVyw.ltrans11.ltrans.o
                0x000000000008bc85                boIdValueSearchMatch.70324
                0x000000000008bee3                PWRM_vWakeInterruptCallback
                0x000000000008bf6a                PWRM_vManagePower
                0x000000000008c0a7                u8ZdoBindUnbindServerUnpackApdu
                0x000000000008c0f6                u16PDM_CalculateRecordChecksum
                0x000000000008c199                vPDM_WriteFileSystemRecordAndSegmentDataIntoEEPROMsegment
                0x000000000008c1d5                zps_vSendJoinDcfm
                0x000000000008c21b                vGiveUp.86968
                0x000000000008c253                vDisplayAddressMapTable
                0x000000000008c26d                vDisplayNT
                0x000000000008c287                ZPS_bIsMacAddressUsedInApsTable
                0x000000000008c33d                iPDM_FilterDuplicateAppendedSegmentsOnList.71496
                0x000000000008c381                ZPS_eTsvOpen
                0x000000000008c39e                zps_vNwkBttMgrInit
                0x000000000008c3cc                ZPS_vNwkNibClearTables
                0x000000000008c4ed                PDUM_vInit
                0x000000000008c5a8                vMicroIntEnableOnly.constprop.87
                0x000000000008c5d4                TSV_eStart
                0x000000000008c624                vMiniMac_MLME_SetReq_PanId
                0x000000000008c661                vMiniMac_MLME_SetReq_ShortAddr
                0x000000000008c66f                iAHI_WriteDataIntoEEPROMsegment.constprop.70
                0x000000000008c6bd                ZPS_vGetDeviceCurrentData.constprop.65
                0x000000000008c73c                vACI_OptimisedCcmStar.constprop.32
                0x000000000008c927                zps_eNwkRtDiscMatch.constprop.29
                0x000000000008c97a                vTransformKey.isra.0.14938
 .text.unlikely
                0x000000000008c9aa       0xc8 C:\Users\Linkylab\AppData\Local\Temp\ccO3wVyw.ltrans11.ltrans.o
 .text          0x000000000008ca72      0xbdb C:\Users\Linkylab\AppData\Local\Temp\ccO3wVyw.ltrans12.ltrans.o
                0x000000000008ca72                vPDM_AddFileSystemElementToListInAscendingWearCountOrder
                0x000000000008cb80                vPDM_MoveFileRecordFromListToList
                0x000000000008cba2                vPDM_MoveRecordToDeAllocList
                0x000000000008cbc2                iPDM_WriteSegmentHeaderAndData
                0x000000000008cdbe                vIncrementFrameCounterInPdm.isra.0.76853
                0x000000000008cf9d                vProcessListsForSubmission.75551
                0x000000000008d32a                zps_vNwkMcpsMgrPost
                0x000000000008d34e                zps_vNwkSendAnyPendingData
                0x000000000008d384                vHandleRouteDiscoveryExpiry.79378
                0x000000000008d455                zps_psNwkPropagateLocalLeave
                0x000000000008d47d                zps_vNwkHandleCmeLeaveReq
                0x000000000008d546                iPDM_SegmentCopyAndAppendData.constprop.79
                0x000000000008d5a3                eMakeEntryInBindingTable.13430
 *fill*         0x000000000008d64d        0x3 00
 .text          0x000000000008d650      0xe0c C:\Users\Linkylab\AppData\Local\Temp\ccO3wVyw.ltrans13.ltrans.o
                0x000000000008d82f                vPostNldeDcfmInd.9394
                0x000000000008e26c                vAckTimeOutHandler
                0x000000000008e311                zps_eAplApsmeUpdateDeviceReqRsp.part.4.13541
 .text          0x000000000008e45c      0xf4a C:\Users\Linkylab\AppData\Local\Temp\ccO3wVyw.ltrans14.ltrans.o
                0x000000000008e609                vCheckSleepingSendPoll.87408
                0x000000000008e687                vSdeHandleMcpsDataInd.75523
                0x000000000008f30f                ZPS_vNwkNibCheckAndUpdateAddresses
 .text          0x000000000008f3a6      0xeed C:\Users\Linkylab\AppData\Local\Temp\ccO3wVyw.ltrans15.ltrans.o
                0x000000000008f3a6                vfExtendedStatusCallBack.3734
                0x000000000008f3b2                OS_eEnterCriticalSection
                0x000000000008f47a                PDUM_hAPduAllocateAPduInstance
                0x000000000008f4ee                zps_eAplZdoSendZdpResponse
                0x000000000008f537                bSendResponse.42478
                0x000000000008f57a                PDUM_eAPduFreeAPduInstance
                0x000000000008f5fd                os_vAPP_taskMyEndPoint
                0x000000000008f692                vReset_StateMachine.27055
                0x000000000008f6d6                vZdoServersInit.2795
                0x000000000008f865                zps_bAplZdoEndDeviceBindServer
                0x000000000008f91d                PDM_eReadDataFromRecord.part.0.69563
                0x000000000008f9a0                vLoadNwkRecord.76419
                0x000000000008f9de                vLoadAplRecord.18487
                0x000000000008fa12                ZPS_eTsvStart
                0x000000000008fa6d                zps_eNwkHandleSceNwkUpdate
                0x000000000008fa91                vProcessTimedList.75455
                0x000000000008fad7                zps_vNwkMcpsMgrPostTimed
                0x000000000008faea                vNwkMcpsSendTimedDfcm
                0x000000000008fb2e                zps_vAplAfPostTimerEvent
                0x000000000008fba5                zps_vExpireOldRoutes
                0x000000000008fc2e                zps_vNwkJoinStStartResponseTimer
                0x000000000008fc68                ZPS_eTsvStop
                0x000000000008fcbc                zps_bAplZdoBindRequestServer
                0x000000000008fe23                ZPS_vResetBoundServerContext
                0x000000000008fea8                zps_vNwkHandleCmePermitJoinReq
                0x000000000008ff10                zps_eNwkBtrMatch
                0x000000000009000d                zps_vAplApsStopPollTimer.part.3.11872
                0x000000000009008e                ZPS_bSecEncrypt
                0x0000000000090244                DBG_vDumpStack
                0x0000000000090286                vUnclaimedInterrupt
 .text          0x0000000000090293      0xc8d C:\Users\Linkylab\AppData\Local\Temp\ccO3wVyw.ltrans16.ltrans.o
                0x00000000000902f2                vBbcIntHandler.91300
                0x00000000000905aa                os_vzps_isrMAC
                0x00000000000905e9                eAssocRespSent.91609
                0x00000000000906e7                eRejoinRspDataDcfm.86197
                0x00000000000907b6                zps_eNwkHandleSmeCommStatusInd
                0x00000000000908ff                zps_vNwkHandleCmeSyncReq
                0x000000000009095b                zps_vNwkHandleCmeIdleNwkFormReq
                0x0000000000090a03                zps_vReAttemptScanTimerHandleExpiry
                0x0000000000090a60                zps_vNwkHandleCmeNwkDiscReq
                0x0000000000090ada                zps_eNwkHandleSmeBeaconNotifyInd
                0x0000000000090b5e                ZPS_pvNwkCtor.constprop.74
 *fill*         0x0000000000090f20        0x0 00
 .text          0x0000000000090f20      0xdfc C:\Users\Linkylab\AppData\Local\Temp\ccO3wVyw.ltrans17.ltrans.o
                0x00000000000910d8                vPollTimeout.92856
                0x0000000000091224                vSendMlmeCommStatusFromTxFrame
                0x000000000009127a                MAC_vHandleMlmeVsReqRsp.constprop.80
                0x00000000000917bf                vScanBeaconReceived
                0x00000000000917ff                vRunningRxCallback
                0x0000000000091aff                vPostDcfm.92267
                0x0000000000091b6e                vScanNextChannel.92254
 .text          0x0000000000091d1c      0xcfe C:\Users\Linkylab\AppData\Local\Temp\ccO3wVyw.ltrans18.ltrans.o
                0x0000000000091d1c                zps_eZdpNodeDescResponse
                0x0000000000091dc4                zps_eZdpSimpleDescResponse
                0x0000000000091ed1                zps_eAplZdpMgmtRtgResponse
                0x0000000000091f98                zps_bAplZdoMgmtNWKUpdateServer
                0x0000000000092308                zps_eZdpNwkAddrResponse
                0x00000000000923eb                zps_eZdpIeeeAddrResponse
                0x00000000000924ce                zps_eZdpPowerDescResponse
                0x000000000009256b                zps_eZdpActiveEpResponse
                0x0000000000092601                zps_eZdpMatchDescResponse
                0x0000000000092697                zps_eZdpSystemServerDiscoveryResponse
                0x0000000000092706                zps_eAplZdpMgmtLqiResponse
                0x00000000000928a0                os_vAPP_AgeOutChildren
 .text          0x0000000000092a1a      0xa6e C:\Users\Linkylab\AppData\Local\Temp\ccO3wVyw.ltrans19.ltrans.o
                0x0000000000092bfe                ZPS_vNwkHandleNlmeReqRsp
                0x0000000000092c7b                zps_vAplAfPostEvent
                0x0000000000092e62                zps_bAplZdoMgmtLeaveServer
                0x000000000009300a                zps_eAplZdoPermitJoining.constprop.67
                0x0000000000093030                zps_bAplZdoPermitJoiningServer
                0x00000000000930bc                zps_bAplZdoDeviceAnnceServer
                0x0000000000093340                vChangeChannelTimerExpiry.43659
                0x00000000000933a3                eLeaveReset.88397
                0x000000000009340e                eLeaveDataDcfmLocalLeave.88407
 *fill*         0x0000000000093488        0x0 00
 .text          0x0000000000093488      0xa3c C:\Users\Linkylab\AppData\Local\Temp\ccO3wVyw.ltrans20.ltrans.o
                0x0000000000093488                zps_vAplApsPollTimer
                0x00000000000934e4                vAplSecAuthPollTimerExpiry.18437
                0x0000000000093635                zps_vAplTrustCenterUpdateDevice
                0x000000000009379c                vAplSecAuthTimerExpiry.18441
                0x0000000000093866                eRejoinNetwork.18474.constprop.66
                0x00000000000938fc                eStartNetworkDiscovery.18512
                0x0000000000093960                zps_eAplZdoStartStack
                0x0000000000093a99                eStartRouter.18738
                0x0000000000093b6b                vPostApsmeDcfmInd.9380
 .text          0x0000000000093ec4      0xcb8 C:\Users\Linkylab\AppData\Local\Temp\ccO3wVyw.ltrans21.ltrans.o
                0x0000000000093ec4                zps_eNwkHandleSceLinkStatus
                0x0000000000093ff8                zps_psFindKeyDescr
                0x0000000000094124                zps_eAplSecEncryptPacket
                0x0000000000094216                eUnfragmentedUnicastTransmission.11968
                0x00000000000944ac                zps_eAplSendApsmeCmdFrame
                0x000000000009461d                vApsmeResendTimeOutHandler
                0x000000000009464c                zps_eAplApsmeRemoveDeviceReqRsp
                0x00000000000946ba                ZPS_vSetDevicePreviousData.constprop.17
                0x00000000000948a8                zps_vAgeRouter
                0x00000000000948e6                zps_eNwkHandleSdeActvDcfmData
                0x0000000000094a6b                vMcpsMgrTimeoutExpiry
                0x0000000000094ada                zps_vLinkStatusHandleExpiry
 .text.unlikely
                0x0000000000094b7c       0x5f C:\Users\Linkylab\AppData\Local\Temp\ccO3wVyw.ltrans21.ltrans.o
                0x0000000000094b7c                vInitUnknownNeighbor.75439
 .text          0x0000000000094bdb      0xb0c C:\Users\Linkylab\AppData\Local\Temp\ccO3wVyw.ltrans22.ltrans.o
                0x0000000000094bdb                zps_vAplSaveRecord
                0x0000000000094c75                ZPS_vRemoveEntryFromAddressMap
                0x0000000000094cbe                ZPS_vNwkMacEntriesClear
                0x0000000000094d68                ZPS_vNwkSaveAllRecords
                0x0000000000094d7f                ZPS_vNwkNibSetNwkAddr
                0x0000000000094d9e                zps_eNwkHandleSceRejnResponse
                0x0000000000094dfb                ZPS_vNwkNibSetExtPanId
                0x0000000000094e20                ZPS_vNwkNibSetKeySeqNum
                0x0000000000094e35                ZPS_vNwkNibSetDepth
                0x0000000000094e5e                ZPS_vNwkNibSetUpdateId
                0x0000000000094e6e                vSendNetworkUpdate.74529
                0x0000000000094f9e                ZPS_vNwkNibSetPanId
                0x0000000000094fbd                ZPS_vNwkNibSetCapabilityInfo
                0x0000000000094feb                ZPS_vNwkNibSetChannel
                0x000000000009500a                zps_u8NwkHandleRejoinReq
                0x00000000000950d3                zps_vProcessLocalAddrConflict
                0x000000000009517e                ZPS_vNwkSaveNt
                0x0000000000095193                ZPS_vNwkPurgeMacAddressAndRelatedEntries
                0x00000000000952a6                ZPS_vNtSetUsedStatus
                0x000000000009534d                zps_vBuildSortedActvNTList
                0x000000000009540b                vFinish.87405
                0x0000000000095461                zps_eNwkHandleSceLeave
                0x0000000000095618                zps_vTidyActvNtAfterJoin
                0x00000000000956a7                eUnsolicitedRejoinRspDataDcfm.74537
                0x00000000000956d2                ZPS_vNwkSaveSecMat
 .text          0x00000000000956e7      0xb35 C:\Users\Linkylab\AppData\Local\Temp\ccO3wVyw.ltrans23.ltrans.o
                0x00000000000956e7                vZdoBdrmSendNextTimedRequest
                0x0000000000095dfb                AppWarmStart
                0x0000000000095e15                AppColdStart
                0x000000000009605b                os_vUnclaimedInterrupt
                0x000000000009606d                os_vControlledIntCheck
                0x00000000000960b2                os_vControlledInterrupt
                0x00000000000960eb                os_vAPP_isrTickTimer
                0x00000000000961db                os_vAPP_isrIllegalInstruction
                0x00000000000961e8                os_vAPP_isrAlignmentException
                0x00000000000961f5                os_vAPP_isrBusErrorException
                0x0000000000096202                os_vAPP_isrUnimplementedModuleException
                0x000000000009620f                os_vAPP_isrStackOverflowException
 .text          0x000000000009621c      0xbfc C:\Users\Linkylab\AppData\Local\Temp\ccO3wVyw.ltrans24.ltrans.o
                0x000000000009632f                os_bDummyMemberCheck.6145
                0x0000000000096334                os_vDefaultErrorHook.6141
                0x0000000000096337                os_bStrictCheck.1358
                0x0000000000096507                vFillApduErrorEvent.9226
                0x000000000009654a                bCheckProfile.9221
                0x0000000000096588                ZPS_bIsGroupPresent
                0x00000000000965c0                pdum_u16ReadNBO
                0x0000000000096721                PDUM_u16SizeNBO
                0x000000000009677f                PDUM_u16APduInstanceWriteStrNBO
                0x00000000000968fe                PDUM_u16APduInstanceReadNBO
                0x0000000000096949                PDUM_u16APduInstanceWriteNBO
                0x00000000000969b3                PDUM_eAPduInstanceSetPayloadSize
                0x00000000000969db                PDUM_eNPduWriteDataFromBuffer
                0x0000000000096a35                PDUM_eNPduWriteDataToBuffer
                0x0000000000096a93                PDUM_eNPduWriteFromBuffer
                0x0000000000096abc                PDUM_eNPduDescend
                0x0000000000096ae2                PDUM_eNPduAscend
                0x0000000000096b08                PDUM_eNPduClaimData
                0x0000000000096b75                PDUM_eNPduAppendDataNBO
                0x0000000000096bd2                PDUM_eNPduClaimHeader
                0x0000000000096bf5                PDUM_eNPduReadHeaderNBO
                0x0000000000096c48                PDUM_eNPduPrependHeaderNBO
                0x0000000000096ca3                PDUM_eNPduInitDescending
                0x0000000000096cbe                eExpireSWTimer.6154
                0x0000000000096d29                vEnterErrorHook.6137
                0x0000000000096d50                OS_eCollectMessage
                0x0000000000096e15                vOSError
 *fill*         0x0000000000096e18        0x0 00
 .text          0x0000000000096e18      0xc50 C:\Users\Linkylab\AppData\Local\Temp\ccO3wVyw.ltrans25.ltrans.o
                0x0000000000096ec1                zps_eNwkHandleSmeOrphanInd
                0x000000000009722d                zps_eNwkHandleSmeAssocInd
                0x000000000009724f                zps_eNwkHandleSceRejnRequest
                0x0000000000097337                zps_vNwkHandleCmeActvStartRouterReq
                0x00000000000973d3                zps_vProcessChildAddrConflict
                0x0000000000097496                zps_eNwkHandleSceNwkStatus
                0x000000000009764c                zps_sNwkStart
                0x00000000000976eb                vHandleNwkLocalUpdateAfterBcast.74542
                0x000000000009773f                vHandleNwkRemoteUpdateAfterBcast.74533
                0x0000000000097793                eSmeAcScScanDcfm.84349
 .text          0x0000000000097a68      0x7b0 C:\Users\Linkylab\AppData\Local\Temp\ccO3wVyw.ltrans26.ltrans.o
                0x0000000000097a68                vPostNlmeDcfmInd.9373
 .text          0x0000000000098218      0x8bf C:\Users\Linkylab\AppData\Local\Temp\ccO3wVyw.ltrans27.ltrans.o
                0x0000000000098321                vZdoEndDeviceBindStateWaitSendWithAck
                0x000000000009855c                zps_bAplZdoDefaultServer
                0x00000000000988c0                zps_bAplZdoZdoClient
                0x00000000000989ba                zps_eZdpEndDeviceBindResponse
                0x00000000000989db                zps_eAplZdpBindResponse
                0x00000000000989fc                zps_eZdpUnbindResponse
                0x0000000000098a1d                zps_eZdpMgmtLeaveResponse
                0x0000000000098a3e                zps_eZdpMgmtPermitJoiningResponse
                0x0000000000098a5f                zps_eAplZdpRequestApsdeReq.constprop.23
 *fill*         0x0000000000098ad7        0x1 00
 .text          0x0000000000098ad8      0x958 C:\Users\Linkylab\AppData\Local\Temp\ccO3wVyw.ltrans28.ltrans.o
                0x0000000000098bc4                zps_vAplTrustCenterInit
                0x0000000000098c93                vMiniMac_MlmeCallback
                0x0000000000098fea                vMiniMacPoll_CheckPollResponse
                0x0000000000099045                ePollReqSent.92858
                0x000000000009909e                iPDM_VerifyDataSequenceWithBufferId
                0x0000000000099140                zps_eAplApsmeTransportKeyReqRsp.constprop.10
                0x00000000000992be                zps_vAplTrustCenterRequestKey
 .text          0x0000000000099430      0x864 C:\Users\Linkylab\AppData\Local\Temp\ccO3wVyw.ltrans29.ltrans.o
                0x000000000009956f                vHandleRejoinExpiry.86964
                0x00000000000995b8                zps_eRejoinDataDcfm
                0x00000000000995eb                eSmeAsocAssocDcfm.87572
                0x000000000009966f                eSmeRjPCPollDcfm.87568
                0x0000000000099785                zps_sNwkLibSubmitScan
                0x00000000000997be                zps_vNwkDiscUpdateNT
                0x00000000000998e0                zps_vNwkHandleCmeNwkJoinReq
                0x0000000000099bb8                zps_vNwkHandleCmeNwkActvJoinReq
                0x0000000000099bc4                eSmeEdScScanDcfm.84342
                0x0000000000099c54                zps_vNwkHandleCmeEdScanReq
 .text          0x0000000000099c94      0x628 C:\Users\Linkylab\AppData\Local\Temp\ccO3wVyw.ltrans30.ltrans.o
                0x0000000000099e11                vPostApsdeDcfmInd.9387
                0x000000000009a036                zps_vHandleApsdeDataFragIndNotSupported
                0x000000000009a09f                os_vzps_taskZPS
 .text          0x000000000009a2bc      0x520 C:\Users\Linkylab\AppData\Local\Temp\ccO3wVyw.ltrans31.ltrans.o
                0x000000000009a2bc                vStartScanTimerExpiry.43663
                0x000000000009a2f8                ZPS_vAplHandleApsdeReqRsp
                0x000000000009a712                zps_eAplZdpApsdeReqInternal
                0x000000000009a781                zps_eAplZdpGenStatusOnlyResponse
 .text          0x000000000009a7dc       0x25 c:/nxp/bstudio_nxp/sdk/tools/ba-elf-ba2-r36379/bin/../lib/gcc/ba-elf/4.7.4/../../../../ba-elf/lib/mcpu_jn51xx_sizeopt\libc.a(lib_a-memcmp.o)
                0x000000000009a7dc                memcmp
 .text          0x000000000009a801       0x19 c:/nxp/bstudio_nxp/sdk/tools/ba-elf-ba2-r36379/bin/../lib/gcc/ba-elf/4.7.4/../../../../ba-elf/lib/mcpu_jn51xx_sizeopt\libc.a(lib_a-memcpy.o)
 .text          0x000000000009a81a       0x12 c:/nxp/bstudio_nxp/sdk/tools/ba-elf-ba2-r36379/bin/../lib/gcc/ba-elf/4.7.4/../../../../ba-elf/lib/mcpu_jn51xx_sizeopt\libc.a(lib_a-memset.o)
                0x000000000009a81a                memset
 *fill*         0x000000000009a82c        0x0 00
 .text          0x000000000009a82c      0x204 c:/nxp/bstudio_nxp/sdk/tools/ba-elf-ba2-r36379/bin/../lib/gcc/ba-elf/4.7.4/mcpu_jn51xx_sizeopt\libgcc.a(__udivsi3.o)
                0x000000000009a82c                __udivsi3
 .text          0x000000000009aa30      0x1b0 c:/nxp/bstudio_nxp/sdk/tools/ba-elf-ba2-r36379/bin/../lib/gcc/ba-elf/4.7.4/mcpu_jn51xx_sizeopt\libgcc.a(__umodsi3.o)
                0x000000000009aa30                __umodsi3
 .text          0x000000000009abe0       0x24 c:/nxp/bstudio_nxp/sdk/tools/ba-elf-ba2-r36379/bin/../lib/gcc/ba-elf/4.7.4/mcpu_jn51xx_sizeopt\libgcc.a(__modsi3.o)
                0x000000000009abe0                __modsi3
 .text          0x000000000009ac04      0x350 c:/nxp/bstudio_nxp/sdk/tools/ba-elf-ba2-r36379/bin/../lib/gcc/ba-elf/4.7.4/mcpu_jn51xx_sizeopt\libgcc.a(_udivdi3.o)
                0x000000000009ac04                __udivdi3
 *fill*         0x000000000009af54        0x4 00
 .text          0x000000000009af58      0x138 os_irq.o
                0x000000000009af58                os_ExternalException_W
                0x000000000009af9c                os_PIC_ChannelPriorities
                0x000000000009afac                os_OSMIUM_HwVectTable
                0x000000000009afe8                os_PIC_SwVectTable
 .text          0x000000000009b090       0x29 os_irq_alignment.o
                0x000000000009b090                IRQ_Alignment
 .text          0x000000000009b0b9       0x29 os_irq_buserror.o
                0x000000000009b0b9                IRQ_BusError
 .text          0x000000000009b0e2       0x29 os_irq_illegalinstruction.o
                0x000000000009b0e2                IRQ_IllegalInstruction
 .text          0x000000000009b10b       0x29 os_irq_stackoverflowexception.o
                0x000000000009b10b                IRQ_StackOverflowException
 .text          0x000000000009b134       0x29 os_irq_unimplementedmodule.o
                0x000000000009b134                IRQ_UnimplementedModule
 *fill*         0x000000000009b15d        0x3 00
 .text          0x000000000009b160       0xc0 c:/NXP/bstudio_nxp/sdk/JN-SW-4168/Components/Library\libOS_JN516x.a(os_contirq_JN516x.o)
                0x000000000009b160                os_ExternalException_R
                0x000000000009b190                os_CFunc_W
                0x000000000009b1e0                os_UnclaimedException_W
                0x000000000009b200                os_UnclaimedInterrupt_W
 .text          0x000000000009b220       0x48 c:/NXP/bstudio_nxp/sdk/JN-SW-4168/Components/Library\libPWRM_JN516x.a(pwrm_setjmp_JN516x.o)
                0x000000000009b220                setjmp
                0x000000000009b244                PWRM_longjmp
 .text          0x000000000009b268       0x27 c:/NXP/bstudio_nxp/sdk/JN-SW-4168/Components/Library\libHardwareApi_JN516x.a(AHI_Interrupt.o)
                0x000000000009b268                vAHI_InterruptSetPriority
                0x000000000009b286                vAHI_InterruptSetActivePriorityLevel
 .text.vMicroSyscall
                0x000000000009b28f       0x17 c:/NXP/bstudio_nxp/sdk/JN-SW-4168/Components/Library\libMicroSpecific_JN516x.a(MicroSyscall_ba.o)
                0x000000000009b28f                vMicroSyscall
 .text          0x000000000009b2a6        0x0 c:/NXP/bstudio_nxp/sdk/JN-SW-4168/Components/Library\libOS_JN516x.a(os_version_lc.o)
                0x000000000009b2a6                OS_Version_1v2
 .text          0x000000000009b2a6        0x0 c:/NXP/bstudio_nxp/sdk/JN-SW-4168/Components/Library\libZPSAPL_JN516x.a(zps_apl_version_lc.o)
                0x000000000009b2a6                ZPS_APL_Version_2v0
 .text          0x000000000009b2a6        0x0 c:/NXP/bstudio_nxp/sdk/JN-SW-4168/Components/Library\libZPSNWK_JN516x.a(zps_nwk_version_lc.o)
                0x000000000009b2a6                ZPS_NWK_Version_2v0
                0x000000000009b2a6                _flash_end = ABSOLUTE (.)

.rela.dyn       0x000000000009b2a8        0x0
 .rela.text     0x0000000000000000        0x0 os_irq.o
 .rela.data     0x0000000000000000        0x0 os_irq.o
 .rela.rodata   0x0000000000000000        0x0 os_irq.o
                0x000000000400004c                . = ORIGIN (ram)

.data           0x000000000400004c      0x6e4 load address 0x000000000009b2a8
                0x000000000400004c                _ram_data_start = ABSOLUTE (.)
 *(.data*)
 .data          0x000000000400004c       0x18 C:\Users\Linkylab\AppData\Local\Temp\ccO3wVyw.ltrans0.ltrans.o
                0x000000000400004c                u8MiniMacConfig_MaxConcurrentAssocResponses
                0x0000000004000050                psShadowRxBuffer
 .data          0x0000000004000064        0x4 C:\Users\Linkylab\AppData\Local\Temp\ccO3wVyw.ltrans2.ltrans.o
                0x0000000004000064                u32HeapStart
 .data          0x0000000004000068        0x1 C:\Users\Linkylab\AppData\Local\Temp\ccO3wVyw.ltrans5.ltrans.o
 *fill*         0x0000000004000069        0x1 00
 .data          0x000000000400006a        0x6 C:\Users\Linkylab\AppData\Local\Temp\ccO3wVyw.ltrans8.ltrans.o
 .data          0x0000000004000070        0xa C:\Users\Linkylab\AppData\Local\Temp\ccO3wVyw.ltrans18.ltrans.o
                0x0000000004000070                u16ActiveEDAddress.5245
 *fill*         0x000000000400007a        0x2 00
 .data          0x000000000400007c        0x4 C:\Users\Linkylab\AppData\Local\Temp\ccO3wVyw.ltrans21.ltrans.o
                0x000000000400007c                bCanLoopback.12221
 .data          0x0000000004000080      0x5e8 C:\Users\Linkylab\AppData\Local\Temp\ccO3wVyw.ltrans23.ltrans.o
                0x0000000004000080                os_Mutex_mutexMAC
                0x0000000004000088                os_Mutex_mutexZPS
                0x0000000004000090                s_sApl.2854
                0x00000000040001e0                os_Message_APP_msgMyEndPointEvents
                0x0000000004000204                os_Message_APP_msgZpsEvents
                0x0000000004000228                os_SWTimer_APP_cntrTickTimer_App_tmr1sec
                0x0000000004000244                os_SWTimer_APP_cntrTickTimer_APP_AgeOutChildrenTmr
                0x0000000004000260                os_SWTimer_APP_cntrTickTimer_APP_tmrLEDBlinkTimer
                0x000000000400027c                os_Message_zps_msgMlmeDcfmInd
                0x00000000040002a0                os_Message_zps_msgTimeEvents
                0x00000000040002c4                os_Message_zps_msgMcpsDcfmInd
                0x00000000040002e8                os_Message_zps_msgMcpsDcfm
                0x000000000400030c                os_Task_APP_taskMyEndPoint
                0x0000000004000318                os_Task_APP_taskCoordinator
                0x0000000004000324                os_Task_APP_AgeOutChildren
                0x0000000004000330                os_Task_zps_taskZPS
                0x000000000400033c                u8AhiBaudRate.71682
                0x0000000004000340                s_prbMemberCheck.6261
                0x0000000004000344                s_prvErrorHook.6259
 .data          0x0000000004000668       0xac C:\Users\Linkylab\AppData\Local\Temp\ccO3wVyw.ltrans24.ltrans.o
                0x0000000004000668                s_asapduZCLInstances
                0x00000000040006e0                s_asapduZDPInstances
 .data          0x0000000004000714        0x1 C:\Users\Linkylab\AppData\Local\Temp\ccO3wVyw.ltrans30.ltrans.o
 *fill*         0x0000000004000715        0x3 00
 .data.s_asAPduPool
                0x0000000004000718       0x18 pdum_apdu.o
                0x0000000004000718                pdum_apduZDP
                0x0000000004000718                s_asAPduPool
                0x0000000004000724                pdum_apduZCL
 *(.data.*)
                0x0000000004000730                . = ALIGN (0x4)
                0x0000000004000730                _ram_data_end = ABSOLUTE (.)

.bss            0x0000000004000730     0x3184 load address 0x000000000009b98c
                0x0000000004000730                _bss_start = ABSOLUTE (.)
 *(.bss*)
 .bss           0x0000000004000730      0x228 C:\Users\Linkylab\AppData\Local\Temp\ccO3wVyw.ltrans0.ltrans.o
                0x0000000004000730                psNextWake.6332
                0x0000000004000734                s_bWakeTimerActive.6333
                0x0000000004000735                s_ePowerMode.6334
                0x0000000004000736                gu16NumberOfSegments.95158
                0x0000000004000738                pfExtendedStatusCallBack.74052
                0x000000000400073c                s_u32x.69336
                0x0000000004000740                s_prExpireFn.96170
                0x0000000004000744                s_hMutex.96169
                0x0000000004000748                pvRxStore
                0x000000000400074c                pvTxStore
                0x0000000004000750                g_pvAplHandle
                0x0000000004000754                s_hMacMutex
                0x0000000004000758                s_sDcfmIndMgr.95934
                0x0000000004000760                prAppMlmeGetBuffer
                0x0000000004000764                prAppMlmeCallback
                0x0000000004000768                u8MiniMac_RunTimeOptions
                0x000000000400076c                psPDM_Common
                0x0000000004000770                s_groupTablePdmStorage.3004
 .bss           0x0000000004000958        0x1 C:\Users\Linkylab\AppData\Local\Temp\ccO3wVyw.ltrans1.ltrans.o
                0x0000000004000958                s_eDeviceState.4069
 *fill*         0x0000000004000959        0x3 00
 .bss           0x000000000400095c        0xc C:\Users\Linkylab\AppData\Local\Temp\ccO3wVyw.ltrans2.ltrans.o
 .bss           0x0000000004000968        0x1 C:\Users\Linkylab\AppData\Local\Temp\ccO3wVyw.ltrans3.ltrans.o
 *fill*         0x0000000004000969        0x3 00
 .bss           0x000000000400096c        0x8 C:\Users\Linkylab\AppData\Local\Temp\ccO3wVyw.ltrans4.ltrans.o
                0x000000000400096c                s_psNPduPoolEnd.6544
                0x0000000004000970                s_psNPduPoolStart.6543
 .bss           0x0000000004000974       0x20 C:\Users\Linkylab\AppData\Local\Temp\ccO3wVyw.ltrans5.ltrans.o
                0x0000000004000974                eMMacModuleType
                0x0000000004000978                prIntHandler.93941
                0x000000000400097c                psTimerServerList
                0x0000000004000980                vFlushFn.71626
                0x0000000004000984                vPutchFn.71621
 .bss           0x0000000004000994        0x4 C:\Users\Linkylab\AppData\Local\Temp\ccO3wVyw.ltrans6.ltrans.o
 .bss           0x0000000004000998        0xc C:\Users\Linkylab\AppData\Local\Temp\ccO3wVyw.ltrans7.ltrans.o
                0x0000000004000998                a16NwkPdmRecordSizes
 .bss           0x00000000040009a4       0x44 C:\Users\Linkylab\AppData\Local\Temp\ccO3wVyw.ltrans8.ltrans.o
                0x00000000040009a4                u8MaxNpdu.6542
                0x00000000040009a5                u8Count.6541
                0x00000000040009a8                s_psFreeListHead.6540
                0x00000000040009ac                s_hMutex.6539
 .bss           0x00000000040009e8       0x40 C:\Users\Linkylab\AppData\Local\Temp\ccO3wVyw.ltrans9.ltrans.o
 .bss           0x0000000004000a28        0x1 C:\Users\Linkylab\AppData\Local\Temp\ccO3wVyw.ltrans10.ltrans.o
 *fill*         0x0000000004000a29        0x3 00
 .bss           0x0000000004000a2c      0xc0c C:\Users\Linkylab\AppData\Local\Temp\ccO3wVyw.ltrans11.ltrans.o
 .bss           0x0000000004001638        0x1 C:\Users\Linkylab\AppData\Local\Temp\ccO3wVyw.ltrans12.ltrans.o
                0x0000000004001638                bIgnoreBroadcast
 *fill*         0x0000000004001639        0x7 00
 .bss           0x0000000004001640       0x48 C:\Users\Linkylab\AppData\Local\Temp\ccO3wVyw.ltrans13.ltrans.o
                0x0000000004001640                psActiveMsgListHead
 .bss           0x0000000004001688       0x24 C:\Users\Linkylab\AppData\Local\Temp\ccO3wVyw.ltrans14.ltrans.o
 .bss           0x00000000040016ac       0x18 C:\Users\Linkylab\AppData\Local\Temp\ccO3wVyw.ltrans15.ltrans.o
                0x00000000040016ac                s_psCurrentTask.6255
                0x00000000040016b0                s_hMutex.6659
 .bss           0x00000000040016c4       0xa4 C:\Users\Linkylab\AppData\Local\Temp\ccO3wVyw.ltrans16.ltrans.o
                0x00000000040016c4                sScanAttemptTimer
                0x00000000040016e0                aprTimerCallback
                0x0000000004001700                au32TimerCounter
                0x0000000004001720                sMiniMacInternal
                0x0000000004001758                s_psVsMcpsDcfmInd.25658
                0x000000000400175c                s_psMacDcfmInd.25657
                0x0000000004001760                sMiniMacPhyPib
 .bss           0x0000000004001768        0x2 C:\Users\Linkylab\AppData\Local\Temp\ccO3wVyw.ltrans17.ltrans.o
                0x0000000004001768                bResetScanTimer.92503
                0x0000000004001769                u8ScanBeaconsSeen.95973
 *fill*         0x000000000400176a        0x2 00
 .bss           0x000000000400176c       0xa0 C:\Users\Linkylab\AppData\Local\Temp\ccO3wVyw.ltrans18.ltrans.o
                0x000000000400176c                sMiniMacPib
                0x0000000004001808                bDefaultServerIgnoreHandleMgmtUpdate
 .bss           0x000000000400180c        0xc C:\Users\Linkylab\AppData\Local\Temp\ccO3wVyw.ltrans19.ltrans.o
                0x000000000400180c                sThisDeviceMacAddr
                0x0000000004001814                bCheckChild
 .bss           0x0000000004001818        0x8 C:\Users\Linkylab\AppData\Local\Temp\ccO3wVyw.ltrans21.ltrans.o
                0x0000000004001818                psFreeMsgListHead
 .bss           0x0000000004001820       0x24 C:\Users\Linkylab\AppData\Local\Temp\ccO3wVyw.ltrans22.ltrans.o
                0x0000000004001820                apvAplPdmRecordsAddress
                0x0000000004001838                au16AplPdmRecordsSize
 *fill*         0x0000000004001844        0xc 00
 .bss           0x0000000004001850     0x1ac0 C:\Users\Linkylab\AppData\Local\Temp\ccO3wVyw.ltrans23.ltrans.o
                0x0000000004001850                s_sDefaultServerContext.2916
                0x0000000004001854                s_sEndDeviceBindServerContext.2847
                0x0000000004001894                s_sMgmtRtgServerContext.2848
                0x0000000004001898                s_sPermitJoiningServerContext.2849
                0x000000000400189c                s_sBindRequestServerContext.2850
                0x00000000040018f8                s_sBindUnbindServerContext.2852
                0x0000000004001938                s_sMgmtNWKUpdateServerContext.2853
                0x0000000004001978                s_sMgmtLeaveServerContext.2915
                0x00000000040019a0                s_sMgmtLqiServerContext.2914
                0x00000000040019a4                s_sSimpleDescServerContext.2913
                0x00000000040019a8                s_sMatchDescServerContext.2912
                0x00000000040019ac                s_sPowerDescServerContext.2911
                0x00000000040019b0                s_sNodeDescServerContext.2910
                0x00000000040019b4                s_sSystemServerDiscoveryServerContext.2909
                0x00000000040019b8                s_sIeeeAddrServerContext.2908
                0x00000000040019bc                s_sNwkAddrServerContext.2907
                0x00000000040019c0                s_sActiveEpServerContext.2906
                0x00000000040019c4                s_sZdoClientContext.2904
                0x00000000040019c4                s_sDeviceAnnceServerContext.2905
                0x00000000040019cc                s_asAPduPool.6658
                0x00000000040019d0                psServerContextCopy
                0x00000000040019d4                s_u32LastExpiredTime.3708
                0x00000000040019d8                s_u32CompareTime.3707
                0x00000000040019dc                s_prvCurrentISR.6262
                0x00000000040019e0                u8AhiUart.71681
                0x00000000040019e4                s_u32CurrentPriorityMask.6254
                0x00000000040019e8                s_u8OSLevelIPL.6258
                0x00000000040019ec                s_asTasks.6257
                0x00000000040019f0                s_u32PendingQueue.6256
                0x00000000040019f4                pwrm_CPUContext
 .bss           0x0000000004003310      0x51c C:\Users\Linkylab\AppData\Local\Temp\ccO3wVyw.ltrans24.ltrans.o
 *fill*         0x000000000400382c        0x4 00
 .bss           0x0000000004003830       0x30 C:\Users\Linkylab\AppData\Local\Temp\ccO3wVyw.ltrans26.ltrans.o
                0x0000000004003830                sRecoverDevice
 .bss           0x0000000004003860        0x4 C:\Users\Linkylab\AppData\Local\Temp\ccO3wVyw.ltrans28.ltrans.o
 .bss           0x0000000004003864        0x8 C:\Users\Linkylab\AppData\Local\Temp\ccO3wVyw.ltrans29.ltrans.o
 .bss           0x000000000400386c        0x4 C:\Users\Linkylab\AppData\Local\Temp\ccO3wVyw.ltrans30.ltrans.o
                0x000000000400386c                u32DataQueueCount
 .bss           0x0000000004003870        0x2 C:\Users\Linkylab\AppData\Local\Temp\ccO3wVyw.ltrans31.ltrans.o
                0x0000000004003870                s_u16ActivityCounter
 *fill*         0x0000000004003872        0x2 00
 .bss.dontinitinboot
                0x0000000004003874       0x40 c:/NXP/bstudio_nxp/sdk/JN-SW-4168/Components/Library\libBoot_JN516x.a(ExceptionHandler.o)
                0x0000000004003874                isr_handlers
 *(.bss.*)
 *(.scommon*)
 *(.scommon.*)
 *(COMMON)
                0x00000000040038b4                . = ALIGN (0x4)
                0x00000000040038b4                _bss_end = ABSOLUTE (.)

.heap           0x00000000040038b4      0x7d0 load address 0x000000000009eb10
                0x00000000040038b4                _heap_start = ABSOLUTE (.)
                0x0000000004004084                . = (. + __minimum_heap_size)
 *fill*         0x00000000040038b4      0x7d0 00

.stack          0x0000000004006c78     0x1388 load address 0x00000000000a1ed4
                0x0000000004006c78                _heap_end = ABSOLUTE (.)
                0x0000000004006c78                _stack_low_water_mark = ABSOLUTE (.)
                0x0000000004008000                . = (. + __stack_size)
 *fill*         0x0000000004006c78     0x1388 00

.test           0x000000000009b98c        0x1
                0x000000000009b98c        0x1 BYTE 0xff
                0x000000000009b2a8                _flash_data_start = LOADADDR (.data)
                0x00000000000006e4                _ram_data_len = (((_ram_data_end - _ram_data_start) + 0x3) & 0xfffffffffffffffc)
                0x0000000000003184                _bss_len = (((_bss_end - _bss_start) + 0x3) & 0xfffffffffffffffc)
                0x000000000001b98c                _image_len = ((((_flash_end - _flash_start) + _ram_data_len) + 0x3) & 0xfffffffffffffffc)
                0x0000000004008000                _ram_top = (ABSOLUTE (ORIGIN (ram)) + 0x7fb4)
                0x0000000004008000                ram_top = (ABSOLUTE (ORIGIN (ram)) + 0x7fb4)
                0x0000000001001580                _app_ram_start = 0x1001580
                0x0000000004000064                PROVIDE (_heap_location, u32HeapStart)
                0x0000000004000064                PROVIDE (heap_location, u32HeapStart)
OUTPUT(Coordinator_JN5168.elf elf32-ba)

.comment        0x0000000000000000       0x11
 .comment       0x0000000000000000       0x12 C:\Users\Linkylab\AppData\Local\Temp\ccO3wVyw.ltrans0.ltrans.o
 .comment       0x0000000000000000       0x12 C:\Users\Linkylab\AppData\Local\Temp\ccO3wVyw.ltrans1.ltrans.o
 .comment       0x0000000000000000       0x12 C:\Users\Linkylab\AppData\Local\Temp\ccO3wVyw.ltrans2.ltrans.o
 .comment       0x0000000000000000       0x12 C:\Users\Linkylab\AppData\Local\Temp\ccO3wVyw.ltrans3.ltrans.o
 .comment       0x0000000000000000       0x12 C:\Users\Linkylab\AppData\Local\Temp\ccO3wVyw.ltrans4.ltrans.o
 .comment       0x0000000000000000       0x12 C:\Users\Linkylab\AppData\Local\Temp\ccO3wVyw.ltrans5.ltrans.o
 .comment       0x0000000000000000       0x12 C:\Users\Linkylab\AppData\Local\Temp\ccO3wVyw.ltrans6.ltrans.o
 .comment       0x0000000000000000       0x12 C:\Users\Linkylab\AppData\Local\Temp\ccO3wVyw.ltrans7.ltrans.o
 .comment       0x0000000000000000       0x12 C:\Users\Linkylab\AppData\Local\Temp\ccO3wVyw.ltrans8.ltrans.o
 .comment       0x0000000000000000       0x12 C:\Users\Linkylab\AppData\Local\Temp\ccO3wVyw.ltrans9.ltrans.o
 .comment       0x0000000000000000       0x12 C:\Users\Linkylab\AppData\Local\Temp\ccO3wVyw.ltrans10.ltrans.o
 .comment       0x0000000000000000       0x12 C:\Users\Linkylab\AppData\Local\Temp\ccO3wVyw.ltrans11.ltrans.o
 .comment       0x0000000000000000       0x12 C:\Users\Linkylab\AppData\Local\Temp\ccO3wVyw.ltrans12.ltrans.o
 .comment       0x0000000000000000       0x12 C:\Users\Linkylab\AppData\Local\Temp\ccO3wVyw.ltrans13.ltrans.o
 .comment       0x0000000000000000       0x12 C:\Users\Linkylab\AppData\Local\Temp\ccO3wVyw.ltrans14.ltrans.o
 .comment       0x0000000000000000       0x12 C:\Users\Linkylab\AppData\Local\Temp\ccO3wVyw.ltrans15.ltrans.o
 .comment       0x0000000000000000       0x12 C:\Users\Linkylab\AppData\Local\Temp\ccO3wVyw.ltrans16.ltrans.o
 .comment       0x0000000000000000       0x12 C:\Users\Linkylab\AppData\Local\Temp\ccO3wVyw.ltrans17.ltrans.o
 .comment       0x0000000000000000       0x12 C:\Users\Linkylab\AppData\Local\Temp\ccO3wVyw.ltrans18.ltrans.o
 .comment       0x0000000000000000       0x12 C:\Users\Linkylab\AppData\Local\Temp\ccO3wVyw.ltrans19.ltrans.o
 .comment       0x0000000000000000       0x12 C:\Users\Linkylab\AppData\Local\Temp\ccO3wVyw.ltrans20.ltrans.o
 .comment       0x0000000000000000       0x12 C:\Users\Linkylab\AppData\Local\Temp\ccO3wVyw.ltrans21.ltrans.o
 .comment       0x0000000000000000       0x12 C:\Users\Linkylab\AppData\Local\Temp\ccO3wVyw.ltrans22.ltrans.o
 .comment       0x0000000000000000       0x12 C:\Users\Linkylab\AppData\Local\Temp\ccO3wVyw.ltrans23.ltrans.o
 .comment       0x0000000000000000       0x12 C:\Users\Linkylab\AppData\Local\Temp\ccO3wVyw.ltrans24.ltrans.o
 .comment       0x0000000000000000       0x12 C:\Users\Linkylab\AppData\Local\Temp\ccO3wVyw.ltrans25.ltrans.o
 .comment       0x0000000000000000       0x12 C:\Users\Linkylab\AppData\Local\Temp\ccO3wVyw.ltrans26.ltrans.o
 .comment       0x0000000000000000       0x12 C:\Users\Linkylab\AppData\Local\Temp\ccO3wVyw.ltrans27.ltrans.o
 .comment       0x0000000000000000       0x12 C:\Users\Linkylab\AppData\Local\Temp\ccO3wVyw.ltrans28.ltrans.o
 .comment       0x0000000000000000       0x12 C:\Users\Linkylab\AppData\Local\Temp\ccO3wVyw.ltrans29.ltrans.o
 .comment       0x0000000000000000       0x12 C:\Users\Linkylab\AppData\Local\Temp\ccO3wVyw.ltrans30.ltrans.o
 .comment       0x0000000000000000       0x12 C:\Users\Linkylab\AppData\Local\Temp\ccO3wVyw.ltrans31.ltrans.o
 .comment       0x0000000000000000       0x12 c:/nxp/bstudio_nxp/sdk/tools/ba-elf-ba2-r36379/bin/../lib/gcc/ba-elf/4.7.4/../../../../ba-elf/lib/mcpu_jn51xx_sizeopt\libc.a(lib_a-memcmp.o)
 .comment       0x0000000000000000       0x12 c:/nxp/bstudio_nxp/sdk/tools/ba-elf-ba2-r36379/bin/../lib/gcc/ba-elf/4.7.4/../../../../ba-elf/lib/mcpu_jn51xx_sizeopt\libc.a(lib_a-memcpy.o)
 .comment       0x0000000000000000       0x12 c:/nxp/bstudio_nxp/sdk/tools/ba-elf-ba2-r36379/bin/../lib/gcc/ba-elf/4.7.4/../../../../ba-elf/lib/mcpu_jn51xx_sizeopt\libc.a(lib_a-memset.o)
 .comment       0x0000000000000000       0x12 c:/nxp/bstudio_nxp/sdk/tools/ba-elf-ba2-r36379/bin/../lib/gcc/ba-elf/4.7.4/mcpu_jn51xx_sizeopt\libgcc.a(_udivdi3.o)
 .comment       0x0000000000000000       0x11 c:/NXP/bstudio_nxp/sdk/JN-SW-4168/Components/Library\libMicroSpecific_JN516x.a(MicroSyscall_ba.o)
                                         0x12 (size before relaxing)

.debug_info     0x0000000000000000      0xbea
 .debug_info    0x0000000000000000       0xf3 c:/nxp/bstudio_nxp/sdk/tools/ba-elf-ba2-r36379/bin/../lib/gcc/ba-elf/4.7.4/../../../../ba-elf/lib/mcpu_jn51xx_sizeopt\libc.a(lib_a-memcmp.o)
 .debug_info    0x00000000000000f3      0x106 c:/nxp/bstudio_nxp/sdk/tools/ba-elf-ba2-r36379/bin/../lib/gcc/ba-elf/4.7.4/../../../../ba-elf/lib/mcpu_jn51xx_sizeopt\libc.a(lib_a-memcpy.o)
 .debug_info    0x00000000000001f9       0xd7 c:/nxp/bstudio_nxp/sdk/tools/ba-elf-ba2-r36379/bin/../lib/gcc/ba-elf/4.7.4/../../../../ba-elf/lib/mcpu_jn51xx_sizeopt\libc.a(lib_a-memset.o)
 .debug_info    0x00000000000002d0       0xb4 c:/nxp/bstudio_nxp/sdk/tools/ba-elf-ba2-r36379/bin/../lib/gcc/ba-elf/4.7.4/mcpu_jn51xx_sizeopt\libgcc.a(__udivsi3.o)
 .debug_info    0x0000000000000384       0xb4 c:/nxp/bstudio_nxp/sdk/tools/ba-elf-ba2-r36379/bin/../lib/gcc/ba-elf/4.7.4/mcpu_jn51xx_sizeopt\libgcc.a(__umodsi3.o)
 .debug_info    0x0000000000000438       0xb4 c:/nxp/bstudio_nxp/sdk/tools/ba-elf-ba2-r36379/bin/../lib/gcc/ba-elf/4.7.4/mcpu_jn51xx_sizeopt\libgcc.a(__modsi3.o)
 .debug_info    0x00000000000004ec      0x648 c:/nxp/bstudio_nxp/sdk/tools/ba-elf-ba2-r36379/bin/../lib/gcc/ba-elf/4.7.4/mcpu_jn51xx_sizeopt\libgcc.a(_udivdi3.o)
 .debug_info    0x0000000000000b34       0xb6 c:/NXP/bstudio_nxp/sdk/JN-SW-4168/Components/Library\libBoot_JN516x.a(ExceptionHandler.o)

.debug_abbrev   0x0000000000000000      0x36d
 .debug_abbrev  0x0000000000000000       0x8e c:/nxp/bstudio_nxp/sdk/tools/ba-elf-ba2-r36379/bin/../lib/gcc/ba-elf/4.7.4/../../../../ba-elf/lib/mcpu_jn51xx_sizeopt\libc.a(lib_a-memcmp.o)
 .debug_abbrev  0x000000000000008e       0xa4 c:/nxp/bstudio_nxp/sdk/tools/ba-elf-ba2-r36379/bin/../lib/gcc/ba-elf/4.7.4/../../../../ba-elf/lib/mcpu_jn51xx_sizeopt\libc.a(lib_a-memcpy.o)
 .debug_abbrev  0x0000000000000132       0x8e c:/nxp/bstudio_nxp/sdk/tools/ba-elf-ba2-r36379/bin/../lib/gcc/ba-elf/4.7.4/../../../../ba-elf/lib/mcpu_jn51xx_sizeopt\libc.a(lib_a-memset.o)
 .debug_abbrev  0x00000000000001c0       0x14 c:/nxp/bstudio_nxp/sdk/tools/ba-elf-ba2-r36379/bin/../lib/gcc/ba-elf/4.7.4/mcpu_jn51xx_sizeopt\libgcc.a(__udivsi3.o)
 .debug_abbrev  0x00000000000001d4       0x14 c:/nxp/bstudio_nxp/sdk/tools/ba-elf-ba2-r36379/bin/../lib/gcc/ba-elf/4.7.4/mcpu_jn51xx_sizeopt\libgcc.a(__umodsi3.o)
 .debug_abbrev  0x00000000000001e8       0x14 c:/nxp/bstudio_nxp/sdk/tools/ba-elf-ba2-r36379/bin/../lib/gcc/ba-elf/4.7.4/mcpu_jn51xx_sizeopt\libgcc.a(__modsi3.o)
 .debug_abbrev  0x00000000000001fc      0x15d c:/nxp/bstudio_nxp/sdk/tools/ba-elf-ba2-r36379/bin/../lib/gcc/ba-elf/4.7.4/mcpu_jn51xx_sizeopt\libgcc.a(_udivdi3.o)
 .debug_abbrev  0x0000000000000359       0x14 c:/NXP/bstudio_nxp/sdk/JN-SW-4168/Components/Library\libBoot_JN516x.a(ExceptionHandler.o)

.debug_loc      0x0000000000000000      0xb66
 .debug_loc     0x0000000000000000       0x73 c:/nxp/bstudio_nxp/sdk/tools/ba-elf-ba2-r36379/bin/../lib/gcc/ba-elf/4.7.4/../../../../ba-elf/lib/mcpu_jn51xx_sizeopt\libc.a(lib_a-memcmp.o)
 .debug_loc     0x0000000000000073       0x39 c:/nxp/bstudio_nxp/sdk/tools/ba-elf-ba2-r36379/bin/../lib/gcc/ba-elf/4.7.4/../../../../ba-elf/lib/mcpu_jn51xx_sizeopt\libc.a(lib_a-memcpy.o)
 .debug_loc     0x00000000000000ac       0x3f c:/nxp/bstudio_nxp/sdk/tools/ba-elf-ba2-r36379/bin/../lib/gcc/ba-elf/4.7.4/../../../../ba-elf/lib/mcpu_jn51xx_sizeopt\libc.a(lib_a-memset.o)
 .debug_loc     0x00000000000000eb      0xa7b c:/nxp/bstudio_nxp/sdk/tools/ba-elf-ba2-r36379/bin/../lib/gcc/ba-elf/4.7.4/mcpu_jn51xx_sizeopt\libgcc.a(_udivdi3.o)

.debug_aranges  0x0000000000000000      0x100
 .debug_aranges
                0x0000000000000000       0x20 c:/nxp/bstudio_nxp/sdk/tools/ba-elf-ba2-r36379/bin/../lib/gcc/ba-elf/4.7.4/../../../../ba-elf/lib/mcpu_jn51xx_sizeopt\libc.a(lib_a-memcmp.o)
 .debug_aranges
                0x0000000000000020       0x20 c:/nxp/bstudio_nxp/sdk/tools/ba-elf-ba2-r36379/bin/../lib/gcc/ba-elf/4.7.4/../../../../ba-elf/lib/mcpu_jn51xx_sizeopt\libc.a(lib_a-memcpy.o)
 .debug_aranges
                0x0000000000000040       0x20 c:/nxp/bstudio_nxp/sdk/tools/ba-elf-ba2-r36379/bin/../lib/gcc/ba-elf/4.7.4/../../../../ba-elf/lib/mcpu_jn51xx_sizeopt\libc.a(lib_a-memset.o)
 .debug_aranges
                0x0000000000000060       0x20 c:/nxp/bstudio_nxp/sdk/tools/ba-elf-ba2-r36379/bin/../lib/gcc/ba-elf/4.7.4/mcpu_jn51xx_sizeopt\libgcc.a(__udivsi3.o)
 .debug_aranges
                0x0000000000000080       0x20 c:/nxp/bstudio_nxp/sdk/tools/ba-elf-ba2-r36379/bin/../lib/gcc/ba-elf/4.7.4/mcpu_jn51xx_sizeopt\libgcc.a(__umodsi3.o)
 .debug_aranges
                0x00000000000000a0       0x20 c:/nxp/bstudio_nxp/sdk/tools/ba-elf-ba2-r36379/bin/../lib/gcc/ba-elf/4.7.4/mcpu_jn51xx_sizeopt\libgcc.a(__modsi3.o)
 .debug_aranges
                0x00000000000000c0       0x20 c:/nxp/bstudio_nxp/sdk/tools/ba-elf-ba2-r36379/bin/../lib/gcc/ba-elf/4.7.4/mcpu_jn51xx_sizeopt\libgcc.a(_udivdi3.o)
 .debug_aranges
                0x00000000000000e0       0x20 c:/NXP/bstudio_nxp/sdk/JN-SW-4168/Components/Library\libBoot_JN516x.a(ExceptionHandler.o)

.debug_line     0x0000000000000000     0x1013
 .debug_line    0x0000000000000000      0x154 c:/nxp/bstudio_nxp/sdk/tools/ba-elf-ba2-r36379/bin/../lib/gcc/ba-elf/4.7.4/../../../../ba-elf/lib/mcpu_jn51xx_sizeopt\libc.a(lib_a-memcmp.o)
 .debug_line    0x0000000000000154      0x148 c:/nxp/bstudio_nxp/sdk/tools/ba-elf-ba2-r36379/bin/../lib/gcc/ba-elf/4.7.4/../../../../ba-elf/lib/mcpu_jn51xx_sizeopt\libc.a(lib_a-memcpy.o)
 .debug_line    0x000000000000029c      0x13e c:/nxp/bstudio_nxp/sdk/tools/ba-elf-ba2-r36379/bin/../lib/gcc/ba-elf/4.7.4/../../../../ba-elf/lib/mcpu_jn51xx_sizeopt\libc.a(lib_a-memset.o)
 .debug_line    0x00000000000003da      0x47b c:/nxp/bstudio_nxp/sdk/tools/ba-elf-ba2-r36379/bin/../lib/gcc/ba-elf/4.7.4/mcpu_jn51xx_sizeopt\libgcc.a(__udivsi3.o)
 .debug_line    0x0000000000000855      0x3c7 c:/nxp/bstudio_nxp/sdk/tools/ba-elf-ba2-r36379/bin/../lib/gcc/ba-elf/4.7.4/mcpu_jn51xx_sizeopt\libgcc.a(__umodsi3.o)
 .debug_line    0x0000000000000c1c       0xa3 c:/nxp/bstudio_nxp/sdk/tools/ba-elf-ba2-r36379/bin/../lib/gcc/ba-elf/4.7.4/mcpu_jn51xx_sizeopt\libgcc.a(__modsi3.o)
 .debug_line    0x0000000000000cbf      0x1b7 c:/nxp/bstudio_nxp/sdk/tools/ba-elf-ba2-r36379/bin/../lib/gcc/ba-elf/4.7.4/mcpu_jn51xx_sizeopt\libgcc.a(_udivdi3.o)
 .debug_line    0x0000000000000e76      0x19d c:/NXP/bstudio_nxp/sdk/JN-SW-4168/Components/Library\libBoot_JN516x.a(ExceptionHandler.o)

.debug_str      0x0000000000000000      0x2e8
 .debug_str     0x0000000000000000      0x119 c:/nxp/bstudio_nxp/sdk/tools/ba-elf-ba2-r36379/bin/../lib/gcc/ba-elf/4.7.4/../../../../ba-elf/lib/mcpu_jn51xx_sizeopt\libc.a(lib_a-memcmp.o)
                                        0x152 (size before relaxing)
 .debug_str     0x0000000000000119       0x5d c:/nxp/bstudio_nxp/sdk/tools/ba-elf-ba2-r36379/bin/../lib/gcc/ba-elf/4.7.4/../../../../ba-elf/lib/mcpu_jn51xx_sizeopt\libc.a(lib_a-memcpy.o)
                                        0x166 (size before relaxing)
 .debug_str     0x0000000000000176       0x49 c:/nxp/bstudio_nxp/sdk/tools/ba-elf-ba2-r36379/bin/../lib/gcc/ba-elf/4.7.4/../../../../ba-elf/lib/mcpu_jn51xx_sizeopt\libc.a(lib_a-memset.o)
                                        0x152 (size before relaxing)
 .debug_str     0x00000000000001bf      0x129 c:/nxp/bstudio_nxp/sdk/tools/ba-elf-ba2-r36379/bin/../lib/gcc/ba-elf/4.7.4/mcpu_jn51xx_sizeopt\libgcc.a(_udivdi3.o)
                                        0x1d4 (size before relaxing)

.debug_frame    0x0000000000000000       0x60
 .debug_frame   0x0000000000000000       0x20 c:/nxp/bstudio_nxp/sdk/tools/ba-elf-ba2-r36379/bin/../lib/gcc/ba-elf/4.7.4/../../../../ba-elf/lib/mcpu_jn51xx_sizeopt\libc.a(lib_a-memcmp.o)
 .debug_frame   0x0000000000000020       0x20 c:/nxp/bstudio_nxp/sdk/tools/ba-elf-ba2-r36379/bin/../lib/gcc/ba-elf/4.7.4/../../../../ba-elf/lib/mcpu_jn51xx_sizeopt\libc.a(lib_a-memcpy.o)
 .debug_frame   0x0000000000000040       0x20 c:/nxp/bstudio_nxp/sdk/tools/ba-elf-ba2-r36379/bin/../lib/gcc/ba-elf/4.7.4/../../../../ba-elf/lib/mcpu_jn51xx_sizeopt\libc.a(lib_a-memset.o)

.debug_ranges   0x0000000000000000       0xa0
 .debug_ranges  0x0000000000000000       0xa0 c:/nxp/bstudio_nxp/sdk/tools/ba-elf-ba2-r36379/bin/../lib/gcc/ba-elf/4.7.4/mcpu_jn51xx_sizeopt\libgcc.a(_udivdi3.o)
