Archive member included because of file (symbol)

c:/NXP/bstudio_nxp/sdk/JN-SW-4168/Components/Library\libOS_JN516x.a(os.o)
                              c:/NXP/bstudio_nxp/workspace/JN-AN-1189-ZigBee-HA-Demo/ColorDimmableLight/Build/os_gen.o (symbol from plugin) (os_vStart)
c:/NXP/bstudio_nxp/sdk/JN-SW-4168/Components/Library\libOS_JN516x.a(os_contirq_JN516x.o)
                              c:/NXP/bstudio_nxp/workspace/JN-AN-1189-ZigBee-HA-Demo/ColorDimmableLight/Build/os_irq.o (os_UnclaimedException_W)
c:/NXP/bstudio_nxp/sdk/JN-SW-4168/Components/Library\libPWRM_JN516x.a(pwrm.o)
                              c:/NXP/bstudio_nxp/workspace/JN-AN-1189-ZigBee-HA-Demo/ColorDimmableLight/Build/app_start_light.o (symbol from plugin) (PWRM_vInit)
c:/NXP/bstudio_nxp/sdk/JN-SW-4168/Components/Library\libPWRM_JN516x.a(pwrm_setjmp_JN516x.o)
                              pwrm.o (symbol from plugin) (setjmp)
c:/NXP/bstudio_nxp/sdk/JN-SW-4168/Components/Library\libPWRM_JN516x.a(pwrm_cold_start.o)
                              (AppColdStart)
c:/NXP/bstudio_nxp/sdk/JN-SW-4168/Components/Library\libPWRM_JN516x.a(pwrm_warm_start.o)
                              (AppWarmStart)
c:/NXP/bstudio_nxp/sdk/JN-SW-4168/Components/Library\libPDUM_JN516x.a(pdum_nwk.o)
                              c:/NXP/bstudio_nxp/workspace/JN-AN-1189-ZigBee-HA-Demo/ColorDimmableLight/Build/pdum_gen.o (symbol from plugin) (pdum_vNPduInit)
c:/NXP/bstudio_nxp/sdk/JN-SW-4168/Components/Library\libPDUM_JN516x.a(pdum_apl.o)
                              c:/NXP/bstudio_nxp/workspace/JN-AN-1189-ZigBee-HA-Demo/ColorDimmableLight/Build/appZdpExtraction.o (symbol from plugin) (PDUM_u16APduInstanceReadNBO)
c:/NXP/bstudio_nxp/sdk/JN-SW-4168/Components/Library\libPDUM_JN516x.a(pdum.o)
                              pdum_nwk.o (symbol from plugin) (PDUM_u16SizeNBO)
c:/NXP/bstudio_nxp/sdk/JN-SW-4168/Components/Library\libZPSAPL_JN516x.a(zps_apl_af.o)
                              c:/NXP/bstudio_nxp/workspace/JN-AN-1189-ZigBee-HA-Demo/ColorDimmableLight/Build/zha_light_node.o (symbol from plugin) (ZPS_eAplAfInit)
c:/NXP/bstudio_nxp/sdk/JN-SW-4168/Components/Library\libZPSAPL_JN516x.a(zps_apl_af_apsde.o)
                              c:/NXP/bstudio_nxp/workspace/JN-AN-1189-ZigBee-HA-Demo/ColorDimmableLight/Build/zps_gen.o (symbol from plugin) (zps_vHandleApsdeDataFragIndNotSupported)
c:/NXP/bstudio_nxp/sdk/JN-SW-4168/Components/Library\libZPSAPL_JN516x.a(zps_apl_task.o)
                              zps_apl_af_apsde.o (symbol from plugin) (zps_vAplAfPostEvent)
c:/NXP/bstudio_nxp/sdk/JN-SW-4168/Components/Library\libZPSAPL_JN516x.a(zps_apl_apsde.o)
                              zps_apl_task.o (symbol from plugin) (ZPS_vAplRegisterApsdeDcfmIndCallbacks)
c:/NXP/bstudio_nxp/sdk/JN-SW-4168/Components/Library\libZPSAPL_JN516x.a(zps_apl_apsme.o)
                              zps_apl_task.o (symbol from plugin) (ZPS_vAplRegisterApsmeDcfmIndCallbacks)
c:/NXP/bstudio_nxp/sdk/JN-SW-4168/Components/Library\libZPSAPL_JN516x.a(zps_apl_aps_nlde.o)
                              zps_apl_task.o (symbol from plugin) (zps_vAplApsHandleNldeDcfmInd)
c:/NXP/bstudio_nxp/sdk/JN-SW-4168/Components/Library\libZPSAPL_JN516x.a(zps_apl_sec.o)
                              zps_apl_task.o (symbol from plugin) (zps_psFindKeyDescr)
c:/NXP/bstudio_nxp/sdk/JN-SW-4168/Components/Library\libZPSAPL_JN516x.a(zps_apl_aib.o)
                              c:/NXP/bstudio_nxp/workspace/JN-AN-1189-ZigBee-HA-Demo/ColorDimmableLight/Build/app_zbp_utilities.o (symbol from plugin) (zps_psAplAibGetAib)
c:/NXP/bstudio_nxp/sdk/JN-SW-4168/Components/Library\libZPSAPL_JN516x.a(zps_apl_zdo_nwkmanager.o)
                              zps_apl_apsme.o (symbol from plugin) (zps_vAplSaveRecord)
c:/NXP/bstudio_nxp/sdk/JN-SW-4168/Components/Library\libZPSAPL_JN516x.a(zps_apl_zdo_handle_zdp_event.o)
                              zps_apl_task.o (symbol from plugin) (zps_bAplZdoHandleZdpEvent)
c:/NXP/bstudio_nxp/sdk/JN-SW-4168/Components/Library\libZPSAPL_JN516x.a(zps_apl_zdo_trust_center.o)
                              zps_apl_sec.o (symbol from plugin) (zps_eAplTrustCenterFindDevice)
c:/NXP/bstudio_nxp/sdk/JN-SW-4168/Components/Library\libZPSAPL_JN516x.a(zps_apl_zdo_common.o)
                              zps_apl_zdo_nwkmanager.o (symbol from plugin) (zps_eAplZdoNlmeleaveWrapper)
c:/NXP/bstudio_nxp/sdk/JN-SW-4168/Components/Library\libZPSAPL_JN516x.a(zps_apl_zdo_group.o)
                              c:/NXP/bstudio_nxp/workspace/JN-AN-1189-ZigBee-HA-Demo/ColorDimmableLight/Build/GroupsTableManager.o (symbol from plugin) (zps_eAplZdoGroupEndpointAdd)
c:/NXP/bstudio_nxp/sdk/JN-SW-4168/Components/Library\libZPSAPL_JN516x.a(zps_apl_zdo_default_server.o)
                              c:/NXP/bstudio_nxp/workspace/JN-AN-1189-ZigBee-HA-Demo/ColorDimmableLight/Build/zps_gen.o (symbol from plugin) (zps_vAplZdoDefaultServerInit)
c:/NXP/bstudio_nxp/sdk/JN-SW-4168/Components/Library\libZPSAPL_JN516x.a(zps_apl_zdo_bind_manager.o)
[...]
Memory Configuration

Name             Origin             Length             Attributes
flash            0x0000000000080000 0x0000000000080000
ram              0x000000000400004c 0x0000000000007fb4
*default*        0x0000000000000000 0xffffffffffffffff

Linker script and memory map

                0x0000000000001770                __stack_size = 0x1770
                0x00000000000007d0                __minimum_heap_size = 0x7d0
START GROUP
LOAD c:/NXP/bstudio_nxp/workspace/JN-AN-1189-ZigBee-HA-Demo/ColorDimmableLight/Build/os_gen.o
LOAD C:\Users\I24375~1\AppData\Local\Temp\ccw9ALV1.ltrans0.ltrans.o
LOAD C:\Users\I24375~1\AppData\Local\Temp\ccw9ALV1.ltrans1.ltrans.o
LOAD C:\Users\I24375~1\AppData\Local\Temp\ccw9ALV1.ltrans2.ltrans.o
LOAD C:\Users\I24375~1\AppData\Local\Temp\ccw9ALV1.ltrans3.ltrans.o
LOAD C:\Users\I24375~1\AppData\Local\Temp\ccw9ALV1.ltrans4.ltrans.o
LOAD C:\Users\I24375~1\AppData\Local\Temp\ccw9ALV1.ltrans5.ltrans.o
LOAD C:\Users\I24375~1\AppData\Local\Temp\ccw9ALV1.ltrans6.ltrans.o
LOAD C:\Users\I24375~1\AppData\Local\Temp\ccw9ALV1.ltrans7.ltrans.o
LOAD C:\Users\I24375~1\AppData\Local\Temp\ccw9ALV1.ltrans8.ltrans.o
LOAD C:\Users\I24375~1\AppData\Local\Temp\ccw9ALV1.ltrans9.ltrans.o
LOAD C:\Users\I24375~1\AppData\Local\Temp\ccw9ALV1.ltrans10.ltrans.o
LOAD C:\Users\I24375~1\AppData\Local\Temp\ccw9ALV1.ltrans11.ltrans.o
LOAD C:\Users\I24375~1\AppData\Local\Temp\ccw9ALV1.ltrans12.ltrans.o
LOAD C:\Users\I24375~1\AppData\Local\Temp\ccw9ALV1.ltrans13.ltrans.o
LOAD C:\Users\I24375~1\AppData\Local\Temp\ccw9ALV1.ltrans14.ltrans.o
LOAD C:\Users\I24375~1\AppData\Local\Temp\ccw9ALV1.ltrans15.ltrans.o
LOAD C:\Users\I24375~1\AppData\Local\Temp\ccw9ALV1.ltrans16.ltrans.o
LOAD C:\Users\I24375~1\AppData\Local\Temp\ccw9ALV1.ltrans17.ltrans.o
LOAD C:\Users\I24375~1\AppData\Local\Temp\ccw9ALV1.ltrans18.ltrans.o
LOAD C:\Users\I24375~1\AppData\Local\Temp\ccw9ALV1.ltrans19.ltrans.o
LOAD C:\Users\I24375~1\AppData\Local\Temp\ccw9ALV1.ltrans20.ltrans.o
LOAD C:\Users\I24375~1\AppData\Local\Temp\ccw9ALV1.ltrans21.ltrans.o
LOAD C:\Users\I24375~1\AppData\Local\Temp\ccw9ALV1.ltrans22.ltrans.o
LOAD C:\Users\I24375~1\AppData\Local\Temp\ccw9ALV1.ltrans23.ltrans.o
LOAD C:\Users\I24375~1\AppData\Local\Temp\ccw9ALV1.ltrans24.ltrans.o
LOAD C:\Users\I24375~1\AppData\Local\Temp\ccw9ALV1.ltrans25.ltrans.o
LOAD C:\Users\I24375~1\AppData\Local\Temp\ccw9ALV1.ltrans26.ltrans.o
LOAD C:\Users\I24375~1\AppData\Local\Temp\ccw9ALV1.ltrans27.ltrans.o
LOAD C:\Users\I24375~1\AppData\Local\Temp\ccw9ALV1.ltrans28.ltrans.o
LOAD C:\Users\I24375~1\AppData\Local\Temp\ccw9ALV1.ltrans29.ltrans.o
LOAD C:\Users\I24375~1\AppData\Local\Temp\ccw9ALV1.ltrans30.ltrans.o
LOAD C:\Users\I24375~1\AppData\Local\Temp\ccw9ALV1.ltrans31.ltrans.o
LOAD c:/nxp/bstudio_nxp/sdk/tools/ba-elf-ba2-r36379/bin/../lib/gcc/ba-elf/4.7.4/../../../../ba-elf/lib/mcpu_jn51xx_sizeopt\libc.a
LOAD c:/nxp/bstudio_nxp/sdk/tools/ba-elf-ba2-r36379/bin/../lib/gcc/ba-elf/4.7.4/mcpu_jn51xx_sizeopt\libgcc.a
LOAD c:/nxp/bstudio_nxp/sdk/tools/ba-elf-ba2-r36379/bin/../lib/gcc/ba-elf/4.7.4/../../../../ba-elf/lib/mcpu_jn51xx_sizeopt\libc.a
LOAD c:/NXP/bstudio_nxp/workspace/JN-AN-1189-ZigBee-HA-Demo/ColorDimmableLight/Build/os_irq.o
LOAD c:/NXP/bstudio_nxp/workspace/JN-AN-1189-ZigBee-HA-Demo/ColorDimmableLight/Build/os_irq_alignment.o
LOAD c:/NXP/bstudio_nxp/workspace/JN-AN-1189-ZigBee-HA-Demo/ColorDimmableLight/Build/os_irq_buserror.o
LOAD c:/NXP/bstudio_nxp/workspace/JN-AN-1189-ZigBee-HA-Demo/ColorDimmableLight/Build/os_irq_illegalinstruction.o
LOAD c:/NXP/bstudio_nxp/workspace/JN-AN-1189-ZigBee-HA-Demo/ColorDimmableLight/Build/os_irq_stackoverflowexception.o
LOAD c:/NXP/bstudio_nxp/workspace/JN-AN-1189-ZigBee-HA-Demo/ColorDimmableLight/Build/os_irq_unimplementedmodule.o
LOAD c:/NXP/bstudio_nxp/workspace/JN-AN-1189-ZigBee-HA-Demo/ColorDimmableLight/Build/pdum_gen.o
LOAD c:/NXP/bstudio_nxp/workspace/JN-AN-1189-ZigBee-HA-Demo/ColorDimmableLight/Build/pdum_apdu.o
LOAD c:/NXP/bstudio_nxp/workspace/JN-AN-1189-ZigBee-HA-Demo/ColorDimmableLight/Build/zps_gen.o
LOAD c:/NXP/bstudio_nxp/workspace/JN-AN-1189-ZigBee-HA-Demo/ColorDimmableLight/Build/app_timer_driver.o
LOAD c:/NXP/bstudio_nxp/workspace/JN-AN-1189-ZigBee-HA-Demo/ColorDimmableLight/Build/app_start_light.o
LOAD c:/NXP/bstudio_nxp/workspace/JN-AN-1189-ZigBee-HA-Demo/ColorDimmableLight/Build/app_manage_temperature.o
LOAD c:/NXP/bstudio_nxp/workspace/JN-AN-1189-ZigBee-HA-Demo/ColorDimmableLight/Build/app_light_interpolation.o
LOAD c:/NXP/bstudio_nxp/workspace/JN-AN-1189-ZigBee-HA-Demo/ColorDimmableLight/Build/app_zbp_utilities.o
LOAD c:/NXP/bstudio_nxp/workspace/JN-AN-1189-ZigBee-HA-Demo/ColorDimmableLight/Build/app_exceptions.o
LOAD c:/NXP/bstudio_nxp/workspace/JN-AN-1189-ZigBee-HA-Demo/ColorDimmableLight/Build/app_pdm.o
LOAD c:/NXP/bstudio_nxp/workspace/JN-AN-1189-ZigBee-HA-Demo/ColorDimmableLight/Build/app_power_on_counter.o
LOAD c:/NXP/bstudio_nxp/workspace/JN-AN-1189-ZigBee-HA-Demo/ColorDimmableLight/Build/app_light_effect.o
LOAD c:/NXP/bstudio_nxp/workspace/JN-AN-1189-ZigBee-HA-Demo/ColorDimmableLight/Build/App_ColorDimmableLight.o
LOAD c:/NXP/bstudio_nxp/workspace/JN-AN-1189-ZigBee-HA-Demo/ColorDimmableLight/Build/zha_light_node.o
LOAD c:/NXP/bstudio_nxp/workspace/JN-AN-1189-ZigBee-HA-Demo/ColorDimmableLight/Build/app_zcl_light_task.o
LOAD c:/NXP/bstudio_nxp/workspace/JN-AN-1189-ZigBee-HA-Demo/ColorDimmableLight/Build/AgeChildren.o
LOAD c:/NXP/bstudio_nxp/workspace/JN-AN-1189-ZigBee-HA-Demo/ColorDimmableLight/Build/app_reporting.o
LOAD c:/NXP/bstudio_nxp/workspace/JN-AN-1189-ZigBee-HA-Demo/ColorDimmableLight/Build/app_scenes.o
LOAD c:/NXP/bstudio_nxp/workspace/JN-AN-1189-ZigBee-HA-Demo/ColorDimmableLight/Build/appZdpExtraction.o
LOAD c:/NXP/bstudio_nxp/workspace/JN-AN-1189-ZigBee-HA-Demo/ColorDimmableLight/Build/appZpsBeaconHandler.o
LOAD c:/NXP/bstudio_nxp/workspace/JN-AN-1189-ZigBee-HA-Demo/ColorDimmableLight/Build/haEzFindAndBind.o
LOAD c:/NXP/bstudio_nxp/workspace/JN-AN-1189-ZigBee-HA-Demo/ColorDimmableLight/Build/haEzJoin.o
LOAD c:/NXP/bstudio_nxp/workspace/JN-AN-1189-ZigBee-HA-Demo/ColorDimmableLight/Build/haKeys.o
LOAD c:/NXP/bstudio_nxp/workspace/JN-AN-1189-ZigBee-HA-Demo/ColorDimmableLight/Build/DriverBulb_DR1175.o
LOAD c:/NXP/bstudio_nxp/workspace/JN-AN-1189-ZigBee-HA-Demo/ColorDimmableLight/Build/DriverBulb_Shim.o
LOAD c:/NXP/bstudio_nxp/workspace/JN-AN-1189-ZigBee-HA-Demo/ColorDimmableLight/Build/Alarms.o
LOAD c:/NXP/bstudio_nxp/workspace/JN-AN-1189-ZigBee-HA-Demo/ColorDimmableLight/Build/AlarmsClientCommands.o
LOAD c:/NXP/bstudio_nxp/workspace/JN-AN-1189-ZigBee-HA-Demo/ColorDimmableLight/Build/AlarmsCommandHandler.o
LOAD c:/NXP/bstudio_nxp/workspace/JN-AN-1189-ZigBee-HA-Demo/ColorDimmableLight/Build/AlarmsServerCommands.o
LOAD c:/NXP/bstudio_nxp/workspace/JN-AN-1189-ZigBee-HA-Demo/ColorDimmableLight/Build/AlarmsTableManager.o
LOAD c:/NXP/bstudio_nxp/workspace/JN-AN-1189-ZigBee-HA-Demo/ColorDimmableLight/Build/AnalogInputBasic.o
LOAD c:/NXP/bstudio_nxp/workspace/JN-AN-1189-ZigBee-HA-Demo/ColorDimmableLight/Build/AnalogOutputBasic.o
LOAD c:/NXP/bstudio_nxp/workspace/JN-AN-1189-ZigBee-HA-Demo/ColorDimmableLight/Build/Basic.o
LOAD c:/NXP/bstudio_nxp/workspace/JN-AN-1189-ZigBee-HA-Demo/ColorDimmableLight/Build/BasicClientCommands.o
LOAD c:/NXP/bstudio_nxp/workspace/JN-AN-1189-ZigBee-HA-Demo/ColorDimmableLight/Build/BasicCommandHandler.o
LOAD c:/NXP/bstudio_nxp/workspace/JN-AN-1189-ZigBee-HA-Demo/ColorDimmableLight/Build/BinaryInputBasic.o
LOAD c:/NXP/bstudio_nxp/workspace/JN-AN-1189-ZigBee-HA-Demo/ColorDimmableLight/Build/BinaryOutputBasic.o
LOAD c:/NXP/bstudio_nxp/workspace/JN-AN-1189-ZigBee-HA-Demo/ColorDimmableLight/Build/Commissioning.o
LOAD c:/NXP/bstudio_nxp/workspace/JN-AN-1189-ZigBee-HA-Demo/ColorDimmableLight/Build/DeviceTemperatureConfiguration.o
LOAD c:/NXP/bstudio_nxp/workspace/JN-AN-1189-ZigBee-HA-Demo/ColorDimmableLight/Build/Diagnostics.o
LOAD c:/NXP/bstudio_nxp/workspace/JN-AN-1189-ZigBee-HA-Demo/ColorDimmableLight/Build/DoorLock.o
LOAD c:/NXP/bstudio_nxp/workspace/JN-AN-1189-ZigBee-HA-Demo/ColorDimmableLight/Build/DoorLockCommandHandler.o
LOAD c:/NXP/bstudio_nxp/workspace/JN-AN-1189-ZigBee-HA-Demo/ColorDimmableLight/Build/DoorLockCommands.o
LOAD c:/NXP/bstudio_nxp/workspace/JN-AN-1189-ZigBee-HA-Demo/ColorDimmableLight/Build/ElectricalMeasurement.o
LOAD c:/NXP/bstudio_nxp/workspace/JN-AN-1189-ZigBee-HA-Demo/ColorDimmableLight/Build/Groups.o
LOAD c:/NXP/bstudio_nxp/workspace/JN-AN-1189-ZigBee-HA-Demo/ColorDimmableLight/Build/GroupsClientCommands.o
LOAD c:/NXP/bstudio_nxp/workspace/JN-AN-1189-ZigBee-HA-Demo/ColorDimmableLight/Build/GroupsCommandHandler.o
LOAD c:/NXP/bstudio_nxp/workspace/JN-AN-1189-ZigBee-HA-Demo/ColorDimmableLight/Build/GroupsServerCommands.o
LOAD c:/NXP/bstudio_nxp/workspace/JN-AN-1189-ZigBee-HA-Demo/ColorDimmableLight/Build/GroupsTableManager.o
LOAD c:/NXP/bstudio_nxp/workspace/JN-AN-1189-ZigBee-HA-Demo/ColorDimmableLight/Build/Identify.o
LOAD c:/NXP/bstudio_nxp/workspace/JN-AN-1189-ZigBee-HA-Demo/ColorDimmableLight/Build/IdentifyClientCommands.o
LOAD c:/NXP/bstudio_nxp/workspace/JN-AN-1189-ZigBee-HA-Demo/ColorDimmableLight/Build/IdentifyCommandHandler.o
LOAD c:/NXP/bstudio_nxp/workspace/JN-AN-1189-ZigBee-HA-Demo/ColorDimmableLight/Build/IdentifyServerCommands.o
LOAD c:/NXP/bstudio_nxp/workspace/JN-AN-1189-ZigBee-HA-Demo/ColorDimmableLight/Build/LevelControl.o
LOAD c:/NXP/bstudio_nxp/workspace/JN-AN-1189-ZigBee-HA-Demo/ColorDimmableLight/Build/LevelControlClientCommands.o
LOAD c:/NXP/bstudio_nxp/workspace/JN-AN-1189-ZigBee-HA-Demo/ColorDimmableLight/Build/LevelControlCommandHandler.o
LOAD c:/NXP/bstudio_nxp/workspace/JN-AN-1189-ZigBee-HA-Demo/ColorDimmableLight/Build/MultistateInputBasic.o
LOAD c:/NXP/bstudio_nxp/workspace/JN-AN-1189-ZigBee-HA-Demo/ColorDimmableLight/Build/MultistateOutputBasic.o
LOAD c:/NXP/bstudio_nxp/workspace/JN-AN-1189-ZigBee-HA-Demo/ColorDimmableLight/Build/OOSC.o
LOAD c:/NXP/bstudio_nxp/workspace/JN-AN-1189-ZigBee-HA-Demo/ColorDimmableLight/Build/OnOff.o
LOAD c:/NXP/bstudio_nxp/workspace/JN-AN-1189-ZigBee-HA-Demo/ColorDimmableLight/Build/OnOffCommandHandler.o
LOAD c:/NXP/bstudio_nxp/workspace/JN-AN-1189-ZigBee-HA-Demo/ColorDimmableLight/Build/OnOffCommands.o
LOAD c:/NXP/bstudio_nxp/workspace/JN-AN-1189-ZigBee-HA-Demo/ColorDimmableLight/Build/PollControl.o
LOAD c:/NXP/bstudio_nxp/workspace/JN-AN-1189-ZigBee-HA-Demo/ColorDimmableLight/Build/PollControlClientCommands.o
LOAD c:/NXP/bstudio_nxp/workspace/JN-AN-1189-ZigBee-HA-Demo/ColorDimmableLight/Build/PollControlCommandHandler.o
LOAD c:/NXP/bstudio_nxp/workspace/JN-AN-1189-ZigBee-HA-Demo/ColorDimmableLight/Build/PollControlServerCommands.o
LOAD c:/NXP/bstudio_nxp/workspace/JN-AN-1189-ZigBee-HA-Demo/ColorDimmableLight/Build/PowerConfiguration.o
LOAD c:/NXP/bstudio_nxp/workspace/JN-AN-1189-ZigBee-HA-Demo/ColorDimmableLight/Build/Scenes.o
LOAD c:/NXP/bstudio_nxp/workspace/JN-AN-1189-ZigBee-HA-Demo/ColorDimmableLight/Build/ScenesClientCommands.o
LOAD c:/NXP/bstudio_nxp/workspace/JN-AN-1189-ZigBee-HA-Demo/ColorDimmableLight/Build/ScenesClusterManagement.o
LOAD c:/NXP/bstudio_nxp/workspace/JN-AN-1189-ZigBee-HA-Demo/ColorDimmableLight/Build/ScenesCommandHandler.o
LOAD c:/NXP/bstudio_nxp/workspace/JN-AN-1189-ZigBee-HA-Demo/ColorDimmableLight/Build/ScenesServerCommands.o
LOAD c:/NXP/bstudio_nxp/workspace/JN-AN-1189-ZigBee-HA-Demo/ColorDimmableLight/Build/ScenesTableManager.o
LOAD c:/NXP/bstudio_nxp/workspace/JN-AN-1189-ZigBee-HA-Demo/ColorDimmableLight/Build/TC.o
LOAD c:/NXP/bstudio_nxp/workspace/JN-AN-1189-ZigBee-HA-Demo/ColorDimmableLight/Build/Time.o
LOAD c:/NXP/bstudio_nxp/workspace/JN-AN-1189-ZigBee-HA-Demo/ColorDimmableLight/Build/FlowMeasurement.o
LOAD c:/NXP/bstudio_nxp/workspace/JN-AN-1189-ZigBee-HA-Demo/ColorDimmableLight/Build/IlluminanceLevelSensing.o
LOAD c:/NXP/bstudio_nxp/workspace/JN-AN-1189-ZigBee-HA-Demo/ColorDimmableLight/Build/IlluminanceMeasurement.o
LOAD c:/NXP/bstudio_nxp/workspace/JN-AN-1189-ZigBee-HA-Demo/ColorDimmableLight/Build/OccupancySensing.o
LOAD c:/NXP/bstudio_nxp/workspace/JN-AN-1189-ZigBee-HA-Demo/ColorDimmableLight/Build/PressureMeasurement.o
LOAD c:/NXP/bstudio_nxp/workspace/JN-AN-1189-ZigBee-HA-Demo/ColorDimmableLight/Build/RelativeHumidityMeasurement.o
LOAD c:/NXP/bstudio_nxp/workspace/JN-AN-1189-ZigBee-HA-Demo/ColorDimmableLight/Build/TemperatureMeasurement.o
LOAD c:/NXP/bstudio_nxp/workspace/JN-AN-1189-ZigBee-HA-Demo/ColorDimmableLight/Build/BallastConfiguration.o
LOAD c:/NXP/bstudio_nxp/workspace/JN-AN-1189-ZigBee-HA-Demo/ColorDimmableLight/Build/ColourControl.o
LOAD c:/NXP/bstudio_nxp/workspace/JN-AN-1189-ZigBee-HA-Demo/ColorDimmableLight/Build/ColourControlClientCommands.o
LOAD c:/NXP/bstudio_nxp/workspace/JN-AN-1189-ZigBee-HA-Demo/ColorDimmableLight/Build/ColourControlCommandHandler.o
LOAD c:/NXP/bstudio_nxp/workspace/JN-AN-1189-ZigBee-HA-Demo/ColorDimmableLight/Build/ColourControlConversions.o
LOAD c:/NXP/bstudio_nxp/workspace/JN-AN-1189-ZigBee-HA-Demo/ColorDimmableLight/Build/colour_dimmable_light.o
LOAD c:/NXP/bstudio_nxp/workspace/JN-AN-1189-ZigBee-HA-Demo/ColorDimmableLight/Build/colour_dimmer_switch.o
LOAD c:/NXP/bstudio_nxp/workspace/JN-AN-1189-ZigBee-HA-Demo/ColorDimmableLight/Build/dimmable_light.o
LOAD c:/NXP/bstudio_nxp/workspace/JN-AN-1189-ZigBee-HA-Demo/ColorDimmableLight/Build/dimmer_switch.o
LOAD c:/NXP/bstudio_nxp/workspace/JN-AN-1189-ZigBee-HA-Demo/ColorDimmableLight/Build/light_sensor.o
LOAD c:/NXP/bstudio_nxp/workspace/JN-AN-1189-ZigBee-HA-Demo/ColorDimmableLight/Build/occupancy_sensor.o
LOAD c:/NXP/bstudio_nxp/workspace/JN-AN-1189-ZigBee-HA-Demo/ColorDimmableLight/Build/on_off_light.o
LOAD c:/NXP/bstudio_nxp/workspace/JN-AN-1189-ZigBee-HA-Demo/ColorDimmableLight/Build/on_off_light_switch.o
LOAD c:/NXP/bstudio_nxp/workspace/JN-AN-1189-ZigBee-HA-Demo/ColorDimmableLight/Build/ha.o
LOAD c:/NXP/bstudio_nxp/workspace/JN-AN-1189-ZigBee-HA-Demo/ColorDimmableLight/Build/door_lock.o
LOAD c:/NXP/bstudio_nxp/workspace/JN-AN-1189-ZigBee-HA-Demo/ColorDimmableLight/Build/door_lock_controller.o
LOAD c:/NXP/bstudio_nxp/workspace/JN-AN-1189-ZigBee-HA-Demo/ColorDimmableLight/Build/mains_power_outlet.o
LOAD c:/NXP/bstudio_nxp/workspace/JN-AN-1189-ZigBee-HA-Demo/ColorDimmableLight/Build/on_off_output.o
LOAD c:/NXP/bstudio_nxp/workspace/JN-AN-1189-ZigBee-HA-Demo/ColorDimmableLight/Build/on_off_switch.o
LOAD c:/NXP/bstudio_nxp/workspace/JN-AN-1189-ZigBee-HA-Demo/ColorDimmableLight/Build/plug_control.o
LOAD c:/NXP/bstudio_nxp/workspace/JN-AN-1189-ZigBee-HA-Demo/ColorDimmableLight/Build/remote_control.o
LOAD c:/NXP/bstudio_nxp/workspace/JN-AN-1189-ZigBee-HA-Demo/ColorDimmableLight/Build/simple_sensor.o
LOAD c:/NXP/bstudio_nxp/workspace/JN-AN-1189-ZigBee-HA-Demo/ColorDimmableLight/Build/smart_plug.o
LOAD c:/NXP/bstudio_nxp/workspace/JN-AN-1189-ZigBee-HA-Demo/ColorDimmableLight/Build/DRLC.o
LOAD c:/NXP/bstudio_nxp/workspace/JN-AN-1189-ZigBee-HA-Demo/ColorDimmableLight/Build/DRLCCommandCanceAlllLoadControlEvents.o
LOAD c:/NXP/bstudio_nxp/workspace/JN-AN-1189-ZigBee-HA-Demo/ColorDimmableLight/Build/DRLCCommandCancelLoadControlEvent.o
LOAD c:/NXP/bstudio_nxp/workspace/JN-AN-1189-ZigBee-HA-Demo/ColorDimmableLight/Build/DRLCCommandGetScheduledEvents.o
LOAD c:/NXP/bstudio_nxp/workspace/JN-AN-1189-ZigBee-HA-Demo/ColorDimmableLight/Build/DRLCCommandHandler.o
LOAD c:/NXP/bstudio_nxp/workspace/JN-AN-1189-ZigBee-HA-Demo/ColorDimmableLight/Build/DRLCCommandLoadControlEvent.o
LOAD c:/NXP/bstudio_nxp/workspace/JN-AN-1189-ZigBee-HA-Demo/ColorDimmableLight/Build/DRLCCommandReportEventStatus.o
LOAD c:/NXP/bstudio_nxp/workspace/JN-AN-1189-ZigBee-HA-Demo/ColorDimmableLight/Build/DRLCCustomCommandResponsesClient.o
LOAD c:/NXP/bstudio_nxp/workspace/JN-AN-1189-ZigBee-HA-Demo/ColorDimmableLight/Build/DRLCCustomCommandResponsesServer.o
LOAD c:/NXP/bstudio_nxp/workspace/JN-AN-1189-ZigBee-HA-Demo/ColorDimmableLight/Build/DRLCEffectiveTime.o
LOAD c:/NXP/bstudio_nxp/workspace/JN-AN-1189-ZigBee-HA-Demo/ColorDimmableLight/Build/DRLCScheduler.o
LOAD c:/NXP/bstudio_nxp/workspace/JN-AN-1189-ZigBee-HA-Demo/ColorDimmableLight/Build/DRLCTableManagerNoMutex.o
LOAD c:/NXP/bstudio_nxp/workspace/JN-AN-1189-ZigBee-HA-Demo/ColorDimmableLight/Build/DRLCTableManagerServer.o
LOAD c:/NXP/bstudio_nxp/workspace/JN-AN-1189-ZigBee-HA-Demo/ColorDimmableLight/Build/DRLCUserEventOptInOut.o
LOAD c:/NXP/bstudio_nxp/workspace/JN-AN-1189-ZigBee-HA-Demo/ColorDimmableLight/Build/Price.o
LOAD c:/NXP/bstudio_nxp/workspace/JN-AN-1189-ZigBee-HA-Demo/ColorDimmableLight/Build/PriceBlockPeriodTableManager.o
LOAD c:/NXP/bstudio_nxp/workspace/JN-AN-1189-ZigBee-HA-Demo/ColorDimmableLight/Build/PriceCalorificValueTableManager.o
LOAD c:/NXP/bstudio_nxp/workspace/JN-AN-1189-ZigBee-HA-Demo/ColorDimmableLight/Build/PriceCommandGetBlockPeriod.o
LOAD c:/NXP/bstudio_nxp/workspace/JN-AN-1189-ZigBee-HA-Demo/ColorDimmableLight/Build/PriceCommandGetCalorificValue.o
LOAD c:/NXP/bstudio_nxp/workspace/JN-AN-1189-ZigBee-HA-Demo/ColorDimmableLight/Build/PriceCommandGetConversionFactor.o
LOAD c:/NXP/bstudio_nxp/workspace/JN-AN-1189-ZigBee-HA-Demo/ColorDimmableLight/Build/PriceCommandGetCurrentPrice.o
LOAD c:/NXP/bstudio_nxp/workspace/JN-AN-1189-ZigBee-HA-Demo/ColorDimmableLight/Build/PriceCommandGetScheduledPrices.o
LOAD c:/NXP/bstudio_nxp/workspace/JN-AN-1189-ZigBee-HA-Demo/ColorDimmableLight/Build/PriceCommandPriceAck.o
LOAD c:/NXP/bstudio_nxp/workspace/JN-AN-1189-ZigBee-HA-Demo/ColorDimmableLight/Build/PriceCommandPublishBlockPeriod.o
LOAD c:/NXP/bstudio_nxp/workspace/JN-AN-1189-ZigBee-HA-Demo/ColorDimmableLight/Build/PriceCommandPublishBlockPeriodReceive.o
LOAD c:/NXP/bstudio_nxp/workspace/JN-AN-1189-ZigBee-HA-Demo/ColorDimmableLight/Build/PriceCommandPublishCalorificValue.o
LOAD c:/NXP/bstudio_nxp/workspace/JN-AN-1189-ZigBee-HA-Demo/ColorDimmableLight/Build/PriceCommandPublishCalorificValueReceive.o
LOAD c:/NXP/bstudio_nxp/workspace/JN-AN-1189-ZigBee-HA-Demo/ColorDimmableLight/Build/PriceCommandPublishConversionFactor.o
LOAD c:/NXP/bstudio_nxp/workspace/JN-AN-1189-ZigBee-HA-Demo/ColorDimmableLight/Build/PriceCommandPublishConversionFactorReceive.o
LOAD c:/NXP/bstudio_nxp/workspace/JN-AN-1189-ZigBee-HA-Demo/ColorDimmableLight/Build/PriceCommandPublishPrice.o
LOAD c:/NXP/bstudio_nxp/workspace/JN-AN-1189-ZigBee-HA-Demo/ColorDimmableLight/Build/PriceCommandPublishPriceReceive.o
LOAD c:/NXP/bstudio_nxp/workspace/JN-AN-1189-ZigBee-HA-Demo/ColorDimmableLight/Build/PriceConversionFactorTableManager.o
LOAD c:/NXP/bstudio_nxp/workspace/JN-AN-1189-ZigBee-HA-Demo/ColorDimmableLight/Build/PriceCustomCommandHandler.o
LOAD c:/NXP/bstudio_nxp/workspace/JN-AN-1189-ZigBee-HA-Demo/ColorDimmableLight/Build/PriceCustomCommandResponses.o
LOAD c:/NXP/bstudio_nxp/workspace/JN-AN-1189-ZigBee-HA-Demo/ColorDimmableLight/Build/PriceScheduler.o
LOAD c:/NXP/bstudio_nxp/workspace/JN-AN-1189-ZigBee-HA-Demo/ColorDimmableLight/Build/PriceServerAttributeManager.o
LOAD c:/NXP/bstudio_nxp/workspace/JN-AN-1189-ZigBee-HA-Demo/ColorDimmableLight/Build/PriceTableManager.o
LOAD c:/NXP/bstudio_nxp/workspace/JN-AN-1189-ZigBee-HA-Demo/ColorDimmableLight/Build/SimpleMetering.o
LOAD c:/NXP/bstudio_nxp/workspace/JN-AN-1189-ZigBee-HA-Demo/ColorDimmableLight/Build/SimpleMeteringCommandHandler.o
LOAD c:/NXP/bstudio_nxp/workspace/JN-AN-1189-ZigBee-HA-Demo/ColorDimmableLight/Build/SimpleMetering_SendRequest.o
LOAD c:/NXP/bstudio_nxp/workspace/JN-AN-1189-ZigBee-HA-Demo/ColorDimmableLight/Build/dlist.o
LOAD c:/NXP/bstudio_nxp/workspace/JN-AN-1189-ZigBee-HA-Demo/ColorDimmableLight/Build/zcl.o
LOAD c:/NXP/bstudio_nxp/workspace/JN-AN-1189-ZigBee-HA-Demo/ColorDimmableLight/Build/zcl_CustomCommandReceive.o
LOAD c:/NXP/bstudio_nxp/workspace/JN-AN-1189-ZigBee-HA-Demo/ColorDimmableLight/Build/zcl_CustomCommandSend.o
LOAD c:/NXP/bstudio_nxp/workspace/JN-AN-1189-ZigBee-HA-Demo/ColorDimmableLight/Build/zcl_PDUbufferReadWrite.o
LOAD c:/NXP/bstudio_nxp/workspace/JN-AN-1189-ZigBee-HA-Demo/ColorDimmableLight/Build/zcl_PDUbufferReadWriteString.o
LOAD c:/NXP/bstudio_nxp/workspace/JN-AN-1189-ZigBee-HA-Demo/ColorDimmableLight/Build/zcl_WriteAttributesRequestHandle.o
LOAD c:/NXP/bstudio_nxp/workspace/JN-AN-1189-ZigBee-HA-Demo/ColorDimmableLight/Build/zcl_WriteAttributesRequestSend.o
LOAD c:/NXP/bstudio_nxp/workspace/JN-AN-1189-ZigBee-HA-Demo/ColorDimmableLight/Build/zcl_WriteAttributesResponseHandle.o
LOAD c:/NXP/bstudio_nxp/workspace/JN-AN-1189-ZigBee-HA-Demo/ColorDimmableLight/Build/zcl_attribute.o
LOAD c:/NXP/bstudio_nxp/workspace/JN-AN-1189-ZigBee-HA-Demo/ColorDimmableLight/Build/zcl_buffer.o
LOAD c:/NXP/bstudio_nxp/workspace/JN-AN-1189-ZigBee-HA-Demo/ColorDimmableLight/Build/zcl_clusterCommand.o
LOAD c:/NXP/bstudio_nxp/workspace/JN-AN-1189-ZigBee-HA-Demo/ColorDimmableLight/Build/zcl_command.o
LOAD c:/NXP/bstudio_nxp/workspace/JN-AN-1189-ZigBee-HA-Demo/ColorDimmableLight/Build/zcl_configureReportingCommandHandle.o
LOAD c:/NXP/bstudio_nxp/workspace/JN-AN-1189-ZigBee-HA-Demo/ColorDimmableLight/Build/zcl_configureReportingCommandSend.o
LOAD c:/NXP/bstudio_nxp/workspace/JN-AN-1189-ZigBee-HA-Demo/ColorDimmableLight/Build/zcl_configureReportingResponseHandle.o
LOAD c:/NXP/bstudio_nxp/workspace/JN-AN-1189-ZigBee-HA-Demo/ColorDimmableLight/Build/zcl_defaultResponse.o
LOAD c:/NXP/bstudio_nxp/workspace/JN-AN-1189-ZigBee-HA-Demo/ColorDimmableLight/Build/zcl_discoverAttributesExtendedRequestHandle.o
LOAD c:/NXP/bstudio_nxp/workspace/JN-AN-1189-ZigBee-HA-Demo/ColorDimmableLight/Build/zcl_discoverAttributesExtendedRequestSend.o
LOAD c:/NXP/bstudio_nxp/workspace/JN-AN-1189-ZigBee-HA-Demo/ColorDimmableLight/Build/zcl_discoverAttributesExtendedResponseHandle.o
LOAD c:/NXP/bstudio_nxp/workspace/JN-AN-1189-ZigBee-HA-Demo/ColorDimmableLight/Build/zcl_discoverAttributesRequestHandle.o
LOAD c:/NXP/bstudio_nxp/workspace/JN-AN-1189-ZigBee-HA-Demo/ColorDimmableLight/Build/zcl_discoverAttributesRequestSend.o
LOAD c:/NXP/bstudio_nxp/workspace/JN-AN-1189-ZigBee-HA-Demo/ColorDimmableLight/Build/zcl_discoverAttributesResponseHandle.o
LOAD c:/NXP/bstudio_nxp/workspace/JN-AN-1189-ZigBee-HA-Demo/ColorDimmableLight/Build/zcl_discoverCommandsRequestHandle.o
LOAD c:/NXP/bstudio_nxp/workspace/JN-AN-1189-ZigBee-HA-Demo/ColorDimmableLight/Build/zcl_discoverCommandsRequestSend.o
LOAD c:/NXP/bstudio_nxp/workspace/JN-AN-1189-ZigBee-HA-Demo/ColorDimmableLight/Build/zcl_discoverCommandsResponseHandle.o
LOAD c:/NXP/bstudio_nxp/workspace/JN-AN-1189-ZigBee-HA-Demo/ColorDimmableLight/Build/zcl_event.o
LOAD c:/NXP/bstudio_nxp/workspace/JN-AN-1189-ZigBee-HA-Demo/ColorDimmableLight/Build/zcl_heap.o
LOAD c:/NXP/bstudio_nxp/workspace/JN-AN-1189-ZigBee-HA-Demo/ColorDimmableLight/Build/zcl_library_options.o
LOAD c:/NXP/bstudio_nxp/workspace/JN-AN-1189-ZigBee-HA-Demo/ColorDimmableLight/Build/zcl_readAttributesRequestHandle.o
LOAD c:/NXP/bstudio_nxp/workspace/JN-AN-1189-ZigBee-HA-Demo/ColorDimmableLight/Build/zcl_readAttributesRequestSend.o
LOAD c:/NXP/bstudio_nxp/workspace/JN-AN-1189-ZigBee-HA-Demo/ColorDimmableLight/Build/zcl_readAttributesResponseHandle.o
LOAD c:/NXP/bstudio_nxp/workspace/JN-AN-1189-ZigBee-HA-Demo/ColorDimmableLight/Build/zcl_readReportingConfigurationCommandHandle.o
LOAD c:/NXP/bstudio_nxp/workspace/JN-AN-1189-ZigBee-HA-Demo/ColorDimmableLight/Build/zcl_readReportingConfigurationCommandSend.o
LOAD c:/NXP/bstudio_nxp/workspace/JN-AN-1189-ZigBee-HA-Demo/ColorDimmableLight/Build/zcl_readReportingConfigurationResponseHandle.o
LOAD c:/NXP/bstudio_nxp/workspace/JN-AN-1189-ZigBee-HA-Demo/ColorDimmableLight/Build/zcl_reportManager.o
LOAD c:/NXP/bstudio_nxp/workspace/JN-AN-1189-ZigBee-HA-Demo/ColorDimmableLight/Build/zcl_reportMaths.o
LOAD c:/NXP/bstudio_nxp/workspace/JN-AN-1189-ZigBee-HA-Demo/ColorDimmableLight/Build/zcl_reportScheduler.o
LOAD c:/NXP/bstudio_nxp/workspace/JN-AN-1189-ZigBee-HA-Demo/ColorDimmableLight/Build/zcl_reportStringHandling.o
LOAD c:/NXP/bstudio_nxp/workspace/JN-AN-1189-ZigBee-HA-Demo/ColorDimmableLight/Build/zcl_reportStructure.o
LOAD c:/NXP/bstudio_nxp/workspace/JN-AN-1189-ZigBee-HA-Demo/ColorDimmableLight/Build/zcl_search.o
LOAD c:/NXP/bstudio_nxp/workspace/JN-AN-1189-ZigBee-HA-Demo/ColorDimmableLight/Build/zcl_timer.o
LOAD c:/NXP/bstudio_nxp/workspace/JN-AN-1189-ZigBee-HA-Demo/ColorDimmableLight/Build/zcl_transmit.o
LOAD c:/NXP/bstudio_nxp/sdk/JN-SW-4168/Components/Library\libZPSMAC_Mini_JN516x.a
LOAD c:/NXP/bstudio_nxp/sdk/JN-SW-4168/Components/Library\libOS_JN516x.a
LOAD c:/NXP/bstudio_nxp/sdk/JN-SW-4168/Components/Library\libPWRM_JN516x.a
LOAD c:/NXP/bstudio_nxp/sdk/JN-SW-4168/Components/Library\libZPSTSV_JN516x.a
LOAD c:/NXP/bstudio_nxp/sdk/JN-SW-4168/Components/Library\libAES_SW_JN516x.a
LOAD c:/NXP/bstudio_nxp/sdk/JN-SW-4168/Components/Library\libPDUM_JN516x.a
LOAD c:/NXP/bstudio_nxp/sdk/JN-SW-4168/Components/Library\libZPSAPL_JN516x.a
LOAD c:/NXP/bstudio_nxp/sdk/JN-SW-4168/Components/Library\libRandom_JN516x.a
LOAD c:/NXP/bstudio_nxp/sdk/JN-SW-4168/Components/Library\libPDM_EEPROM_JN516x.a
LOAD c:/NXP/bstudio_nxp/sdk/JN-SW-4168/Components/Library\libDBG_JN516x.a
LOAD c:/NXP/bstudio_nxp/sdk/JN-SW-4168/Components/Library\libZPSNWK_JN516x.a
LOAD c:/NXP/bstudio_nxp/sdk/JN-SW-4168/Components/Library\libRecal_JN516x.a
LOAD c:/NXP/bstudio_nxp/sdk/JN-SW-4168/Components/Library\libMiniMac_JN5169.a
LOAD c:/NXP/bstudio_nxp/sdk/JN-SW-4168/Components/Library\libMiniMacShim_JN516x.a
LOAD c:/NXP/bstudio_nxp/sdk/JN-SW-4168/Components/Library\libMMAC_JN5169.a
LOAD c:/NXP/bstudio_nxp/sdk/JN-SW-4168/Components/Library\libJPT_JN5169.a
LOAD c:/NXP/bstudio_nxp/sdk/JN-SW-4168/Components/Library\libAes_JN516x.a
LOAD c:/NXP/bstudio_nxp/sdk/JN-SW-4168/Components/Library\libHardwareApi_JN5169.a
LOAD c:/NXP/bstudio_nxp/sdk/JN-SW-4168/Components/Library\libMicroSpecific_JN516x.a
LOAD c:/NXP/bstudio_nxp/sdk/JN-SW-4168/Components/Library\libBoot_JN516x.a
LOAD c:/NXP/bstudio_nxp/sdk/JN-SW-4168/Platform/DK4/Library\libBoardLib_JN516x.a
LOAD c:/nxp/bstudio_nxp/sdk/tools/ba-elf-ba2-r36379/bin/../lib/gcc/ba-elf/4.7.4/../../../../ba-elf/lib/mcpu_jn51xx_sizeopt\libm.a
END GROUP
LOAD c:/nxp/bstudio_nxp/sdk/tools/ba-elf-ba2-r36379/bin/../lib/gcc/ba-elf/4.7.4/../../../../ba-elf/lib/mcpu_jn51xx_sizeopt\libc.a
LOAD c:/nxp/bstudio_nxp/sdk/tools/ba-elf-ba2-r36379/bin/../lib/gcc/ba-elf/4.7.4/mcpu_jn51xx_sizeopt\libgcc.a
LOAD c:/nxp/bstudio_nxp/sdk/tools/ba-elf-ba2-r36379/bin/../lib/gcc/ba-elf/4.7.4/../../../../ba-elf/lib/mcpu_jn51xx_sizeopt\libc.a
                0x0000000000080038                exception_vsr_table = 0x80038
                0x0000000004000000                pSPIflashFncTable = 0x4000000
                0x0000000000000044                restore_state = 0x44
                0x000000000000004a                bZSPIWaitWIPClear = 0x4a
                0x0000000000000050                u16ZSPIflashRDID = 0x50
                0x0000000000000056                u8SelectFlashChipType = 0x56
                0x000000000000005c                memcpy = 0x5c
                0x0000000000000066                vBootFlashProg = 0x66
                [0x00000000000007d0]                __minimum_heap_size = DEFINED (__minimum_heap_size)?__minimum_heap_size:0xd16
                [0x0000000000001770]                __stack_size = DEFINED (__stack_size)?__stack_size:0x800
                0x0000000000000000                _SwConfig = (DEFINED (g_bSWConf_Debug) | (DEFINED (g_bSWConf_AltDebugPort) << 0x1))

.version        0x000000000007fffc        0x4
                0x000000000007fffc        0x4 LONG 0xf03000b

.bir            0x0000000000080000       0x10
                0x0000000000080000                _flash_start = ABSOLUTE (.)
                0x0000000000080000                _flash_beg = ABSOLUTE (.)
                0x0000000000080000        0x4 LONG 0x12345678
                0x0000000000080004        0x4 LONG 0x11223344
                0x0000000000080008        0x4 LONG 0x55667788
                0x000000000008000c        0x1 BYTE 0x8
                0x000000000008000d        0x1 BYTE 0x1
                0x000000000008000e        0x2 SHORT 0x0

.flashheader    0x0000000000080010       0x28
                0x0000000000080010        0x4 LONG 0x0
                0x0000000000080014        0x4 LONG 0x0
                0x0000000000080018        0x4 LONG 0x0
                0x000000000008001c        0x2 SHORT 0x0
                0x000000000008001e        0x2 SHORT 0x0 ABSOLUTE (_SwConfig)
                0x0000000000080020                _enc_start = ABSOLUTE (.)
                0x0000000000080020        0x4 LONG 0x28218 ABSOLUTE (_image_len)
                0x0000000000080024        0x4 LONG 0xa78d8 ABSOLUTE (_flash_data_start)
                0x0000000000080028        0x2 SHORT 0x13 ((ABSOLUTE (_ram_data_start) / 0x4) & 0xffff)
                0x000000000008002a        0x2 SHORT 0x250 ((ABSOLUTE (_ram_data_len) / 0x4) & 0xffff)
                0x000000000008002c        0x2 SHORT 0x263 ((ABSOLUTE (_bss_start) / 0x4) & 0xffff)
                0x000000000008002e        0x2 SHORT 0xf23 ((ABSOLUTE (_bss_len) / 0x4) & 0xffff)
                0x0000000000080030        0x4 LONG 0xa26f4 ABSOLUTE (AppWarmStart)
                0x0000000000080034        0x4 LONG 0xa270e ABSOLUTE (AppColdStart)
                0x0000000000000000                _enc_offset = (_enc_start & 0xf)

.ro_mac_address
                0x0000000000080040        0x0
                0x0000000000080040                _FlsMACAddress = ABSOLUTE (.)
 *(.ro_mac_address)
                0x0000000000080040                . = ALIGN (0x10)

.ro_ota_header  0x0000000000080040        0x0
                0x0000000000080040                _FlsOtaHeader = ABSOLUTE (.)
 *(.ro_ota_header)
                0x0000000000080040                . = ALIGN (0x10)

.ro_se_lnkKey   0x0000000000080040        0x0
                0x0000000000080040                _FlsLinkKey = ABSOLUTE (.)
 *(.ro_se_lnkKey)
                0x0000000000080040                . = ALIGN (0x10)

.rodata         0x0000000000080038      0xb9d
 *(.rodata*)
 .rodata        0x0000000000080038       0x18 C:\Users\I24375~1\AppData\Local\Temp\ccw9ALV1.ltrans0.ltrans.o
                0x0000000000080038                psAplDefaultZLLAPSLinkKey
                0x000000000008003c                gMAC_u8MaxBuffers
                0x0000000000080040                g_u32ApsFcSaveCountBitShift
                0x0000000000080044                u8MaxZpsConfigEp
                0x0000000000080045                au8EpMapPresent
                0x0000000000080048                s_groupPdmTable
 .rodata.str1.1
                0x0000000000000000        0x0 C:\Users\I24375~1\AppData\Local\Temp\ccw9ALV1.ltrans2.ltrans.o
                                          0x8 (size before relaxing)
 .rodata        0x0000000000080050       0x38 C:\Users\I24375~1\AppData\Local\Temp\ccw9ALV1.ltrans2.ltrans.o
 .rodata.str1.1
                0x0000000000080088        0x5 C:\Users\I24375~1\AppData\Local\Temp\ccw9ALV1.ltrans3.ltrans.o
                                          0x8 (size before relaxing)
 *fill*         0x000000000008008d        0x3 00
 .rodata        0x0000000000080090       0x8c C:\Users\I24375~1\AppData\Local\Temp\ccw9ALV1.ltrans5.ltrans.o
                0x0000000000080098                au32UartAddrOffset
 .rodata.str1.1
                0x000000000008011c       0x1b C:\Users\I24375~1\AppData\Local\Temp\ccw9ALV1.ltrans6.ltrans.o
                                         0x2a (size before relaxing)
 .rodata.str1.1
                0x0000000000080137        0x7 C:\Users\I24375~1\AppData\Local\Temp\ccw9ALV1.ltrans7.ltrans.o
                                          0xc (size before relaxing)
 .rodata.str1.1
                0x000000000008013e        0x6 C:\Users\I24375~1\AppData\Local\Temp\ccw9ALV1.ltrans8.ltrans.o
 .rodata        0x0000000000080144       0x18 C:\Users\I24375~1\AppData\Local\Temp\ccw9ALV1.ltrans8.ltrans.o
                0x0000000000080144                au32NwkPdmRecordOffsets
 .rodata.str1.1
                0x0000000000000000        0x6 C:\Users\I24375~1\AppData\Local\Temp\ccw9ALV1.ltrans9.ltrans.o
                                          0x8 (size before relaxing)
 .rodata        0x000000000008015c        0x7 C:\Users\I24375~1\AppData\Local\Temp\ccw9ALV1.ltrans9.ltrans.o
                0x000000000008015c                u8MacNwkTriesTimeout
 .rodata.str1.1
                0x0000000000080163       0xc9 C:\Users\I24375~1\AppData\Local\Temp\ccw9ALV1.ltrans12.ltrans.o
 .rodata.str1.1
                0x0000000000000000       0xc9 C:\Users\I24375~1\AppData\Local\Temp\ccw9ALV1.ltrans13.ltrans.o
                                          0x7 (size before relaxing)
 .rodata.str1.1
                0x000000000008022c        0x5 C:\Users\I24375~1\AppData\Local\Temp\ccw9ALV1.ltrans14.ltrans.o
                                         0x17 (size before relaxing)
 .rodata.str1.1
                0x0000000000000000        0x6 C:\Users\I24375~1\AppData\Local\Temp\ccw9ALV1.ltrans15.ltrans.o
 .rodata.str1.1
                0x0000000000080231        0x7 C:\Users\I24375~1\AppData\Local\Temp\ccw9ALV1.ltrans16.ltrans.o
                                         0x19 (size before relaxing)
 .rodata.str1.1
                0x0000000000000000        0x7 C:\Users\I24375~1\AppData\Local\Temp\ccw9ALV1.ltrans17.ltrans.o
                                          0x4 (size before relaxing)
 .rodata        0x0000000000080238       0x18 C:\Users\I24375~1\AppData\Local\Temp\ccw9ALV1.ltrans17.ltrans.o
                0x0000000000080248                pu64NewMacOverrideMyAddressLocation
                0x000000000008024c                g_bReverToOldParent
 .rodata.str1.1
                0x0000000000080250       0x10 C:\Users\I24375~1\AppData\Local\Temp\ccw9ALV1.ltrans18.ltrans.o
                                         0x2f (size before relaxing)
 .rodata        0x0000000000080260       0x2c C:\Users\I24375~1\AppData\Local\Temp\ccw9ALV1.ltrans18.ltrans.o
                0x0000000000080268                s_aprActvStHandleCme.154422
 .rodata.str1.1
                0x000000000008028c       0x40 C:\Users\I24375~1\AppData\Local\Temp\ccw9ALV1.ltrans20.ltrans.o
                                         0x73 (size before relaxing)
 .rodata        0x00000000000802cc       0x50 C:\Users\I24375~1\AppData\Local\Temp\ccw9ALV1.ltrans21.ltrans.o
                0x00000000000802cc                pfnCallbackMcps
                0x00000000000802d0                g_u32NwkFcSaveCountBitShift
 .rodata        0x000000000008031c        0x8 C:\Users\I24375~1\AppData\Local\Temp\ccw9ALV1.ltrans22.ltrans.o
 .rodata.str1.1
                0x0000000000080324       0x17 C:\Users\I24375~1\AppData\Local\Temp\ccw9ALV1.ltrans24.ltrans.o
 *fill*         0x000000000008033b        0x1 00
 .rodata        0x000000000008033c      0x118 C:\Users\I24375~1\AppData\Local\Temp\ccw9ALV1.ltrans24.ltrans.o
                0x000000000008033c                gu32ZCLVersion
                0x0000000000080340                OS_g_u32Version
                0x0000000000080344                PDUM_g_u32Version
                0x0000000000080348                ZPS_g_u32MacVersion
                0x000000000008034c                ZPS_g_u32TsvVersion
 .rodata.str1.1
                0x0000000000080454       0x14 C:\Users\I24375~1\AppData\Local\Temp\ccw9ALV1.ltrans26.ltrans.o
                                         0x35 (size before relaxing)
 .rodata        0x0000000000080468      0x124 C:\Users\I24375~1\AppData\Local\Temp\ccw9ALV1.ltrans26.ltrans.o
                0x0000000000080468                g_bEnableRouteDiscovery
                0x0000000000080469                g_bStopZdpAcks
 .rodata        0x000000000008058c       0xa0 C:\Users\I24375~1\AppData\Local\Temp\ccw9ALV1.ltrans27.ltrans.o
                0x000000000008058c                s_apsStSceTbl.148286
                0x00000000000805a0                s_aprIdleStHandleCme.158289
                0x00000000000805b4                bRxOnOptimisationTurnedOff
                0x00000000000805b8                zps_sJoinSceTbl
                0x00000000000805c4                zps_sActvSceTbl
 .rodata.str1.1
                0x000000000008062c       0xac C:\Users\I24375~1\AppData\Local\Temp\ccw9ALV1.ltrans28.ltrans.o
 .rodata        0x00000000000806d8      0x3f8 C:\Users\I24375~1\AppData\Local\Temp\ccw9ALV1.ltrans28.ltrans.o
                0x00000000000806d8                zps_g_pvApl
                0x00000000000806dc                au32TimerBaseAddress
 .rodata        0x0000000000080ad0      0x100 C:\Users\I24375~1\AppData\Local\Temp\ccw9ALV1.ltrans30.ltrans.o
 .rodata.str1.1
                0x0000000000080bd0        0x5 C:\Users\I24375~1\AppData\Local\Temp\ccw9ALV1.ltrans31.ltrans.o
                                          0x9 (size before relaxing)

.text           0x0000000000080bd8    0x26d00
 *(.text*)
 .text          0x0000000000080bd8     0x17f0 C:\Users\I24375~1\AppData\Local\Temp\ccw9ALV1.ltrans0.ltrans.o
                0x0000000000080bd8                APP_TIMER_Version_1v0
                0x0000000000080bd8                vInitialiseApp.3099
 .text          0x00000000000823c8     0x152c C:\Users\I24375~1\AppData\Local\Temp\ccw9ALV1.ltrans1.ltrans.o
                0x00000000000823c8                vZCL_EventHandler
 .text          0x00000000000838f4     0x1ad0 C:\Users\I24375~1\AppData\Local\Temp\ccw9ALV1.ltrans2.ltrans.o
                0x00000000000838f4                DBG_iUartGetChar
                0x00000000000839a8                vMMAC_IntHandlerBbc
                0x00000000000839c2                eBasicTxCompleteHandler
                0x00000000000839c7                vTxRxTimeout.165234
                0x0000000000083a24                eSmeAcScBeaconInd.156385
                0x0000000000083a8a                eSmeASFlBeaconInd.156220
                0x0000000000083aac                eSmeUDNTScanDcfm.155670
                0x0000000000083b34                zps_eNwkHandleSmePollDcfm
                0x0000000000083b5e                eLeaveDataDcfmRemoteLeave.160970
                0x0000000000083ba7                eSmeGenlScanDcfm.156212
                0x0000000000083c05                eSmeEdScScanDcfm.156208
                0x0000000000083dac                eSmeAcScBeaconInd.156228
                0x0000000000083eb4                eSmeUDNTBeaconInd.156204
                0x0000000000083ed7                pvZCL_HeapAlloc.part.0.69143.constprop.127
                0x0000000000083f11                vZCL_InitializeClusterInstance.constprop.118
                0x0000000000083f22                vACI_OptimisedCcmStar.constprop.56
                0x000000000008410d                zps_eNwkRtDiscMatch.constprop.53
                0x0000000000084160                psDLISTsearchFromHead
                0x0000000000084189                eCLD_ColourControl_xyY2HSV.constprop.28
                0x000000000008434f                vCLD_ColourControl_xyY2CCT.constprop.27
                0x00000000000843ff                eCLD_ColourControl_HSV2xyY.constprop.26
                0x0000000000084714                eCLD_ColourControlHandleColourModeChange
                0x00000000000847ba                vMiniMac_ReturnTxBufferCallback
                0x00000000000847cc                bEnableReceive.165236
                0x000000000008480a                pvHeap_Alloc
                0x000000000008480d                vMicroIntRestoreState
                0x0000000000084819                bAHI_WriteEEPROMfixSegmentData
                0x0000000000084877                bAHI_InitialiseEEPROM
                0x00000000000848bf                vAHI_ReadDataFromEEPROMregister
                0x00000000000848ec                vAHI_WriteDataIntoEEPROMregister
                0x000000000008491c                iPDM_WriteSegmentHeaderDataIntoEEPROMsegment
                0x000000000008494b                u8AHI_WakeTimerFiredStatus
                0x000000000008495f                vAHI_WakeTimerStop.part.3.167572
                0x000000000008497f                vAHI_UartReset.part.4.167326
                0x00000000000849b7                u8AHI_TimerFired.part.9.167139
                0x00000000000849d2                vAHI_ClockXtalPull
                0x00000000000849ef                vAHI_OptimiseWaitStates
                0x0000000000084a3b                bAHI_GetClkSource
                0x0000000000084a48                vAHI_SwReset
                0x0000000000084a79                bAHI_APRegulatorEnabled
                0x0000000000084a86                bIssueACIcommand
                0x0000000000084ce8                vTransformKey.isra.0.86457
                0x0000000000084d18                MAC_u64GetExtAddr
                0x0000000000084d33                ZPS_u64NwkNibFindExtAddr
                0x0000000000084dd9                eCLD_ScenesSetLastConfiguredBy.isra.1.25579
                0x0000000000084e10                ZPS_u16NwkNibFindNwkAddr
                0x0000000000084eb1                psSearchForFrameToSend
                0x0000000000084f08                eMiniMac_FrameInProgress
                0x0000000000084f33                vRemoveFromTxQueue
                0x0000000000084f6f                vAddToTxQueue
                0x0000000000084fa5                u8GetHeaderSize
                0x0000000000084fcd                vMiniMac_MLME_SetReq_MaxCsmaBackoffs
                0x0000000000084fed                vMiniMac_MLME_SetReq_MaxBe
                0x0000000000085010                vMiniMac_MLME_SetReq_MinBe
                0x0000000000085033                zps_psFormatCmdFrameGeneral
                0x00000000000850bf                zps_eNwkFormStInit
                0x00000000000850d4                vSendDcfm.156906
                0x00000000000850f9                bCheckMatchingEntry.156380
                0x000000000008511f                zps_psNwkSlistRemoveFromHead
                0x0000000000085136                zps_psNwkSlistRemove
                0x000000000008516e                zps_bNwkMcpsMgrRemoveDescrFromLists
                0x00000000000851ac                zps_vNwkSlistAddToTail
                0x00000000000851c6                ZPS_vNwkSecResetDevice
                0x000000000008520b                ZPS_bNwkSecHaveNetworkKey
                0x000000000008523f                ZPS_bNwkSecFindMatSet
                0x000000000008527b                zps_eNwkRtMatch
                0x0000000000085388                ZPS_u8NwkCalcNldeReqOverhead
 .text          0x00000000000853c4     0x1418 C:\Users\I24375~1\AppData\Local\Temp\ccw9ALV1.ltrans3.ltrans.o
                0x00000000000853c4                os_u32APP_cbGetTickTimer
                0x00000000000853cd                os_bAPP_cbSetTickTimerCompare
                0x00000000000854cc                boIdValueSearchMatch.142892
                0x0000000000085526                bHandleZdoLeaveRequest.5996
                0x0000000000085582                vDispatch.77654
                0x0000000000085654                OS_ePostMessage
                0x00000000000857ba                OS_eExitCriticalSection
                0x000000000008589f                OS_eActivateTask
                0x000000000008593a                iPDM_ReadSegmentHeaderDataFromEEPROMsegment
                0x0000000000085993                iPDM_ReadUserDataFromEEPROMsegment
                0x0000000000085a0d                iPDM_ReCalculateWearCountAndChecksumAndWriteFileSystemHeader
                0x0000000000085a57                vPDM_SetEEPROMandFileSystemValidState
                0x0000000000085a7e                iPDM_ReadUserDataFromFileSystemRecord
                0x0000000000085a9e                u16ZCL_ReadTypeNBO
                0x0000000000085b53                u16ZCL_APduInstanceReadNBO
                0x0000000000085ba4                u16ZCL_ReadCommandHeader.part.0.61749
                0x0000000000085c1b                u8ZdoBindUnbindServerUnpackApdu
                0x0000000000085c6a                u16ZCL_APduInstanceWriteNBO
                0x0000000000085cbe                u16ZCL_WriteCommandHeader
                0x0000000000085d36                u16ZCL_APduInstanceWriteStringNBO
                0x0000000000085dfd                u16ZCL_WriteAttributeValueIntoBuffer
                0x0000000000085e6f                u16ZCL_APduInstanceReadStringNBO.part.3.58983
                0x0000000000085f48                eZCL_GetAttributeTypeSizeFromBuffer
                0x0000000000085fbf                u16ZCL_GetTxPayloadSize
                0x0000000000085ff7                vPDM_WriteFileSystemRecordAndSegmentDataIntoEEPROMsegment
                0x0000000000086032                ZPS_eTsvOpen
                0x000000000008604f                vZdoServersInit.2824
                0x00000000000861b5                iPDM_FilterDuplicateAppendedSegmentsOnList.144064
                0x00000000000861f9                vDisplayAddressMapTable
                0x0000000000086213                vDisplayNT
                0x000000000008622d                sEZ_GetDiscEntry.11082
                0x000000000008626e                u8PDM_CalculateLargestDataRecordStored
                0x000000000008629f                ZPS_vGetDeviceCurrentData.constprop.128
                0x000000000008631e                eCLD_GroupsCheckGroupExists
                0x000000000008638b                eCLD_ScenesFindScene
                0x00000000000863d9                ZPS_bIsMacAddressUsedInApsTable
                0x000000000008648f                zps_vNwkBttMgrInit
                0x00000000000864bd                ZPS_vNwkNibClearTables
                0x00000000000865de                PDUM_vInit
                0x0000000000086699                vAHI_ApConfigure.part.0.166805.constprop.152
                0x00000000000866c7                vMicroIntEnableOnly.constprop.150
                0x00000000000866f3                TSV_eStart
                0x0000000000086743                vMiniMac_MLME_SetReq_PanId
                0x0000000000086780                vMiniMac_MLME_SetReq_ShortAddr
                0x000000000008678e                iAHI_WriteDataIntoEEPROMsegment.constprop.132
 .text          0x00000000000867dc     0x19fb C:\Users\I24375~1\AppData\Local\Temp\ccw9ALV1.ltrans4.ltrans.o
                0x00000000000867dc                vPermitJoinHandleExpiry.151214
                0x00000000000867e5                vNwkMcpsTimerCallback
                0x00000000000867ff                zps_eSceGenlIllegal
                0x0000000000086806                zps_eSmeGenlIllegal
                0x000000000008680d                DBG_vUartFailedAssert
                0x0000000000086811                psGetVsMcpsBuf.98175
                0x000000000008681a                psGetMlmeBuf.98168
                0x0000000000086861                psGetNlmeBuf.80889
                0x000000000008686b                psGetNldeBuf.80910
                0x0000000000086875                psGetApsmeBuf.80896
                0x000000000008687e                psGetApsdeBuf.80903
                0x0000000000086997                vLoopbackTimerCallback
                0x00000000000869c6                zps_eNwkRctMatchNwkAddr
                0x0000000000086a30                zps_vRemoveNextHop
                0x0000000000086ae5                zps_vRemoveRoute
                0x0000000000086b7c                zps_psNwkRtMatchNwkAddr
                0x0000000000086bf2                ZPS_u8NwkNibNtDiscMatch
                0x0000000000086cae                zps_vNwkFreeMcpsHandle
                0x0000000000086cd8                ZPS_u64NwkNibGetMappedIeeeAddr
                0x0000000000086cfa                ZPS_bNwkNibNtActvMatch
                0x0000000000086da9                bCheckNwkAddr
                0x0000000000086df2                ZPS_vSetExtendedStatus
                0x0000000000086e04                zps_psApsApsAllocateDcfmRecord
                0x0000000000086e72                zps_u8CalcLinkCost
                0x0000000000086eae                zps_u64NwkLibFromPayload
                0x0000000000086eed                zps_vNwkLibU64ToPayload
                0x0000000000086f1a                zps_vInitBeaconPayload
                0x0000000000086f96                zps_eNwkDcfmIndPost
                0x0000000000086fb9                zps_psNwkDcfmIndGetBuf
                0x0000000000086fdb                eRouteRequestDataDcfm.152390
                0x000000000008702f                eNldeDataDcfm.150220
                0x000000000008705f                zps_vSendNwkStatusInd
                0x000000000008708f                DBG_vInit
                0x00000000000870d1                vPDM_ReadBitmapHeader.143749
                0x00000000000870f0                psSLISTsearch
                0x0000000000087130                psSLISTremove
                0x00000000000871ae                vSLISTaddToTail
                0x00000000000871cd                psSLISTgetNext
                0x00000000000871f1                bPDM_ImageBitmapRepairCheck
                0x0000000000087219                u8PDM_ReadSequenceNumber
                0x000000000008723c                boSegmentNumberDeleteSearchMatch.143319
                0x0000000000087257                u8PDM_ReadSegmentDataSize
                0x000000000008726b                u32PDM_ReadFileSystemHeaderWearCount
                0x0000000000087281                boSearchForWearCountSubstitute.143635
                0x00000000000872a7                boSearchForWearCountInsertPoint.142888
                0x00000000000872c5                vPDM_WriteFileSystemHeaderWearCount
                0x00000000000872d7                RND_u32GetRand256
                0x00000000000872f4                RND_u32GetRand
                0x000000000008731b                u16CalculateFailedTxCount.116210
                0x0000000000087345                vZdoIeeeAddrServerSendExtendResponse.part.0.102007
                0x00000000000873a6                vZdoNwkAddrServerSendExtendResponse.part.0.100827
                0x0000000000087407                zps_bAplZdoServerHandleConfirmAcks
                0x0000000000087451                zps_bPerformLeaveActionDecider
                0x0000000000087469                vHandleUpdateDeviceIndication.89979
                0x0000000000087493                u32GetScanChannels.89966
                0x00000000000874be                bDuplicateCheck.86335
                0x00000000000875cb                zps_vAplApsInitDuplicateTable
                0x00000000000875ee                eHandleRemoveNonBroadcastEndpointsFromGroup.84963
                0x0000000000087666                eHandleAddEntryToGroupTable.84926
                0x00000000000876c2                bIsBindTableMatch.84903
                0x0000000000087713                eRemoveEntryInBindingTable.84931
                0x0000000000087792                zps_vAplApsInitFragTransmitPool
                0x00000000000877b3                zps_vAplApsFillAndPostApsAck
                0x000000000008781d                zps_u8AplApsFreeMsgHandle
                0x0000000000087887                zps_vAplApsInitSyncMsgPool
                0x00000000000878bf                zps_vAplApsInitFragReceivePool
                0x00000000000878e2                vFillDataIndStruct.80752
                0x0000000000087940                vFillApduErrorEvent.80745
                0x0000000000087983                bCheckProfile.80740
                0x00000000000879c1                ZPS_bIsGroupPresent
                0x00000000000879f9                pdum_u16ReadNBO
                0x0000000000087b5a                PDUM_u16SizeNBO
                0x0000000000087bb8                PDUM_u16APduInstanceWriteStrNBO
                0x0000000000087d37                PDUM_u16APduInstanceReadNBO
                0x0000000000087d82                PDUM_u16APduInstanceWriteNBO
                0x0000000000087dec                PDUM_thAPduInstanceGetApdu
                0x0000000000087e07                PDUM_eAPduInstanceSetPayloadSize
                0x0000000000087e2f                PDUM_eNPduWriteDataFromBuffer
                0x0000000000087e89                PDUM_eNPduWriteDataToBuffer
                0x0000000000087ee7                PDUM_eNPduWriteFromBuffer
                0x0000000000087f10                PDUM_eNPduDescend
                0x0000000000087f36                PDUM_eNPduAscend
                0x0000000000087f5c                PDUM_eNPduClaimData
                0x0000000000087fc9                PDUM_eNPduAppendDataNBO
                0x0000000000088026                PDUM_eNPduClaimHeader
                0x0000000000088049                PDUM_eNPduReadHeaderNBO
                0x000000000008809c                PDUM_eNPduPrependHeaderNBO
                0x00000000000880f7                PDUM_eNPduInitDescending
                0x0000000000088112                OS_eCollectMessage
 .text          0x00000000000881d7     0x156c C:\Users\I24375~1\AppData\Local\Temp\ccw9ALV1.ltrans5.ltrans.o
                0x00000000000881d7                DBG_vUartFlush
                0x0000000000088204                DBG_vUartPutch
                0x000000000008824a                DBG_vUartInitHardware
                0x0000000000088387                vPostMlmeDcfmInd.98171
                0x000000000008842a                bSMBusWait.168227
                0x0000000000088464                psDLISTremove
                0x00000000000884c6                vDLISTaddToHead
                0x00000000000884ef                vDLISTaddToTail
                0x0000000000088512                eCLD_ScenesRemoveAllScenes
                0x00000000000885ab                iPDM_SearchForBufferIdInList
                0x00000000000885e0                iPDM_SearchForBufferIdInFileSystem
                0x00000000000885f3                iPDM_ReadUserDataFromSegmentWithId
                0x0000000000088628                iPDM_SearchForSpecificSegmentInList
                0x000000000008865a                psGetTxFrameBuffer
                0x0000000000088699                psGetAndBuildCoordRealignment
                0x00000000000886f1                vMMAC_RadioToOffAndWait
                0x000000000008870e                vStartReceive
                0x000000000008872a                vSetChannelAndPower
                0x0000000000088a0d                vMiniMac_NextTransaction
                0x0000000000088a77                MAC_vPibSetRxOnWhenIdle.constprop.138
                0x0000000000088a7f                eTransmit
                0x0000000000088b4d                eBuildAndSend.164887
                0x0000000000088bff                vMiniMac_TxComplete
                0x0000000000088cf0                vTimerFired
                0x0000000000088dbf                vMiniMac_Init
                0x0000000000089180                eCLD_ScenesSaveClusters.constprop.29
                0x0000000000089322                OS_eStartSWTimer.constprop.154
                0x0000000000089441                OS_eContinueSWTimer.constprop.30
                0x000000000008953a                OS_eStopSWTimer
                0x000000000008965d                vStartStopTimer
                0x0000000000089688                os_vAPP_RadioRecal
 .text          0x0000000000089743     0x168e C:\Users\I24375~1\AppData\Local\Temp\ccw9ALV1.ltrans6.ltrans.o
                0x0000000000089743                vSendNetworkReport.147093
                0x000000000008981d                zps_psNwkInitiateRouteDiscovery
                0x00000000000899b2                zps_psNwkSendRejoinReqCmd.constprop.12
                0x0000000000089a30                zps_u8NwkHandleRejoinReq
                0x0000000000089af9                vContinueRejoin.158761
                0x0000000000089ba0                zps_psSendNetworkStatusCmd
                0x0000000000089c0d                zps_vProcessLocalAddrConflict
                0x0000000000089eb7                zps_eNwkHandleSceRouteRecord
                0x0000000000089f96                zps_eDefaultDataDcfm
                0x000000000008a085                zps_psSendFrm
                0x000000000008a3ef                zps_psSendBroadcastFrm
                0x000000000008a485                ZPS_vNwkHandleNldeReqRsp
                0x000000000008a682                eUnfragmentedUnicastTransmission.83487
                0x000000000008aa96                zps_eAplSendApsmeCmdFrame
                0x000000000008ac36                zps_eAplApsmeUpdateDeviceReqRsp.part.4.85060
                0x000000000008ada8                zps_vAplApsmeCmdMgrRetryTimeout.84895
 .text          0x000000000008add1     0x1635 C:\Users\I24375~1\AppData\Local\Temp\ccw9ALV1.ltrans7.ltrans.o
                0x000000000008aebd                os_vAPP_vManagePowerOnCount
                0x000000000008af26                vIncrementFrameCounterInPdm.isra.0.149421
                0x000000000008b105                vProcessListsForSubmission.148119
                0x000000000008b492                zps_vNwkMcpsMgrPost
                0x000000000008b5c8                zps_eNwkHandleSceRouteRequest
                0x000000000008bacf                zps_eNwkHandleSceRouteReply
                0x000000000008bd7a                vHandleRouteDiscoveryExpiry.151946
                0x000000000008be73                zps_vNwkHandleCmeLeaveReq
                0x000000000008bf3c                zps_eNwkHandleSceLeave
                0x000000000008c0f3                zps_eNwkHandleSdeActvDcfmData
                0x000000000008c278                vMcpsMgrTimeoutExpiry
                0x000000000008c2e7                PDM_vDeleteAllDataRecords
                0x000000000008c364                iPDM_VerifyDataSequenceWithBufferId
 .text          0x000000000008c406     0x124d C:\Users\I24375~1\AppData\Local\Temp\ccw9ALV1.ltrans8.ltrans.o
                0x000000000008c406                vPDM_MoveAllDataFromListToList
                0x000000000008c444                vPDM_MoveAllDataWithBufferIdAndStateFromListToList
                0x000000000008c4cf                vPDM_MoveAllDataToDeAllocList
                0x000000000008c4f7                vPDM_MoveAllDataWithBufferIdFromListToList
                0x000000000008c57c                vPDM_DeleteAllSegmentsWithIdFromFileSystemList.constprop.99
                0x000000000008c5be                vPDM_MoveFileRecordFromListToList
                0x000000000008c5e1                vPDM_MoveRecordToDeAllocList
                0x000000000008c601                iPDM_ReconstructReplacedDataTable
                0x000000000008c880                vPDM_ImageBitmapRepair.142807
                0x000000000008c8e1                vPDM_DeleteAppendedSequence
                0x000000000008c986                PDM_eSaveRecordData
                0x000000000008cdbb                zps_vAplSaveRecord
                0x000000000008ce54                vAplSecRemoveLinkKey.90056
                0x000000000008ced0                ZPS_vNwkSaveRecord
                0x000000000008cefc                ZPS_vRemoveEntryFromAddressMap
                0x000000000008cf45                ZPS_vNwkMacEntriesClear
                0x000000000008cfed                ZPS_vNwkSaveAllRecords
                0x000000000008d004                zps_vSaveAllZpsRecords
                0x000000000008d023                ZPS_vNwkNibSetNwkAddr
                0x000000000008d040                zps_eNwkHandleSceRejnResponse
                0x000000000008d09d                ZPS_vNwkNibSetExtPanId
                0x000000000008d0c1                ZPS_vNwkNibSetKeySeqNum
                0x000000000008d0d4                ZPS_vNwkNibSetDepth
                0x000000000008d0fd                ZPS_vNwkNibSetUpdateId
                0x000000000008d10c                vSendNetworkUpdate.147097
                0x000000000008d23b                ZPS_vNwkNibSetPanId
                0x000000000008d259                ZPS_vNwkNibSetCapabilityInfo
                0x000000000008d286                ZPS_vNwkNibSetChannel
                0x000000000008d2a4                ZPS_vNwkSaveNt
                0x000000000008d2b8                ZPS_vNwkPurgeMacAddressAndRelatedEntries
                0x000000000008d3cb                ZPS_vNtSetUsedStatus
                0x000000000008d471                zps_vBuildSortedActvNTList
                0x000000000008d52f                vFinish.159973
                0x000000000008d585                zps_vTidyActvNtAfterJoin
                0x000000000008d614                eUnsolicitedRejoinRspDataDcfm.147105
                0x000000000008d63f                ZPS_vNwkSaveSecMat
 .text          0x000000000008d653     0x129d C:\Users\I24375~1\AppData\Local\Temp\ccw9ALV1.ltrans9.ltrans.o
                0x000000000008d653                zps_bAplZdoNwkAddrServer
                0x000000000008d7d7                zps_bAplZdoIeeeAddrServer
                0x000000000008d930                eBeaconReqSent.164881
                0x000000000008d957                vPostVsMcpsDcfmInd.98178
                0x000000000008da42                vPDM_AddFileSystemElementToListInAscendingWearCountOrder
                0x000000000008db50                iPDM_WriteSegmentHeaderAndData
                0x000000000008dd4c                iPDM_SegmentCopyAndAppendData.constprop.153
                0x000000000008dda9                eMakeEntryInBindingTable.84949
                0x000000000008de53                zps_vSendJoinDcfm
                0x000000000008de99                vGiveUp.159536
                0x000000000008ded1                PDUM_eNPduAllocate
                0x000000000008df40                vMiniMac_McpsCallback
                0x000000000008e198                eMcpsTxCompleteHandler.164372
                0x000000000008e1c6                zps_u8AplApsConstructAndPostLoopBackDataInd.83504
                0x000000000008e2ff                u8PostUnicastMsgToNHLE.83512
                0x000000000008e338                zps_psAllocateAndFormatMacHdr
                0x000000000008e63b                zps_psNwkInitCmdFrame
                0x000000000008e6ba                eSendLinkStatusDataDcfm.part.1.146058
                0x000000000008e7ec                PDUM_eNPduClone
                0x000000000008e838                zps_vNwkRemoveConflictedBroadcast
                0x000000000008e88a                vFreePendingReqDescr
 .text          0x000000000008e8f0     0x139d C:\Users\I24375~1\AppData\Local\Temp\ccw9ALV1.ltrans10.ltrans.o
                0x000000000008e978                vManagePowerOnCountInit
                0x000000000008e9ed                APP_ZCL_SaveLightLevel
                0x000000000008ea14                vSaveScenesNVM
                0x000000000008eaa7                eCLD_GroupsRemoveAllGroups
                0x000000000008eb59                zps_eAplApsmeUnBindReqRsp
                0x000000000008ebbf                zps_eAplZdoGroupEndpointRemove
                0x000000000008ec57                vHandleJoinedNwk.11110
                0x000000000008ecb2                zps_bNwkFindAddIeeeAddr
                0x000000000008ee30                zps_psFindKeyDescr
                0x000000000008ef5c                zps_eAplSecEncryptPacket
                0x000000000008f04e                ZPS_vSetDevicePreviousData.constprop.15
                0x000000000008f23c                zps_eNwkHandleSceLinkStatus
                0x000000000008f370                ZPS_bNwkNibAddrMapAddEntry
                0x000000000008f537                zps_vAgeRouter
                0x000000000008f575                zps_vLinkStatusHandleExpiry
                0x000000000008f616                zps_sNwkNibNtCheckJoin
                0x000000000008f8c4                zps_vNwkHandleCmeDirectJoinReq
                0x000000000008f943                zps_vJoinInitNtParent
                0x000000000008fae2                zps_vCheckActvNtForDuplicate
                0x000000000008fb7f                eSmeOrphScanDcfm.159986
                0x000000000008fbf7                eCheckAddrConflict.isra.4.147330
 .text.unlikely
                0x000000000008fc8d       0x5f C:\Users\I24375~1\AppData\Local\Temp\ccw9ALV1.ltrans10.ltrans.o
                0x000000000008fc8d                vInitUnknownNeighbor.148007
 *fill*         0x000000000008fcec        0x0 00
 .text          0x000000000008fcec     0x14bc C:\Users\I24375~1\AppData\Local\Temp\ccw9ALV1.ltrans11.ltrans.o
                0x000000000008fcec                vMcpsMgrExpiry.147995
                0x000000000008fd4b                zps_vNwkHandleCmeRouteDiscoveryReq
                0x000000000008fdd1                vMiniMac_MlmeCallback
                0x0000000000090250                vScanBeaconReceived
                0x000000000009028f                vPostDcfm.164898
                0x00000000000902fe                vScanNextChannel.164885
                0x0000000000090526                vRunningRxCallback
                0x0000000000090835                ePollReqSent.165489
                0x000000000009088e                vCLD_ScenesUpdateSceneValid
                0x000000000009090e                eCLD_OnOffSceneEventHandler.21967
                0x0000000000090995                eCLD_LevelControlUpdate
                0x0000000000090c3e                eCLD_LevelControlSetOnOffState.constprop.23
                0x0000000000090cf7                eCLD_ColourControlUpdate
                0x000000000009110b                eCLD_ColourControlSceneEventHandler.30948
                0x0000000000091151                ZPS_vNwkResetOutgoingFrameCounter
 .text          0x00000000000911a8     0x1010 C:\Users\I24375~1\AppData\Local\Temp\ccw9ALV1.ltrans12.ltrans.o
                0x00000000000911de                os_vAPP_cbEnableTickTimer
                0x000000000009125e                os_vAPP_cbDisableTickTimer
                0x00000000000912a2                vRetryCcaFailure
                0x00000000000912ef                eOrphanNotificationSent.164877
                0x0000000000091338                ZPS_bSecEncrypt
                0x00000000000914ee                bHasTimerFired.74866
                0x0000000000091558                eHandleRemoveBroadcastEndpointsFromGroup.84922
                0x00000000000915b2                eZCL_SetReceiveEventAddressStructure
                0x0000000000091631                dbg_vPrintfImplNoneVerbose
                0x0000000000091ab8                vOSError
                0x0000000000091b0f                DBG_vDumpStack
                0x0000000000091b51                vUnclaimedInterrupt
                0x0000000000091b67                eZCLAddReport
                0x0000000000091e1b                eCLD_ScenesCountScenes
                0x0000000000091e35                ZPS_bSecDecrypt
                0x0000000000091f47                boPDM_IsBitmapSaturated.143784
                0x0000000000091f90                bPCA9634_WriteRegister
                0x000000000009200e                bRGB_LED_Off
                0x0000000000092043                bRGB_LED_SetLevel
                0x0000000000092090                vLI_UpdateDriver
                0x00000000000920e1                bRGB_LED_On
                0x00000000000920f5                vRGBLight_SetLevels
                0x000000000009216c                APP_vHandleIdentify
 .text          0x00000000000921b8     0x194f C:\Users\I24375~1\AppData\Local\Temp\ccw9ALV1.ltrans13.ltrans.o
                0x00000000000921b8                OS_eEnterCriticalSection
                0x0000000000092280                PDUM_eNPduFree
                0x00000000000922ed                zps_vNwkMcpsMgrFreeReqDescr
                0x000000000009231f                zps_vNwkMcpsMgrTidyBtrReqDescr
                0x0000000000092362                PDUM_hAPduAllocateAPduInstance
                0x00000000000923d6                hZCL_AllocateAPduInstance
                0x0000000000092412                zps_eAplZdoSendZdpResponse
                0x000000000009245b                bSendResponse.115021
                0x000000000009249e                PDUM_eAPduFreeAPduInstance
                0x00000000000927dd                zps_bAplZdoMatchDescServer
                0x00000000000927f1                zps_bAplZdoNodeDescServer
                0x000000000009295d                zps_bAplZdoSimpleDescServer
                0x0000000000092bbe                zps_bAplZdoPowerDescServer
                0x0000000000092cdb                zps_bAplZdoActiveEpServer
                0x0000000000092dc4                zps_bAplZdoSystemServerDiscoveryServer
                0x0000000000092e4d                zps_bAplZdoMgmtLqiServer
                0x0000000000093079                zps_bAplZdoMgmtRtgServer
                0x00000000000931bf                PDM_eReadDataFromRecord.part.0.142131
                0x0000000000093242                PDM_eReadDataFromRecord
                0x0000000000093262                vLoadAplRecord.90006
                0x0000000000093290                vLoadNwkRecord.148987
                0x00000000000932c8                ZPS_eTsvStart
                0x0000000000093323                zps_eNwkHandleSceNwkUpdate
                0x0000000000093347                vProcessTimedList.148023
                0x000000000009338d                zps_vNwkMcpsMgrPostTimed
                0x00000000000933a0                vNwkBttTimerExpiry.154470
                0x00000000000934bf                vNwkMcpsSendTimedDfcm
                0x0000000000093504                zps_vAplAfPostTimerEvent
                0x0000000000093581                zps_vExpireOldRoutes
                0x000000000009360a                zps_vNwkJoinStStartResponseTimer
                0x0000000000093644                ZPS_eTsvStop
                0x0000000000093698                zps_bAplZdoBindRequestServer
                0x00000000000937ff                ZPS_vResetBoundServerContext
                0x000000000009385f                vZdoBdrmBackStopTimerExpiry
                0x0000000000093884                zps_eAplZdoBdrmRequestSend
                0x0000000000093921                zps_vNwkHandleCmePermitJoinReq
                0x0000000000093989                zps_eNwkBtrMatch
                0x0000000000093a86                zps_vAplApsStopPollTimer.part.3.83391
 *fill*         0x0000000000093b07        0x1 00
 .text          0x0000000000093b08     0x1614 C:\Users\I24375~1\AppData\Local\Temp\ccw9ALV1.ltrans14.ltrans.o
                0x0000000000093d78                zps_eNwkHandleSceNwkStatus
                0x00000000000940d5                zps_eNwkHandleSmeAssocInd
                0x00000000000940f7                zps_eNwkHandleSceRejnRequest
                0x0000000000094177                vSdeHandleMcpsDataInd.148091
                0x0000000000094dff                ZPS_vNwkNibCheckAndUpdateAddresses
                0x0000000000094e96                zps_bAplZdoDeviceAnnceServer
 .text          0x000000000009511c     0x1114 C:\Users\I24375~1\AppData\Local\Temp\ccw9ALV1.ltrans15.ltrans.o
                0x000000000009511c                vAplSecAuthPollTimerExpiry.89956
                0x000000000009516e                vAplSecAuthTimerExpiry.89960
                0x0000000000095238                vChangeChannelTimerExpiry.116202
                0x000000000009529b                eLeaveReset.160965
                0x0000000000095306                eLeaveDataDcfmLocalLeave.160975
                0x0000000000095380                eJoinNetwork.90019
                0x000000000009542b                eDiscoverNetworks.90025
                0x0000000000095481                eStartNetworkDiscovery.90031
                0x00000000000954e5                eStartRouter.90257
                0x00000000000955b7                vPostApsmeDcfmInd.80899
                0x0000000000095a0c                zps_vAplAfPostEvent
                0x0000000000095cf8                vPostApsdeDcfmInd.80906
                0x0000000000095f1c                zps_vHandleApsdeDataFragIndNotSupported
                0x0000000000095f84                zps_eAplZdoNlmeleaveWrapper
                0x0000000000095ffc                zps_bAplZdoMgmtLeaveServer
                0x000000000009617c                zps_eAplZdoNlmePermitJoiningWrapper
                0x00000000000961a4                zps_bAplZdoPermitJoiningServer
 .text          0x0000000000096230     0x1214 C:\Users\I24375~1\AppData\Local\Temp\ccw9ALV1.ltrans16.ltrans.o
                0x0000000000096230                os_vAPP_ZPR_Light_Task
 .text          0x0000000000097444     0x1160 C:\Users\I24375~1\AppData\Local\Temp\ccw9ALV1.ltrans17.ltrans.o
                0x00000000000974ed                zps_eNwkHandleSmeOrphanInd
                0x00000000000974fd                vStartScanTimerExpiry.116206
                0x0000000000097539                zps_vAplApsPollTimer
                0x000000000009762b                vPostNlmeDcfmInd.80892
                0x0000000000097f47                zps_eNwkSendJoinResponse
                0x00000000000980fe                zps_eAplZdoStartStack
                0x0000000000098237                vEZ_EZModeNWKJoinHandler
 .text          0x00000000000985a4     0x1308 C:\Users\I24375~1\AppData\Local\Temp\ccw9ALV1.ltrans18.ltrans.o
                0x0000000000098797                vPostNldeDcfmInd.80913
                0x0000000000099230                vBbcIntHandler.163932
                0x00000000000994f9                os_vzps_isrMAC
                0x0000000000099538                eAssocRespSent.164240
                0x0000000000099636                eRejoinRspDataDcfm.158765
                0x0000000000099705                zps_eNwkHandleSmeCommStatusInd
                0x00000000000997b9                zps_vCleanUnAuthenHandleExpiry
                0x000000000009984e                zps_vNwkHandleCmeSyncReq
 .text          0x00000000000998ac     0x1104 C:\Users\I24375~1\AppData\Local\Temp\ccw9ALV1.ltrans19.ltrans.o
                0x0000000000099967                vZdoBdrmSendNextTimedRequest
                0x0000000000099e07                eZCL_TransmitDataRequest
                0x000000000009a260                eZCL_SendDefaultResponse
                0x000000000009a35f                vZCL_HandleAttributesReadResponse
                0x000000000009a56a                vReportTimerClickCallback
 .text          0x000000000009a9b0     0x11ac C:\Users\I24375~1\AppData\Local\Temp\ccw9ALV1.ltrans20.ltrans.o
                0x000000000009a9b0                zps_bAplZdoBindUnbindServer
                0x000000000009ad77                zps_bAplZdoDefaultServer
                0x000000000009afd8                zps_eZdpSimpleDescResponse
                0x000000000009b0e5                zps_eZdpNodeDescResponse
                0x000000000009b18d                zps_eZdpPowerDescResponse
                0x000000000009b22a                zps_eZdpActiveEpResponse
                0x000000000009b2c0                zps_eZdpMatchDescResponse
                0x000000000009b356                zps_eZdpSystemServerDiscoveryResponse
                0x000000000009b3c5                zps_eAplZdpMgmtLqiResponse
                0x000000000009b4ad                zps_eAplZdpMgmtRtgResponse
                0x000000000009b626                zps_eZdpNwkAddrResponse
                0x000000000009b709                zps_eZdpIeeeAddrResponse
                0x000000000009b7ec                zps_bAplZdoMgmtNWKUpdateServer
 *fill*         0x000000000009bb5c        0x0 00
 .text          0x000000000009bb5c     0x1298 C:\Users\I24375~1\AppData\Local\Temp\ccw9ALV1.ltrans21.ltrans.o
                0x000000000009bd14                vSendMlmeCommStatusFromTxFrame
                0x000000000009bd6a                MAC_vHandleMlmeVsReqRsp.constprop.141
                0x000000000009c340                vHandleNwkLocalUpdateAfterBcast.147110
                0x000000000009c394                vHandleNwkRemoteUpdateAfterBcast.147101
                0x000000000009c3e8                ZPS_pvNwkCtor.constprop.136
                0x000000000009c98e                ZPS_vNwkHandleNlmeReqRsp
                0x000000000009ca0b                eSmeAcScScanDcfm.156917
                0x000000000009cd48                zps_vNwkHandleCmeActvStartRouterReq
 .text          0x000000000009cdf4     0x1094 C:\Users\I24375~1\AppData\Local\Temp\ccw9ALV1.ltrans22.ltrans.o
                0x000000000009cdf4                os_vZCL_Task
                0x000000000009ce1a                os_vOTA_MsTask
                0x000000000009ce44                os_vTick_Task
                0x000000000009d50e                eZCL_CustomCommandSend.constprop.24
                0x000000000009da0c                eCLD_GroupsCommandHandler
 .text          0x000000000009de88      0xf29 C:\Users\I24375~1\AppData\Local\Temp\ccw9ALV1.ltrans23.ltrans.o
                0x000000000009de88                eZCL_CustomCommandReceive
                0x000000000009e016                eCLD_ColourControlCommandHandler
                0x000000000009ec1f                eCLD_OnOffCommandHandler
                0x000000000009ed42                eCLD_BasicCommandHandler
 .text          0x000000000009edb1     0x1330 C:\Users\I24375~1\AppData\Local\Temp\ccw9ALV1.ltrans24.ltrans.o
                0x000000000009edb1                os_bDummyMemberCheck.77664
                0x000000000009edb6                os_vDefaultErrorHook.77660
                0x000000000009edb9                bCLD_ScenesSearchForScene.26102
                0x000000000009edec                eCLD_LevelControlSceneEventHandler.20527
                0x000000000009ee32                DriverBulb_vSetTunableWhiteColourTemperature
                0x000000000009ee35                os_vAPP_ButtonsScanTask
                0x000000000009ee38                APP_ZCL_cbGeneralCallback.7980
                0x000000000009ee68                vfExtendedStatusCallBack.3096
                0x000000000009ee6b                os_bStrictCheck.1358
                0x000000000009f157                bCLD_GroupsSearchForGroup.17883
                0x000000000009f17c                eExpireSWTimer.77673
                0x000000000009f1e7                vEnterErrorHook.77656
                0x000000000009f20e                OS_eGetSWTimerStatus
                0x000000000009f250                eZCL_DoesAttributeHaveReportableChange
                0x000000000009f26d                eZCL_GetAttributeReportableEntry
                0x000000000009f325                vZCL_AlignNumericAttributeValueTo64.74335
                0x000000000009f434                eZCL_BuildClientTransmitAddressStructure
                0x000000000009f465                bZCL_CheckManufacturerSpecificAttributeFlagMatch
                0x000000000009f483                eZCL_SearchForAttributeEntry
                0x000000000009f52f                eZCL_GetAttributeTypeSize
                0x000000000009f54e                vZCL_MarkAttributeInvalid
                0x000000000009f61d                u8ZCL_GetAttributeAllignToFourBytesBoundary
                0x000000000009f632                pvZCL_GetAttributePointer
                0x000000000009f6a8                vCLD_ScenesGenerateIndividualAttributeCallback
                0x000000000009f702                eZCL_StoreChangeAttributeValue
                0x000000000009f7a1                u16ZCL_WriteTypeNBO.part.0.58850
                0x000000000009f816                u16ZCL_GetStringStructureSize
                0x000000000009f853                u16ZCL_GetStringAttributeTypeSizeFromBuffer
                0x000000000009f8c4                u16ZCL_GetStringSizeAndBufferFromStructure
                0x000000000009f953                eZCL_GetAttributeTypeSizeFromStructure
                0x000000000009f9cc                bZCL_SendCommandResponse
                0x000000000009f9e8                u8ZCL_GetEPIdFromIndex
                0x000000000009fa0a                eZCL_SearchForEPIndex
                0x000000000009fa44                eZCL_SearchForClusterEntry
                0x000000000009fabe                eZCL_BuildTransmitAddressStructure
                0x000000000009fb2b                eZCL_SearchForEPentry
                0x000000000009fb67                eZCL_FindCluster
                0x000000000009fbb8                eCLD_GroupsSetIdentifying
                0x000000000009fbdd                vCLD_IdentifyTimerClickCallback.18946
                0x000000000009fc51                eCLD_LevelControlClusterIsPresent
                0x000000000009fc6a                eZCL_SearchForEPentryAndCheckManufacturerId
                0x000000000009fca8                vZCL_PassEventToUser
                0x000000000009fcd5                vCLD_ColourControl_CCT2xyY
                0x000000000009fdbb                bCLD_ColourControl_NumberIsValid.32406
                0x000000000009fdda                eCLD_ColourControl_xyY2XYZ.32410
                0x000000000009fe5c                vCLD_ColourControl_XYZ2RGB.32397
                0x000000000009ff7c                eCLD_ColourControl_GetRGB
                0x00000000000a0049                vAPP_ZCL_DeviceSpecific_Init
                0x00000000000a00b0                vLI_InitVar.3212
 *fill*         0x00000000000a00e1        0x3 00
 .text          0x00000000000a00e4      0xd48 C:\Users\I24375~1\AppData\Local\Temp\ccw9ALV1.ltrans25.ltrans.o
                0x00000000000a00e4                eCLD_ScenesCommandHandler
                0x00000000000a0d20                eCLD_IdentifyCommandHandler
 .text          0x00000000000a0e2c      0xbe8 C:\Users\I24375~1\AppData\Local\Temp\ccw9ALV1.ltrans26.ltrans.o
                0x00000000000a0e2c                os_vzps_taskZPS
                0x00000000000a1049                ZPS_vAplHandleApsdeReqRsp
                0x00000000000a1463                zps_eAplZdpApsdeReqInternal
                0x00000000000a1552                vEnablePermitJoin
                0x00000000000a15d0                os_vAPP_AgeOutChildren
                0x00000000000a174f                zps_bAplZdoMgmtBindServer
                0x00000000000a1990                zps_eAplZdpBindResponse
                0x00000000000a19b1                zps_eZdpUnbindResponse
                0x00000000000a19d2                zps_eZdpMgmtLeaveResponse
                0x00000000000a19f3                zps_eZdpMgmtPermitJoiningResponse
 .text          0x00000000000a1a14      0xae8 C:\Users\I24375~1\AppData\Local\Temp\ccw9ALV1.ltrans27.ltrans.o
                0x00000000000a1a4d                zps_vNwkHandleCmeIdleNwkFormReq
                0x00000000000a1b53                zps_vNwkHandleCmeNwkDiscReq
                0x00000000000a1bcd                zps_vNwkHandleCmeEdScanReq
                0x00000000000a1d2e                zps_eNwkHandleSmeBeaconNotifyInd
                0x00000000000a1e30                zps_vNwkHandleCmeNwkJoinReq
                0x00000000000a2108                zps_vNwkHandleCmeNwkActvJoinReq
                0x00000000000a2114                eSmeEdScScanDcfm.156910
                0x00000000000a22e3                vHandleRejoinExpiry.159532
                0x00000000000a232c                zps_eRejoinDataDcfm
                0x00000000000a235f                eSmeAsocAssocDcfm.160140
                0x00000000000a23e3                eSmeRjPCPollDcfm.160136
 .text          0x00000000000a24fc      0x845 C:\Users\I24375~1\AppData\Local\Temp\ccw9ALV1.ltrans28.ltrans.o
                0x00000000000a24fc                APP_ZCL_cbEndpointCallback.7977
                0x00000000000a26f4                AppWarmStart
                0x00000000000a270e                AppColdStart
                0x00000000000a2b2e                os_vUnclaimedInterrupt
                0x00000000000a2b40                os_vControlledIntCheck
                0x00000000000a2b85                os_vControlledInterrupt
                0x00000000000a2bbe                os_vvISR_AdcDone
                0x00000000000a2bc7                os_vvISR_SettleTimer
                0x00000000000a2bcd                os_vvISR_PwmTimer
                0x00000000000a2be3                os_vAPP_isrIllegalInstruction
                0x00000000000a2bf9                os_vAPP_isrAlignmentException
                0x00000000000a2c0f                os_vAPP_isrBusErrorException
                0x00000000000a2c25                os_vAPP_isrUnimplementedModuleException
                0x00000000000a2c3b                os_vAPP_isrStackOverflowException
                0x00000000000a2c51                os_vAPP_isrTickTimer
 *fill*         0x00000000000a2d41        0x3 00
 .text          0x00000000000a2d44      0x78c C:\Users\I24375~1\AppData\Local\Temp\ccw9ALV1.ltrans29.ltrans.o
                0x00000000000a2d44                eCLD_LevelControlCommandHandler
                0x00000000000a3040                vZCL_HandleAttributesWriteRequest
 .text          0x00000000000a34d0      0x851 C:\Users\I24375~1\AppData\Local\Temp\ccw9ALV1.ltrans30.ltrans.o
                0x00000000000a34d0                eHA_RegisterColourDimmableLightEndPoint.constprop.107
 .text          0x00000000000a3d21      0x1fd C:\Users\I24375~1\AppData\Local\Temp\ccw9ALV1.ltrans31.ltrans.o
                0x00000000000a3e24                zps_bAplZdoZdoClient
 .text          0x00000000000a3f1e       0x25 c:/nxp/bstudio_nxp/sdk/tools/ba-elf-ba2-r36379/bin/../lib/gcc/ba-elf/4.7.4/../../../../ba-elf/lib/mcpu_jn51xx_sizeopt\libc.a(lib_a-memcmp.o)
                0x00000000000a3f1e                memcmp
 .text          0x00000000000a3f43       0x19 c:/nxp/bstudio_nxp/sdk/tools/ba-elf-ba2-r36379/bin/../lib/gcc/ba-elf/4.7.4/../../../../ba-elf/lib/mcpu_jn51xx_sizeopt\libc.a(lib_a-memcpy.o)
 .text          0x00000000000a3f5c       0x12 c:/nxp/bstudio_nxp/sdk/tools/ba-elf-ba2-r36379/bin/../lib/gcc/ba-elf/4.7.4/../../../../ba-elf/lib/mcpu_jn51xx_sizeopt\libc.a(lib_a-memset.o)
                0x00000000000a3f5c                memset
 .text          0x00000000000a3f6e       0x12 c:/nxp/bstudio_nxp/sdk/tools/ba-elf-ba2-r36379/bin/../lib/gcc/ba-elf/4.7.4/../../../../ba-elf/lib/mcpu_jn51xx_sizeopt\libc.a(lib_a-strlen.o)
                0x00000000000a3f6e                strlen
 .text          0x00000000000a3f80       0x2b c:/nxp/bstudio_nxp/sdk/tools/ba-elf-ba2-r36379/bin/../lib/gcc/ba-elf/4.7.4/../../../../ba-elf/lib/mcpu_jn51xx_sizeopt\libc.a(lib_a-strncpy.o)
                0x00000000000a3f80                strncpy
 *fill*         0x00000000000a3fab        0x1 00
 .text          0x00000000000a3fac      0x204 c:/nxp/bstudio_nxp/sdk/tools/ba-elf-ba2-r36379/bin/../lib/gcc/ba-elf/4.7.4/mcpu_jn51xx_sizeopt\libgcc.a(__udivsi3.o)
                0x00000000000a3fac                __udivsi3
 .text          0x00000000000a41b0       0x30 c:/nxp/bstudio_nxp/sdk/tools/ba-elf-ba2-r36379/bin/../lib/gcc/ba-elf/4.7.4/mcpu_jn51xx_sizeopt\libgcc.a(__divsi3.o)
                0x00000000000a41b0                __divsi3
 .text          0x00000000000a41e0      0x1b0 c:/nxp/bstudio_nxp/sdk/tools/ba-elf-ba2-r36379/bin/../lib/gcc/ba-elf/4.7.4/mcpu_jn51xx_sizeopt\libgcc.a(__umodsi3.o)
                0x00000000000a41e0                __umodsi3
 .text          0x00000000000a4390       0x24 c:/nxp/bstudio_nxp/sdk/tools/ba-elf-ba2-r36379/bin/../lib/gcc/ba-elf/4.7.4/mcpu_jn51xx_sizeopt\libgcc.a(__modsi3.o)
                0x00000000000a4390                __modsi3
 .text          0x00000000000a43b4       0x39 c:/nxp/bstudio_nxp/sdk/tools/ba-elf-ba2-r36379/bin/../lib/gcc/ba-elf/4.7.4/mcpu_jn51xx_sizeopt\libgcc.a(_fixunsdfsi.o)
                0x00000000000a43b4                __fixunsdfsi
 .text          0x00000000000a43ed      0x3bd c:/nxp/bstudio_nxp/sdk/tools/ba-elf-ba2-r36379/bin/../lib/gcc/ba-elf/4.7.4/mcpu_jn51xx_sizeopt\libgcc.a(_divdi3.o)
                0x00000000000a43ed                __divdi3
 .text          0x00000000000a47aa      0x350 c:/nxp/bstudio_nxp/sdk/tools/ba-elf-ba2-r36379/bin/../lib/gcc/ba-elf/4.7.4/mcpu_jn51xx_sizeopt\libgcc.a(_udivdi3.o)
                0x00000000000a47aa                __udivdi3
 .text          0x00000000000a4afa      0x384 c:/nxp/bstudio_nxp/sdk/tools/ba-elf-ba2-r36379/bin/../lib/gcc/ba-elf/4.7.4/mcpu_jn51xx_sizeopt\libgcc.a(addsf3.o)
                0x00000000000a4afa                __addsf3
 *fill*         0x00000000000a4e7e        0x2 00
 .text          0x00000000000a4e80      0x218 c:/nxp/bstudio_nxp/sdk/tools/ba-elf-ba2-r36379/bin/../lib/gcc/ba-elf/4.7.4/mcpu_jn51xx_sizeopt\libgcc.a(divsf3.o)
                0x00000000000a4e80                __divsf3
 .text          0x00000000000a5098       0x81 c:/nxp/bstudio_nxp/sdk/tools/ba-elf-ba2-r36379/bin/../lib/gcc/ba-elf/4.7.4/mcpu_jn51xx_sizeopt\libgcc.a(eqsf2.o)
                0x00000000000a5098                __eqsf2
                0x00000000000a5098                __nesf2
 .text          0x00000000000a5119       0xac c:/nxp/bstudio_nxp/sdk/tools/ba-elf-ba2-r36379/bin/../lib/gcc/ba-elf/4.7.4/mcpu_jn51xx_sizeopt\libgcc.a(gesf2.o)
                0x00000000000a5119                __gesf2
                0x00000000000a5119                __gtsf2
 .text          0x00000000000a51c5       0xac c:/nxp/bstudio_nxp/sdk/tools/ba-elf-ba2-r36379/bin/../lib/gcc/ba-elf/4.7.4/mcpu_jn51xx_sizeopt\libgcc.a(lesf2.o)
                0x00000000000a51c5                __ltsf2
                0x00000000000a51c5                __lesf2
 *fill*         0x00000000000a5271        0x3 00
 .text          0x00000000000a5274      0x24c c:/nxp/bstudio_nxp/sdk/tools/ba-elf-ba2-r36379/bin/../lib/gcc/ba-elf/4.7.4/mcpu_jn51xx_sizeopt\libgcc.a(mulsf3.o)
                0x00000000000a5274                __mulsf3
 .text          0x00000000000a54c0      0x3a2 c:/nxp/bstudio_nxp/sdk/tools/ba-elf-ba2-r36379/bin/../lib/gcc/ba-elf/4.7.4/mcpu_jn51xx_sizeopt\libgcc.a(subsf3.o)
                0x00000000000a54c0                __subsf3
 .text          0x00000000000a5862       0x53 c:/nxp/bstudio_nxp/sdk/tools/ba-elf-ba2-r36379/bin/../lib/gcc/ba-elf/4.7.4/mcpu_jn51xx_sizeopt\libgcc.a(fixsfsi.o)
                0x00000000000a5862                __fixsfsi
 .text          0x00000000000a58b5       0xad c:/nxp/bstudio_nxp/sdk/tools/ba-elf-ba2-r36379/bin/../lib/gcc/ba-elf/4.7.4/mcpu_jn51xx_sizeopt\libgcc.a(floatunsisf.o)
                0x00000000000a58b5                __floatunsisf
 .text          0x00000000000a5962      0x682 c:/nxp/bstudio_nxp/sdk/tools/ba-elf-ba2-r36379/bin/../lib/gcc/ba-elf/4.7.4/mcpu_jn51xx_sizeopt\libgcc.a(adddf3.o)
                0x00000000000a5962                __adddf3
 .text          0x00000000000a5fe4      0x5c8 c:/nxp/bstudio_nxp/sdk/tools/ba-elf-ba2-r36379/bin/../lib/gcc/ba-elf/4.7.4/mcpu_jn51xx_sizeopt\libgcc.a(divdf3.o)
                0x00000000000a5fe4                __divdf3
 .text          0x00000000000a65ac       0xca c:/nxp/bstudio_nxp/sdk/tools/ba-elf-ba2-r36379/bin/../lib/gcc/ba-elf/4.7.4/mcpu_jn51xx_sizeopt\libgcc.a(gedf2.o)
                0x00000000000a65ac                __gedf2
                0x00000000000a65ac                __gtdf2
 *fill*         0x00000000000a6676        0x2 00
 .text          0x00000000000a6678      0x488 c:/nxp/bstudio_nxp/sdk/tools/ba-elf-ba2-r36379/bin/../lib/gcc/ba-elf/4.7.4/mcpu_jn51xx_sizeopt\libgcc.a(muldf3.o)
                0x00000000000a6678                __muldf3
 .text          0x00000000000a6b00      0x693 c:/nxp/bstudio_nxp/sdk/tools/ba-elf-ba2-r36379/bin/../lib/gcc/ba-elf/4.7.4/mcpu_jn51xx_sizeopt\libgcc.a(subdf3.o)
                0x00000000000a6b00                __subdf3
 .text          0x00000000000a7193       0x64 c:/nxp/bstudio_nxp/sdk/tools/ba-elf-ba2-r36379/bin/../lib/gcc/ba-elf/4.7.4/mcpu_jn51xx_sizeopt\libgcc.a(fixdfsi.o)
                0x00000000000a7193                __fixdfsi
 .text          0x00000000000a71f7       0x8f c:/nxp/bstudio_nxp/sdk/tools/ba-elf-ba2-r36379/bin/../lib/gcc/ba-elf/4.7.4/mcpu_jn51xx_sizeopt\libgcc.a(extendsfdf2.o)
                0x00000000000a71f7                __extendsfdf2
 .text          0x00000000000a7286      0x13e c:/nxp/bstudio_nxp/sdk/tools/ba-elf-ba2-r36379/bin/../lib/gcc/ba-elf/4.7.4/mcpu_jn51xx_sizeopt\libgcc.a(truncdfsf2.o)
                0x00000000000a7286                __truncdfsf2
 *fill*         0x00000000000a73c4        0x4 00
 .text          0x00000000000a73c8      0x1d0 c:/NXP/bstudio_nxp/workspace/JN-AN-1189-ZigBee-HA-Demo/ColorDimmableLight/Build/os_irq.o
                0x00000000000a73c8                os_ExternalException_W
                0x00000000000a740c                os_PIC_ChannelPriorities
                0x00000000000a741c                os_OSMIUM_HwVectTable
                0x00000000000a7458                os_PIC_SwVectTable
 .text          0x00000000000a7598       0x29 c:/NXP/bstudio_nxp/workspace/JN-AN-1189-ZigBee-HA-Demo/ColorDimmableLight/Build/os_irq_alignment.o
                0x00000000000a7598                IRQ_Alignment
 .text          0x00000000000a75c1       0x29 c:/NXP/bstudio_nxp/workspace/JN-AN-1189-ZigBee-HA-Demo/ColorDimmableLight/Build/os_irq_buserror.o
                0x00000000000a75c1                IRQ_BusError
 .text          0x00000000000a75ea       0x29 c:/NXP/bstudio_nxp/workspace/JN-AN-1189-ZigBee-HA-Demo/ColorDimmableLight/Build/os_irq_illegalinstruction.o
                0x00000000000a75ea                IRQ_IllegalInstruction
 .text          0x00000000000a7613       0x29 c:/NXP/bstudio_nxp/workspace/JN-AN-1189-ZigBee-HA-Demo/ColorDimmableLight/Build/os_irq_stackoverflowexception.o
                0x00000000000a7613                IRQ_StackOverflowException
 .text          0x00000000000a763c       0x29 c:/NXP/bstudio_nxp/workspace/JN-AN-1189-ZigBee-HA-Demo/ColorDimmableLight/Build/os_irq_unimplementedmodule.o
                0x00000000000a763c                IRQ_UnimplementedModule
 *fill*         0x00000000000a7665        0x3 00
 .text          0x00000000000a7668       0xc0 c:/NXP/bstudio_nxp/sdk/JN-SW-4168/Components/Library\libOS_JN516x.a(os_contirq_JN516x.o)
                0x00000000000a7668                os_ExternalException_R
                0x00000000000a7698                os_CFunc_W
                0x00000000000a76e8                os_UnclaimedException_W
                0x00000000000a7708                os_UnclaimedInterrupt_W
 .text          0x00000000000a7728       0x48 c:/NXP/bstudio_nxp/sdk/JN-SW-4168/Components/Library\libPWRM_JN516x.a(pwrm_setjmp_JN516x.o)
                0x00000000000a7728                setjmp
                0x00000000000a774c                PWRM_longjmp
 .text          0x00000000000a7770       0x27 c:/NXP/bstudio_nxp/sdk/JN-SW-4168/Components/Library\libHardwareApi_JN5169.a(AHI_Interrupt.o)
                0x00000000000a7770                vAHI_InterruptSetPriority
                0x00000000000a778e                vAHI_InterruptSetActivePriorityLevel
 .text.vMicroSyscall