Archive member included because of file (symbol)

c:/NXP/bstudio_nxp/sdk/JN-SW-4168/Components/Library\libOS_JN516x.a(os.o)
                              c:/NXP/bstudio_nxp/workspace/JN-AN-1189-ZigBee-HA-Demo/ColorDimmableLight/Build/os_gen.o (symbol from plugin) (os_vStart)
c:/NXP/bstudio_nxp/sdk/JN-SW-4168/Components/Library\libOS_JN516x.a(os_contirq_JN516x.o)
                              c:/NXP/bstudio_nxp/workspace/JN-AN-1189-ZigBee-HA-Demo/ColorDimmableLight/Build/os_irq.o (os_UnclaimedException_W)
c:/NXP/bstudio_nxp/sdk/JN-SW-4168/Components/Library\libPWRM_JN516x.a(pwrm.o)
                              c:/NXP/bstudio_nxp/workspace/JN-AN-1189-ZigBee-HA-Demo/ColorDimmableLight/Build/app_start_light.o (symbol from plugin) (PWRM_vInit)
c:/NXP/bstudio_nxp/sdk/JN-SW-4168/Components/Library\libPWRM_JN516x.a(pwrm_setjmp_JN516x.o)
                              pwrm.o (symbol from plugin) (setjmp)
c:/NXP/bstudio_nxp/sdk/JN-SW-4168/Components/Library\libPWRM_JN516x.a(pwrm_cold_start.o)
                              (AppColdStart)
c:/NXP/bstudio_nxp/sdk/JN-SW-4168/Components/Library\libPWRM_JN516x.a(pwrm_warm_start.o)
                              (AppWarmStart)
c:/NXP/bstudio_nxp/sdk/JN-SW-4168/Components/Library\libPDUM_JN516x.a(pdum_nwk.o)
                              c:/NXP/bstudio_nxp/workspace/JN-AN-1189-ZigBee-HA-Demo/ColorDimmableLight/Build/pdum_gen.o (symbol from plugin) (pdum_vNPduInit)
c:/NXP/bstudio_nxp/sdk/JN-SW-4168/Components/Library\libPDUM_JN516x.a(pdum_apl.o)
                              c:/NXP/bstudio_nxp/workspace/JN-AN-1189-ZigBee-HA-Demo/ColorDimmableLight/Build/appZdpExtraction.o (symbol from plugin) (PDUM_u16APduInstanceReadNBO)
c:/NXP/bstudio_nxp/sdk/JN-SW-4168/Components/Library\libPDUM_JN516x.a(pdum.o)
                              pdum_nwk.o (symbol from plugin) (PDUM_u16SizeNBO)
c:/NXP/bstudio_nxp/sdk/JN-SW-4168/Components/Library\libZPSAPL_JN516x.a(zps_apl_af.o)
                              c:/NXP/bstudio_nxp/workspace/JN-AN-1189-ZigBee-HA-Demo/ColorDimmableLight/Build/zha_light_node.o (symbol from plugin) (ZPS_eAplAfInit)
c:/NXP/bstudio_nxp/sdk/JN-SW-4168/Components/Library\libZPSAPL_JN516x.a(zps_apl_af_apsde.o)
                              c:/NXP/bstudio_nxp/workspace/JN-AN-1189-ZigBee-HA-Demo/ColorDimmableLight/Build/zps_gen.o (symbol from plugin) (zps_vHandleApsdeDataFragIndNotSupported)
c:/NXP/bstudio_nxp/sdk/JN-SW-4168/Components/Library\libZPSAPL_JN516x.a(zps_apl_task.o)
                              zps_apl_af_apsde.o (symbol from plugin) (zps_vAplAfPostEvent)
c:/NXP/bstudio_nxp/sdk/JN-SW-4168/Components/Library\libZPSAPL_JN516x.a(zps_apl_apsde.o)
                              zps_apl_task.o (symbol from plugin) (ZPS_vAplRegisterApsdeDcfmIndCallbacks)
c:/NXP/bstudio_nxp/sdk/JN-SW-4168/Components/Library\libZPSAPL_JN516x.a(zps_apl_apsme.o)
                              zps_apl_task.o (symbol from plugin) (ZPS_vAplRegisterApsmeDcfmIndCallbacks)
c:/NXP/bstudio_nxp/sdk/JN-SW-4168/Components/Library\libZPSAPL_JN516x.a(zps_apl_aps_nlde.o)
                              zps_apl_task.o (symbol from plugin) (zps_vAplApsHandleNldeDcfmInd)
c:/NXP/bstudio_nxp/sdk/JN-SW-4168/Components/Library\libZPSAPL_JN516x.a(zps_apl_sec.o)
                              zps_apl_task.o (symbol from plugin) (zps_psFindKeyDescr)
c:/NXP/bstudio_nxp/sdk/JN-SW-4168/Components/Library\libZPSAPL_JN516x.a(zps_apl_aib.o)
                              c:/NXP/bstudio_nxp/workspace/JN-AN-1189-ZigBee-HA-Demo/ColorDimmableLight/Build/app_zbp_utilities.o (symbol from plugin) (zps_psAplAibGetAib)
c:/NXP/bstudio_nxp/sdk/JN-SW-4168/Components/Library\libZPSAPL_JN516x.a(zps_apl_zdo_nwkmanager.o)
                              zps_apl_apsme.o (symbol from plugin) (zps_vAplSaveRecord)
c:/NXP/bstudio_nxp/sdk/JN-SW-4168/Components/Library\libZPSAPL_JN516x.a(zps_apl_zdo_handle_zdp_event.o)
                              zps_apl_task.o (symbol from plugin) (zps_bAplZdoHandleZdpEvent)
c:/NXP/bstudio_nxp/sdk/JN-SW-4168/Components/Library\libZPSAPL_JN516x.a(zps_apl_zdo_trust_center.o)
                              zps_apl_sec.o (symbol from plugin) (zps_eAplTrustCenterFindDevice)
c:/NXP/bstudio_nxp/sdk/JN-SW-4168/Components/Library\libZPSAPL_JN516x.a(zps_apl_zdo_common.o)
                              zps_apl_zdo_nwkmanager.o (symbol from plugin) (zps_eAplZdoNlmeleaveWrapper)
c:/NXP/bstudio_nxp/sdk/JN-SW-4168/Components/Library\libZPSAPL_JN516x.a(zps_apl_zdo_group.o)
                              c:/NXP/bstudio_nxp/workspace/JN-AN-1189-ZigBee-HA-Demo/ColorDimmableLight/Build/GroupsTableManager.o (symbol from plugin) (zps_eAplZdoGroupEndpointAdd)
c:/NXP/bstudio_nxp/sdk/JN-SW-4168/Components/Library\libZPSAPL_JN516x.a(zps_apl_zdo_default_server.o)
                              c:/NXP/bstudio_nxp/workspace/JN-AN-1189-ZigBee-HA-Demo/ColorDimmableLight/Build/zps_gen.o (symbol from plugin) (zps_vAplZdoDefaultServerInit)
c:/NXP/bstudio_nxp/sdk/JN-SW-4168/Components/Library\libZPSAPL_JN516x.a(zps_apl_zdo_bind_manager.o)
[...]
Memory Configuration

Name             Origin             Length             Attributes
flash            0x0000000000080000 0x0000000000040000
ram              0x000000000400004c 0x0000000000007fb4
*default*        0x0000000000000000 0xffffffffffffffff

Linker script and memory map

                0x0000000000001770                __stack_size = 0x1770
                0x00000000000007d0                __minimum_heap_size = 0x7d0
START GROUP
LOAD c:/NXP/bstudio_nxp/workspace/JN-AN-1189-ZigBee-HA-Demo/ColorDimmableLight/Build/os_gen.o
LOAD C:\Users\I24375~1\AppData\Local\Temp\ccZoO4ac.ltrans0.ltrans.o
LOAD C:\Users\I24375~1\AppData\Local\Temp\ccZoO4ac.ltrans1.ltrans.o
LOAD C:\Users\I24375~1\AppData\Local\Temp\ccZoO4ac.ltrans2.ltrans.o
LOAD C:\Users\I24375~1\AppData\Local\Temp\ccZoO4ac.ltrans3.ltrans.o
LOAD C:\Users\I24375~1\AppData\Local\Temp\ccZoO4ac.ltrans4.ltrans.o
LOAD C:\Users\I24375~1\AppData\Local\Temp\ccZoO4ac.ltrans5.ltrans.o
LOAD C:\Users\I24375~1\AppData\Local\Temp\ccZoO4ac.ltrans6.ltrans.o
LOAD C:\Users\I24375~1\AppData\Local\Temp\ccZoO4ac.ltrans7.ltrans.o
LOAD C:\Users\I24375~1\AppData\Local\Temp\ccZoO4ac.ltrans8.ltrans.o
LOAD C:\Users\I24375~1\AppData\Local\Temp\ccZoO4ac.ltrans9.ltrans.o
LOAD C:\Users\I24375~1\AppData\Local\Temp\ccZoO4ac.ltrans10.ltrans.o
LOAD C:\Users\I24375~1\AppData\Local\Temp\ccZoO4ac.ltrans11.ltrans.o
LOAD C:\Users\I24375~1\AppData\Local\Temp\ccZoO4ac.ltrans12.ltrans.o
LOAD C:\Users\I24375~1\AppData\Local\Temp\ccZoO4ac.ltrans13.ltrans.o
LOAD C:\Users\I24375~1\AppData\Local\Temp\ccZoO4ac.ltrans14.ltrans.o
LOAD C:\Users\I24375~1\AppData\Local\Temp\ccZoO4ac.ltrans15.ltrans.o
LOAD C:\Users\I24375~1\AppData\Local\Temp\ccZoO4ac.ltrans16.ltrans.o
LOAD C:\Users\I24375~1\AppData\Local\Temp\ccZoO4ac.ltrans17.ltrans.o
LOAD C:\Users\I24375~1\AppData\Local\Temp\ccZoO4ac.ltrans18.ltrans.o
LOAD C:\Users\I24375~1\AppData\Local\Temp\ccZoO4ac.ltrans19.ltrans.o
LOAD C:\Users\I24375~1\AppData\Local\Temp\ccZoO4ac.ltrans20.ltrans.o
LOAD C:\Users\I24375~1\AppData\Local\Temp\ccZoO4ac.ltrans21.ltrans.o
LOAD C:\Users\I24375~1\AppData\Local\Temp\ccZoO4ac.ltrans22.ltrans.o
LOAD C:\Users\I24375~1\AppData\Local\Temp\ccZoO4ac.ltrans23.ltrans.o
LOAD C:\Users\I24375~1\AppData\Local\Temp\ccZoO4ac.ltrans24.ltrans.o
LOAD C:\Users\I24375~1\AppData\Local\Temp\ccZoO4ac.ltrans25.ltrans.o
LOAD C:\Users\I24375~1\AppData\Local\Temp\ccZoO4ac.ltrans26.ltrans.o
LOAD C:\Users\I24375~1\AppData\Local\Temp\ccZoO4ac.ltrans27.ltrans.o
LOAD C:\Users\I24375~1\AppData\Local\Temp\ccZoO4ac.ltrans28.ltrans.o
LOAD C:\Users\I24375~1\AppData\Local\Temp\ccZoO4ac.ltrans29.ltrans.o
LOAD C:\Users\I24375~1\AppData\Local\Temp\ccZoO4ac.ltrans30.ltrans.o
LOAD C:\Users\I24375~1\AppData\Local\Temp\ccZoO4ac.ltrans31.ltrans.o
LOAD c:/nxp/bstudio_nxp/sdk/tools/ba-elf-ba2-r36379/bin/../lib/gcc/ba-elf/4.7.4/../../../../ba-elf/lib/mcpu_jn51xx_sizeopt\libc.a
LOAD c:/nxp/bstudio_nxp/sdk/tools/ba-elf-ba2-r36379/bin/../lib/gcc/ba-elf/4.7.4/mcpu_jn51xx_sizeopt\libgcc.a
LOAD c:/nxp/bstudio_nxp/sdk/tools/ba-elf-ba2-r36379/bin/../lib/gcc/ba-elf/4.7.4/../../../../ba-elf/lib/mcpu_jn51xx_sizeopt\libc.a
LOAD c:/NXP/bstudio_nxp/workspace/JN-AN-1189-ZigBee-HA-Demo/ColorDimmableLight/Build/os_irq.o
LOAD c:/NXP/bstudio_nxp/workspace/JN-AN-1189-ZigBee-HA-Demo/ColorDimmableLight/Build/os_irq_alignment.o
LOAD c:/NXP/bstudio_nxp/workspace/JN-AN-1189-ZigBee-HA-Demo/ColorDimmableLight/Build/os_irq_buserror.o
LOAD c:/NXP/bstudio_nxp/workspace/JN-AN-1189-ZigBee-HA-Demo/ColorDimmableLight/Build/os_irq_illegalinstruction.o
LOAD c:/NXP/bstudio_nxp/workspace/JN-AN-1189-ZigBee-HA-Demo/ColorDimmableLight/Build/os_irq_stackoverflowexception.o
LOAD c:/NXP/bstudio_nxp/workspace/JN-AN-1189-ZigBee-HA-Demo/ColorDimmableLight/Build/os_irq_unimplementedmodule.o
LOAD c:/NXP/bstudio_nxp/workspace/JN-AN-1189-ZigBee-HA-Demo/ColorDimmableLight/Build/pdum_gen.o
LOAD c:/NXP/bstudio_nxp/workspace/JN-AN-1189-ZigBee-HA-Demo/ColorDimmableLight/Build/pdum_apdu.o
LOAD c:/NXP/bstudio_nxp/workspace/JN-AN-1189-ZigBee-HA-Demo/ColorDimmableLight/Build/zps_gen.o
LOAD c:/NXP/bstudio_nxp/workspace/JN-AN-1189-ZigBee-HA-Demo/ColorDimmableLight/Build/app_timer_driver.o
LOAD c:/NXP/bstudio_nxp/workspace/JN-AN-1189-ZigBee-HA-Demo/ColorDimmableLight/Build/app_start_light.o
LOAD c:/NXP/bstudio_nxp/workspace/JN-AN-1189-ZigBee-HA-Demo/ColorDimmableLight/Build/app_manage_temperature.o
LOAD c:/NXP/bstudio_nxp/workspace/JN-AN-1189-ZigBee-HA-Demo/ColorDimmableLight/Build/app_light_interpolation.o
LOAD c:/NXP/bstudio_nxp/workspace/JN-AN-1189-ZigBee-HA-Demo/ColorDimmableLight/Build/app_zbp_utilities.o
LOAD c:/NXP/bstudio_nxp/workspace/JN-AN-1189-ZigBee-HA-Demo/ColorDimmableLight/Build/app_exceptions.o
LOAD c:/NXP/bstudio_nxp/workspace/JN-AN-1189-ZigBee-HA-Demo/ColorDimmableLight/Build/app_pdm.o
LOAD c:/NXP/bstudio_nxp/workspace/JN-AN-1189-ZigBee-HA-Demo/ColorDimmableLight/Build/app_power_on_counter.o
LOAD c:/NXP/bstudio_nxp/workspace/JN-AN-1189-ZigBee-HA-Demo/ColorDimmableLight/Build/app_light_effect.o
LOAD c:/NXP/bstudio_nxp/workspace/JN-AN-1189-ZigBee-HA-Demo/ColorDimmableLight/Build/App_ColorDimmableLight.o
LOAD c:/NXP/bstudio_nxp/workspace/JN-AN-1189-ZigBee-HA-Demo/ColorDimmableLight/Build/zha_light_node.o
LOAD c:/NXP/bstudio_nxp/workspace/JN-AN-1189-ZigBee-HA-Demo/ColorDimmableLight/Build/app_zcl_light_task.o
LOAD c:/NXP/bstudio_nxp/workspace/JN-AN-1189-ZigBee-HA-Demo/ColorDimmableLight/Build/AgeChildren.o
LOAD c:/NXP/bstudio_nxp/workspace/JN-AN-1189-ZigBee-HA-Demo/ColorDimmableLight/Build/app_reporting.o
LOAD c:/NXP/bstudio_nxp/workspace/JN-AN-1189-ZigBee-HA-Demo/ColorDimmableLight/Build/app_scenes.o
LOAD c:/NXP/bstudio_nxp/workspace/JN-AN-1189-ZigBee-HA-Demo/ColorDimmableLight/Build/appZdpExtraction.o
LOAD c:/NXP/bstudio_nxp/workspace/JN-AN-1189-ZigBee-HA-Demo/ColorDimmableLight/Build/appZpsBeaconHandler.o
LOAD c:/NXP/bstudio_nxp/workspace/JN-AN-1189-ZigBee-HA-Demo/ColorDimmableLight/Build/haEzFindAndBind.o
LOAD c:/NXP/bstudio_nxp/workspace/JN-AN-1189-ZigBee-HA-Demo/ColorDimmableLight/Build/haEzJoin.o
LOAD c:/NXP/bstudio_nxp/workspace/JN-AN-1189-ZigBee-HA-Demo/ColorDimmableLight/Build/haKeys.o
LOAD c:/NXP/bstudio_nxp/workspace/JN-AN-1189-ZigBee-HA-Demo/ColorDimmableLight/Build/DriverBulb_DR1175.o
LOAD c:/NXP/bstudio_nxp/workspace/JN-AN-1189-ZigBee-HA-Demo/ColorDimmableLight/Build/DriverBulb_Shim.o
LOAD c:/NXP/bstudio_nxp/workspace/JN-AN-1189-ZigBee-HA-Demo/ColorDimmableLight/Build/Alarms.o
LOAD c:/NXP/bstudio_nxp/workspace/JN-AN-1189-ZigBee-HA-Demo/ColorDimmableLight/Build/AlarmsClientCommands.o
LOAD c:/NXP/bstudio_nxp/workspace/JN-AN-1189-ZigBee-HA-Demo/ColorDimmableLight/Build/AlarmsCommandHandler.o
LOAD c:/NXP/bstudio_nxp/workspace/JN-AN-1189-ZigBee-HA-Demo/ColorDimmableLight/Build/AlarmsServerCommands.o
LOAD c:/NXP/bstudio_nxp/workspace/JN-AN-1189-ZigBee-HA-Demo/ColorDimmableLight/Build/AlarmsTableManager.o
LOAD c:/NXP/bstudio_nxp/workspace/JN-AN-1189-ZigBee-HA-Demo/ColorDimmableLight/Build/AnalogInputBasic.o
LOAD c:/NXP/bstudio_nxp/workspace/JN-AN-1189-ZigBee-HA-Demo/ColorDimmableLight/Build/AnalogOutputBasic.o
LOAD c:/NXP/bstudio_nxp/workspace/JN-AN-1189-ZigBee-HA-Demo/ColorDimmableLight/Build/Basic.o
LOAD c:/NXP/bstudio_nxp/workspace/JN-AN-1189-ZigBee-HA-Demo/ColorDimmableLight/Build/BasicClientCommands.o
LOAD c:/NXP/bstudio_nxp/workspace/JN-AN-1189-ZigBee-HA-Demo/ColorDimmableLight/Build/BasicCommandHandler.o
LOAD c:/NXP/bstudio_nxp/workspace/JN-AN-1189-ZigBee-HA-Demo/ColorDimmableLight/Build/BinaryInputBasic.o
LOAD c:/NXP/bstudio_nxp/workspace/JN-AN-1189-ZigBee-HA-Demo/ColorDimmableLight/Build/BinaryOutputBasic.o
LOAD c:/NXP/bstudio_nxp/workspace/JN-AN-1189-ZigBee-HA-Demo/ColorDimmableLight/Build/Commissioning.o
LOAD c:/NXP/bstudio_nxp/workspace/JN-AN-1189-ZigBee-HA-Demo/ColorDimmableLight/Build/DeviceTemperatureConfiguration.o
LOAD c:/NXP/bstudio_nxp/workspace/JN-AN-1189-ZigBee-HA-Demo/ColorDimmableLight/Build/Diagnostics.o
LOAD c:/NXP/bstudio_nxp/workspace/JN-AN-1189-ZigBee-HA-Demo/ColorDimmableLight/Build/DoorLock.o
LOAD c:/NXP/bstudio_nxp/workspace/JN-AN-1189-ZigBee-HA-Demo/ColorDimmableLight/Build/DoorLockCommandHandler.o
LOAD c:/NXP/bstudio_nxp/workspace/JN-AN-1189-ZigBee-HA-Demo/ColorDimmableLight/Build/DoorLockCommands.o
LOAD c:/NXP/bstudio_nxp/workspace/JN-AN-1189-ZigBee-HA-Demo/ColorDimmableLight/Build/ElectricalMeasurement.o
LOAD c:/NXP/bstudio_nxp/workspace/JN-AN-1189-ZigBee-HA-Demo/ColorDimmableLight/Build/Groups.o
LOAD c:/NXP/bstudio_nxp/workspace/JN-AN-1189-ZigBee-HA-Demo/ColorDimmableLight/Build/GroupsClientCommands.o
LOAD c:/NXP/bstudio_nxp/workspace/JN-AN-1189-ZigBee-HA-Demo/ColorDimmableLight/Build/GroupsCommandHandler.o
LOAD c:/NXP/bstudio_nxp/workspace/JN-AN-1189-ZigBee-HA-Demo/ColorDimmableLight/Build/GroupsServerCommands.o
LOAD c:/NXP/bstudio_nxp/workspace/JN-AN-1189-ZigBee-HA-Demo/ColorDimmableLight/Build/GroupsTableManager.o
LOAD c:/NXP/bstudio_nxp/workspace/JN-AN-1189-ZigBee-HA-Demo/ColorDimmableLight/Build/Identify.o
LOAD c:/NXP/bstudio_nxp/workspace/JN-AN-1189-ZigBee-HA-Demo/ColorDimmableLight/Build/IdentifyClientCommands.o
LOAD c:/NXP/bstudio_nxp/workspace/JN-AN-1189-ZigBee-HA-Demo/ColorDimmableLight/Build/IdentifyCommandHandler.o
LOAD c:/NXP/bstudio_nxp/workspace/JN-AN-1189-ZigBee-HA-Demo/ColorDimmableLight/Build/IdentifyServerCommands.o
LOAD c:/NXP/bstudio_nxp/workspace/JN-AN-1189-ZigBee-HA-Demo/ColorDimmableLight/Build/LevelControl.o
LOAD c:/NXP/bstudio_nxp/workspace/JN-AN-1189-ZigBee-HA-Demo/ColorDimmableLight/Build/LevelControlClientCommands.o
LOAD c:/NXP/bstudio_nxp/workspace/JN-AN-1189-ZigBee-HA-Demo/ColorDimmableLight/Build/LevelControlCommandHandler.o
LOAD c:/NXP/bstudio_nxp/workspace/JN-AN-1189-ZigBee-HA-Demo/ColorDimmableLight/Build/MultistateInputBasic.o
LOAD c:/NXP/bstudio_nxp/workspace/JN-AN-1189-ZigBee-HA-Demo/ColorDimmableLight/Build/MultistateOutputBasic.o
LOAD c:/NXP/bstudio_nxp/workspace/JN-AN-1189-ZigBee-HA-Demo/ColorDimmableLight/Build/OOSC.o
LOAD c:/NXP/bstudio_nxp/workspace/JN-AN-1189-ZigBee-HA-Demo/ColorDimmableLight/Build/OnOff.o
LOAD c:/NXP/bstudio_nxp/workspace/JN-AN-1189-ZigBee-HA-Demo/ColorDimmableLight/Build/OnOffCommandHandler.o
LOAD c:/NXP/bstudio_nxp/workspace/JN-AN-1189-ZigBee-HA-Demo/ColorDimmableLight/Build/OnOffCommands.o
LOAD c:/NXP/bstudio_nxp/workspace/JN-AN-1189-ZigBee-HA-Demo/ColorDimmableLight/Build/PollControl.o
LOAD c:/NXP/bstudio_nxp/workspace/JN-AN-1189-ZigBee-HA-Demo/ColorDimmableLight/Build/PollControlClientCommands.o
LOAD c:/NXP/bstudio_nxp/workspace/JN-AN-1189-ZigBee-HA-Demo/ColorDimmableLight/Build/PollControlCommandHandler.o
LOAD c:/NXP/bstudio_nxp/workspace/JN-AN-1189-ZigBee-HA-Demo/ColorDimmableLight/Build/PollControlServerCommands.o
LOAD c:/NXP/bstudio_nxp/workspace/JN-AN-1189-ZigBee-HA-Demo/ColorDimmableLight/Build/PowerConfiguration.o
LOAD c:/NXP/bstudio_nxp/workspace/JN-AN-1189-ZigBee-HA-Demo/ColorDimmableLight/Build/Scenes.o
LOAD c:/NXP/bstudio_nxp/workspace/JN-AN-1189-ZigBee-HA-Demo/ColorDimmableLight/Build/ScenesClientCommands.o
LOAD c:/NXP/bstudio_nxp/workspace/JN-AN-1189-ZigBee-HA-Demo/ColorDimmableLight/Build/ScenesClusterManagement.o
LOAD c:/NXP/bstudio_nxp/workspace/JN-AN-1189-ZigBee-HA-Demo/ColorDimmableLight/Build/ScenesCommandHandler.o
LOAD c:/NXP/bstudio_nxp/workspace/JN-AN-1189-ZigBee-HA-Demo/ColorDimmableLight/Build/ScenesServerCommands.o
LOAD c:/NXP/bstudio_nxp/workspace/JN-AN-1189-ZigBee-HA-Demo/ColorDimmableLight/Build/ScenesTableManager.o
LOAD c:/NXP/bstudio_nxp/workspace/JN-AN-1189-ZigBee-HA-Demo/ColorDimmableLight/Build/TC.o
LOAD c:/NXP/bstudio_nxp/workspace/JN-AN-1189-ZigBee-HA-Demo/ColorDimmableLight/Build/Time.o
LOAD c:/NXP/bstudio_nxp/workspace/JN-AN-1189-ZigBee-HA-Demo/ColorDimmableLight/Build/FlowMeasurement.o
LOAD c:/NXP/bstudio_nxp/workspace/JN-AN-1189-ZigBee-HA-Demo/ColorDimmableLight/Build/IlluminanceLevelSensing.o
LOAD c:/NXP/bstudio_nxp/workspace/JN-AN-1189-ZigBee-HA-Demo/ColorDimmableLight/Build/IlluminanceMeasurement.o
LOAD c:/NXP/bstudio_nxp/workspace/JN-AN-1189-ZigBee-HA-Demo/ColorDimmableLight/Build/OccupancySensing.o
LOAD c:/NXP/bstudio_nxp/workspace/JN-AN-1189-ZigBee-HA-Demo/ColorDimmableLight/Build/PressureMeasurement.o
LOAD c:/NXP/bstudio_nxp/workspace/JN-AN-1189-ZigBee-HA-Demo/ColorDimmableLight/Build/RelativeHumidityMeasurement.o
LOAD c:/NXP/bstudio_nxp/workspace/JN-AN-1189-ZigBee-HA-Demo/ColorDimmableLight/Build/TemperatureMeasurement.o
LOAD c:/NXP/bstudio_nxp/workspace/JN-AN-1189-ZigBee-HA-Demo/ColorDimmableLight/Build/BallastConfiguration.o
LOAD c:/NXP/bstudio_nxp/workspace/JN-AN-1189-ZigBee-HA-Demo/ColorDimmableLight/Build/ColourControl.o
LOAD c:/NXP/bstudio_nxp/workspace/JN-AN-1189-ZigBee-HA-Demo/ColorDimmableLight/Build/ColourControlClientCommands.o
LOAD c:/NXP/bstudio_nxp/workspace/JN-AN-1189-ZigBee-HA-Demo/ColorDimmableLight/Build/ColourControlCommandHandler.o
LOAD c:/NXP/bstudio_nxp/workspace/JN-AN-1189-ZigBee-HA-Demo/ColorDimmableLight/Build/ColourControlConversions.o
LOAD c:/NXP/bstudio_nxp/workspace/JN-AN-1189-ZigBee-HA-Demo/ColorDimmableLight/Build/colour_dimmable_light.o
LOAD c:/NXP/bstudio_nxp/workspace/JN-AN-1189-ZigBee-HA-Demo/ColorDimmableLight/Build/colour_dimmer_switch.o
LOAD c:/NXP/bstudio_nxp/workspace/JN-AN-1189-ZigBee-HA-Demo/ColorDimmableLight/Build/dimmable_light.o
LOAD c:/NXP/bstudio_nxp/workspace/JN-AN-1189-ZigBee-HA-Demo/ColorDimmableLight/Build/dimmer_switch.o
LOAD c:/NXP/bstudio_nxp/workspace/JN-AN-1189-ZigBee-HA-Demo/ColorDimmableLight/Build/light_sensor.o
LOAD c:/NXP/bstudio_nxp/workspace/JN-AN-1189-ZigBee-HA-Demo/ColorDimmableLight/Build/occupancy_sensor.o
LOAD c:/NXP/bstudio_nxp/workspace/JN-AN-1189-ZigBee-HA-Demo/ColorDimmableLight/Build/on_off_light.o
LOAD c:/NXP/bstudio_nxp/workspace/JN-AN-1189-ZigBee-HA-Demo/ColorDimmableLight/Build/on_off_light_switch.o
LOAD c:/NXP/bstudio_nxp/workspace/JN-AN-1189-ZigBee-HA-Demo/ColorDimmableLight/Build/ha.o
LOAD c:/NXP/bstudio_nxp/workspace/JN-AN-1189-ZigBee-HA-Demo/ColorDimmableLight/Build/door_lock.o
LOAD c:/NXP/bstudio_nxp/workspace/JN-AN-1189-ZigBee-HA-Demo/ColorDimmableLight/Build/door_lock_controller.o
LOAD c:/NXP/bstudio_nxp/workspace/JN-AN-1189-ZigBee-HA-Demo/ColorDimmableLight/Build/mains_power_outlet.o
LOAD c:/NXP/bstudio_nxp/workspace/JN-AN-1189-ZigBee-HA-Demo/ColorDimmableLight/Build/on_off_output.o
LOAD c:/NXP/bstudio_nxp/workspace/JN-AN-1189-ZigBee-HA-Demo/ColorDimmableLight/Build/on_off_switch.o
LOAD c:/NXP/bstudio_nxp/workspace/JN-AN-1189-ZigBee-HA-Demo/ColorDimmableLight/Build/plug_control.o
LOAD c:/NXP/bstudio_nxp/workspace/JN-AN-1189-ZigBee-HA-Demo/ColorDimmableLight/Build/remote_control.o
LOAD c:/NXP/bstudio_nxp/workspace/JN-AN-1189-ZigBee-HA-Demo/ColorDimmableLight/Build/simple_sensor.o
LOAD c:/NXP/bstudio_nxp/workspace/JN-AN-1189-ZigBee-HA-Demo/ColorDimmableLight/Build/smart_plug.o
LOAD c:/NXP/bstudio_nxp/workspace/JN-AN-1189-ZigBee-HA-Demo/ColorDimmableLight/Build/DRLC.o
LOAD c:/NXP/bstudio_nxp/workspace/JN-AN-1189-ZigBee-HA-Demo/ColorDimmableLight/Build/DRLCCommandCanceAlllLoadControlEvents.o
LOAD c:/NXP/bstudio_nxp/workspace/JN-AN-1189-ZigBee-HA-Demo/ColorDimmableLight/Build/DRLCCommandCancelLoadControlEvent.o
LOAD c:/NXP/bstudio_nxp/workspace/JN-AN-1189-ZigBee-HA-Demo/ColorDimmableLight/Build/DRLCCommandGetScheduledEvents.o
LOAD c:/NXP/bstudio_nxp/workspace/JN-AN-1189-ZigBee-HA-Demo/ColorDimmableLight/Build/DRLCCommandHandler.o
LOAD c:/NXP/bstudio_nxp/workspace/JN-AN-1189-ZigBee-HA-Demo/ColorDimmableLight/Build/DRLCCommandLoadControlEvent.o
LOAD c:/NXP/bstudio_nxp/workspace/JN-AN-1189-ZigBee-HA-Demo/ColorDimmableLight/Build/DRLCCommandReportEventStatus.o
LOAD c:/NXP/bstudio_nxp/workspace/JN-AN-1189-ZigBee-HA-Demo/ColorDimmableLight/Build/DRLCCustomCommandResponsesClient.o
LOAD c:/NXP/bstudio_nxp/workspace/JN-AN-1189-ZigBee-HA-Demo/ColorDimmableLight/Build/DRLCCustomCommandResponsesServer.o
LOAD c:/NXP/bstudio_nxp/workspace/JN-AN-1189-ZigBee-HA-Demo/ColorDimmableLight/Build/DRLCEffectiveTime.o
LOAD c:/NXP/bstudio_nxp/workspace/JN-AN-1189-ZigBee-HA-Demo/ColorDimmableLight/Build/DRLCScheduler.o
LOAD c:/NXP/bstudio_nxp/workspace/JN-AN-1189-ZigBee-HA-Demo/ColorDimmableLight/Build/DRLCTableManagerNoMutex.o
LOAD c:/NXP/bstudio_nxp/workspace/JN-AN-1189-ZigBee-HA-Demo/ColorDimmableLight/Build/DRLCTableManagerServer.o
LOAD c:/NXP/bstudio_nxp/workspace/JN-AN-1189-ZigBee-HA-Demo/ColorDimmableLight/Build/DRLCUserEventOptInOut.o
LOAD c:/NXP/bstudio_nxp/workspace/JN-AN-1189-ZigBee-HA-Demo/ColorDimmableLight/Build/Price.o
LOAD c:/NXP/bstudio_nxp/workspace/JN-AN-1189-ZigBee-HA-Demo/ColorDimmableLight/Build/PriceBlockPeriodTableManager.o
LOAD c:/NXP/bstudio_nxp/workspace/JN-AN-1189-ZigBee-HA-Demo/ColorDimmableLight/Build/PriceCalorificValueTableManager.o
LOAD c:/NXP/bstudio_nxp/workspace/JN-AN-1189-ZigBee-HA-Demo/ColorDimmableLight/Build/PriceCommandGetBlockPeriod.o
LOAD c:/NXP/bstudio_nxp/workspace/JN-AN-1189-ZigBee-HA-Demo/ColorDimmableLight/Build/PriceCommandGetCalorificValue.o
LOAD c:/NXP/bstudio_nxp/workspace/JN-AN-1189-ZigBee-HA-Demo/ColorDimmableLight/Build/PriceCommandGetConversionFactor.o
LOAD c:/NXP/bstudio_nxp/workspace/JN-AN-1189-ZigBee-HA-Demo/ColorDimmableLight/Build/PriceCommandGetCurrentPrice.o
LOAD c:/NXP/bstudio_nxp/workspace/JN-AN-1189-ZigBee-HA-Demo/ColorDimmableLight/Build/PriceCommandGetScheduledPrices.o
LOAD c:/NXP/bstudio_nxp/workspace/JN-AN-1189-ZigBee-HA-Demo/ColorDimmableLight/Build/PriceCommandPriceAck.o
LOAD c:/NXP/bstudio_nxp/workspace/JN-AN-1189-ZigBee-HA-Demo/ColorDimmableLight/Build/PriceCommandPublishBlockPeriod.o
LOAD c:/NXP/bstudio_nxp/workspace/JN-AN-1189-ZigBee-HA-Demo/ColorDimmableLight/Build/PriceCommandPublishBlockPeriodReceive.o
LOAD c:/NXP/bstudio_nxp/workspace/JN-AN-1189-ZigBee-HA-Demo/ColorDimmableLight/Build/PriceCommandPublishCalorificValue.o
LOAD c:/NXP/bstudio_nxp/workspace/JN-AN-1189-ZigBee-HA-Demo/ColorDimmableLight/Build/PriceCommandPublishCalorificValueReceive.o
LOAD c:/NXP/bstudio_nxp/workspace/JN-AN-1189-ZigBee-HA-Demo/ColorDimmableLight/Build/PriceCommandPublishConversionFactor.o
LOAD c:/NXP/bstudio_nxp/workspace/JN-AN-1189-ZigBee-HA-Demo/ColorDimmableLight/Build/PriceCommandPublishConversionFactorReceive.o
LOAD c:/NXP/bstudio_nxp/workspace/JN-AN-1189-ZigBee-HA-Demo/ColorDimmableLight/Build/PriceCommandPublishPrice.o
LOAD c:/NXP/bstudio_nxp/workspace/JN-AN-1189-ZigBee-HA-Demo/ColorDimmableLight/Build/PriceCommandPublishPriceReceive.o
LOAD c:/NXP/bstudio_nxp/workspace/JN-AN-1189-ZigBee-HA-Demo/ColorDimmableLight/Build/PriceConversionFactorTableManager.o
LOAD c:/NXP/bstudio_nxp/workspace/JN-AN-1189-ZigBee-HA-Demo/ColorDimmableLight/Build/PriceCustomCommandHandler.o
LOAD c:/NXP/bstudio_nxp/workspace/JN-AN-1189-ZigBee-HA-Demo/ColorDimmableLight/Build/PriceCustomCommandResponses.o
LOAD c:/NXP/bstudio_nxp/workspace/JN-AN-1189-ZigBee-HA-Demo/ColorDimmableLight/Build/PriceScheduler.o
LOAD c:/NXP/bstudio_nxp/workspace/JN-AN-1189-ZigBee-HA-Demo/ColorDimmableLight/Build/PriceServerAttributeManager.o
LOAD c:/NXP/bstudio_nxp/workspace/JN-AN-1189-ZigBee-HA-Demo/ColorDimmableLight/Build/PriceTableManager.o
LOAD c:/NXP/bstudio_nxp/workspace/JN-AN-1189-ZigBee-HA-Demo/ColorDimmableLight/Build/SimpleMetering.o
LOAD c:/NXP/bstudio_nxp/workspace/JN-AN-1189-ZigBee-HA-Demo/ColorDimmableLight/Build/SimpleMeteringCommandHandler.o
LOAD c:/NXP/bstudio_nxp/workspace/JN-AN-1189-ZigBee-HA-Demo/ColorDimmableLight/Build/SimpleMetering_SendRequest.o
LOAD c:/NXP/bstudio_nxp/workspace/JN-AN-1189-ZigBee-HA-Demo/ColorDimmableLight/Build/dlist.o
LOAD c:/NXP/bstudio_nxp/workspace/JN-AN-1189-ZigBee-HA-Demo/ColorDimmableLight/Build/zcl.o
LOAD c:/NXP/bstudio_nxp/workspace/JN-AN-1189-ZigBee-HA-Demo/ColorDimmableLight/Build/zcl_CustomCommandReceive.o
LOAD c:/NXP/bstudio_nxp/workspace/JN-AN-1189-ZigBee-HA-Demo/ColorDimmableLight/Build/zcl_CustomCommandSend.o
LOAD c:/NXP/bstudio_nxp/workspace/JN-AN-1189-ZigBee-HA-Demo/ColorDimmableLight/Build/zcl_PDUbufferReadWrite.o
LOAD c:/NXP/bstudio_nxp/workspace/JN-AN-1189-ZigBee-HA-Demo/ColorDimmableLight/Build/zcl_PDUbufferReadWriteString.o
LOAD c:/NXP/bstudio_nxp/workspace/JN-AN-1189-ZigBee-HA-Demo/ColorDimmableLight/Build/zcl_WriteAttributesRequestHandle.o
LOAD c:/NXP/bstudio_nxp/workspace/JN-AN-1189-ZigBee-HA-Demo/ColorDimmableLight/Build/zcl_WriteAttributesRequestSend.o
LOAD c:/NXP/bstudio_nxp/workspace/JN-AN-1189-ZigBee-HA-Demo/ColorDimmableLight/Build/zcl_WriteAttributesResponseHandle.o
LOAD c:/NXP/bstudio_nxp/workspace/JN-AN-1189-ZigBee-HA-Demo/ColorDimmableLight/Build/zcl_attribute.o
LOAD c:/NXP/bstudio_nxp/workspace/JN-AN-1189-ZigBee-HA-Demo/ColorDimmableLight/Build/zcl_buffer.o
LOAD c:/NXP/bstudio_nxp/workspace/JN-AN-1189-ZigBee-HA-Demo/ColorDimmableLight/Build/zcl_clusterCommand.o
LOAD c:/NXP/bstudio_nxp/workspace/JN-AN-1189-ZigBee-HA-Demo/ColorDimmableLight/Build/zcl_command.o
LOAD c:/NXP/bstudio_nxp/workspace/JN-AN-1189-ZigBee-HA-Demo/ColorDimmableLight/Build/zcl_configureReportingCommandHandle.o
LOAD c:/NXP/bstudio_nxp/workspace/JN-AN-1189-ZigBee-HA-Demo/ColorDimmableLight/Build/zcl_configureReportingCommandSend.o
LOAD c:/NXP/bstudio_nxp/workspace/JN-AN-1189-ZigBee-HA-Demo/ColorDimmableLight/Build/zcl_configureReportingResponseHandle.o
LOAD c:/NXP/bstudio_nxp/workspace/JN-AN-1189-ZigBee-HA-Demo/ColorDimmableLight/Build/zcl_defaultResponse.o
LOAD c:/NXP/bstudio_nxp/workspace/JN-AN-1189-ZigBee-HA-Demo/ColorDimmableLight/Build/zcl_discoverAttributesExtendedRequestHandle.o
LOAD c:/NXP/bstudio_nxp/workspace/JN-AN-1189-ZigBee-HA-Demo/ColorDimmableLight/Build/zcl_discoverAttributesExtendedRequestSend.o
LOAD c:/NXP/bstudio_nxp/workspace/JN-AN-1189-ZigBee-HA-Demo/ColorDimmableLight/Build/zcl_discoverAttributesExtendedResponseHandle.o
LOAD c:/NXP/bstudio_nxp/workspace/JN-AN-1189-ZigBee-HA-Demo/ColorDimmableLight/Build/zcl_discoverAttributesRequestHandle.o
LOAD c:/NXP/bstudio_nxp/workspace/JN-AN-1189-ZigBee-HA-Demo/ColorDimmableLight/Build/zcl_discoverAttributesRequestSend.o
LOAD c:/NXP/bstudio_nxp/workspace/JN-AN-1189-ZigBee-HA-Demo/ColorDimmableLight/Build/zcl_discoverAttributesResponseHandle.o
LOAD c:/NXP/bstudio_nxp/workspace/JN-AN-1189-ZigBee-HA-Demo/ColorDimmableLight/Build/zcl_discoverCommandsRequestHandle.o
LOAD c:/NXP/bstudio_nxp/workspace/JN-AN-1189-ZigBee-HA-Demo/ColorDimmableLight/Build/zcl_discoverCommandsRequestSend.o
LOAD c:/NXP/bstudio_nxp/workspace/JN-AN-1189-ZigBee-HA-Demo/ColorDimmableLight/Build/zcl_discoverCommandsResponseHandle.o
LOAD c:/NXP/bstudio_nxp/workspace/JN-AN-1189-ZigBee-HA-Demo/ColorDimmableLight/Build/zcl_event.o
LOAD c:/NXP/bstudio_nxp/workspace/JN-AN-1189-ZigBee-HA-Demo/ColorDimmableLight/Build/zcl_heap.o
LOAD c:/NXP/bstudio_nxp/workspace/JN-AN-1189-ZigBee-HA-Demo/ColorDimmableLight/Build/zcl_library_options.o
LOAD c:/NXP/bstudio_nxp/workspace/JN-AN-1189-ZigBee-HA-Demo/ColorDimmableLight/Build/zcl_readAttributesRequestHandle.o
LOAD c:/NXP/bstudio_nxp/workspace/JN-AN-1189-ZigBee-HA-Demo/ColorDimmableLight/Build/zcl_readAttributesRequestSend.o
LOAD c:/NXP/bstudio_nxp/workspace/JN-AN-1189-ZigBee-HA-Demo/ColorDimmableLight/Build/zcl_readAttributesResponseHandle.o
LOAD c:/NXP/bstudio_nxp/workspace/JN-AN-1189-ZigBee-HA-Demo/ColorDimmableLight/Build/zcl_readReportingConfigurationCommandHandle.o
LOAD c:/NXP/bstudio_nxp/workspace/JN-AN-1189-ZigBee-HA-Demo/ColorDimmableLight/Build/zcl_readReportingConfigurationCommandSend.o
LOAD c:/NXP/bstudio_nxp/workspace/JN-AN-1189-ZigBee-HA-Demo/ColorDimmableLight/Build/zcl_readReportingConfigurationResponseHandle.o
LOAD c:/NXP/bstudio_nxp/workspace/JN-AN-1189-ZigBee-HA-Demo/ColorDimmableLight/Build/zcl_reportManager.o
LOAD c:/NXP/bstudio_nxp/workspace/JN-AN-1189-ZigBee-HA-Demo/ColorDimmableLight/Build/zcl_reportMaths.o
LOAD c:/NXP/bstudio_nxp/workspace/JN-AN-1189-ZigBee-HA-Demo/ColorDimmableLight/Build/zcl_reportScheduler.o
LOAD c:/NXP/bstudio_nxp/workspace/JN-AN-1189-ZigBee-HA-Demo/ColorDimmableLight/Build/zcl_reportStringHandling.o
LOAD c:/NXP/bstudio_nxp/workspace/JN-AN-1189-ZigBee-HA-Demo/ColorDimmableLight/Build/zcl_reportStructure.o
LOAD c:/NXP/bstudio_nxp/workspace/JN-AN-1189-ZigBee-HA-Demo/ColorDimmableLight/Build/zcl_search.o
LOAD c:/NXP/bstudio_nxp/workspace/JN-AN-1189-ZigBee-HA-Demo/ColorDimmableLight/Build/zcl_timer.o
LOAD c:/NXP/bstudio_nxp/workspace/JN-AN-1189-ZigBee-HA-Demo/ColorDimmableLight/Build/zcl_transmit.o
LOAD c:/NXP/bstudio_nxp/sdk/JN-SW-4168/Components/Library\libZPSMAC_Mini_JN516x.a
LOAD c:/NXP/bstudio_nxp/sdk/JN-SW-4168/Components/Library\libOS_JN516x.a
LOAD c:/NXP/bstudio_nxp/sdk/JN-SW-4168/Components/Library\libPWRM_JN516x.a
LOAD c:/NXP/bstudio_nxp/sdk/JN-SW-4168/Components/Library\libZPSTSV_JN516x.a
LOAD c:/NXP/bstudio_nxp/sdk/JN-SW-4168/Components/Library\libAES_SW_JN516x.a
LOAD c:/NXP/bstudio_nxp/sdk/JN-SW-4168/Components/Library\libPDUM_JN516x.a
LOAD c:/NXP/bstudio_nxp/sdk/JN-SW-4168/Components/Library\libZPSAPL_JN516x.a
LOAD c:/NXP/bstudio_nxp/sdk/JN-SW-4168/Components/Library\libRandom_JN516x.a
LOAD c:/NXP/bstudio_nxp/sdk/JN-SW-4168/Components/Library\libPDM_EEPROM_JN516x.a
LOAD c:/NXP/bstudio_nxp/sdk/JN-SW-4168/Components/Library\libDBG_JN516x.a
LOAD c:/NXP/bstudio_nxp/sdk/JN-SW-4168/Components/Library\libZPSNWK_JN516x.a
LOAD c:/NXP/bstudio_nxp/sdk/JN-SW-4168/Components/Library\libRecal_JN516x.a
LOAD c:/NXP/bstudio_nxp/sdk/JN-SW-4168/Components/Library\libMiniMac_JN516x.a
LOAD c:/NXP/bstudio_nxp/sdk/JN-SW-4168/Components/Library\libMiniMacShim_JN516x.a
LOAD c:/NXP/bstudio_nxp/sdk/JN-SW-4168/Components/Library\libMMAC_JN516x.a
LOAD c:/NXP/bstudio_nxp/sdk/JN-SW-4168/Components/Library\libAes_JN516x.a
LOAD c:/NXP/bstudio_nxp/sdk/JN-SW-4168/Components/Library\libHardwareApi_JN516x.a
LOAD c:/NXP/bstudio_nxp/sdk/JN-SW-4168/Components/Library\libMicroSpecific_JN516x.a
LOAD c:/NXP/bstudio_nxp/sdk/JN-SW-4168/Components/Library\libBoot_JN516x.a
LOAD c:/NXP/bstudio_nxp/sdk/JN-SW-4168/Platform/DK4/Library\libBoardLib_JN516x.a
LOAD c:/nxp/bstudio_nxp/sdk/tools/ba-elf-ba2-r36379/bin/../lib/gcc/ba-elf/4.7.4/../../../../ba-elf/lib/mcpu_jn51xx_sizeopt\libm.a
END GROUP
LOAD c:/nxp/bstudio_nxp/sdk/tools/ba-elf-ba2-r36379/bin/../lib/gcc/ba-elf/4.7.4/../../../../ba-elf/lib/mcpu_jn51xx_sizeopt\libc.a
LOAD c:/nxp/bstudio_nxp/sdk/tools/ba-elf-ba2-r36379/bin/../lib/gcc/ba-elf/4.7.4/mcpu_jn51xx_sizeopt\libgcc.a
LOAD c:/nxp/bstudio_nxp/sdk/tools/ba-elf-ba2-r36379/bin/../lib/gcc/ba-elf/4.7.4/../../../../ba-elf/lib/mcpu_jn51xx_sizeopt\libc.a
                0x0000000000080038                _exception_vsr_table = 0x80038
                0x0000000004000000                pSPIflashFncTable = 0x4000000
                0x0000000000000044                restore_state = 0x44
                0x000000000000004a                bZSPIWaitWIPClear = 0x4a
                0x0000000000000050                u16ZSPIflashRDID = 0x50
                0x0000000000000056                u8SelectFlashChipType = 0x56
                0x000000000000005c                memcpy = 0x5c
                0x0000000000000066                vBootFlashProg = 0x66
                [0x00000000000007d0]                __minimum_heap_size = DEFINED (__minimum_heap_size)?__minimum_heap_size:0xd16
                [0x0000000000001770]                __stack_size = DEFINED (__stack_size)?__stack_size:0x800
                0x0000000000000000                _SwConfig = (DEFINED (g_bSWConf_Debug) | (DEFINED (g_bSWConf_AltDebugPort) << 0x1))

.version        0x000000000007fffc        0x4
                0x000000000007fffc        0x4 LONG 0x7030008

.bir            0x0000000000080000       0x10
                0x0000000000080000                _flash_start = ABSOLUTE (.)
                0x0000000000080000                _flash_beg = ABSOLUTE (.)
                0x0000000000080000        0x4 LONG 0x12345678
                0x0000000000080004        0x4 LONG 0x11223344
                0x0000000000080008        0x4 LONG 0x55667788
                0x000000000008000c        0x1 BYTE 0x8
                0x000000000008000d        0x1 BYTE 0x1
                0x000000000008000e        0x2 SHORT 0x0

.flashheader    0x0000000000080010       0x28
                0x0000000000080010        0x4 LONG 0x0
                0x0000000000080014        0x4 LONG 0x0
                0x0000000000080018        0x4 LONG 0x0
                0x000000000008001c        0x2 SHORT 0x0
                0x000000000008001e        0x2 SHORT 0x0 ABSOLUTE (_SwConfig)
                0x0000000000080020                _enc_start = ABSOLUTE (.)
                0x0000000000080020        0x4 LONG 0x261f8 ABSOLUTE (_image_len)
                0x0000000000080024        0x4 LONG 0xa58e0 ABSOLUTE (_flash_data_start)
                0x0000000000080028        0x2 SHORT 0x13 ((ABSOLUTE (_ram_data_start) / 0x4) & 0xffff)
                0x000000000008002a        0x2 SHORT 0x246 ((ABSOLUTE (_ram_data_len) / 0x4) & 0xffff)
                0x000000000008002c        0x2 SHORT 0x259 ((ABSOLUTE (_bss_start) / 0x4) & 0xffff)
                0x000000000008002e        0x2 SHORT 0xf1d ((ABSOLUTE (_bss_len) / 0x4) & 0xffff)
                0x0000000000080030        0x4 LONG 0xa0d72 ABSOLUTE (AppWarmStart)
                0x0000000000080034        0x4 LONG 0xa0d8c ABSOLUTE (AppColdStart)
                0x0000000000000000                _enc_offset = (_enc_start & 0xf)

.ro_mac_address
                0x0000000000080040        0x0
                0x0000000000080040                _FlsMACAddress = ABSOLUTE (.)
 *(.ro_mac_address)
                0x0000000000080040                . = ALIGN (0x10)

.ro_ota_header  0x0000000000080040        0x0
                0x0000000000080040                _FlsOtaHeader = ABSOLUTE (.)
 *(.ro_ota_header)
                0x0000000000080040                . = ALIGN (0x10)

.ro_se_lnkKey   0x0000000000080040        0x0
                0x0000000000080040                _FlsLinkKey = ABSOLUTE (.)
 *(.ro_se_lnkKey)
                0x0000000000080040                . = ALIGN (0x10)

.rodata         0x0000000000080038      0xb39
 *(.rodata*)
 .rodata        0x0000000000080038       0x2c C:\Users\I24375~1\AppData\Local\Temp\ccZoO4ac.ltrans1.ltrans.o
 .rodata.str1.1
                0x0000000000080064        0x5 C:\Users\I24375~1\AppData\Local\Temp\ccZoO4ac.ltrans2.ltrans.o
                                          0x8 (size before relaxing)
 *fill*         0x0000000000080069        0x3 00
 .rodata        0x000000000008006c       0x10 C:\Users\I24375~1\AppData\Local\Temp\ccZoO4ac.ltrans2.ltrans.o
 .rodata.str1.1
                0x0000000000000000        0x5 C:\Users\I24375~1\AppData\Local\Temp\ccZoO4ac.ltrans3.ltrans.o
                                          0x8 (size before relaxing)
 .rodata        0x000000000008007c        0xe C:\Users\I24375~1\AppData\Local\Temp\ccZoO4ac.ltrans3.ltrans.o
 .rodata.str1.1
                0x0000000000000000        0x5 C:\Users\I24375~1\AppData\Local\Temp\ccZoO4ac.ltrans5.ltrans.o
                                          0xb (size before relaxing)
 .rodata        0x000000000008008a        0x6 C:\Users\I24375~1\AppData\Local\Temp\ccZoO4ac.ltrans5.ltrans.o
 .rodata        0x0000000000080090       0x10 C:\Users\I24375~1\AppData\Local\Temp\ccZoO4ac.ltrans6.ltrans.o
                0x0000000000080098                au32UartAddrOffset
 .rodata.str1.1
                0x00000000000800a0        0x3 C:\Users\I24375~1\AppData\Local\Temp\ccZoO4ac.ltrans6.ltrans.o
 .rodata.str1.1
                0x00000000000800a3       0x11 C:\Users\I24375~1\AppData\Local\Temp\ccZoO4ac.ltrans8.ltrans.o
                                         0x14 (size before relaxing)
 .rodata.str1.1
                0x00000000000800b4        0x6 C:\Users\I24375~1\AppData\Local\Temp\ccZoO4ac.ltrans9.ltrans.o
 *fill*         0x00000000000800ba        0x2 00
 .rodata        0x00000000000800bc       0x18 C:\Users\I24375~1\AppData\Local\Temp\ccZoO4ac.ltrans9.ltrans.o
                0x00000000000800bc                au32NwkPdmRecordOffsets
 .rodata.str1.1
                0x00000000000800d4        0x5 C:\Users\I24375~1\AppData\Local\Temp\ccZoO4ac.ltrans10.ltrans.o
                                         0x17 (size before relaxing)
 .rodata.str1.1
                0x00000000000800d9        0x7 C:\Users\I24375~1\AppData\Local\Temp\ccZoO4ac.ltrans11.ltrans.o
                                         0x10 (size before relaxing)
 .rodata.str1.1
                0x0000000000000000        0x7 C:\Users\I24375~1\AppData\Local\Temp\ccZoO4ac.ltrans12.ltrans.o
                                          0xa (size before relaxing)
 .rodata        0x00000000000800e0       0x88 C:\Users\I24375~1\AppData\Local\Temp\ccZoO4ac.ltrans12.ltrans.o
                0x00000000000800e0                g_u32NwkFcSaveCountBitShift
 .rodata.str1.1
                0x0000000000080168        0xa C:\Users\I24375~1\AppData\Local\Temp\ccZoO4ac.ltrans13.ltrans.o
                                         0x19 (size before relaxing)
 .rodata.str1.1
                0x0000000000080172       0x17 C:\Users\I24375~1\AppData\Local\Temp\ccZoO4ac.ltrans14.ltrans.o
 *fill*         0x0000000000080189        0x3 00
 .rodata        0x000000000008018c      0x118 C:\Users\I24375~1\AppData\Local\Temp\ccZoO4ac.ltrans14.ltrans.o
                0x000000000008018c                gu32ZCLVersion
                0x0000000000080190                OS_g_u32Version
                0x0000000000080194                PDUM_g_u32Version
                0x0000000000080198                ZPS_g_u32MacVersion
                0x000000000008019c                ZPS_g_u32TsvVersion
 .rodata.str1.1
                0x00000000000802a4        0x7 C:\Users\I24375~1\AppData\Local\Temp\ccZoO4ac.ltrans15.ltrans.o
                                         0x19 (size before relaxing)
 .rodata.str1.1
                0x00000000000802ab       0x40 C:\Users\I24375~1\AppData\Local\Temp\ccZoO4ac.ltrans17.ltrans.o
                                         0x73 (size before relaxing)
 .rodata        0x00000000000802eb        0x8 C:\Users\I24375~1\AppData\Local\Temp\ccZoO4ac.ltrans18.ltrans.o
 *fill*         0x00000000000802f3        0x1 00
 .rodata        0x00000000000802f4       0x18 C:\Users\I24375~1\AppData\Local\Temp\ccZoO4ac.ltrans19.ltrans.o
                0x0000000000080304                pu64NewMacOverrideMyAddressLocation
                0x0000000000080308                g_bReverToOldParent
 .rodata.str1.1
                0x000000000008030c       0x10 C:\Users\I24375~1\AppData\Local\Temp\ccZoO4ac.ltrans21.ltrans.o
                                         0x2f (size before relaxing)
 .rodata        0x000000000008031c      0x120 C:\Users\I24375~1\AppData\Local\Temp\ccZoO4ac.ltrans21.ltrans.o
 .rodata        0x000000000008043c       0x94 C:\Users\I24375~1\AppData\Local\Temp\ccZoO4ac.ltrans25.ltrans.o
                0x0000000000080444                s_apsStSceTbl.148293
                0x0000000000080458                bRxOnOptimisationTurnedOff
                0x000000000008045c                zps_sJoinSceTbl
                0x0000000000080468                zps_sActvSceTbl
 .rodata.str1.1
                0x00000000000804d0       0xd5 C:\Users\I24375~1\AppData\Local\Temp\ccZoO4ac.ltrans26.ltrans.o
 .rodata.str1.1
                0x00000000000805a5       0x14 C:\Users\I24375~1\AppData\Local\Temp\ccZoO4ac.ltrans27.ltrans.o
                                         0x35 (size before relaxing)
 .rodata.str1.1
                0x00000000000805b9       0xbb C:\Users\I24375~1\AppData\Local\Temp\ccZoO4ac.ltrans28.ltrans.o
 .rodata        0x0000000000080674      0x3f8 C:\Users\I24375~1\AppData\Local\Temp\ccZoO4ac.ltrans28.ltrans.o
                0x0000000000080674                zps_g_pvApl
                0x0000000000080678                au32TimerBaseAddress
 .rodata        0x0000000000080a6c      0x100 C:\Users\I24375~1\AppData\Local\Temp\ccZoO4ac.ltrans30.ltrans.o
 .rodata.str1.1
                0x0000000000080b6c        0x5 C:\Users\I24375~1\AppData\Local\Temp\ccZoO4ac.ltrans31.ltrans.o
                                          0x9 (size before relaxing)

.text           0x0000000000080b74    0x24d6c
 *(.text*)
 .text          0x0000000000080b74     0x1b9c C:\Users\I24375~1\AppData\Local\Temp\ccZoO4ac.ltrans1.ltrans.o
                0x0000000000080b74                os_u32APP_cbGetTickTimer
                0x0000000000080b7d                os_bAPP_cbSetTickTimerCompare
                0x0000000000080bd9                DBG_iUartGetChar
                0x0000000000080c8d                vMMAC_IntHandlerBbc
                0x0000000000080d13                u16PDM_CalculateRecordChecksum
                0x0000000000080db6                u16ZCL_ReadTypeNBO
                0x0000000000080e6b                bSMBusWait.168139
                0x0000000000080ea5                ZPS_eTsvOpen
                0x0000000000080ec2                vZdoServersInit.2824
                0x0000000000081028                vDisplayAddressMapTable
                0x0000000000081042                vDisplayNT
                0x000000000008105c                sEZ_GetDiscEntry.11089
                0x000000000008109d                u8PDM_CalculateLargestDataRecordStored
                0x00000000000810ce                eCLD_GroupsCheckGroupExists
                0x000000000008113b                ZPS_bIsMacAddressUsedInApsTable
                0x00000000000811f1                zps_vNwkBttMgrInit
                0x000000000008121f                ZPS_vNwkNibClearTables
                0x0000000000081344                PDUM_vInit
                0x00000000000813ff                vMicroIntEnableOnly.constprop.148
                0x000000000008142b                vMiniMac_MLME_SetReq_PanId
                0x0000000000081468                vMiniMac_MLME_SetReq_ShortAddr
                0x0000000000081476                ZPS_vGetDeviceCurrentData.constprop.128
                0x00000000000814f5                pvZCL_HeapAlloc.part.0.69150.constprop.127
                0x000000000008152f                vZCL_InitializeClusterInstance.constprop.118
                0x0000000000081540                vACI_OptimisedCcmStar.constprop.56
                0x000000000008172c                zps_eNwkRtDiscMatch.constprop.53
                0x000000000008177f                psDLISTsearchFromHead
                0x00000000000817a8                eCLD_ScenesFindScene
                0x00000000000817f6                eCLD_ColourControl_xyY2HSV.constprop.28
                0x00000000000819bc                vCLD_ColourControl_xyY2CCT.constprop.27
                0x0000000000081a6d                eCLD_ColourControl_HSV2xyY.constprop.26
                0x0000000000081d83                eCLD_ColourControlHandleColourModeChange
                0x0000000000081e29                vMiniMac_ReturnTxBufferCallback
                0x0000000000081e3b                bEnableReceive.165244
                0x0000000000081e79                pvHeap_Alloc
                0x0000000000081e7c                vMicroIntRestoreState
                0x0000000000081e88                TSV_eStart
                0x0000000000081ed8                bAHI_WriteEEPROMfixSegmentData
                0x0000000000081f36                bAHI_InitialiseEEPROM
                0x0000000000081f7e                vAHI_ReadDataFromEEPROMregister
                0x0000000000081fab                vAHI_WriteDataIntoEEPROMregister
                0x0000000000081fdb                iAHI_WriteDataIntoEEPROMsegment.constprop.132
                0x0000000000082029                iPDM_WriteSegmentHeaderDataIntoEEPROMsegment
                0x0000000000082058                u8AHI_WakeTimerFiredStatus
                0x000000000008206c                vAHI_WakeTimerStop.part.3.167487
                0x000000000008208c                vAHI_UartReset.part.4.167241
                0x00000000000820c4                u8AHI_TimerFired.part.9.167054
                0x00000000000820df                vAHI_ClockXtalPull
                0x00000000000820fc                vAHI_OptimiseWaitStates
                0x0000000000082148                bAHI_GetClkSource
                0x0000000000082155                vAHI_CpuDoze
                0x0000000000082168                vAHI_SwReset
                0x0000000000082199                vAHI_AdcStartSample
                0x00000000000821f6                bAHI_APRegulatorEnabled
                0x0000000000082203                vAHI_ApConfigure.part.0.166725.constprop.150
                0x0000000000082231                bIssueACIcommand
                0x0000000000082493                vTransformKey.isra.0.86464
                0x00000000000824c3                MAC_u64GetExtAddr
                0x00000000000824de                bHandleZdoLeaveRequest.6003
                0x000000000008253a                ZPS_u64NwkNibFindExtAddr
                0x00000000000825e0                eCLD_ScenesSetLastConfiguredBy.isra.1.25586
                0x0000000000082617                ZPS_u16NwkNibFindNwkAddr
                0x00000000000826b8                psSearchForFrameToSend
 .text          0x0000000000082710     0x19c1 C:\Users\I24375~1\AppData\Local\Temp\ccZoO4ac.ltrans2.ltrans.o
                0x0000000000082710                DBG_vUartFlush
                0x000000000008273d                DBG_vUartPutch
                0x0000000000082783                boIdValueSearchMatch.142899
                0x00000000000827dd                vMMAC_RadioToOffAndWait
                0x00000000000827fa                vStartReceive
                0x0000000000082816                vSetChannelAndPower
                0x00000000000829d2                vMiniMac_NextTransaction
                0x0000000000082a3c                eTransmit
                0x0000000000082b47                vMiniMac_TxComplete
                0x0000000000082c38                vTimerFired
                0x0000000000082d07                vMiniMac_Init
                0x0000000000083070                eCLD_ScenesSaveClusters.constprop.29
                0x0000000000083212                vDispatch.77661
                0x00000000000832e4                OS_eStartSWTimer.constprop.152
                0x0000000000083403                OS_eContinueSWTimer.constprop.30
                0x00000000000834fc                OS_eStopSWTimer
                0x000000000008361f                vStartStopTimer
                0x000000000008364a                os_vAPP_RadioRecal
                0x0000000000083705                OS_ePostMessage
                0x000000000008386b                OS_eExitCriticalSection
                0x0000000000083950                OS_eActivateTask
                0x00000000000839eb                vPostMlmeDcfmInd.98178
                0x0000000000083a8e                u16ZCL_APduInstanceWriteNBO
                0x0000000000083ae2                u16ZCL_WriteCommandHeader
                0x0000000000083b5a                u16ZCL_APduInstanceReadNBO
                0x0000000000083bab                u16ZCL_ReadCommandHeader.part.0.61756
                0x0000000000083c22                u16ZCL_APduInstanceWriteStringNBO
                0x0000000000083ce9                u16ZCL_WriteAttributeValueIntoBuffer
                0x0000000000083d5b                u16ZCL_APduInstanceReadStringNBO.part.3.58990
                0x0000000000083e34                eZCL_GetAttributeTypeSizeFromBuffer
                0x0000000000083eab                u16ZCL_GetTxPayloadSize
                0x0000000000083ee3                u8ZdoBindUnbindServerUnpackApdu
                0x0000000000083f32                iPDM_ReadSegmentHeaderDataFromEEPROMsegment
                0x0000000000083f8b                iPDM_ReadUserDataFromEEPROMsegment
                0x0000000000084005                iPDM_ReCalculateWearCountAndChecksumAndWriteFileSystemHeader
                0x000000000008404f                vPDM_SetEEPROMandFileSystemValidState
                0x0000000000084076                iPDM_ReadUserDataFromFileSystemRecord
                0x0000000000084096                vPDM_WriteFileSystemRecordAndSegmentDataIntoEEPROMsegment
 .text          0x00000000000840d1     0x1f50 C:\Users\I24375~1\AppData\Local\Temp\ccZoO4ac.ltrans3.ltrans.o
                0x00000000000840d1                eBasicTxCompleteHandler
                0x00000000000840d6                vTxRxTimeout.165242
                0x0000000000084133                eSmeAcScBeaconInd.156392
                0x0000000000084199                eSmeASFlBeaconInd.156227
                0x00000000000841bb                eSmeUDNTScanDcfm.155677
                0x00000000000841d7                vPermitJoinHandleExpiry.151221
                0x00000000000841e0                vNwkMcpsTimerCallback
                0x00000000000841fa                zps_eSceGenlIllegal
                0x0000000000084201                zps_eSmeGenlIllegal
                0x0000000000084208                DBG_vUartFailedAssert
                0x000000000008420c                psGetVsMcpsBuf.98182
                0x0000000000084215                psGetMlmeBuf.98175
                0x000000000008425c                psGetNlmeBuf.80896
                0x0000000000084266                psGetNldeBuf.80917
                0x0000000000084270                psGetApsmeBuf.80903
                0x0000000000084279                psGetApsdeBuf.80910
                0x000000000008427f                vLoopbackTimerCallback
                0x00000000000842ae                eMiniMac_FrameInProgress
                0x00000000000842d9                vRemoveFromTxQueue
                0x0000000000084315                vAddToTxQueue
                0x000000000008434b                u8GetHeaderSize
                0x0000000000084373                vMiniMac_MLME_SetReq_MaxCsmaBackoffs
                0x0000000000084393                vMiniMac_MLME_SetReq_MaxBe
                0x00000000000843b6                vMiniMac_MLME_SetReq_MinBe
                0x00000000000843d9                zps_eNwkFormStInit
                0x00000000000843ee                bCheckMatchingEntry.156387
                0x0000000000084414                zps_psNwkSlistRemoveFromHead
                0x000000000008442b                zps_psNwkSlistRemove
                0x0000000000084463                zps_bNwkMcpsMgrRemoveDescrFromLists
                0x00000000000844a1                zps_vNwkSlistAddToTail
                0x00000000000844bb                ZPS_bNwkSecHaveNetworkKey
                0x00000000000844ef                ZPS_bNwkSecFindMatSet
                0x000000000008452b                zps_eNwkRctMatchNwkAddr
                0x0000000000084595                ZPS_u8NwkCalcNldeReqOverhead
                0x00000000000845d0                zps_vRemoveNextHop
                0x0000000000084685                zps_vRemoveRoute
                0x000000000008471c                zps_psNwkRtMatchNwkAddr
                0x0000000000084792                ZPS_u8NwkNibNtDiscMatch
                0x000000000008484e                zps_vNwkFreeMcpsHandle
                0x0000000000084878                ZPS_u64NwkNibGetMappedIeeeAddr
                0x000000000008489a                ZPS_vNwkSecResetDevice
                0x00000000000848df                ZPS_bNwkNibNtActvMatch
                0x000000000008498e                bCheckNwkAddr
                0x00000000000849d7                ZPS_vSetExtendedStatus
                0x00000000000849e9                zps_eNwkRtMatch
                0x0000000000084af6                zps_psApsApsAllocateDcfmRecord
                0x0000000000084b64                zps_u8CalcLinkCost
                0x0000000000084ba0                zps_u64NwkLibFromPayload
                0x0000000000084d3d                eSmeAcScBeaconInd.156235
                0x0000000000084e45                eSmeUDNTBeaconInd.156211
                0x0000000000084e68                zps_vNwkLibU64ToPayload
                0x0000000000084e95                zps_vInitBeaconPayload
                0x0000000000084f11                zps_eNwkDcfmIndPost
                0x0000000000084f34                zps_psNwkDcfmIndGetBuf
                0x0000000000084f56                zps_eNwkHandleSmePollDcfm
                0x0000000000084f80                eLeaveDataDcfmRemoteLeave.160977
                0x0000000000084fc9                vSendDcfm.156913
                0x0000000000084fed                eSmeEdScScanDcfm.156215
                0x0000000000085036                eSmeGenlScanDcfm.156219
                0x0000000000085094                eRouteRequestDataDcfm.152397
                0x00000000000850e8                eNldeDataDcfm.150227
                0x0000000000085118                zps_vSendNwkStatusInd
                0x0000000000085149                DBG_vInit
                0x000000000008518b                vPDM_ReadBitmapHeader.143756
                0x00000000000851aa                psSLISTsearch
                0x00000000000851ea                psSLISTremove
                0x0000000000085268                vSLISTaddToTail
                0x0000000000085287                psSLISTgetNext
                0x00000000000852ab                bPDM_ImageBitmapRepairCheck
                0x00000000000852d3                u8PDM_ReadSequenceNumber
                0x00000000000852f6                boSegmentNumberDeleteSearchMatch.143326
                0x0000000000085311                u8PDM_ReadSegmentDataSize
                0x0000000000085325                iPDM_FilterDuplicateAppendedSegmentsOnList.144071
                0x0000000000085369                u32PDM_ReadFileSystemHeaderWearCount
                0x000000000008537f                boSearchForWearCountSubstitute.143642
                0x00000000000853a5                boSearchForWearCountInsertPoint.142895
                0x00000000000853c3                vPDM_WriteFileSystemHeaderWearCount
                0x00000000000853d5                RND_u32GetRand256
                0x00000000000853f2                RND_u32GetRand
                0x0000000000085419                u16CalculateFailedTxCount.116217
                0x0000000000085443                vZdoIeeeAddrServerSendExtendResponse.part.0.102014
                0x00000000000854a4                vZdoNwkAddrServerSendExtendResponse.part.0.100834
                0x0000000000085505                zps_bAplZdoServerHandleConfirmAcks
                0x000000000008554f                zps_bPerformLeaveActionDecider
                0x0000000000085567                vHandleUpdateDeviceIndication.89986
                0x0000000000085591                u32GetScanChannels.89973
                0x00000000000855bc                bDuplicateCheck.86342
                0x00000000000856c9                zps_vAplApsInitDuplicateTable
                0x00000000000856ec                eHandleRemoveNonBroadcastEndpointsFromGroup.84970
                0x0000000000085764                eHandleAddEntryToGroupTable.84933
                0x00000000000857c0                bIsBindTableMatch.84910
                0x0000000000085811                eRemoveEntryInBindingTable.84938
                0x0000000000085890                zps_vAplApsInitFragTransmitPool
                0x00000000000858b1                zps_vAplApsFillAndPostApsAck
                0x000000000008591b                zps_u8AplApsFreeMsgHandle
                0x0000000000085985                zps_vAplApsInitSyncMsgPool
                0x00000000000859bd                zps_vAplApsInitFragReceivePool
                0x00000000000859e0                vFillDataIndStruct.80759
                0x0000000000085a3e                vFillApduErrorEvent.80752
                0x0000000000085a81                bCheckProfile.80747
                0x0000000000085abf                ZPS_bIsGroupPresent
                0x0000000000085af7                PDUM_u16APduInstanceWriteStrNBO
                0x0000000000085c76                pdum_u16ReadNBO
                0x0000000000085dd7                PDUM_eNPduReadHeaderNBO
                0x0000000000085e2a                PDUM_u16APduInstanceReadNBO
                0x0000000000085e74                PDUM_eNPduPrependHeaderNBO
                0x0000000000085ecf                zps_psFormatCmdFrameGeneral
                0x0000000000085f5a                PDUM_eNPduAppendDataNBO
                0x0000000000085fb7                PDUM_u16APduInstanceWriteNBO
 *fill*         0x0000000000086021        0x3 00
 .text          0x0000000000086024     0x1520 C:\Users\I24375~1\AppData\Local\Temp\ccZoO4ac.ltrans4.ltrans.o
                0x0000000000086024                vZCL_EventHandler
 .text          0x0000000000087544     0x1929 C:\Users\I24375~1\AppData\Local\Temp\ccZoO4ac.ltrans5.ltrans.o
                0x0000000000087800                zps_bAplZdoMatchDescServer
                0x0000000000087814                zps_bAplZdoNodeDescServer
                0x0000000000087980                zps_bAplZdoPowerDescServer
                0x0000000000087a9d                zps_bAplZdoActiveEpServer
                0x0000000000087b86                zps_bAplZdoSystemServerDiscoveryServer
                0x0000000000087c0f                zps_bAplZdoMgmtLqiServer
                0x0000000000087e3b                zps_bAplZdoIeeeAddrServer
                0x0000000000087f94                zps_bAplZdoSimpleDescServer
                0x00000000000881f5                ZPS_bSecEncrypt
                0x00000000000883ab                PDUM_eNPduAllocate
                0x000000000008841a                zps_u8AplApsConstructAndPostLoopBackDataInd.83511
                0x0000000000088553                u8PostUnicastMsgToNHLE.83519
                0x000000000008858c                PDUM_eNPduClone
                0x00000000000885d8                PDUM_eNPduFree
                0x0000000000088645                vPostVsMcpsDcfmInd.98185
                0x000000000008872e                zps_vNwkMcpsMgrFreeReqDescr
                0x0000000000088760                zps_psAllocateAndFormatMacHdr
                0x0000000000088a63                zps_psNwkInitCmdFrame
                0x0000000000088ae2                eSendLinkStatusDataDcfm.part.1.146065
                0x0000000000088c14                zps_vNwkRemoveConflictedBroadcast
                0x0000000000088c66                vFreePendingReqDescr
                0x0000000000088ccc                zps_vNwkMcpsMgrTidyBtrReqDescr
                0x0000000000088d10                vNwkBttTimerExpiry.154477
                0x0000000000088e31                hZCL_AllocateAPduInstance
 .text          0x0000000000088e6d     0x10af C:\Users\I24375~1\AppData\Local\Temp\ccZoO4ac.ltrans6.ltrans.o
                0x0000000000088ea3                os_vAPP_cbEnableTickTimer
                0x0000000000088f23                os_vAPP_cbDisableTickTimer
                0x0000000000088f67                vRetryCcaFailure
                0x0000000000088fb3                eOrphanNotificationSent.164885
                0x0000000000088ffc                DBG_vUartInitHardware
                0x0000000000089139                dbg_vPrintfImplNoneVerbose
                0x00000000000895c0                eCLD_ScenesCountScenes
                0x00000000000895da                ZPS_bSecDecrypt
                0x00000000000896ec                boPDM_IsBitmapSaturated.143791
                0x0000000000089735                vDLISTaddToHead
                0x000000000008975e                vDLISTaddToTail
                0x0000000000089781                psDLISTremove
                0x00000000000897e3                eZCLAddReport
                0x0000000000089a97                eCLD_ScenesRemoveAllScenes
                0x0000000000089b30                iPDM_SearchForBufferIdInList
                0x0000000000089b65                iPDM_SearchForBufferIdInFileSystem
                0x0000000000089b78                iPDM_ReadUserDataFromSegmentWithId
                0x0000000000089bad                iPDM_SearchForSpecificSegmentInList
                0x0000000000089bdf                bPCA9634_WriteRegister
                0x0000000000089c5d                bRGB_LED_Off
                0x0000000000089c92                bRGB_LED_SetLevel
                0x0000000000089cdf                vLI_UpdateDriver
                0x0000000000089d30                bRGB_LED_On
                0x0000000000089d44                vRGBLight_SetLevels
                0x0000000000089dbb                APP_vHandleIdentify
                0x0000000000089e07                psGetTxFrameBuffer
                0x0000000000089e46                psGetAndBuildCoordRealignment
                0x0000000000089e9e                eBuildAndSend.164895
                0x0000000000089f13                MAC_vPibSetRxOnWhenIdle.constprop.138
 *fill*         0x0000000000089f1c        0x0 00
 .text          0x0000000000089f1c     0x1220 C:\Users\I24375~1\AppData\Local\Temp\ccZoO4ac.ltrans7.ltrans.o
                0x000000000008a008                vMiniMac_MlmeCallback
                0x000000000008a35e                vMiniMacPoll_CheckPollResponse
                0x000000000008a3b9                ePollReqSent.165497
                0x000000000008a412                vCLD_ScenesUpdateSceneValid
                0x000000000008a492                eCLD_OnOffSceneEventHandler.21974
                0x000000000008a519                eCLD_LevelControlUpdate
                0x000000000008a7c2                eCLD_LevelControlSetOnOffState.constprop.23
                0x000000000008a87b                eCLD_ColourControlUpdate
                0x000000000008ac8f                eCLD_ColourControlSceneEventHandler.30955
                0x000000000008acd5                PDM_vDeleteAllDataRecords
                0x000000000008ad52                iPDM_VerifyDataSequenceWithBufferId
                0x000000000008adf4                vManagePowerOnCountInit
                0x000000000008ae69                os_vAPP_vManagePowerOnCount
                0x000000000008aed2                APP_ZCL_SaveLightLevel
                0x000000000008aef9                vSaveScenesNVM
                0x000000000008af8c                eCLD_GroupsRemoveAllGroups
                0x000000000008b03e                zps_eAplApsmeUnBindReqRsp
                0x000000000008b0a4                zps_eAplZdoGroupEndpointRemove
 .text          0x000000000008b13c     0x18fa C:\Users\I24375~1\AppData\Local\Temp\ccZoO4ac.ltrans8.ltrans.o
                0x000000000008b13c                zps_eNwkHandleSceLinkStatus
                0x000000000008b270                eSmeOrphScanDcfm.159993
                0x000000000008b2e8                zps_psFindKeyDescr
                0x000000000008b414                zps_eAplSecEncryptPacket
                0x000000000008b506                eUnfragmentedUnicastTransmission.83494
                0x000000000008b843                zps_eAplSendApsmeCmdFrame
                0x000000000008b9b4                zps_eAplApsmeUpdateDeviceReqRsp.part.4.85067
                0x000000000008bb55                vHandleJoinedNwk.11117
                0x000000000008bbb0                ZPS_vSetDevicePreviousData.constprop.15
                0x000000000008bd9e                ZPS_bNwkNibAddrMapAddEntry
                0x000000000008bf65                zps_vAgeRouter
                0x000000000008bfa3                zps_eNwkHandleSdeActvDcfmData
                0x000000000008c128                vMcpsMgrTimeoutExpiry
                0x000000000008c197                zps_vLinkStatusHandleExpiry
                0x000000000008c238                zps_eNwkHandleSceRouteRequest
                0x000000000008c709                zps_sNwkNibNtCheckJoin
                0x000000000008c9b7                zps_vNwkHandleCmeDirectJoinReq
 .text.unlikely
                0x000000000008ca36       0x5f C:\Users\I24375~1\AppData\Local\Temp\ccZoO4ac.ltrans8.ltrans.o
                0x000000000008ca36                vInitUnknownNeighbor.148014
 .text          0x000000000008ca95     0x157b C:\Users\I24375~1\AppData\Local\Temp\ccZoO4ac.ltrans9.ltrans.o
                0x000000000008ca95                PDM_eSaveRecordData
                0x000000000008ceca                zps_vAplSaveRecord
                0x000000000008cfeb                vAplSecRemoveLinkKey.90063
                0x000000000008d067                ZPS_vNwkSaveRecord
                0x000000000008d093                zps_bNwkFindAddIeeeAddr
                0x000000000008d211                eCheckAddrConflict.isra.4.147337
                0x000000000008d2a7                ZPS_vRemoveEntryFromAddressMap
                0x000000000008d2f0                ZPS_vNwkMacEntriesClear
                0x000000000008d399                ZPS_vNwkSaveAllRecords
                0x000000000008d3b0                zps_vSaveAllZpsRecords
                0x000000000008d3cf                ZPS_vNwkNibSetNwkAddr
                0x000000000008d3ed                zps_eNwkHandleSceRejnResponse
                0x000000000008d44a                ZPS_vNwkNibSetExtPanId
                0x000000000008d46f                ZPS_vNwkNibSetKeySeqNum
                0x000000000008d483                ZPS_vNwkNibSetDepth
                0x000000000008d4ac                ZPS_vNwkNibSetUpdateId
                0x000000000008d4bb                vSendNetworkUpdate.147104
                0x000000000008d5ea                ZPS_vNwkNibSetPanId
                0x000000000008d608                ZPS_vNwkNibSetCapabilityInfo
                0x000000000008d635                ZPS_vNwkNibSetChannel
                0x000000000008d653                zps_u8NwkHandleRejoinReq
                0x000000000008d71c                zps_vProcessLocalAddrConflict
                0x000000000008d7c7                ZPS_vNwkSaveNt
                0x000000000008d8ee                ZPS_vNtSetUsedStatus
                0x000000000008d995                zps_vJoinInitNtParent
                0x000000000008db34                vContinueRejoin.158768
                0x000000000008dbdb                zps_vBuildSortedActvNTList
                0x000000000008dc99                zps_vCheckActvNtForDuplicate
                0x000000000008dd35                vFinish.159980
                0x000000000008dd8b                zps_eNwkHandleSceLeave
                0x000000000008df42                zps_vTidyActvNtAfterJoin
                0x000000000008dfd1                eUnsolicitedRejoinRspDataDcfm.147112
                0x000000000008dffc                ZPS_vNwkSaveSecMat
 *fill*         0x000000000008e010        0x0 00
 .text          0x000000000008e010     0x19f8 C:\Users\I24375~1\AppData\Local\Temp\ccZoO4ac.ltrans10.ltrans.o
                0x000000000008e0b9                zps_eNwkHandleSmeOrphanInd
                0x000000000008e4f0                zps_eNwkHandleSceNwkStatus
                0x000000000008e84d                zps_eNwkHandleSmeAssocInd
                0x000000000008e86f                zps_eNwkHandleSceRejnRequest
                0x000000000008e8ef                vHandleNwkLocalUpdateAfterBcast.147117
                0x000000000008e943                vHandleNwkRemoteUpdateAfterBcast.147108
                0x000000000008e996                eSmeAcScScanDcfm.156924
                0x000000000008ec6b                vCheckSleepingSendPoll.159983
                0x000000000008ece9                vSdeHandleMcpsDataInd.148098
                0x000000000008f971                ZPS_vNwkNibCheckAndUpdateAddresses
 .text          0x000000000008fa08     0x13c9 C:\Users\I24375~1\AppData\Local\Temp\ccZoO4ac.ltrans11.ltrans.o
                0x000000000008fa08                eBeaconReqSent.164889
                0x000000000008fa2f                zps_bAplZdoNwkAddrServer
                0x000000000008fbb3                vPDM_AddFileSystemElementToListInAscendingWearCountOrder
                0x000000000008fcc1                vPDM_MoveFileRecordFromListToList
                0x000000000008fce3                vPDM_MoveRecordToDeAllocList
                0x000000000008fd03                iPDM_WriteSegmentHeaderAndData
                0x000000000008feff                vIncrementFrameCounterInPdm.isra.0.149428
                0x00000000000900de                vProcessListsForSubmission.148126
                0x000000000009046b                zps_vNwkMcpsMgrPost
                0x000000000009048f                psSendRouteReplyCmd.152375
                0x00000000000905d7                zps_eNwkHandleSceRouteReply
                0x0000000000090882                vHandleRouteDiscoveryExpiry.151953
                0x0000000000090953                zps_psNwkPropagateLocalLeave
                0x000000000009097b                zps_vNwkHandleCmeLeaveReq
                0x0000000000090a44                iPDM_SegmentCopyAndAppendData.constprop.151
                0x0000000000090aa1                eMakeEntryInBindingTable.84956
                0x0000000000090b4b                vMiniMac_McpsCallback
                0x0000000000090da3                eMcpsTxCompleteHandler.164380
 .text          0x0000000000090dd1     0x11d0 C:\Users\I24375~1\AppData\Local\Temp\ccZoO4ac.ltrans12.ltrans.o
                0x0000000000090dd1                vBbcIntHandler.163939
                0x0000000000091089                os_vzps_isrMAC
                0x00000000000910c8                eRejoinRspDataDcfm.158772
                0x0000000000091197                ZPS_pvNwkCtor.constprop.136
                0x000000000009173d                ZPS_vNwkHandleNlmeReqRsp
                0x00000000000917ba                zps_vAplAfPostEvent
                0x0000000000091929                zps_eAplZdoNlmeleaveWrapper
                0x00000000000919a1                zps_bAplZdoMgmtLeaveServer
                0x0000000000091b21                zps_eAplZdoNlmePermitJoiningWrapper
                0x0000000000091b49                zps_bAplZdoPermitJoiningServer
                0x0000000000091bd5                zps_bAplZdoDeviceAnnceServer
                0x0000000000091e59                vChangeChannelTimerExpiry.116209
                0x0000000000091ebc                eLeaveReset.160972
                0x0000000000091f27                eLeaveDataDcfmLocalLeave.160982
 .text          0x0000000000091fa1     0x143c C:\Users\I24375~1\AppData\Local\Temp\ccZoO4ac.ltrans13.ltrans.o
                0x0000000000092136                zps_vNwkHandleCmeRouteDiscoveryReq
                0x00000000000921bc                vSendNetworkReport.147100
                0x0000000000092296                vPDM_MoveAllDataFromListToList
                0x00000000000922d4                vPDM_MoveAllDataWithBufferIdAndStateFromListToList
                0x000000000009235f                vPDM_MoveAllDataToDeAllocList
                0x0000000000092387                iPDM_ReconstructReplacedDataTable
                0x0000000000092514                iPDM_ReplaceChangedSegmentInSequence
                0x0000000000092606                vPDM_ImageBitmapRepair.142814
                0x0000000000092667                vPDM_MoveAllDataWithBufferIdFromListToList
                0x00000000000926ec                vPDM_DeleteAppendedSequence
                0x00000000000927d3                ZPS_vNwkResetOutgoingFrameCounter
                0x0000000000092827                zps_psNwkSendRejoinReqCmd.constprop.12
                0x00000000000928a5                zps_psSendNetworkStatusCmd
                0x0000000000092b11                zps_eNwkHandleSceRouteRecord
                0x0000000000092bf0                zps_eDefaultDataDcfm
                0x0000000000092cdf                zps_psSendFrm
                0x0000000000093049                zps_psSendBroadcastFrm
                0x00000000000930df                ZPS_vNwkHandleNldeReqRsp
                0x00000000000932dc                zps_eAplApsmeCmdMgrSendCommand
                0x00000000000933b3                zps_vAplApsmeCmdMgrRetryTimeout.84902
 .text          0x00000000000933dd     0x1781 C:\Users\I24375~1\AppData\Local\Temp\ccZoO4ac.ltrans14.ltrans.o
                0x00000000000933dd                os_bDummyMemberCheck.77671
                0x00000000000933e2                os_vDefaultErrorHook.77667
                0x00000000000933e5                bCLD_ScenesSearchForScene.26109
                0x0000000000093418                eCLD_LevelControlSceneEventHandler.20534
                0x000000000009345e                DriverBulb_vSetTunableWhiteColourTemperature
                0x0000000000093461                os_vAPP_ButtonsScanTask
                0x0000000000093464                APP_ZCL_cbGeneralCallback.7987
                0x0000000000093494                vfExtendedStatusCallBack.3097
                0x0000000000093497                os_bStrictCheck.1358
                0x0000000000093783                bCLD_GroupsSearchForGroup.17890
                0x00000000000937a8                pdum_u16WriteNBO
                0x00000000000938bb                PDUM_u16SizeNBO
                0x0000000000093919                PDUM_thAPduInstanceGetApdu
                0x0000000000093934                PDUM_eAPduInstanceSetPayloadSize
                0x000000000009395c                PDUM_eNPduWriteDataFromBuffer
                0x00000000000939b6                PDUM_eNPduWriteDataToBuffer
                0x0000000000093a14                PDUM_eNPduWriteFromBuffer
                0x0000000000093a3d                PDUM_eNPduDescend
                0x0000000000093a63                PDUM_eNPduAscend
                0x0000000000093a89                PDUM_eNPduClaimData
                0x0000000000093af6                PDUM_eNPduClaimHeader
                0x0000000000093b19                PDUM_eNPduInitDescending
                0x0000000000093b34                eExpireSWTimer.77680
                0x0000000000093b9f                vEnterErrorHook.77663
                0x0000000000093bc6                OS_eCollectMessage
                0x0000000000093c8b                OS_eGetSWTimerStatus
                0x0000000000093ccd                eZCL_DoesAttributeHaveReportableChange
                0x0000000000093cea                eZCL_GetAttributeReportableEntry
                0x0000000000093da2                vZCL_AlignNumericAttributeValueTo64.74342
                0x0000000000093eb1                eZCL_BuildClientTransmitAddressStructure
                0x0000000000093ee2                bZCL_CheckManufacturerSpecificAttributeFlagMatch
                0x0000000000093f00                eZCL_SearchForAttributeEntry
                0x0000000000093fac                eZCL_GetAttributeTypeSize
                0x0000000000093fcb                vZCL_MarkAttributeInvalid
                0x000000000009409a                u8ZCL_GetAttributeAllignToFourBytesBoundary
                0x00000000000940af                pvZCL_GetAttributePointer
                0x0000000000094125                vCLD_ScenesGenerateIndividualAttributeCallback
                0x000000000009417f                eZCL_StoreChangeAttributeValue
                0x000000000009421e                u16ZCL_WriteTypeNBO.part.0.58857
                0x0000000000094293                u16ZCL_GetStringStructureSize
                0x00000000000942d0                u16ZCL_GetStringAttributeTypeSizeFromBuffer
                0x0000000000094341                u16ZCL_GetStringSizeAndBufferFromStructure
                0x00000000000943d0                eZCL_GetAttributeTypeSizeFromStructure
                0x0000000000094449                bZCL_SendCommandResponse
                0x0000000000094465                u8ZCL_GetEPIdFromIndex
                0x0000000000094487                eZCL_SearchForEPIndex
                0x00000000000944c1                eZCL_SearchForClusterEntry
                0x000000000009453b                eZCL_BuildTransmitAddressStructure
                0x00000000000945a8                eZCL_SearchForEPentry
                0x00000000000945e4                eZCL_FindCluster
                0x0000000000094635                eCLD_GroupsSetIdentifying
                0x000000000009465a                vCLD_IdentifyTimerClickCallback.18953
                0x00000000000946ce                eCLD_LevelControlClusterIsPresent
                0x00000000000946e7                eZCL_SearchForEPentryAndCheckManufacturerId
                0x0000000000094725                vZCL_PassEventToUser
                0x0000000000094752                vCLD_ColourControl_CCT2xyY
                0x0000000000094838                bCLD_ColourControl_NumberIsValid.32413
                0x0000000000094857                eCLD_ColourControl_xyY2XYZ.32417
                0x00000000000948d9                vCLD_ColourControl_XYZ2RGB.32404
                0x00000000000949f9                eCLD_ColourControl_GetRGB
                0x0000000000094ac6                vAPP_ZCL_DeviceSpecific_Init
                0x0000000000094b2d                vLI_InitVar.3219
 *fill*         0x0000000000094b5e        0x2 00
 .text          0x0000000000094b60     0x1214 C:\Users\I24375~1\AppData\Local\Temp\ccZoO4ac.ltrans15.ltrans.o
                0x0000000000094b60                os_vAPP_ZPR_Light_Task
 .text          0x0000000000095d74     0x1104 C:\Users\I24375~1\AppData\Local\Temp\ccZoO4ac.ltrans16.ltrans.o
                0x0000000000095e2f                vZdoBdrmSendNextTimedRequest
                0x00000000000962cf                eZCL_TransmitDataRequest
                0x0000000000096728                eZCL_SendDefaultResponse
                0x0000000000096827                vZCL_HandleAttributesReadResponse
                0x0000000000096a32                vReportTimerClickCallback
 .text          0x0000000000096e78     0x11ac C:\Users\I24375~1\AppData\Local\Temp\ccZoO4ac.ltrans17.ltrans.o
                0x0000000000096e78                zps_bAplZdoBindUnbindServer
                0x000000000009723f                zps_bAplZdoDefaultServer
                0x00000000000974a0                zps_eZdpNodeDescResponse
                0x0000000000097548                zps_eZdpSimpleDescResponse
                0x0000000000097655                zps_eAplZdpMgmtRtgResponse
                0x000000000009771c                zps_eZdpNwkAddrResponse
                0x00000000000977ff                zps_eZdpIeeeAddrResponse
                0x00000000000978e2                zps_eZdpPowerDescResponse
                0x000000000009797f                zps_eZdpActiveEpResponse
                0x0000000000097a15                zps_eZdpMatchDescResponse
                0x0000000000097aab                zps_eZdpSystemServerDiscoveryResponse
                0x0000000000097b1a                zps_eAplZdpMgmtLqiResponse
                0x0000000000097cb4                zps_bAplZdoMgmtNWKUpdateServer
 *fill*         0x0000000000098024        0x0 00
 .text          0x0000000000098024     0x1054 C:\Users\I24375~1\AppData\Local\Temp\ccZoO4ac.ltrans18.ltrans.o
                0x0000000000098024                os_vZCL_Task
                0x000000000009804a                os_vOTA_MsTask
                0x0000000000098074                os_vTick_Task
                0x0000000000098700                eZCL_CustomCommandSend.constprop.24
                0x0000000000098bfe                eCLD_GroupsCommandHandler
 .text          0x0000000000099078      0xeb4 C:\Users\I24375~1\AppData\Local\Temp\ccZoO4ac.ltrans19.ltrans.o
                0x0000000000099078                zps_vAplApsPollTimer
                0x000000000009916a                vPostNlmeDcfmInd.80899
                0x0000000000099a87                zps_eAplZdoStartStack
                0x0000000000099bc0                vEZ_EZModeNWKJoinHandler
 .text          0x0000000000099f2c      0xf29 C:\Users\I24375~1\AppData\Local\Temp\ccZoO4ac.ltrans20.ltrans.o
                0x0000000000099f2c                eZCL_CustomCommandReceive
                0x000000000009a0ba                eCLD_ColourControlCommandHandler
                0x000000000009acc3                eCLD_OnOffCommandHandler
                0x000000000009ade6                eCLD_BasicCommandHandler
 *fill*         0x000000000009ae55        0x3 00
 .text          0x000000000009ae58      0xf48 C:\Users\I24375~1\AppData\Local\Temp\ccZoO4ac.ltrans21.ltrans.o
                0x000000000009b04b                vPostNldeDcfmInd.80920
                0x000000000009bae4                vMcpsMgrExpiry.148002
                0x000000000009bb44                os_vzps_taskZPS
                0x000000000009bd61                vStartScanTimerExpiry.116213
 .text          0x000000000009bda0      0xd48 C:\Users\I24375~1\AppData\Local\Temp\ccZoO4ac.ltrans22.ltrans.o
                0x000000000009bda0                eCLD_ScenesCommandHandler
                0x000000000009c9dc                eCLD_IdentifyCommandHandler
 .text          0x000000000009cae8      0xfa0 C:\Users\I24375~1\AppData\Local\Temp\ccZoO4ac.ltrans23.ltrans.o
                0x000000000009cca0                vPollTimeout.165495
                0x000000000009cdec                vSendMlmeCommStatusFromTxFrame
                0x000000000009ce42                MAC_vHandleMlmeVsReqRsp.constprop.141
                0x000000000009d379                zps_sNwkStart
                0x000000000009d480                zps_vNwkHandleCmeActvStartRouterReq
                0x000000000009d52a                vScanBeaconReceived
                0x000000000009d56a                vRunningRxCallback
                0x000000000009d86b                vPostDcfm.164906
                0x000000000009d8da                vScanNextChannel.164893
 .text          0x000000000009da88      0xbb0 C:\Users\I24375~1\AppData\Local\Temp\ccZoO4ac.ltrans24.ltrans.o
                0x000000000009da88                vAplSecAuthPollTimerExpiry.89963
                0x000000000009dada                vAplSecAuthTimerExpiry.89967
                0x000000000009dd21                vPostApsdeDcfmInd.80913
                0x000000000009df46                zps_vHandleApsdeDataFragIndNotSupported
                0x000000000009dfaf                eJoinNetwork.90026
                0x000000000009e05a                eDiscoverNetworks.90032
                0x000000000009e0b0                eStartNetworkDiscovery.90038
                0x000000000009e114                eStartRouter.90264
                0x000000000009e1e6                vPostApsmeDcfmInd.80906
 .text          0x000000000009e638      0xd08 C:\Users\I24375~1\AppData\Local\Temp\ccZoO4ac.ltrans25.ltrans.o
                0x000000000009e638                eAssocRespSent.164248
                0x000000000009e6b7                zps_vCleanUnAuthenHandleExpiry
                0x000000000009e74c                zps_vNwkHandleCmeSyncReq
                0x000000000009e7e1                zps_vNwkHandleCmeIdleNwkFormReq
                0x000000000009e8e6                zps_vNwkHandleCmeNwkDiscReq
                0x000000000009e960                zps_vNwkHandleCmeEdScanReq
                0x000000000009ea42                zps_eNwkHandleSmeBeaconNotifyInd
                0x000000000009eb44                zps_vNwkHandleCmeNwkJoinReq
                0x000000000009ee1c                zps_vNwkHandleCmeNwkActvJoinReq
                0x000000000009ee28                eSmeEdScScanDcfm.156917
                0x000000000009eff7                vHandleRejoinExpiry.159539
                0x000000000009f03e                zps_eRejoinDataDcfm
                0x000000000009f071                eSmeAsocAssocDcfm.160147
                0x000000000009f0f5                eSmeRjPCPollDcfm.160143
                0x000000000009f20b                zps_vSendJoinInd
                0x000000000009f28a                zps_eNwkHandleSmeCommStatusInd
 .text          0x000000000009f340      0xe6f C:\Users\I24375~1\AppData\Local\Temp\ccZoO4ac.ltrans26.ltrans.o
                0x000000000009f340                vOSError
                0x000000000009f398                OS_eEnterCriticalSection
                0x000000000009f460                PDUM_hAPduAllocateAPduInstance
                0x000000000009f4d4                zps_eAplZdoSendZdpResponse
                0x000000000009f51d                bSendResponse.115028
                0x000000000009f560                PDUM_eAPduFreeAPduInstance
                0x000000000009f5e3                zps_bAplZdoMgmtRtgServer
                0x000000000009f729                PDM_eReadDataFromRecord.part.0.142138
                0x000000000009f7ac                PDM_eReadDataFromRecord
                0x000000000009f7cc                vLoadAplRecord.90013
                0x000000000009f7fa                vLoadNwkRecord.148994
                0x000000000009f832                ZPS_eTsvStart
                0x000000000009f88d                zps_eNwkHandleSceNwkUpdate
                0x000000000009f8b1                vProcessTimedList.148030
                0x000000000009f8f7                zps_vNwkMcpsMgrPostTimed
                0x000000000009f90a                vNwkMcpsSendTimedDfcm
                0x000000000009f94e                zps_vAplAfPostTimerEvent
                0x000000000009f9cb                zps_vExpireOldRoutes
                0x000000000009fa54                zps_vNwkJoinStStartResponseTimer
                0x000000000009fa8e                ZPS_eTsvStop
                0x000000000009fae2                zps_bAplZdoBindRequestServer
                0x000000000009fc49                ZPS_vResetBoundServerContext
                0x000000000009fca9                vZdoBdrmBackStopTimerExpiry
                0x000000000009fcce                zps_eAplZdoBdrmRequestSend
                0x000000000009fd6b                zps_vNwkHandleCmePermitJoinReq
                0x000000000009fdd3                zps_eNwkBtrMatch
                0x000000000009fed0                zps_vAplApsStopPollTimer.part.3.83398
                0x000000000009ff51                zps_vSendJoinDcfm
                0x000000000009ff98                vGiveUp.159543
                0x000000000009ffd0                bHasTimerFired.74873
                0x00000000000a003a                eHandleRemoveBroadcastEndpointsFromGroup.84929
                0x00000000000a0094                eZCL_SetReceiveEventAddressStructure
                0x00000000000a0113                APP_vManageTemperatureTick2
                0x00000000000a0157                DBG_vDumpStack
                0x00000000000a0199                vUnclaimedInterrupt
 .text          0x00000000000a01af      0x9cb C:\Users\I24375~1\AppData\Local\Temp\ccZoO4ac.ltrans27.ltrans.o
                0x00000000000a01af                ZPS_vAplHandleApsdeReqRsp
                0x00000000000a05c9                zps_eAplZdpApsdeReqInternal
                0x00000000000a06b8                vEnablePermitJoin
                0x00000000000a0736                os_vAPP_AgeOutChildren
                0x00000000000a08b5                zps_bAplZdoMgmtBindServer
                0x00000000000a0af6                zps_eAplZdpBindResponse
                0x00000000000a0b17                zps_eZdpUnbindResponse
                0x00000000000a0b38                zps_eZdpMgmtLeaveResponse
                0x00000000000a0b59                zps_eZdpMgmtPermitJoiningResponse
 .text          0x00000000000a0b7a      0x52d C:\Users\I24375~1\AppData\Local\Temp\ccZoO4ac.ltrans28.ltrans.o
                0x00000000000a0b7a                APP_ZCL_cbEndpointCallback.7984
                0x00000000000a0d72                AppWarmStart
                0x00000000000a0d8c                AppColdStart
                0x00000000000a0e94                os_vUnclaimedInterrupt
                0x00000000000a0ea6                os_vControlledIntCheck
                0x00000000000a0eeb                os_vControlledInterrupt
                0x00000000000a0f24                os_vvISR_AdcDone
                0x00000000000a0f2d                os_vvISR_SettleTimer
                0x00000000000a0f33                os_vvISR_PwmTimer
                0x00000000000a0f49                os_vAPP_isrIllegalInstruction
                0x00000000000a0f5f                os_vAPP_isrAlignmentException
                0x00000000000a0f75                os_vAPP_isrBusErrorException
                0x00000000000a0f8b                os_vAPP_isrUnimplementedModuleException
                0x00000000000a0fa1                os_vAPP_isrStackOverflowException
                0x00000000000a0fb7                os_vAPP_isrTickTimer
 *fill*         0x00000000000a10a7        0x1 00
 .text          0x00000000000a10a8      0x78c C:\Users\I24375~1\AppData\Local\Temp\ccZoO4ac.ltrans29.ltrans.o
                0x00000000000a10a8                eCLD_LevelControlCommandHandler
                0x00000000000a13a4                vZCL_HandleAttributesWriteRequest
 .text          0x00000000000a1834      0x858 C:\Users\I24375~1\AppData\Local\Temp\ccZoO4ac.ltrans30.ltrans.o
                0x00000000000a1834                eHA_RegisterColourDimmableLightEndPoint.constprop.107
 .text          0x00000000000a208c      0x1fd C:\Users\I24375~1\AppData\Local\Temp\ccZoO4ac.ltrans31.ltrans.o
                0x00000000000a218f                zps_bAplZdoZdoClient
 .text          0x00000000000a2289       0x25 c:/nxp/bstudio_nxp/sdk/tools/ba-elf-ba2-r36379/bin/../lib/gcc/ba-elf/4.7.4/../../../../ba-elf/lib/mcpu_jn51xx_sizeopt\libc.a(lib_a-memcmp.o)
                0x00000000000a2289                memcmp
 .text          0x00000000000a22ae       0x19 c:/nxp/bstudio_nxp/sdk/tools/ba-elf-ba2-r36379/bin/../lib/gcc/ba-elf/4.7.4/../../../../ba-elf/lib/mcpu_jn51xx_sizeopt\libc.a(lib_a-memcpy.o)
 .text          0x00000000000a22c7       0x12 c:/nxp/bstudio_nxp/sdk/tools/ba-elf-ba2-r36379/bin/../lib/gcc/ba-elf/4.7.4/../../../../ba-elf/lib/mcpu_jn51xx_sizeopt\libc.a(lib_a-memset.o)
                0x00000000000a22c7                memset
 .text          0x00000000000a22d9       0x12 c:/nxp/bstudio_nxp/sdk/tools/ba-elf-ba2-r36379/bin/../lib/gcc/ba-elf/4.7.4/../../../../ba-elf/lib/mcpu_jn51xx_sizeopt\libc.a(lib_a-strlen.o)
                0x00000000000a22d9                strlen
 .text          0x00000000000a22eb       0x2b c:/nxp/bstudio_nxp/sdk/tools/ba-elf-ba2-r36379/bin/../lib/gcc/ba-elf/4.7.4/../../../../ba-elf/lib/mcpu_jn51xx_sizeopt\libc.a(lib_a-strncpy.o)
                0x00000000000a22eb                strncpy
 *fill*         0x00000000000a2316        0x2 00
 .text          0x00000000000a2318      0x204 c:/nxp/bstudio_nxp/sdk/tools/ba-elf-ba2-r36379/bin/../lib/gcc/ba-elf/4.7.4/mcpu_jn51xx_sizeopt\libgcc.a(__udivsi3.o)
                0x00000000000a2318                __udivsi3
 .text          0x00000000000a251c       0x30 c:/nxp/bstudio_nxp/sdk/tools/ba-elf-ba2-r36379/bin/../lib/gcc/ba-elf/4.7.4/mcpu_jn51xx_sizeopt\libgcc.a(__divsi3.o)
                0x00000000000a251c                __divsi3
 .text          0x00000000000a254c      0x1b0 c:/nxp/bstudio_nxp/sdk/tools/ba-elf-ba2-r36379/bin/../lib/gcc/ba-elf/4.7.4/mcpu_jn51xx_sizeopt\libgcc.a(__umodsi3.o)
                0x00000000000a254c                __umodsi3
 .text          0x00000000000a26fc       0x24 c:/nxp/bstudio_nxp/sdk/tools/ba-elf-ba2-r36379/bin/../lib/gcc/ba-elf/4.7.4/mcpu_jn51xx_sizeopt\libgcc.a(__modsi3.o)
                0x00000000000a26fc                __modsi3
 .text          0x00000000000a2720       0x39 c:/nxp/bstudio_nxp/sdk/tools/ba-elf-ba2-r36379/bin/../lib/gcc/ba-elf/4.7.4/mcpu_jn51xx_sizeopt\libgcc.a(_fixunsdfsi.o)
                0x00000000000a2720                __fixunsdfsi
 .text          0x00000000000a2759      0x3bd c:/nxp/bstudio_nxp/sdk/tools/ba-elf-ba2-r36379/bin/../lib/gcc/ba-elf/4.7.4/mcpu_jn51xx_sizeopt\libgcc.a(_divdi3.o)
                0x00000000000a2759                __divdi3
 .text          0x00000000000a2b16      0x350 c:/nxp/bstudio_nxp/sdk/tools/ba-elf-ba2-r36379/bin/../lib/gcc/ba-elf/4.7.4/mcpu_jn51xx_sizeopt\libgcc.a(_udivdi3.o)
                0x00000000000a2b16                __udivdi3
 .text          0x00000000000a2e66      0x384 c:/nxp/bstudio_nxp/sdk/tools/ba-elf-ba2-r36379/bin/../lib/gcc/ba-elf/4.7.4/mcpu_jn51xx_sizeopt\libgcc.a(addsf3.o)
                0x00000000000a2e66                __addsf3
 *fill*         0x00000000000a31ea        0x2 00
 .text          0x00000000000a31ec      0x218 c:/nxp/bstudio_nxp/sdk/tools/ba-elf-ba2-r36379/bin/../lib/gcc/ba-elf/4.7.4/mcpu_jn51xx_sizeopt\libgcc.a(divsf3.o)
                0x00000000000a31ec                __divsf3
 .text          0x00000000000a3404       0x81 c:/nxp/bstudio_nxp/sdk/tools/ba-elf-ba2-r36379/bin/../lib/gcc/ba-elf/4.7.4/mcpu_jn51xx_sizeopt\libgcc.a(eqsf2.o)
                0x00000000000a3404                __eqsf2
                0x00000000000a3404                __nesf2
 .text          0x00000000000a3485       0xac c:/nxp/bstudio_nxp/sdk/tools/ba-elf-ba2-r36379/bin/../lib/gcc/ba-elf/4.7.4/mcpu_jn51xx_sizeopt\libgcc.a(gesf2.o)
                0x00000000000a3485                __gesf2
                0x00000000000a3485                __gtsf2
 .text          0x00000000000a3531       0xac c:/nxp/bstudio_nxp/sdk/tools/ba-elf-ba2-r36379/bin/../lib/gcc/ba-elf/4.7.4/mcpu_jn51xx_sizeopt\libgcc.a(lesf2.o)
                0x00000000000a3531                __ltsf2
                0x00000000000a3531                __lesf2
 *fill*         0x00000000000a35dd        0x3 00
 .text          0x00000000000a35e0      0x24c c:/nxp/bstudio_nxp/sdk/tools/ba-elf-ba2-r36379/bin/../lib/gcc/ba-elf/4.7.4/mcpu_jn51xx_sizeopt\libgcc.a(mulsf3.o)
                0x00000000000a35e0                __mulsf3
 .text          0x00000000000a382c      0x3a2 c:/nxp/bstudio_nxp/sdk/tools/ba-elf-ba2-r36379/bin/../lib/gcc/ba-elf/4.7.4/mcpu_jn51xx_sizeopt\libgcc.a(subsf3.o)
                0x00000000000a382c                __subsf3
 .text          0x00000000000a3bce       0x53 c:/nxp/bstudio_nxp/sdk/tools/ba-elf-ba2-r36379/bin/../lib/gcc/ba-elf/4.7.4/mcpu_jn51xx_sizeopt\libgcc.a(fixsfsi.o)
                0x00000000000a3bce                __fixsfsi
 .text          0x00000000000a3c21       0xad c:/nxp/bstudio_nxp/sdk/tools/ba-elf-ba2-r36379/bin/../lib/gcc/ba-elf/4.7.4/mcpu_jn51xx_sizeopt\libgcc.a(floatunsisf.o)
                0x00000000000a3c21                __floatunsisf
 .text          0x00000000000a3cce      0x682 c:/nxp/bstudio_nxp/sdk/tools/ba-elf-ba2-r36379/bin/../lib/gcc/ba-elf/4.7.4/mcpu_jn51xx_sizeopt\libgcc.a(adddf3.o)
                0x00000000000a3cce                __adddf3
 .text          0x00000000000a4350      0x5c8 c:/nxp/bstudio_nxp/sdk/tools/ba-elf-ba2-r36379/bin/../lib/gcc/ba-elf/4.7.4/mcpu_jn51xx_sizeopt\libgcc.a(divdf3.o)
                0x00000000000a4350                __divdf3
 .text          0x00000000000a4918       0xca c:/nxp/bstudio_nxp/sdk/tools/ba-elf-ba2-r36379/bin/../lib/gcc/ba-elf/4.7.4/mcpu_jn51xx_sizeopt\libgcc.a(gedf2.o)
                0x00000000000a4918                __gedf2
                0x00000000000a4918                __gtdf2
 *fill*         0x00000000000a49e2        0x2 00
 .text          0x00000000000a49e4      0x488 c:/nxp/bstudio_nxp/sdk/tools/ba-elf-ba2-r36379/bin/../lib/gcc/ba-elf/4.7.4/mcpu_jn51xx_sizeopt\libgcc.a(muldf3.o)
                0x00000000000a49e4                __muldf3
 .text          0x00000000000a4e6c      0x693 c:/nxp/bstudio_nxp/sdk/tools/ba-elf-ba2-r36379/bin/../lib/gcc/ba-elf/4.7.4/mcpu_jn51xx_sizeopt\libgcc.a(subdf3.o)
                0x00000000000a4e6c                __subdf3
 .text          0x00000000000a54ff       0x64 c:/nxp/bstudio_nxp/sdk/tools/ba-elf-ba2-r36379/bin/../lib/gcc/ba-elf/4.7.4/mcpu_jn51xx_sizeopt\libgcc.a(fixdfsi.o)
                0x00000000000a54ff                __fixdfsi
 .text          0x00000000000a5563       0x8f c:/nxp/bstudio_nxp/sdk/tools/ba-elf-ba2-r36379/bin/../lib/gcc/ba-elf/4.7.4/mcpu_jn51xx_sizeopt\libgcc.a(extendsfdf2.o)
                0x00000000000a5563                __extendsfdf2
 .text          0x00000000000a55f2      0x13e c:/nxp/bstudio_nxp/sdk/tools/ba-elf-ba2-r36379/bin/../lib/gcc/ba-elf/4.7.4/mcpu_jn51xx_sizeopt\libgcc.a(truncdfsf2.o)
                0x00000000000a55f2                __truncdfsf2
 .text          0x00000000000a5730       0x48 c:/NXP/bstudio_nxp/sdk/JN-SW-4168/Components/Library\libPWRM_JN516x.a(pwrm_setjmp_JN516x.o)
                0x00000000000a5730                setjmp
                0x00000000000a5754                PWRM_longjmp
 .text          0x00000000000a5778       0x27 c:/NXP/bstudio_nxp/sdk/JN-SW-4168/Components/Library\libHardwareApi_JN516x.a(AHI_Interrupt.o)
                0x00000000000a5778                vAHI_InterruptSetPriority
                0x00000000000a5796                vAHI_InterruptSetActivePriorityLevel
 .text.vMicroSyscall
                0x00000000000a579f       0x17 c:/NXP/bstudio_nxp/sdk/JN-SW-4168/Components/Library\libMicroSpecific_JN516x.a(MicroSyscall_ba.o)
                0x00000000000a579f                vMicroSyscall
 .text          0x00000000000a57b6        0x0 c:/NXP/bstudio_nxp/sdk/JN-SW-4168/Components/Library\libZPSAPL_JN516x.a(zps_apl_version_lc.o)
                0x00000000000a57b6                ZPS_APL_Version_2v0
 .text          0x00000000000a57b6        0x0 c:/NXP/bstudio_nxp/sdk/JN-SW-4168/Components/Library\libZPSNWK_JN516x.a(zps_nwk_version_lc.o)
                0x00000000000a57b6                ZPS_NWK_Version_2v0
 .text          0x00000000000a57b6      0x12a c:/nxp/bstudio_nxp/sdk/tools/ba-elf-ba2-r36379/bin/../lib/gcc/ba-elf/4.7.4/../../../../ba-elf/lib/mcpu_jn51xx_sizeopt\libm.a(lib_a-s_floor.o)
                0x00000000000a57b6                floor
                0x00000000000a58e0                _flash_end = ABSOLUTE (.)

.rela.dyn       0x00000000000a58e0        0x0
 .rela.text     0x0000000000000000        0x0 c:/NXP/bstudio_nxp/workspace/JN-AN-1189-ZigBee-HA-Demo/ColorDimmableLight/Build/os_irq.o
 .rela.data     0x0000000000000000        0x0 c:/NXP/bstudio_nxp/workspace/JN-AN-1189-ZigBee-HA-Demo/ColorDimmableLight/Build/os_irq.o
 .rela.rodata   0x0000000000000000        0x0 c:/NXP/bstudio_nxp/workspace/JN-AN-1189-ZigBee-HA-Demo/ColorDimmableLight/Build/os_irq.o
                0x000000000400004c                . = ORIGIN (ram)

.data           0x000000000400004c      0x918 load address 0x00000000000a58e0
                0x000000000400004c                _ram_data_start = ABSOLUTE (.)
 *(.data*)
 .data          0x000000000400004c       0x1c C:\Users\I24375~1\AppData\Local\Temp\ccZoO4ac.ltrans0.ltrans.o
                0x000000000400004c                u32DefaultChannelMask.11672
                0x0000000004000050                u8MiniMacConfig_MaxConcurrentAssocResponses
                0x0000000004000054                psShadowRxBuffer
 .data          0x0000000004000068      0x148 C:\Users\I24375~1\AppData\Local\Temp\ccZoO4ac.ltrans1.ltrans.o
                0x0000000004000068                u32HeapStart
                0x000000000400006c                asCLD_ColourControlCCTlist
 .data          0x00000000040001b0        0x1 C:\Users\I24375~1\AppData\Local\Temp\ccZoO4ac.ltrans6.ltrans.o