Archive member included because of file (symbol)

c:/NXP/bstudio_nxp/sdk/JN-SW-4168/Components/Library\libOS_JN516x.a(os.o)
                              c:/NXP/bstudio_nxp/workspace/JN-AN-1189-ZigBee-HA-Demo/ColorDimmableLight/Build/os_gen.o (symbol from plugin) (os_vStart)
c:/NXP/bstudio_nxp/sdk/JN-SW-4168/Components/Library\libOS_JN516x.a(os_contirq_JN516x.o)
                              c:/NXP/bstudio_nxp/workspace/JN-AN-1189-ZigBee-HA-Demo/ColorDimmableLight/Build/os_irq.o (os_UnclaimedException_W)
c:/NXP/bstudio_nxp/sdk/JN-SW-4168/Components/Library\libPWRM_JN516x.a(pwrm.o)
                              c:/NXP/bstudio_nxp/workspace/JN-AN-1189-ZigBee-HA-Demo/ColorDimmableLight/Build/app_start_light.o (symbol from plugin) (PWRM_vInit)
c:/NXP/bstudio_nxp/sdk/JN-SW-4168/Components/Library\libPWRM_JN516x.a(pwrm_setjmp_JN516x.o)
                              pwrm.o (symbol from plugin) (setjmp)
c:/NXP/bstudio_nxp/sdk/JN-SW-4168/Components/Library\libPWRM_JN516x.a(pwrm_cold_start.o)
                              (AppColdStart)
c:/NXP/bstudio_nxp/sdk/JN-SW-4168/Components/Library\libPWRM_JN516x.a(pwrm_warm_start.o)
                              (AppWarmStart)
c:/NXP/bstudio_nxp/sdk/JN-SW-4168/Components/Library\libPDUM_JN516x.a(pdum_nwk.o)
                              c:/NXP/bstudio_nxp/workspace/JN-AN-1189-ZigBee-HA-Demo/ColorDimmableLight/Build/pdum_gen.o (symbol from plugin) (pdum_vNPduInit)
c:/NXP/bstudio_nxp/sdk/JN-SW-4168/Components/Library\libPDUM_JN516x.a(pdum_apl.o)
                              c:/NXP/bstudio_nxp/workspace/JN-AN-1189-ZigBee-HA-Demo/ColorDimmableLight/Build/appZdpExtraction.o (symbol from plugin) (PDUM_u16APduInstanceReadNBO)
c:/NXP/bstudio_nxp/sdk/JN-SW-4168/Components/Library\libPDUM_JN516x.a(pdum.o)
                              pdum_nwk.o (symbol from plugin) (PDUM_u16SizeNBO)
c:/NXP/bstudio_nxp/sdk/JN-SW-4168/Components/Library\libZPSAPL_JN516x.a(zps_apl_af.o)
                              c:/NXP/bstudio_nxp/workspace/JN-AN-1189-ZigBee-HA-Demo/ColorDimmableLight/Build/zha_light_node.o (symbol from plugin) (ZPS_eAplAfInit)
c:/NXP/bstudio_nxp/sdk/JN-SW-4168/Components/Library\libZPSAPL_JN516x.a(zps_apl_af_apsde.o)
                              c:/NXP/bstudio_nxp/workspace/JN-AN-1189-ZigBee-HA-Demo/ColorDimmableLight/Build/zps_gen.o (symbol from plugin) (zps_vHandleApsdeDataFragIndNotSupported)
c:/NXP/bstudio_nxp/sdk/JN-SW-4168/Components/Library\libZPSAPL_JN516x.a(zps_apl_task.o)
                              zps_apl_af_apsde.o (symbol from plugin) (zps_vAplAfPostEvent)
c:/NXP/bstudio_nxp/sdk/JN-SW-4168/Components/Library\libZPSAPL_JN516x.a(zps_apl_apsde.o)
                              zps_apl_task.o (symbol from plugin) (ZPS_vAplRegisterApsdeDcfmIndCallbacks)
c:/NXP/bstudio_nxp/sdk/JN-SW-4168/Components/Library\libZPSAPL_JN516x.a(zps_apl_apsme.o)
                              zps_apl_task.o (symbol from plugin) (ZPS_vAplRegisterApsmeDcfmIndCallbacks)
c:/NXP/bstudio_nxp/sdk/JN-SW-4168/Components/Library\libZPSAPL_JN516x.a(zps_apl_aps_nlde.o)
                              zps_apl_task.o (symbol from plugin) (zps_vAplApsHandleNldeDcfmInd)
c:/NXP/bstudio_nxp/sdk/JN-SW-4168/Components/Library\libZPSAPL_JN516x.a(zps_apl_sec.o)
                              zps_apl_task.o (symbol from plugin) (zps_psFindKeyDescr)
c:/NXP/bstudio_nxp/sdk/JN-SW-4168/Components/Library\libZPSAPL_JN516x.a(zps_apl_aib.o)
                              c:/NXP/bstudio_nxp/workspace/JN-AN-1189-ZigBee-HA-Demo/ColorDimmableLight/Build/app_zbp_utilities.o (symbol from plugin) (zps_psAplAibGetAib)
c:/NXP/bstudio_nxp/sdk/JN-SW-4168/Components/Library\libZPSAPL_JN516x.a(zps_apl_zdo_nwkmanager.o)
                              zps_apl_apsme.o (symbol from plugin) (zps_vAplSaveRecord)
c:/NXP/bstudio_nxp/sdk/JN-SW-4168/Components/Library\libZPSAPL_JN516x.a(zps_apl_zdo_handle_zdp_event.o)
                              zps_apl_task.o (symbol from plugin) (zps_bAplZdoHandleZdpEvent)
c:/NXP/bstudio_nxp/sdk/JN-SW-4168/Components/Library\libZPSAPL_JN516x.a(zps_apl_zdo_trust_center.o)
                              zps_apl_sec.o (symbol from plugin) (zps_eAplTrustCenterFindDevice)
c:/NXP/bstudio_nxp/sdk/JN-SW-4168/Components/Library\libZPSAPL_JN516x.a(zps_apl_zdo_common.o)
                              zps_apl_zdo_nwkmanager.o (symbol from plugin) (zps_eAplZdoNlmeleaveWrapper)
c:/NXP/bstudio_nxp/sdk/JN-SW-4168/Components/Library\libZPSAPL_JN516x.a(zps_apl_zdo_group.o)
                              c:/NXP/bstudio_nxp/workspace/JN-AN-1189-ZigBee-HA-Demo/ColorDimmableLight/Build/GroupsTableManager.o (symbol from plugin) (zps_eAplZdoGroupEndpointAdd)
c:/NXP/bstudio_nxp/sdk/JN-SW-4168/Components/Library\libZPSAPL_JN516x.a(zps_apl_zdo_default_server.o)
                              c:/NXP/bstudio_nxp/workspace/JN-AN-1189-ZigBee-HA-Demo/ColorDimmableLight/Build/zps_gen.o (symbol from plugin) (zps_vAplZdoDefaultServerInit)
c:/NXP/bstudio_nxp/sdk/JN-SW-4168/Components/Library\libZPSAPL_JN516x.a(zps_apl_zdo_bind_manager.o)
[...]
Memory Configuration

Name             Origin             Length             Attributes
flash            0x0000000000080000 0x0000000000040000
ram              0x000000000400004c 0x0000000000007fb4
*default*        0x0000000000000000 0xffffffffffffffff

Linker script and memory map

                0x0000000000001770                __stack_size = 0x1770
                0x00000000000007d0                __minimum_heap_size = 0x7d0
START GROUP
LOAD c:/NXP/bstudio_nxp/workspace/JN-AN-1189-ZigBee-HA-Demo/ColorDimmableLight/Build/os_gen.o
LOAD C:\Users\I24375~1\AppData\Local\Temp\ccu1xO2l.ltrans0.ltrans.o
LOAD C:\Users\I24375~1\AppData\Local\Temp\ccu1xO2l.ltrans1.ltrans.o
LOAD C:\Users\I24375~1\AppData\Local\Temp\ccu1xO2l.ltrans2.ltrans.o
LOAD C:\Users\I24375~1\AppData\Local\Temp\ccu1xO2l.ltrans3.ltrans.o
LOAD C:\Users\I24375~1\AppData\Local\Temp\ccu1xO2l.ltrans4.ltrans.o
LOAD C:\Users\I24375~1\AppData\Local\Temp\ccu1xO2l.ltrans5.ltrans.o
LOAD C:\Users\I24375~1\AppData\Local\Temp\ccu1xO2l.ltrans6.ltrans.o
LOAD C:\Users\I24375~1\AppData\Local\Temp\ccu1xO2l.ltrans7.ltrans.o
LOAD C:\Users\I24375~1\AppData\Local\Temp\ccu1xO2l.ltrans8.ltrans.o
LOAD C:\Users\I24375~1\AppData\Local\Temp\ccu1xO2l.ltrans9.ltrans.o
LOAD C:\Users\I24375~1\AppData\Local\Temp\ccu1xO2l.ltrans10.ltrans.o
LOAD C:\Users\I24375~1\AppData\Local\Temp\ccu1xO2l.ltrans11.ltrans.o
LOAD C:\Users\I24375~1\AppData\Local\Temp\ccu1xO2l.ltrans12.ltrans.o
LOAD C:\Users\I24375~1\AppData\Local\Temp\ccu1xO2l.ltrans13.ltrans.o
LOAD C:\Users\I24375~1\AppData\Local\Temp\ccu1xO2l.ltrans14.ltrans.o
LOAD C:\Users\I24375~1\AppData\Local\Temp\ccu1xO2l.ltrans15.ltrans.o
LOAD C:\Users\I24375~1\AppData\Local\Temp\ccu1xO2l.ltrans16.ltrans.o
LOAD C:\Users\I24375~1\AppData\Local\Temp\ccu1xO2l.ltrans17.ltrans.o
LOAD C:\Users\I24375~1\AppData\Local\Temp\ccu1xO2l.ltrans18.ltrans.o
LOAD C:\Users\I24375~1\AppData\Local\Temp\ccu1xO2l.ltrans19.ltrans.o
LOAD C:\Users\I24375~1\AppData\Local\Temp\ccu1xO2l.ltrans20.ltrans.o
LOAD C:\Users\I24375~1\AppData\Local\Temp\ccu1xO2l.ltrans21.ltrans.o
LOAD C:\Users\I24375~1\AppData\Local\Temp\ccu1xO2l.ltrans22.ltrans.o
LOAD C:\Users\I24375~1\AppData\Local\Temp\ccu1xO2l.ltrans23.ltrans.o
LOAD C:\Users\I24375~1\AppData\Local\Temp\ccu1xO2l.ltrans24.ltrans.o
LOAD C:\Users\I24375~1\AppData\Local\Temp\ccu1xO2l.ltrans25.ltrans.o
LOAD C:\Users\I24375~1\AppData\Local\Temp\ccu1xO2l.ltrans26.ltrans.o
LOAD C:\Users\I24375~1\AppData\Local\Temp\ccu1xO2l.ltrans27.ltrans.o
LOAD C:\Users\I24375~1\AppData\Local\Temp\ccu1xO2l.ltrans28.ltrans.o
LOAD C:\Users\I24375~1\AppData\Local\Temp\ccu1xO2l.ltrans29.ltrans.o
LOAD C:\Users\I24375~1\AppData\Local\Temp\ccu1xO2l.ltrans30.ltrans.o
LOAD C:\Users\I24375~1\AppData\Local\Temp\ccu1xO2l.ltrans31.ltrans.o
LOAD c:/nxp/bstudio_nxp/sdk/tools/ba-elf-ba2-r36379/bin/../lib/gcc/ba-elf/4.7.4/../../../../ba-elf/lib/mcpu_jn51xx_sizeopt\libc.a
LOAD c:/nxp/bstudio_nxp/sdk/tools/ba-elf-ba2-r36379/bin/../lib/gcc/ba-elf/4.7.4/mcpu_jn51xx_sizeopt\libgcc.a
LOAD c:/nxp/bstudio_nxp/sdk/tools/ba-elf-ba2-r36379/bin/../lib/gcc/ba-elf/4.7.4/../../../../ba-elf/lib/mcpu_jn51xx_sizeopt\libc.a
LOAD c:/NXP/bstudio_nxp/workspace/JN-AN-1189-ZigBee-HA-Demo/ColorDimmableLight/Build/os_irq.o
LOAD c:/NXP/bstudio_nxp/workspace/JN-AN-1189-ZigBee-HA-Demo/ColorDimmableLight/Build/os_irq_alignment.o
LOAD c:/NXP/bstudio_nxp/workspace/JN-AN-1189-ZigBee-HA-Demo/ColorDimmableLight/Build/os_irq_buserror.o
LOAD c:/NXP/bstudio_nxp/workspace/JN-AN-1189-ZigBee-HA-Demo/ColorDimmableLight/Build/os_irq_illegalinstruction.o
LOAD c:/NXP/bstudio_nxp/workspace/JN-AN-1189-ZigBee-HA-Demo/ColorDimmableLight/Build/os_irq_stackoverflowexception.o
LOAD c:/NXP/bstudio_nxp/workspace/JN-AN-1189-ZigBee-HA-Demo/ColorDimmableLight/Build/os_irq_unimplementedmodule.o
LOAD c:/NXP/bstudio_nxp/workspace/JN-AN-1189-ZigBee-HA-Demo/ColorDimmableLight/Build/pdum_gen.o
LOAD c:/NXP/bstudio_nxp/workspace/JN-AN-1189-ZigBee-HA-Demo/ColorDimmableLight/Build/pdum_apdu.o
LOAD c:/NXP/bstudio_nxp/workspace/JN-AN-1189-ZigBee-HA-Demo/ColorDimmableLight/Build/zps_gen.o
LOAD c:/NXP/bstudio_nxp/workspace/JN-AN-1189-ZigBee-HA-Demo/ColorDimmableLight/Build/app_timer_driver.o
LOAD c:/NXP/bstudio_nxp/workspace/JN-AN-1189-ZigBee-HA-Demo/ColorDimmableLight/Build/app_start_light.o
LOAD c:/NXP/bstudio_nxp/workspace/JN-AN-1189-ZigBee-HA-Demo/ColorDimmableLight/Build/app_manage_temperature.o
LOAD c:/NXP/bstudio_nxp/workspace/JN-AN-1189-ZigBee-HA-Demo/ColorDimmableLight/Build/app_light_interpolation.o
LOAD c:/NXP/bstudio_nxp/workspace/JN-AN-1189-ZigBee-HA-Demo/ColorDimmableLight/Build/app_zbp_utilities.o
LOAD c:/NXP/bstudio_nxp/workspace/JN-AN-1189-ZigBee-HA-Demo/ColorDimmableLight/Build/app_exceptions.o
LOAD c:/NXP/bstudio_nxp/workspace/JN-AN-1189-ZigBee-HA-Demo/ColorDimmableLight/Build/app_pdm.o
LOAD c:/NXP/bstudio_nxp/workspace/JN-AN-1189-ZigBee-HA-Demo/ColorDimmableLight/Build/app_power_on_counter.o
LOAD c:/NXP/bstudio_nxp/workspace/JN-AN-1189-ZigBee-HA-Demo/ColorDimmableLight/Build/app_light_effect.o
LOAD c:/NXP/bstudio_nxp/workspace/JN-AN-1189-ZigBee-HA-Demo/ColorDimmableLight/Build/App_ColorDimmableLight.o
LOAD c:/NXP/bstudio_nxp/workspace/JN-AN-1189-ZigBee-HA-Demo/ColorDimmableLight/Build/zha_light_node.o
LOAD c:/NXP/bstudio_nxp/workspace/JN-AN-1189-ZigBee-HA-Demo/ColorDimmableLight/Build/app_zcl_light_task.o
LOAD c:/NXP/bstudio_nxp/workspace/JN-AN-1189-ZigBee-HA-Demo/ColorDimmableLight/Build/AgeChildren.o
LOAD c:/NXP/bstudio_nxp/workspace/JN-AN-1189-ZigBee-HA-Demo/ColorDimmableLight/Build/app_reporting.o
LOAD c:/NXP/bstudio_nxp/workspace/JN-AN-1189-ZigBee-HA-Demo/ColorDimmableLight/Build/app_scenes.o
LOAD c:/NXP/bstudio_nxp/workspace/JN-AN-1189-ZigBee-HA-Demo/ColorDimmableLight/Build/appZdpExtraction.o
LOAD c:/NXP/bstudio_nxp/workspace/JN-AN-1189-ZigBee-HA-Demo/ColorDimmableLight/Build/appZpsBeaconHandler.o
LOAD c:/NXP/bstudio_nxp/workspace/JN-AN-1189-ZigBee-HA-Demo/ColorDimmableLight/Build/haEzFindAndBind.o
LOAD c:/NXP/bstudio_nxp/workspace/JN-AN-1189-ZigBee-HA-Demo/ColorDimmableLight/Build/haEzJoin.o
LOAD c:/NXP/bstudio_nxp/workspace/JN-AN-1189-ZigBee-HA-Demo/ColorDimmableLight/Build/haKeys.o
LOAD c:/NXP/bstudio_nxp/workspace/JN-AN-1189-ZigBee-HA-Demo/ColorDimmableLight/Build/DriverBulb_DR1175.o
LOAD c:/NXP/bstudio_nxp/workspace/JN-AN-1189-ZigBee-HA-Demo/ColorDimmableLight/Build/DriverBulb_Shim.o
LOAD c:/NXP/bstudio_nxp/workspace/JN-AN-1189-ZigBee-HA-Demo/ColorDimmableLight/Build/Alarms.o
LOAD c:/NXP/bstudio_nxp/workspace/JN-AN-1189-ZigBee-HA-Demo/ColorDimmableLight/Build/AlarmsClientCommands.o
LOAD c:/NXP/bstudio_nxp/workspace/JN-AN-1189-ZigBee-HA-Demo/ColorDimmableLight/Build/AlarmsCommandHandler.o
LOAD c:/NXP/bstudio_nxp/workspace/JN-AN-1189-ZigBee-HA-Demo/ColorDimmableLight/Build/AlarmsServerCommands.o
LOAD c:/NXP/bstudio_nxp/workspace/JN-AN-1189-ZigBee-HA-Demo/ColorDimmableLight/Build/AlarmsTableManager.o
LOAD c:/NXP/bstudio_nxp/workspace/JN-AN-1189-ZigBee-HA-Demo/ColorDimmableLight/Build/AnalogInputBasic.o
LOAD c:/NXP/bstudio_nxp/workspace/JN-AN-1189-ZigBee-HA-Demo/ColorDimmableLight/Build/AnalogOutputBasic.o
LOAD c:/NXP/bstudio_nxp/workspace/JN-AN-1189-ZigBee-HA-Demo/ColorDimmableLight/Build/Basic.o
LOAD c:/NXP/bstudio_nxp/workspace/JN-AN-1189-ZigBee-HA-Demo/ColorDimmableLight/Build/BasicClientCommands.o
LOAD c:/NXP/bstudio_nxp/workspace/JN-AN-1189-ZigBee-HA-Demo/ColorDimmableLight/Build/BasicCommandHandler.o
LOAD c:/NXP/bstudio_nxp/workspace/JN-AN-1189-ZigBee-HA-Demo/ColorDimmableLight/Build/BinaryInputBasic.o
LOAD c:/NXP/bstudio_nxp/workspace/JN-AN-1189-ZigBee-HA-Demo/ColorDimmableLight/Build/BinaryOutputBasic.o
LOAD c:/NXP/bstudio_nxp/workspace/JN-AN-1189-ZigBee-HA-Demo/ColorDimmableLight/Build/Commissioning.o
LOAD c:/NXP/bstudio_nxp/workspace/JN-AN-1189-ZigBee-HA-Demo/ColorDimmableLight/Build/DeviceTemperatureConfiguration.o
LOAD c:/NXP/bstudio_nxp/workspace/JN-AN-1189-ZigBee-HA-Demo/ColorDimmableLight/Build/Diagnostics.o
LOAD c:/NXP/bstudio_nxp/workspace/JN-AN-1189-ZigBee-HA-Demo/ColorDimmableLight/Build/DoorLock.o
LOAD c:/NXP/bstudio_nxp/workspace/JN-AN-1189-ZigBee-HA-Demo/ColorDimmableLight/Build/DoorLockCommandHandler.o
LOAD c:/NXP/bstudio_nxp/workspace/JN-AN-1189-ZigBee-HA-Demo/ColorDimmableLight/Build/DoorLockCommands.o
LOAD c:/NXP/bstudio_nxp/workspace/JN-AN-1189-ZigBee-HA-Demo/ColorDimmableLight/Build/ElectricalMeasurement.o
LOAD c:/NXP/bstudio_nxp/workspace/JN-AN-1189-ZigBee-HA-Demo/ColorDimmableLight/Build/Groups.o
LOAD c:/NXP/bstudio_nxp/workspace/JN-AN-1189-ZigBee-HA-Demo/ColorDimmableLight/Build/GroupsClientCommands.o
LOAD c:/NXP/bstudio_nxp/workspace/JN-AN-1189-ZigBee-HA-Demo/ColorDimmableLight/Build/GroupsCommandHandler.o
LOAD c:/NXP/bstudio_nxp/workspace/JN-AN-1189-ZigBee-HA-Demo/ColorDimmableLight/Build/GroupsServerCommands.o
LOAD c:/NXP/bstudio_nxp/workspace/JN-AN-1189-ZigBee-HA-Demo/ColorDimmableLight/Build/GroupsTableManager.o
LOAD c:/NXP/bstudio_nxp/workspace/JN-AN-1189-ZigBee-HA-Demo/ColorDimmableLight/Build/Identify.o
LOAD c:/NXP/bstudio_nxp/workspace/JN-AN-1189-ZigBee-HA-Demo/ColorDimmableLight/Build/IdentifyClientCommands.o
LOAD c:/NXP/bstudio_nxp/workspace/JN-AN-1189-ZigBee-HA-Demo/ColorDimmableLight/Build/IdentifyCommandHandler.o
LOAD c:/NXP/bstudio_nxp/workspace/JN-AN-1189-ZigBee-HA-Demo/ColorDimmableLight/Build/IdentifyServerCommands.o
LOAD c:/NXP/bstudio_nxp/workspace/JN-AN-1189-ZigBee-HA-Demo/ColorDimmableLight/Build/LevelControl.o
LOAD c:/NXP/bstudio_nxp/workspace/JN-AN-1189-ZigBee-HA-Demo/ColorDimmableLight/Build/LevelControlClientCommands.o
LOAD c:/NXP/bstudio_nxp/workspace/JN-AN-1189-ZigBee-HA-Demo/ColorDimmableLight/Build/LevelControlCommandHandler.o
LOAD c:/NXP/bstudio_nxp/workspace/JN-AN-1189-ZigBee-HA-Demo/ColorDimmableLight/Build/MultistateInputBasic.o
LOAD c:/NXP/bstudio_nxp/workspace/JN-AN-1189-ZigBee-HA-Demo/ColorDimmableLight/Build/MultistateOutputBasic.o
LOAD c:/NXP/bstudio_nxp/workspace/JN-AN-1189-ZigBee-HA-Demo/ColorDimmableLight/Build/OOSC.o
LOAD c:/NXP/bstudio_nxp/workspace/JN-AN-1189-ZigBee-HA-Demo/ColorDimmableLight/Build/OnOff.o
LOAD c:/NXP/bstudio_nxp/workspace/JN-AN-1189-ZigBee-HA-Demo/ColorDimmableLight/Build/OnOffCommandHandler.o
LOAD c:/NXP/bstudio_nxp/workspace/JN-AN-1189-ZigBee-HA-Demo/ColorDimmableLight/Build/OnOffCommands.o
LOAD c:/NXP/bstudio_nxp/workspace/JN-AN-1189-ZigBee-HA-Demo/ColorDimmableLight/Build/PollControl.o
LOAD c:/NXP/bstudio_nxp/workspace/JN-AN-1189-ZigBee-HA-Demo/ColorDimmableLight/Build/PollControlClientCommands.o
LOAD c:/NXP/bstudio_nxp/workspace/JN-AN-1189-ZigBee-HA-Demo/ColorDimmableLight/Build/PollControlCommandHandler.o
LOAD c:/NXP/bstudio_nxp/workspace/JN-AN-1189-ZigBee-HA-Demo/ColorDimmableLight/Build/PollControlServerCommands.o
LOAD c:/NXP/bstudio_nxp/workspace/JN-AN-1189-ZigBee-HA-Demo/ColorDimmableLight/Build/PowerConfiguration.o
LOAD c:/NXP/bstudio_nxp/workspace/JN-AN-1189-ZigBee-HA-Demo/ColorDimmableLight/Build/Scenes.o
LOAD c:/NXP/bstudio_nxp/workspace/JN-AN-1189-ZigBee-HA-Demo/ColorDimmableLight/Build/ScenesClientCommands.o
LOAD c:/NXP/bstudio_nxp/workspace/JN-AN-1189-ZigBee-HA-Demo/ColorDimmableLight/Build/ScenesClusterManagement.o
LOAD c:/NXP/bstudio_nxp/workspace/JN-AN-1189-ZigBee-HA-Demo/ColorDimmableLight/Build/ScenesCommandHandler.o
LOAD c:/NXP/bstudio_nxp/workspace/JN-AN-1189-ZigBee-HA-Demo/ColorDimmableLight/Build/ScenesServerCommands.o
LOAD c:/NXP/bstudio_nxp/workspace/JN-AN-1189-ZigBee-HA-Demo/ColorDimmableLight/Build/ScenesTableManager.o
LOAD c:/NXP/bstudio_nxp/workspace/JN-AN-1189-ZigBee-HA-Demo/ColorDimmableLight/Build/TC.o
LOAD c:/NXP/bstudio_nxp/workspace/JN-AN-1189-ZigBee-HA-Demo/ColorDimmableLight/Build/Time.o
LOAD c:/NXP/bstudio_nxp/workspace/JN-AN-1189-ZigBee-HA-Demo/ColorDimmableLight/Build/FlowMeasurement.o
LOAD c:/NXP/bstudio_nxp/workspace/JN-AN-1189-ZigBee-HA-Demo/ColorDimmableLight/Build/IlluminanceLevelSensing.o
LOAD c:/NXP/bstudio_nxp/workspace/JN-AN-1189-ZigBee-HA-Demo/ColorDimmableLight/Build/IlluminanceMeasurement.o
LOAD c:/NXP/bstudio_nxp/workspace/JN-AN-1189-ZigBee-HA-Demo/ColorDimmableLight/Build/OccupancySensing.o
LOAD c:/NXP/bstudio_nxp/workspace/JN-AN-1189-ZigBee-HA-Demo/ColorDimmableLight/Build/PressureMeasurement.o
LOAD c:/NXP/bstudio_nxp/workspace/JN-AN-1189-ZigBee-HA-Demo/ColorDimmableLight/Build/RelativeHumidityMeasurement.o
LOAD c:/NXP/bstudio_nxp/workspace/JN-AN-1189-ZigBee-HA-Demo/ColorDimmableLight/Build/TemperatureMeasurement.o
LOAD c:/NXP/bstudio_nxp/workspace/JN-AN-1189-ZigBee-HA-Demo/ColorDimmableLight/Build/BallastConfiguration.o
LOAD c:/NXP/bstudio_nxp/workspace/JN-AN-1189-ZigBee-HA-Demo/ColorDimmableLight/Build/ColourControl.o
LOAD c:/NXP/bstudio_nxp/workspace/JN-AN-1189-ZigBee-HA-Demo/ColorDimmableLight/Build/ColourControlClientCommands.o
LOAD c:/NXP/bstudio_nxp/workspace/JN-AN-1189-ZigBee-HA-Demo/ColorDimmableLight/Build/ColourControlCommandHandler.o
LOAD c:/NXP/bstudio_nxp/workspace/JN-AN-1189-ZigBee-HA-Demo/ColorDimmableLight/Build/ColourControlConversions.o
LOAD c:/NXP/bstudio_nxp/workspace/JN-AN-1189-ZigBee-HA-Demo/ColorDimmableLight/Build/colour_dimmable_light.o
LOAD c:/NXP/bstudio_nxp/workspace/JN-AN-1189-ZigBee-HA-Demo/ColorDimmableLight/Build/colour_dimmer_switch.o
LOAD c:/NXP/bstudio_nxp/workspace/JN-AN-1189-ZigBee-HA-Demo/ColorDimmableLight/Build/dimmable_light.o
LOAD c:/NXP/bstudio_nxp/workspace/JN-AN-1189-ZigBee-HA-Demo/ColorDimmableLight/Build/dimmer_switch.o
LOAD c:/NXP/bstudio_nxp/workspace/JN-AN-1189-ZigBee-HA-Demo/ColorDimmableLight/Build/light_sensor.o
LOAD c:/NXP/bstudio_nxp/workspace/JN-AN-1189-ZigBee-HA-Demo/ColorDimmableLight/Build/occupancy_sensor.o
LOAD c:/NXP/bstudio_nxp/workspace/JN-AN-1189-ZigBee-HA-Demo/ColorDimmableLight/Build/on_off_light.o
LOAD c:/NXP/bstudio_nxp/workspace/JN-AN-1189-ZigBee-HA-Demo/ColorDimmableLight/Build/on_off_light_switch.o
LOAD c:/NXP/bstudio_nxp/workspace/JN-AN-1189-ZigBee-HA-Demo/ColorDimmableLight/Build/ha.o
LOAD c:/NXP/bstudio_nxp/workspace/JN-AN-1189-ZigBee-HA-Demo/ColorDimmableLight/Build/door_lock.o
LOAD c:/NXP/bstudio_nxp/workspace/JN-AN-1189-ZigBee-HA-Demo/ColorDimmableLight/Build/door_lock_controller.o
LOAD c:/NXP/bstudio_nxp/workspace/JN-AN-1189-ZigBee-HA-Demo/ColorDimmableLight/Build/mains_power_outlet.o
LOAD c:/NXP/bstudio_nxp/workspace/JN-AN-1189-ZigBee-HA-Demo/ColorDimmableLight/Build/on_off_output.o
LOAD c:/NXP/bstudio_nxp/workspace/JN-AN-1189-ZigBee-HA-Demo/ColorDimmableLight/Build/on_off_switch.o
LOAD c:/NXP/bstudio_nxp/workspace/JN-AN-1189-ZigBee-HA-Demo/ColorDimmableLight/Build/plug_control.o
LOAD c:/NXP/bstudio_nxp/workspace/JN-AN-1189-ZigBee-HA-Demo/ColorDimmableLight/Build/remote_control.o
LOAD c:/NXP/bstudio_nxp/workspace/JN-AN-1189-ZigBee-HA-Demo/ColorDimmableLight/Build/simple_sensor.o
LOAD c:/NXP/bstudio_nxp/workspace/JN-AN-1189-ZigBee-HA-Demo/ColorDimmableLight/Build/smart_plug.o
LOAD c:/NXP/bstudio_nxp/workspace/JN-AN-1189-ZigBee-HA-Demo/ColorDimmableLight/Build/DRLC.o
LOAD c:/NXP/bstudio_nxp/workspace/JN-AN-1189-ZigBee-HA-Demo/ColorDimmableLight/Build/DRLCCommandCanceAlllLoadControlEvents.o
LOAD c:/NXP/bstudio_nxp/workspace/JN-AN-1189-ZigBee-HA-Demo/ColorDimmableLight/Build/DRLCCommandCancelLoadControlEvent.o
LOAD c:/NXP/bstudio_nxp/workspace/JN-AN-1189-ZigBee-HA-Demo/ColorDimmableLight/Build/DRLCCommandGetScheduledEvents.o
LOAD c:/NXP/bstudio_nxp/workspace/JN-AN-1189-ZigBee-HA-Demo/ColorDimmableLight/Build/DRLCCommandHandler.o
LOAD c:/NXP/bstudio_nxp/workspace/JN-AN-1189-ZigBee-HA-Demo/ColorDimmableLight/Build/DRLCCommandLoadControlEvent.o
LOAD c:/NXP/bstudio_nxp/workspace/JN-AN-1189-ZigBee-HA-Demo/ColorDimmableLight/Build/DRLCCommandReportEventStatus.o
LOAD c:/NXP/bstudio_nxp/workspace/JN-AN-1189-ZigBee-HA-Demo/ColorDimmableLight/Build/DRLCCustomCommandResponsesClient.o
LOAD c:/NXP/bstudio_nxp/workspace/JN-AN-1189-ZigBee-HA-Demo/ColorDimmableLight/Build/DRLCCustomCommandResponsesServer.o
LOAD c:/NXP/bstudio_nxp/workspace/JN-AN-1189-ZigBee-HA-Demo/ColorDimmableLight/Build/DRLCEffectiveTime.o
LOAD c:/NXP/bstudio_nxp/workspace/JN-AN-1189-ZigBee-HA-Demo/ColorDimmableLight/Build/DRLCScheduler.o
LOAD c:/NXP/bstudio_nxp/workspace/JN-AN-1189-ZigBee-HA-Demo/ColorDimmableLight/Build/DRLCTableManagerNoMutex.o
LOAD c:/NXP/bstudio_nxp/workspace/JN-AN-1189-ZigBee-HA-Demo/ColorDimmableLight/Build/DRLCTableManagerServer.o
LOAD c:/NXP/bstudio_nxp/workspace/JN-AN-1189-ZigBee-HA-Demo/ColorDimmableLight/Build/DRLCUserEventOptInOut.o
LOAD c:/NXP/bstudio_nxp/workspace/JN-AN-1189-ZigBee-HA-Demo/ColorDimmableLight/Build/Price.o
LOAD c:/NXP/bstudio_nxp/workspace/JN-AN-1189-ZigBee-HA-Demo/ColorDimmableLight/Build/PriceBlockPeriodTableManager.o
LOAD c:/NXP/bstudio_nxp/workspace/JN-AN-1189-ZigBee-HA-Demo/ColorDimmableLight/Build/PriceCalorificValueTableManager.o
LOAD c:/NXP/bstudio_nxp/workspace/JN-AN-1189-ZigBee-HA-Demo/ColorDimmableLight/Build/PriceCommandGetBlockPeriod.o
LOAD c:/NXP/bstudio_nxp/workspace/JN-AN-1189-ZigBee-HA-Demo/ColorDimmableLight/Build/PriceCommandGetCalorificValue.o
LOAD c:/NXP/bstudio_nxp/workspace/JN-AN-1189-ZigBee-HA-Demo/ColorDimmableLight/Build/PriceCommandGetConversionFactor.o
LOAD c:/NXP/bstudio_nxp/workspace/JN-AN-1189-ZigBee-HA-Demo/ColorDimmableLight/Build/PriceCommandGetCurrentPrice.o
LOAD c:/NXP/bstudio_nxp/workspace/JN-AN-1189-ZigBee-HA-Demo/ColorDimmableLight/Build/PriceCommandGetScheduledPrices.o
LOAD c:/NXP/bstudio_nxp/workspace/JN-AN-1189-ZigBee-HA-Demo/ColorDimmableLight/Build/PriceCommandPriceAck.o
LOAD c:/NXP/bstudio_nxp/workspace/JN-AN-1189-ZigBee-HA-Demo/ColorDimmableLight/Build/PriceCommandPublishBlockPeriod.o
LOAD c:/NXP/bstudio_nxp/workspace/JN-AN-1189-ZigBee-HA-Demo/ColorDimmableLight/Build/PriceCommandPublishBlockPeriodReceive.o
LOAD c:/NXP/bstudio_nxp/workspace/JN-AN-1189-ZigBee-HA-Demo/ColorDimmableLight/Build/PriceCommandPublishCalorificValue.o
LOAD c:/NXP/bstudio_nxp/workspace/JN-AN-1189-ZigBee-HA-Demo/ColorDimmableLight/Build/PriceCommandPublishCalorificValueReceive.o
LOAD c:/NXP/bstudio_nxp/workspace/JN-AN-1189-ZigBee-HA-Demo/ColorDimmableLight/Build/PriceCommandPublishConversionFactor.o
LOAD c:/NXP/bstudio_nxp/workspace/JN-AN-1189-ZigBee-HA-Demo/ColorDimmableLight/Build/PriceCommandPublishConversionFactorReceive.o
LOAD c:/NXP/bstudio_nxp/workspace/JN-AN-1189-ZigBee-HA-Demo/ColorDimmableLight/Build/PriceCommandPublishPrice.o
LOAD c:/NXP/bstudio_nxp/workspace/JN-AN-1189-ZigBee-HA-Demo/ColorDimmableLight/Build/PriceCommandPublishPriceReceive.o
LOAD c:/NXP/bstudio_nxp/workspace/JN-AN-1189-ZigBee-HA-Demo/ColorDimmableLight/Build/PriceConversionFactorTableManager.o
LOAD c:/NXP/bstudio_nxp/workspace/JN-AN-1189-ZigBee-HA-Demo/ColorDimmableLight/Build/PriceCustomCommandHandler.o
LOAD c:/NXP/bstudio_nxp/workspace/JN-AN-1189-ZigBee-HA-Demo/ColorDimmableLight/Build/PriceCustomCommandResponses.o
LOAD c:/NXP/bstudio_nxp/workspace/JN-AN-1189-ZigBee-HA-Demo/ColorDimmableLight/Build/PriceScheduler.o
LOAD c:/NXP/bstudio_nxp/workspace/JN-AN-1189-ZigBee-HA-Demo/ColorDimmableLight/Build/PriceServerAttributeManager.o
LOAD c:/NXP/bstudio_nxp/workspace/JN-AN-1189-ZigBee-HA-Demo/ColorDimmableLight/Build/PriceTableManager.o
LOAD c:/NXP/bstudio_nxp/workspace/JN-AN-1189-ZigBee-HA-Demo/ColorDimmableLight/Build/SimpleMetering.o
LOAD c:/NXP/bstudio_nxp/workspace/JN-AN-1189-ZigBee-HA-Demo/ColorDimmableLight/Build/SimpleMeteringCommandHandler.o
LOAD c:/NXP/bstudio_nxp/workspace/JN-AN-1189-ZigBee-HA-Demo/ColorDimmableLight/Build/SimpleMetering_SendRequest.o
LOAD c:/NXP/bstudio_nxp/workspace/JN-AN-1189-ZigBee-HA-Demo/ColorDimmableLight/Build/dlist.o
LOAD c:/NXP/bstudio_nxp/workspace/JN-AN-1189-ZigBee-HA-Demo/ColorDimmableLight/Build/zcl.o
LOAD c:/NXP/bstudio_nxp/workspace/JN-AN-1189-ZigBee-HA-Demo/ColorDimmableLight/Build/zcl_CustomCommandReceive.o
LOAD c:/NXP/bstudio_nxp/workspace/JN-AN-1189-ZigBee-HA-Demo/ColorDimmableLight/Build/zcl_CustomCommandSend.o
LOAD c:/NXP/bstudio_nxp/workspace/JN-AN-1189-ZigBee-HA-Demo/ColorDimmableLight/Build/zcl_PDUbufferReadWrite.o
LOAD c:/NXP/bstudio_nxp/workspace/JN-AN-1189-ZigBee-HA-Demo/ColorDimmableLight/Build/zcl_PDUbufferReadWriteString.o
LOAD c:/NXP/bstudio_nxp/workspace/JN-AN-1189-ZigBee-HA-Demo/ColorDimmableLight/Build/zcl_WriteAttributesRequestHandle.o
LOAD c:/NXP/bstudio_nxp/workspace/JN-AN-1189-ZigBee-HA-Demo/ColorDimmableLight/Build/zcl_WriteAttributesRequestSend.o
LOAD c:/NXP/bstudio_nxp/workspace/JN-AN-1189-ZigBee-HA-Demo/ColorDimmableLight/Build/zcl_WriteAttributesResponseHandle.o
LOAD c:/NXP/bstudio_nxp/workspace/JN-AN-1189-ZigBee-HA-Demo/ColorDimmableLight/Build/zcl_attribute.o
LOAD c:/NXP/bstudio_nxp/workspace/JN-AN-1189-ZigBee-HA-Demo/ColorDimmableLight/Build/zcl_buffer.o
LOAD c:/NXP/bstudio_nxp/workspace/JN-AN-1189-ZigBee-HA-Demo/ColorDimmableLight/Build/zcl_clusterCommand.o
LOAD c:/NXP/bstudio_nxp/workspace/JN-AN-1189-ZigBee-HA-Demo/ColorDimmableLight/Build/zcl_command.o
LOAD c:/NXP/bstudio_nxp/workspace/JN-AN-1189-ZigBee-HA-Demo/ColorDimmableLight/Build/zcl_configureReportingCommandHandle.o
LOAD c:/NXP/bstudio_nxp/workspace/JN-AN-1189-ZigBee-HA-Demo/ColorDimmableLight/Build/zcl_configureReportingCommandSend.o
LOAD c:/NXP/bstudio_nxp/workspace/JN-AN-1189-ZigBee-HA-Demo/ColorDimmableLight/Build/zcl_configureReportingResponseHandle.o
LOAD c:/NXP/bstudio_nxp/workspace/JN-AN-1189-ZigBee-HA-Demo/ColorDimmableLight/Build/zcl_defaultResponse.o
LOAD c:/NXP/bstudio_nxp/workspace/JN-AN-1189-ZigBee-HA-Demo/ColorDimmableLight/Build/zcl_discoverAttributesExtendedRequestHandle.o
LOAD c:/NXP/bstudio_nxp/workspace/JN-AN-1189-ZigBee-HA-Demo/ColorDimmableLight/Build/zcl_discoverAttributesExtendedRequestSend.o
LOAD c:/NXP/bstudio_nxp/workspace/JN-AN-1189-ZigBee-HA-Demo/ColorDimmableLight/Build/zcl_discoverAttributesExtendedResponseHandle.o
LOAD c:/NXP/bstudio_nxp/workspace/JN-AN-1189-ZigBee-HA-Demo/ColorDimmableLight/Build/zcl_discoverAttributesRequestHandle.o
LOAD c:/NXP/bstudio_nxp/workspace/JN-AN-1189-ZigBee-HA-Demo/ColorDimmableLight/Build/zcl_discoverAttributesRequestSend.o
LOAD c:/NXP/bstudio_nxp/workspace/JN-AN-1189-ZigBee-HA-Demo/ColorDimmableLight/Build/zcl_discoverAttributesResponseHandle.o
LOAD c:/NXP/bstudio_nxp/workspace/JN-AN-1189-ZigBee-HA-Demo/ColorDimmableLight/Build/zcl_discoverCommandsRequestHandle.o
LOAD c:/NXP/bstudio_nxp/workspace/JN-AN-1189-ZigBee-HA-Demo/ColorDimmableLight/Build/zcl_discoverCommandsRequestSend.o
LOAD c:/NXP/bstudio_nxp/workspace/JN-AN-1189-ZigBee-HA-Demo/ColorDimmableLight/Build/zcl_discoverCommandsResponseHandle.o
LOAD c:/NXP/bstudio_nxp/workspace/JN-AN-1189-ZigBee-HA-Demo/ColorDimmableLight/Build/zcl_event.o
LOAD c:/NXP/bstudio_nxp/workspace/JN-AN-1189-ZigBee-HA-Demo/ColorDimmableLight/Build/zcl_heap.o
LOAD c:/NXP/bstudio_nxp/workspace/JN-AN-1189-ZigBee-HA-Demo/ColorDimmableLight/Build/zcl_library_options.o
LOAD c:/NXP/bstudio_nxp/workspace/JN-AN-1189-ZigBee-HA-Demo/ColorDimmableLight/Build/zcl_readAttributesRequestHandle.o
LOAD c:/NXP/bstudio_nxp/workspace/JN-AN-1189-ZigBee-HA-Demo/ColorDimmableLight/Build/zcl_readAttributesRequestSend.o
LOAD c:/NXP/bstudio_nxp/workspace/JN-AN-1189-ZigBee-HA-Demo/ColorDimmableLight/Build/zcl_readAttributesResponseHandle.o
LOAD c:/NXP/bstudio_nxp/workspace/JN-AN-1189-ZigBee-HA-Demo/ColorDimmableLight/Build/zcl_readReportingConfigurationCommandHandle.o
LOAD c:/NXP/bstudio_nxp/workspace/JN-AN-1189-ZigBee-HA-Demo/ColorDimmableLight/Build/zcl_readReportingConfigurationCommandSend.o
LOAD c:/NXP/bstudio_nxp/workspace/JN-AN-1189-ZigBee-HA-Demo/ColorDimmableLight/Build/zcl_readReportingConfigurationResponseHandle.o
LOAD c:/NXP/bstudio_nxp/workspace/JN-AN-1189-ZigBee-HA-Demo/ColorDimmableLight/Build/zcl_reportManager.o
LOAD c:/NXP/bstudio_nxp/workspace/JN-AN-1189-ZigBee-HA-Demo/ColorDimmableLight/Build/zcl_reportMaths.o
LOAD c:/NXP/bstudio_nxp/workspace/JN-AN-1189-ZigBee-HA-Demo/ColorDimmableLight/Build/zcl_reportScheduler.o
LOAD c:/NXP/bstudio_nxp/workspace/JN-AN-1189-ZigBee-HA-Demo/ColorDimmableLight/Build/zcl_reportStringHandling.o
LOAD c:/NXP/bstudio_nxp/workspace/JN-AN-1189-ZigBee-HA-Demo/ColorDimmableLight/Build/zcl_reportStructure.o
LOAD c:/NXP/bstudio_nxp/workspace/JN-AN-1189-ZigBee-HA-Demo/ColorDimmableLight/Build/zcl_search.o
LOAD c:/NXP/bstudio_nxp/workspace/JN-AN-1189-ZigBee-HA-Demo/ColorDimmableLight/Build/zcl_timer.o
LOAD c:/NXP/bstudio_nxp/workspace/JN-AN-1189-ZigBee-HA-Demo/ColorDimmableLight/Build/zcl_transmit.o
LOAD c:/NXP/bstudio_nxp/sdk/JN-SW-4168/Components/Library\libZPSMAC_Mini_JN516x.a
LOAD c:/NXP/bstudio_nxp/sdk/JN-SW-4168/Components/Library\libOS_JN516x.a
LOAD c:/NXP/bstudio_nxp/sdk/JN-SW-4168/Components/Library\libPWRM_JN516x.a
LOAD c:/NXP/bstudio_nxp/sdk/JN-SW-4168/Components/Library\libZPSTSV_JN516x.a
LOAD c:/NXP/bstudio_nxp/sdk/JN-SW-4168/Components/Library\libAES_SW_JN516x.a
LOAD c:/NXP/bstudio_nxp/sdk/JN-SW-4168/Components/Library\libPDUM_JN516x.a
LOAD c:/NXP/bstudio_nxp/sdk/JN-SW-4168/Components/Library\libZPSAPL_JN516x.a
LOAD c:/NXP/bstudio_nxp/sdk/JN-SW-4168/Components/Library\libRandom_JN516x.a
LOAD c:/NXP/bstudio_nxp/sdk/JN-SW-4168/Components/Library\libPDM_EEPROM_JN516x.a
LOAD c:/NXP/bstudio_nxp/sdk/JN-SW-4168/Components/Library\libDBG_JN516x.a
LOAD c:/NXP/bstudio_nxp/sdk/JN-SW-4168/Components/Library\libZPSNWK_JN516x.a
LOAD c:/NXP/bstudio_nxp/sdk/JN-SW-4168/Components/Library\libRecal_JN516x.a
LOAD c:/NXP/bstudio_nxp/sdk/JN-SW-4168/Components/Library\libMiniMac_JN516x.a
LOAD c:/NXP/bstudio_nxp/sdk/JN-SW-4168/Components/Library\libMiniMacShim_JN516x.a
LOAD c:/NXP/bstudio_nxp/sdk/JN-SW-4168/Components/Library\libMMAC_JN516x.a
LOAD c:/NXP/bstudio_nxp/sdk/JN-SW-4168/Components/Library\libAes_JN516x.a
LOAD c:/NXP/bstudio_nxp/sdk/JN-SW-4168/Components/Library\libHardwareApi_JN516x.a
LOAD c:/NXP/bstudio_nxp/sdk/JN-SW-4168/Components/Library\libMicroSpecific_JN516x.a
LOAD c:/NXP/bstudio_nxp/sdk/JN-SW-4168/Components/Library\libBoot_JN516x.a
LOAD c:/NXP/bstudio_nxp/sdk/JN-SW-4168/Platform/DK4/Library\libBoardLib_JN516x.a
LOAD c:/nxp/bstudio_nxp/sdk/tools/ba-elf-ba2-r36379/bin/../lib/gcc/ba-elf/4.7.4/../../../../ba-elf/lib/mcpu_jn51xx_sizeopt\libm.a
END GROUP
LOAD c:/nxp/bstudio_nxp/sdk/tools/ba-elf-ba2-r36379/bin/../lib/gcc/ba-elf/4.7.4/../../../../ba-elf/lib/mcpu_jn51xx_sizeopt\libc.a
LOAD c:/nxp/bstudio_nxp/sdk/tools/ba-elf-ba2-r36379/bin/../lib/gcc/ba-elf/4.7.4/mcpu_jn51xx_sizeopt\libgcc.a
LOAD c:/nxp/bstudio_nxp/sdk/tools/ba-elf-ba2-r36379/bin/../lib/gcc/ba-elf/4.7.4/../../../../ba-elf/lib/mcpu_jn51xx_sizeopt\libc.a
                0x0000000000080038                _exception_vsr_table = 0x80038
                0x0000000004000000                pSPIflashFncTable = 0x4000000
                0x0000000000000044                restore_state = 0x44
                0x000000000000004a                bZSPIWaitWIPClear = 0x4a
                0x0000000000000050                u16ZSPIflashRDID = 0x50
                0x0000000000000056                u8SelectFlashChipType = 0x56
                0x000000000000005c                memcpy = 0x5c
                0x0000000000000066                vBootFlashProg = 0x66
                [0x00000000000007d0]                __minimum_heap_size = DEFINED (__minimum_heap_size)?__minimum_heap_size:0xd16
                [0x0000000000001770]                __stack_size = DEFINED (__stack_size)?__stack_size:0x800
                0x0000000000000000                _SwConfig = (DEFINED (g_bSWConf_Debug) | (DEFINED (g_bSWConf_AltDebugPort) << 0x1))

.version        0x000000000007fffc        0x4
                0x000000000007fffc        0x4 LONG 0x7030008

.bir            0x0000000000080000       0x10
                0x0000000000080000                _flash_start = ABSOLUTE (.)
                0x0000000000080000                _flash_beg = ABSOLUTE (.)
                0x0000000000080000        0x4 LONG 0x12345678
                0x0000000000080004        0x4 LONG 0x11223344
                0x0000000000080008        0x4 LONG 0x55667788
                0x000000000008000c        0x1 BYTE 0x8
                0x000000000008000d        0x1 BYTE 0x1
                0x000000000008000e        0x2 SHORT 0x0

.flashheader    0x0000000000080010       0x28
                0x0000000000080010        0x4 LONG 0x0
                0x0000000000080014        0x4 LONG 0x0
                0x0000000000080018        0x4 LONG 0x0
                0x000000000008001c        0x2 SHORT 0x0
                0x000000000008001e        0x2 SHORT 0x0 ABSOLUTE (_SwConfig)
                0x0000000000080020                _enc_start = ABSOLUTE (.)
                0x0000000000080020        0x4 LONG 0x28128 ABSOLUTE (_image_len)
                0x0000000000080024        0x4 LONG 0xa77e8 ABSOLUTE (_flash_data_start)
                0x0000000000080028        0x2 SHORT 0x13 ((ABSOLUTE (_ram_data_start) / 0x4) & 0xffff)
                0x000000000008002a        0x2 SHORT 0x250 ((ABSOLUTE (_ram_data_len) / 0x4) & 0xffff)
                0x000000000008002c        0x2 SHORT 0x263 ((ABSOLUTE (_bss_start) / 0x4) & 0xffff)
                0x000000000008002e        0x2 SHORT 0xf21 ((ABSOLUTE (_bss_len) / 0x4) & 0xffff)
                0x0000000000080030        0x4 LONG 0xa2472 ABSOLUTE (AppWarmStart)
                0x0000000000080034        0x4 LONG 0xa248c ABSOLUTE (AppColdStart)
                0x0000000000000000                _enc_offset = (_enc_start & 0xf)

.ro_mac_address
                0x0000000000080040        0x0
                0x0000000000080040                _FlsMACAddress = ABSOLUTE (.)
 *(.ro_mac_address)
                0x0000000000080040                . = ALIGN (0x10)

.ro_ota_header  0x0000000000080040        0x0
                0x0000000000080040                _FlsOtaHeader = ABSOLUTE (.)
 *(.ro_ota_header)
                0x0000000000080040                . = ALIGN (0x10)

.ro_se_lnkKey   0x0000000000080040        0x0
                0x0000000000080040                _FlsLinkKey = ABSOLUTE (.)
 *(.ro_se_lnkKey)
                0x0000000000080040                . = ALIGN (0x10)

.rodata         0x0000000000080038      0xb76
 *(.rodata*)
 .rodata        0x0000000000080038       0x18 C:\Users\I24375~1\AppData\Local\Temp\ccu1xO2l.ltrans0.ltrans.o
                0x0000000000080038                psAplDefaultZLLAPSLinkKey
                0x000000000008003c                gMAC_u8MaxBuffers
                0x0000000000080040                g_u32ApsFcSaveCountBitShift
                0x0000000000080044                u8MaxZpsConfigEp
                0x0000000000080045                au8EpMapPresent
                0x0000000000080048                s_groupPdmTable
 .rodata.str1.1
                0x0000000000000000        0x0 C:\Users\I24375~1\AppData\Local\Temp\ccu1xO2l.ltrans1.ltrans.o
                                          0x8 (size before relaxing)
 .rodata        0x0000000000080050       0x38 C:\Users\I24375~1\AppData\Local\Temp\ccu1xO2l.ltrans1.ltrans.o
 .rodata.str1.1
                0x0000000000080088        0x5 C:\Users\I24375~1\AppData\Local\Temp\ccu1xO2l.ltrans2.ltrans.o
                                          0x8 (size before relaxing)
 .rodata.str1.1
                0x0000000000000000        0x5 C:\Users\I24375~1\AppData\Local\Temp\ccu1xO2l.ltrans3.ltrans.o
                                          0x7 (size before relaxing)
 .rodata        0x000000000008008d        0x7 C:\Users\I24375~1\AppData\Local\Temp\ccu1xO2l.ltrans3.ltrans.o
                0x000000000008008d                u8MacNwkTriesTimeout
 .rodata.str1.1
                0x0000000000080094        0x7 C:\Users\I24375~1\AppData\Local\Temp\ccu1xO2l.ltrans5.ltrans.o
                                         0x14 (size before relaxing)
 .rodata.str1.1
                0x000000000008009b       0xc9 C:\Users\I24375~1\AppData\Local\Temp\ccu1xO2l.ltrans7.ltrans.o
 .rodata        0x0000000000080164       0x20 C:\Users\I24375~1\AppData\Local\Temp\ccu1xO2l.ltrans8.ltrans.o
                0x000000000008016c                au32UartAddrOffset
 .rodata.str1.1
                0x0000000000080184       0x11 C:\Users\I24375~1\AppData\Local\Temp\ccu1xO2l.ltrans9.ltrans.o
                                         0x14 (size before relaxing)
 .rodata.str1.1
                0x0000000000080195        0x6 C:\Users\I24375~1\AppData\Local\Temp\ccu1xO2l.ltrans10.ltrans.o
 *fill*         0x000000000008019b        0x1 00
 .rodata        0x000000000008019c       0x18 C:\Users\I24375~1\AppData\Local\Temp\ccu1xO2l.ltrans10.ltrans.o
                0x000000000008019c                au32NwkPdmRecordOffsets
 .rodata.str1.1
                0x00000000000801b4        0x5 C:\Users\I24375~1\AppData\Local\Temp\ccu1xO2l.ltrans11.ltrans.o
                                         0x17 (size before relaxing)
 .rodata.str1.1
                0x0000000000000000        0x5 C:\Users\I24375~1\AppData\Local\Temp\ccu1xO2l.ltrans13.ltrans.o
                                          0xa (size before relaxing)
 .rodata.str1.1
                0x00000000000801b9       0x10 C:\Users\I24375~1\AppData\Local\Temp\ccu1xO2l.ltrans14.ltrans.o
                                         0x2f (size before relaxing)
 *fill*         0x00000000000801c9        0x3 00
 .rodata        0x00000000000801cc       0x88 C:\Users\I24375~1\AppData\Local\Temp\ccu1xO2l.ltrans14.ltrans.o
                0x00000000000801cc                g_u32NwkFcSaveCountBitShift
 .rodata.str1.1
                0x0000000000080254        0xa C:\Users\I24375~1\AppData\Local\Temp\ccu1xO2l.ltrans15.ltrans.o
                                         0x19 (size before relaxing)
 .rodata.str1.1
                0x000000000008025e        0x7 C:\Users\I24375~1\AppData\Local\Temp\ccu1xO2l.ltrans16.ltrans.o
                                         0x1d (size before relaxing)
 .rodata.str1.1
                0x0000000000080265       0x40 C:\Users\I24375~1\AppData\Local\Temp\ccu1xO2l.ltrans17.ltrans.o
                                         0x73 (size before relaxing)
 .rodata        0x00000000000802a5        0x8 C:\Users\I24375~1\AppData\Local\Temp\ccu1xO2l.ltrans19.ltrans.o
 *fill*         0x00000000000802ad        0x3 00
 .rodata        0x00000000000802b0       0x94 C:\Users\I24375~1\AppData\Local\Temp\ccu1xO2l.ltrans20.ltrans.o
                0x00000000000802b8                s_apsStSceTbl.148297
                0x00000000000802cc                bRxOnOptimisationTurnedOff
                0x00000000000802d0                zps_sJoinSceTbl
                0x00000000000802dc                zps_sActvSceTbl
 .rodata        0x0000000000080344       0x18 C:\Users\I24375~1\AppData\Local\Temp\ccu1xO2l.ltrans21.ltrans.o
                0x0000000000080354                pu64NewMacOverrideMyAddressLocation
                0x0000000000080358                g_bReverToOldParent
 .rodata.str1.1
                0x000000000008035c       0x17 C:\Users\I24375~1\AppData\Local\Temp\ccu1xO2l.ltrans22.ltrans.o
 *fill*         0x0000000000080373        0x1 00
 .rodata        0x0000000000080374      0x118 C:\Users\I24375~1\AppData\Local\Temp\ccu1xO2l.ltrans22.ltrans.o
                0x0000000000080374                gu32ZCLVersion
                0x0000000000080378                OS_g_u32Version
                0x000000000008037c                PDUM_g_u32Version
                0x0000000000080380                ZPS_g_u32MacVersion
                0x0000000000080384                ZPS_g_u32TsvVersion
 .rodata.str1.1
                0x000000000008048c       0x14 C:\Users\I24375~1\AppData\Local\Temp\ccu1xO2l.ltrans26.ltrans.o
                                         0x31 (size before relaxing)
 .rodata        0x00000000000804a0      0x124 C:\Users\I24375~1\AppData\Local\Temp\ccu1xO2l.ltrans26.ltrans.o
                0x00000000000804a0                g_bEnableRouteDiscovery
                0x00000000000804a1                g_bStopZdpAcks
 .rodata.str1.1
                0x00000000000805c4       0xa5 C:\Users\I24375~1\AppData\Local\Temp\ccu1xO2l.ltrans27.ltrans.o
 *fill*         0x0000000000080669        0x3 00
 .rodata        0x000000000008066c      0x3f8 C:\Users\I24375~1\AppData\Local\Temp\ccu1xO2l.ltrans27.ltrans.o
                0x000000000008066c                zps_g_pvApl
                0x0000000000080670                au32TimerBaseAddress
 .rodata        0x0000000000080a64      0x100 C:\Users\I24375~1\AppData\Local\Temp\ccu1xO2l.ltrans29.ltrans.o
 .rodata.str1.1
                0x0000000000080b64       0x45 C:\Users\I24375~1\AppData\Local\Temp\ccu1xO2l.ltrans30.ltrans.o
 .rodata.str1.1
                0x0000000000080ba9        0x5 C:\Users\I24375~1\AppData\Local\Temp\ccu1xO2l.ltrans31.ltrans.o

.text           0x0000000000080bb0    0x26c38
 *(.text*)
 .text          0x0000000000080bb0     0x17f4 C:\Users\I24375~1\AppData\Local\Temp\ccu1xO2l.ltrans0.ltrans.o
                0x0000000000080bb0                vInitialiseApp.3100
                0x0000000000080bb0                APP_TIMER_Version_1v0
 .text          0x00000000000823a4     0x1ca4 C:\Users\I24375~1\AppData\Local\Temp\ccu1xO2l.ltrans1.ltrans.o
                0x00000000000823a4                DBG_iUartGetChar
                0x0000000000082458                vMMAC_IntHandlerBbc
                0x0000000000082472                eBasicTxCompleteHandler
                0x0000000000082477                vTxRxTimeout.165246
                0x00000000000824d4                eSmeAcScBeaconInd.156396
                0x000000000008253a                eSmeASFlBeaconInd.156231
                0x000000000008255c                eSmeUDNTScanDcfm.155681
                0x00000000000825e4                zps_eNwkHandleSmePollDcfm
                0x000000000008260e                eLeaveDataDcfmRemoteLeave.160981
                0x0000000000082657                eSmeGenlScanDcfm.156223
                0x00000000000826b5                eSmeEdScScanDcfm.156219
                0x000000000008285c                eSmeAcScBeaconInd.156239
                0x0000000000082964                eSmeUDNTBeaconInd.156215
                0x0000000000082987                ZPS_vGetDeviceCurrentData.constprop.130
                0x0000000000082a06                eCLD_GroupsCheckGroupExists
                0x0000000000082a73                ZPS_eTsvOpen
                0x0000000000082a90                zps_vNwkBttMgrInit
                0x0000000000082abe                PDUM_vInit
                0x0000000000082b79                vMicroIntEnableOnly.constprop.150
                0x0000000000082ba5                vMiniMac_MLME_SetReq_PanId
                0x0000000000082be2                vMiniMac_MLME_SetReq_ShortAddr
                0x0000000000082bf0                pvZCL_HeapAlloc.part.0.69154.constprop.129
                0x0000000000082c2a                vZCL_InitializeClusterInstance.constprop.120
                0x0000000000082c3b                vACI_OptimisedCcmStar.constprop.56
                0x0000000000082e27                zps_eNwkRtDiscMatch.constprop.53
                0x0000000000082e7a                psDLISTsearchFromHead
                0x0000000000082ea3                eCLD_ScenesFindScene
                0x0000000000082ef1                eCLD_ColourControl_xyY2HSV.constprop.28
                0x00000000000830b7                vCLD_ColourControl_xyY2CCT.constprop.27
                0x0000000000083168                eCLD_ColourControl_HSV2xyY.constprop.26
                0x000000000008347f                eCLD_ColourControlHandleColourModeChange
                0x0000000000083525                vMiniMac_ReturnTxBufferCallback
                0x0000000000083537                bEnableReceive.165248
                0x0000000000083575                pvHeap_Alloc
                0x0000000000083578                vMicroIntRestoreState
                0x0000000000083584                TSV_eStart
                0x00000000000835d4                bAHI_WriteEEPROMfixSegmentData
                0x0000000000083632                bAHI_InitialiseEEPROM
                0x000000000008367a                vAHI_ReadDataFromEEPROMregister
                0x00000000000836a7                vAHI_WriteDataIntoEEPROMregister
                0x00000000000836d7                iAHI_WriteDataIntoEEPROMsegment.constprop.134
                0x0000000000083725                iPDM_WriteSegmentHeaderDataIntoEEPROMsegment
                0x0000000000083754                u8AHI_WakeTimerFiredStatus
                0x0000000000083768                vAHI_WakeTimerStop.part.3.167491
                0x0000000000083788                vAHI_UartReset.part.4.167245
                0x00000000000837c0                u8AHI_TimerFired.part.9.167058
                0x00000000000837db                vAHI_ClockXtalPull
                0x00000000000837f8                vAHI_OptimiseWaitStates
                0x0000000000083844                bAHI_GetClkSource
                0x0000000000083851                vAHI_CpuDoze
                0x0000000000083864                vAHI_SwReset
                0x0000000000083895                u16AHI_AdcRead
                0x00000000000838ba                vAHI_AdcStartSample
                0x0000000000083917                bAHI_APRegulatorEnabled
                0x0000000000083924                vAHI_ApConfigure.part.0.166729.constprop.152
                0x0000000000083952                bIssueACIcommand
                0x0000000000083bb7                vTransformKey.isra.0.86468
                0x0000000000083be7                MAC_u64GetExtAddr
                0x0000000000083c02                ZPS_u64NwkNibFindExtAddr
                0x0000000000083ca8                ZPS_u16NwkNibFindNwkAddr
                0x0000000000083d49                psSearchForFrameToSend
                0x0000000000083da1                eMiniMac_FrameInProgress
                0x0000000000083dcc                vRemoveFromTxQueue
                0x0000000000083e08                vAddToTxQueue
                0x0000000000083e3e                u8GetHeaderSize
                0x0000000000083e66                vMiniMac_MLME_SetReq_MaxCsmaBackoffs
                0x0000000000083e86                vMiniMac_MLME_SetReq_MaxBe
                0x0000000000083ea9                vMiniMac_MLME_SetReq_MinBe
                0x0000000000083ecc                zps_psFormatCmdFrameGeneral
                0x0000000000083f58                zps_eNwkFormStInit
                0x0000000000083f6d                vSendDcfm.156917
                0x0000000000083f92                bCheckMatchingEntry.156391
                0x0000000000083fb8                zps_psNwkSlistRemoveFromHead
                0x0000000000083fcf                zps_psNwkSlistRemove
                0x0000000000084007                zps_bNwkMcpsMgrRemoveDescrFromLists
 .text          0x0000000000084048     0x151e C:\Users\I24375~1\AppData\Local\Temp\ccu1xO2l.ltrans2.ltrans.o
                0x0000000000084048                os_u32APP_cbGetTickTimer
                0x0000000000084051                os_bAPP_cbSetTickTimerCompare
                0x00000000000840ad                vZdoServersInit.2824
                0x00000000000842b6                boIdValueSearchMatch.142903
                0x0000000000084310                vCLD_IdentifyTimerClickCallback.18957
                0x0000000000084384                bHandleZdoLeaveRequest.6007
                0x00000000000843e0                vDispatch.77665
                0x00000000000844b2                OS_eStartSWTimer.constprop.154
                0x00000000000845d1                OS_eContinueSWTimer.constprop.30
                0x00000000000846ca                OS_eStopSWTimer
                0x00000000000847ed                OS_ePostMessage
                0x0000000000084953                OS_eExitCriticalSection
                0x0000000000084a38                OS_eActivateTask
                0x0000000000084ad3                vPostMlmeDcfmInd.98182
                0x0000000000084b76                u8ZdoBindUnbindServerUnpackApdu
                0x0000000000084bc5                u16ZCL_APduInstanceWriteNBO
                0x0000000000084c19                u16ZCL_WriteCommandHeader
                0x0000000000084c91                u16ZCL_APduInstanceWriteStringNBO
                0x0000000000084d58                u16ZCL_WriteAttributeValueIntoBuffer
                0x0000000000084dca                u16ZCL_APduInstanceReadStringNBO.part.3.58994
                0x0000000000084ea3                eZCL_GetAttributeTypeSizeFromBuffer
                0x0000000000084f1a                u16ZCL_GetTxPayloadSize
                0x0000000000084f52                iPDM_ReadSegmentHeaderDataFromEEPROMsegment
                0x0000000000084fab                iPDM_ReadUserDataFromEEPROMsegment
                0x0000000000085025                iPDM_ReCalculateWearCountAndChecksumAndWriteFileSystemHeader
                0x000000000008506f                vPDM_SetEEPROMandFileSystemValidState
                0x0000000000085096                iPDM_ReadUserDataFromFileSystemRecord
                0x00000000000850b6                vPDM_WriteFileSystemRecordAndSegmentDataIntoEEPROMsegment
                0x00000000000850f1                u16ZCL_ReadTypeNBO
                0x00000000000851a6                u16ZCL_APduInstanceReadNBO
                0x00000000000851f7                u16ZCL_ReadCommandHeader.part.0.61760
                0x000000000008526e                ZPS_vNwkNibClearTables
                0x000000000008538f                eCLD_ScenesSetLastConfiguredBy.isra.1.25590
                0x00000000000853c6                ZPS_bIsMacAddressUsedInApsTable
                0x000000000008547c                iPDM_FilterDuplicateAppendedSegmentsOnList.144075
                0x00000000000854c0                vDisplayAddressMapTable
                0x00000000000854da                vDisplayNT
                0x00000000000854f4                sEZ_GetDiscEntry.11093
                0x0000000000085535                u8PDM_CalculateLargestDataRecordStored
 .text          0x0000000000085566     0x1a3e C:\Users\I24375~1\AppData\Local\Temp\ccu1xO2l.ltrans3.ltrans.o
                0x0000000000085822                zps_bAplZdoMatchDescServer
                0x0000000000085836                zps_bAplZdoNodeDescServer
                0x00000000000859a2                zps_bAplZdoPowerDescServer
                0x0000000000085abf                zps_bAplZdoActiveEpServer
                0x0000000000085ba8                zps_bAplZdoSystemServerDiscoveryServer
                0x0000000000085c31                zps_bAplZdoMgmtLqiServer
                0x0000000000085e5d                zps_bAplZdoMgmtRtgServer
                0x0000000000085fa3                zps_bAplZdoSimpleDescServer
                0x0000000000086204                ZPS_bSecEncrypt
                0x00000000000863ba                PDUM_eNPduAllocate
                0x0000000000086429                vMiniMac_McpsCallback
                0x0000000000086681                PDUM_eNPduClone
                0x00000000000866cd                PDUM_eNPduFree
                0x000000000008673a                vPostVsMcpsDcfmInd.98189
                0x0000000000086823                zps_vNwkMcpsMgrFreeReqDescr
                0x0000000000086855                zps_psAllocateAndFormatMacHdr
                0x0000000000086b58                zps_psNwkInitCmdFrame
                0x0000000000086bd7                eSendLinkStatusDataDcfm.part.1.146069
                0x0000000000086d09                zps_vNwkRemoveConflictedBroadcast
                0x0000000000086d5b                vFreePendingReqDescr
                0x0000000000086dc1                zps_vNwkMcpsMgrTidyBtrReqDescr
                0x0000000000086e05                vNwkBttTimerExpiry.154481
                0x0000000000086f25                hZCL_AllocateAPduInstance
                0x0000000000086f61                bSendResponse.115032
 .text          0x0000000000086fa4     0x1b32 C:\Users\I24375~1\AppData\Local\Temp\ccu1xO2l.ltrans4.ltrans.o
                0x0000000000086fa4                vPermitJoinHandleExpiry.151225
                0x0000000000086fad                vNwkMcpsTimerCallback
                0x0000000000086fc7                zps_eSceGenlIllegal
                0x0000000000086fce                zps_eSmeGenlIllegal
                0x0000000000086fd5                DBG_vUartFailedAssert
                0x0000000000086fd9                psGetVsMcpsBuf.98186
                0x0000000000086fe2                psGetMlmeBuf.98179
                0x0000000000087029                psGetNlmeBuf.80900
                0x0000000000087033                psGetNldeBuf.80921
                0x000000000008703d                psGetApsmeBuf.80907
                0x0000000000087046                psGetApsdeBuf.80914
                0x000000000008715f                vLoopbackTimerCallback
                0x000000000008718e                zps_vNwkSlistAddToTail
                0x00000000000871a8                ZPS_bNwkSecHaveNetworkKey
                0x00000000000871dc                ZPS_bNwkSecFindMatSet
                0x0000000000087218                zps_eNwkRctMatchNwkAddr
                0x0000000000087282                ZPS_u8NwkCalcNldeReqOverhead
                0x00000000000872bd                zps_vRemoveNextHop
                0x0000000000087372                zps_vRemoveRoute
                0x0000000000087409                zps_psNwkRtMatchNwkAddr
                0x000000000008747f                ZPS_u8NwkNibNtDiscMatch
                0x000000000008753b                zps_vNwkFreeMcpsHandle
                0x0000000000087565                ZPS_u64NwkNibGetMappedIeeeAddr
                0x0000000000087587                ZPS_vNwkSecResetDevice
                0x00000000000875cc                ZPS_bNwkNibNtActvMatch
                0x000000000008767b                bCheckNwkAddr
                0x00000000000876c4                ZPS_vSetExtendedStatus
                0x00000000000876d6                zps_eNwkRtMatch
                0x00000000000877e3                zps_psApsApsAllocateDcfmRecord
                0x0000000000087851                zps_u8CalcLinkCost
                0x000000000008788d                zps_u64NwkLibFromPayload
                0x00000000000878cc                zps_vNwkLibU64ToPayload
                0x00000000000878f9                zps_vInitBeaconPayload
                0x0000000000087975                zps_eNwkDcfmIndPost
                0x0000000000087998                zps_psNwkDcfmIndGetBuf
                0x00000000000879ba                eRouteRequestDataDcfm.152401
                0x0000000000087a0e                eNldeDataDcfm.150231
                0x0000000000087a3e                zps_vSendNwkStatusInd
                0x0000000000087a6e                DBG_vInit
                0x0000000000087ab0                vPDM_ReadBitmapHeader.143760
                0x0000000000087acf                psSLISTsearch
                0x0000000000087b0f                psSLISTremove
                0x0000000000087b8d                vSLISTaddToTail
                0x0000000000087bac                psSLISTgetNext
                0x0000000000087bd0                bPDM_ImageBitmapRepairCheck
                0x0000000000087bf8                u8PDM_ReadSequenceNumber
                0x0000000000087c1b                boSegmentNumberDeleteSearchMatch.143330
                0x0000000000087c36                u8PDM_ReadSegmentDataSize
                0x0000000000087c4a                u32PDM_ReadFileSystemHeaderWearCount
                0x0000000000087c60                boSearchForWearCountSubstitute.143646
                0x0000000000087c86                boSearchForWearCountInsertPoint.142899
                0x0000000000087ca4                vPDM_WriteFileSystemHeaderWearCount
                0x0000000000087cb6                RND_u32GetRand256
                0x0000000000087cd3                RND_u32GetRand
                0x0000000000087cfa                u16CalculateFailedTxCount.116221
                0x0000000000087d24                vZdoIeeeAddrServerSendExtendResponse.part.0.102018
                0x0000000000087d85                vZdoNwkAddrServerSendExtendResponse.part.0.100838
                0x0000000000087de6                zps_bAplZdoServerHandleConfirmAcks
                0x0000000000087e30                zps_bPerformLeaveActionDecider
                0x0000000000087e48                vHandleUpdateDeviceIndication.89990
                0x0000000000087e72                u32GetScanChannels.89977
                0x0000000000087e9d                bDuplicateCheck.86346
                0x0000000000087faa                zps_vAplApsInitDuplicateTable
                0x0000000000087fcd                eHandleRemoveNonBroadcastEndpointsFromGroup.84974
                0x0000000000088045                eHandleAddEntryToGroupTable.84937
                0x00000000000880a1                bIsBindTableMatch.84914
                0x00000000000880f2                eRemoveEntryInBindingTable.84942
                0x0000000000088171                zps_vAplApsInitFragTransmitPool
                0x0000000000088192                zps_vAplApsFillAndPostApsAck
                0x00000000000881fc                zps_u8AplApsFreeMsgHandle
                0x0000000000088266                zps_vAplApsInitSyncMsgPool
                0x000000000008829e                zps_vAplApsInitFragReceivePool
                0x00000000000882c1                vFillDataIndStruct.80763
                0x000000000008831f                vFillApduErrorEvent.80756
                0x0000000000088362                bCheckProfile.80751
                0x00000000000883a0                ZPS_bIsGroupPresent
                0x00000000000883d8                pdum_u16ReadNBO
                0x0000000000088539                PDUM_u16SizeNBO
                0x0000000000088597                PDUM_u16APduInstanceWriteStrNBO
                0x0000000000088716                PDUM_u16APduInstanceReadNBO
                0x0000000000088761                PDUM_u16APduInstanceWriteNBO
                0x00000000000887cb                PDUM_thAPduInstanceGetApdu
                0x00000000000887e6                PDUM_eAPduInstanceSetPayloadSize
                0x000000000008880e                PDUM_eNPduWriteDataFromBuffer
                0x0000000000088868                PDUM_eNPduWriteDataToBuffer
                0x00000000000888c6                PDUM_eNPduWriteFromBuffer
                0x00000000000888ef                PDUM_eNPduDescend
                0x0000000000088915                PDUM_eNPduAscend
                0x000000000008893b                PDUM_eNPduClaimData
                0x00000000000889a8                PDUM_eNPduAppendDataNBO
                0x0000000000088a05                PDUM_eNPduClaimHeader
                0x0000000000088a28                PDUM_eNPduReadHeaderNBO
                0x0000000000088a7b                PDUM_eNPduPrependHeaderNBO
 .text          0x0000000000088ad6     0x14ba C:\Users\I24375~1\AppData\Local\Temp\ccu1xO2l.ltrans5.ltrans.o
                0x0000000000088ad6                zps_bAplZdoNwkAddrServer
                0x0000000000088c5a                zps_bAplZdoIeeeAddrServer
                0x0000000000088db3                eBeaconReqSent.164893
                0x0000000000088dda                eMcpsTxCompleteHandler.164384
                0x0000000000088e08                vPDM_AddFileSystemElementToListInAscendingWearCountOrder
                0x0000000000088f16                vPDM_MoveFileRecordFromListToList
                0x0000000000088f38                vPDM_MoveRecordToDeAllocList
                0x0000000000088f58                iPDM_WriteSegmentHeaderAndData
                0x0000000000089154                vIncrementFrameCounterInPdm.isra.0.149432
                0x0000000000089333                vProcessListsForSubmission.148130
                0x00000000000896c0                zps_vNwkMcpsMgrPost
                0x00000000000896e4                psSendRouteReplyCmd.152379
                0x000000000008982c                zps_eNwkHandleSceRouteReply
                0x0000000000089ad7                vHandleRouteDiscoveryExpiry.151957
                0x0000000000089ba8                zps_psNwkPropagateLocalLeave
                0x0000000000089bd0                zps_vNwkHandleCmeLeaveReq
                0x0000000000089c99                iPDM_SegmentCopyAndAppendData.constprop.153
                0x0000000000089cf6                eMakeEntryInBindingTable.84960
                0x0000000000089da0                zps_u8AplApsConstructAndPostLoopBackDataInd.83515
                0x0000000000089ed9                u8PostUnicastMsgToNHLE.83523
                0x0000000000089f12                zps_vSendJoinDcfm
                0x0000000000089f58                vGiveUp.159547
 *fill*         0x0000000000089f90        0x0 00
 .text          0x0000000000089f90     0x1520 C:\Users\I24375~1\AppData\Local\Temp\ccu1xO2l.ltrans6.ltrans.o
                0x0000000000089f90                vZCL_EventHandler
 .text          0x000000000008b4b0     0x15cf C:\Users\I24375~1\AppData\Local\Temp\ccu1xO2l.ltrans7.ltrans.o
                0x000000000008b4e6                os_vAPP_cbDisableTickTimer
                0x000000000008b52a                os_vAPP_cbEnableTickTimer
                0x000000000008b5aa                vRetryCcaFailure
                0x000000000008b5f7                OS_eEnterCriticalSection
                0x000000000008b6bf                PDUM_hAPduAllocateAPduInstance
                0x000000000008b733                zps_eAplZdoSendZdpResponse
                0x000000000008b77c                PDUM_eAPduFreeAPduInstance
                0x000000000008b7ff                PDM_eReadDataFromRecord.part.0.142142
                0x000000000008b882                PDM_eReadDataFromRecord
                0x000000000008b8a2                vLoadAplRecord.90017
                0x000000000008b8d0                vLoadNwkRecord.148998
                0x000000000008b908                ZPS_eTsvStart
                0x000000000008b963                zps_eNwkHandleSceNwkUpdate
                0x000000000008b987                vProcessTimedList.148034
                0x000000000008b9cd                zps_vNwkMcpsMgrPostTimed
                0x000000000008b9e0                vNwkMcpsSendTimedDfcm
                0x000000000008ba24                zps_vAplAfPostTimerEvent
                0x000000000008baa0                zps_vExpireOldRoutes
                0x000000000008bb29                zps_vNwkJoinStStartResponseTimer
                0x000000000008bb63                ZPS_eTsvStop
                0x000000000008bbb7                zps_bAplZdoBindRequestServer
                0x000000000008bd1e                ZPS_vResetBoundServerContext
                0x000000000008bd7e                vZdoBdrmBackStopTimerExpiry
                0x000000000008bda3                zps_eAplZdoBdrmRequestSend
                0x000000000008be40                zps_vNwkHandleCmePermitJoinReq
                0x000000000008bea8                zps_eNwkBtrMatch
                0x000000000008bfa5                zps_vAplApsStopPollTimer.part.3.83402
                0x000000000008c026                bHasTimerFired.74877
                0x000000000008c090                eHandleRemoveBroadcastEndpointsFromGroup.84933
                0x000000000008c0ea                eZCL_SetReceiveEventAddressStructure
                0x000000000008c169                dbg_vPrintfImplNoneVerbose
                0x000000000008c5f0                vOSError
                0x000000000008c647                DBG_vDumpStack
                0x000000000008c689                vUnclaimedInterrupt
                0x000000000008c69f                eZCLAddReport
                0x000000000008c953                eCLD_ScenesCountScenes
                0x000000000008c96d                ZPS_bSecDecrypt
 .text          0x000000000008ca7f     0x12ca C:\Users\I24375~1\AppData\Local\Temp\ccu1xO2l.ltrans8.ltrans.o
                0x000000000008cab9                DBG_vUartFlush
                0x000000000008cae6                DBG_vUartPutch
                0x000000000008cb2c                DBG_vUartInitHardware
                0x000000000008cc69                os_vAPP_RadioRecal
                0x000000000008cd25                boPDM_IsBitmapSaturated.143795
                0x000000000008cd6e                bPCA9634_WriteRegister
                0x000000000008cdec                bRGB_LED_Off
                0x000000000008ce21                bRGB_LED_SetLevel
                0x000000000008ce6e                vLI_UpdateDriver
                0x000000000008cebf                bRGB_LED_On
                0x000000000008ced3                vRGBLight_SetLevels
                0x000000000008cf4a                APP_vHandleIdentify
                0x000000000008cf96                vDLISTaddToHead
                0x000000000008cfbf                vDLISTaddToTail
                0x000000000008cfe2                psDLISTremove
                0x000000000008d044                eCLD_ScenesRemoveAllScenes
                0x000000000008d0dd                iPDM_SearchForBufferIdInList
                0x000000000008d112                iPDM_SearchForBufferIdInFileSystem
                0x000000000008d125                iPDM_ReadUserDataFromSegmentWithId
                0x000000000008d15a                iPDM_SearchForSpecificSegmentInList
                0x000000000008d18c                psGetTxFrameBuffer
                0x000000000008d1cb                psGetAndBuildCoordRealignment
                0x000000000008d223                vMMAC_RadioToOffAndWait
                0x000000000008d240                vStartReceive
                0x000000000008d25d                eOrphanNotificationSent.164889
                0x000000000008d2a6                vSetChannelAndPower
                0x000000000008d462                vMiniMac_NextTransaction
                0x000000000008d4cc                MAC_vPibSetRxOnWhenIdle.constprop.140
                0x000000000008d4d4                eTransmit
                0x000000000008d5a2                eBuildAndSend.164899
                0x000000000008d654                vMiniMac_TxComplete
                0x000000000008d745                vTimerFired
                0x000000000008d814                vMiniMac_Init
                0x000000000008db7c                eCLD_ScenesSaveClusters.constprop.29
                0x000000000008dd1e                vStartStopTimer
 .text          0x000000000008dd49     0x18f9 C:\Users\I24375~1\AppData\Local\Temp\ccu1xO2l.ltrans9.ltrans.o
                0x000000000008dd49                zps_eNwkHandleSceLinkStatus
                0x000000000008de7d                eSmeOrphScanDcfm.159997
                0x000000000008def5                zps_psFindKeyDescr
                0x000000000008e021                zps_eAplSecEncryptPacket
                0x000000000008e113                eUnfragmentedUnicastTransmission.83498
                0x000000000008e44e                zps_eAplSendApsmeCmdFrame
                0x000000000008e5bf                zps_eAplApsmeUpdateDeviceReqRsp.part.4.85071
                0x000000000008e760                vHandleJoinedNwk.11121
                0x000000000008e7bb                ZPS_vSetDevicePreviousData.constprop.15
                0x000000000008e9a9                ZPS_bNwkNibAddrMapAddEntry
                0x000000000008eb70                zps_vAgeRouter
                0x000000000008ebae                zps_eNwkHandleSdeActvDcfmData
                0x000000000008ed33                vMcpsMgrTimeoutExpiry
                0x000000000008eda2                zps_vLinkStatusHandleExpiry
                0x000000000008ee44                zps_eNwkHandleSceRouteRequest
                0x000000000008f315                zps_sNwkNibNtCheckJoin
                0x000000000008f5c3                zps_vNwkHandleCmeDirectJoinReq
 .text.unlikely
                0x000000000008f642       0x5f C:\Users\I24375~1\AppData\Local\Temp\ccu1xO2l.ltrans9.ltrans.o
                0x000000000008f642                vInitUnknownNeighbor.148018
 .text          0x000000000008f6a1     0x157c C:\Users\I24375~1\AppData\Local\Temp\ccu1xO2l.ltrans10.ltrans.o
                0x000000000008f6a1                PDM_eSaveRecordData
                0x000000000008fad6                zps_vAplSaveRecord
                0x000000000008fbf7                vAplSecRemoveLinkKey.90067
                0x000000000008fc73                ZPS_vNwkSaveRecord
                0x000000000008fc9f                zps_bNwkFindAddIeeeAddr
                0x000000000008fe1d                eCheckAddrConflict.isra.4.147341
                0x000000000008feb3                ZPS_vRemoveEntryFromAddressMap
                0x000000000008fefc                ZPS_vNwkMacEntriesClear
                0x000000000008ffa5                ZPS_vNwkSaveAllRecords
                0x000000000008ffbc                zps_vSaveAllZpsRecords
                0x000000000008ffdb                ZPS_vNwkNibSetNwkAddr
                0x000000000008fff9                zps_eNwkHandleSceRejnResponse
                0x0000000000090056                ZPS_vNwkNibSetExtPanId
                0x000000000009007b                ZPS_vNwkNibSetKeySeqNum
                0x000000000009008f                ZPS_vNwkNibSetDepth
                0x00000000000900b8                ZPS_vNwkNibSetUpdateId
                0x00000000000900c7                vSendNetworkUpdate.147108
                0x00000000000901f7                ZPS_vNwkNibSetPanId
                0x0000000000090215                ZPS_vNwkNibSetCapabilityInfo
                0x0000000000090242                ZPS_vNwkNibSetChannel
                0x0000000000090260                zps_u8NwkHandleRejoinReq
                0x0000000000090329                zps_vProcessLocalAddrConflict
                0x00000000000903d4                ZPS_vNwkSaveNt
                0x00000000000904fb                ZPS_vNtSetUsedStatus
                0x00000000000905a2                zps_vJoinInitNtParent
                0x0000000000090741                vContinueRejoin.158772
                0x00000000000907e8                zps_vBuildSortedActvNTList
                0x00000000000908a6                zps_vCheckActvNtForDuplicate
                0x0000000000090942                vFinish.159984
                0x0000000000090998                zps_eNwkHandleSceLeave
                0x0000000000090b4f                zps_vTidyActvNtAfterJoin
                0x0000000000090bde                eUnsolicitedRejoinRspDataDcfm.147116
                0x0000000000090c09                ZPS_vNwkSaveSecMat
 *fill*         0x0000000000090c1d        0x3 00
 .text          0x0000000000090c20     0x19fc C:\Users\I24375~1\AppData\Local\Temp\ccu1xO2l.ltrans11.ltrans.o
                0x0000000000090cc9                zps_eNwkHandleSmeOrphanInd
                0x0000000000091100                zps_eNwkHandleSceNwkStatus
                0x000000000009145d                zps_eNwkHandleSmeAssocInd
                0x000000000009147f                zps_eNwkHandleSceRejnRequest
                0x00000000000914ff                vHandleNwkLocalUpdateAfterBcast.147121
                0x0000000000091553                vHandleNwkRemoteUpdateAfterBcast.147112
                0x00000000000915a7                eSmeAcScScanDcfm.156928
                0x000000000009187c                vCheckSleepingSendPoll.159987
                0x00000000000918fa                vSdeHandleMcpsDataInd.148102
                0x0000000000092582                ZPS_vNwkNibCheckAndUpdateAddresses
 .text          0x000000000009261c     0x1170 C:\Users\I24375~1\AppData\Local\Temp\ccu1xO2l.ltrans12.ltrans.o
                0x0000000000092708                vMiniMac_MlmeCallback
                0x0000000000092a47                vPollConfirm.165492
                0x0000000000092a5e                vCLD_ScenesUpdateSceneValid
                0x0000000000092ade                eCLD_OnOffSceneEventHandler.21978
                0x0000000000092b65                eCLD_LevelControlUpdate
                0x0000000000092e0e                eCLD_LevelControlSetOnOffState.constprop.23
                0x0000000000092ec7                eCLD_ColourControlUpdate
                0x00000000000932db                eCLD_ColourControlSceneEventHandler.30959
                0x0000000000093321                PDM_vDeleteAllDataRecords
                0x000000000009339e                iPDM_VerifyDataSequenceWithBufferId
                0x0000000000093440                vManagePowerOnCountInit
                0x00000000000934b6                os_vAPP_vManagePowerOnCount
                0x000000000009351f                APP_ZCL_SaveLightLevel
                0x0000000000093546                vSaveScenesNVM
                0x00000000000935d9                eCLD_GroupsRemoveAllGroups
                0x000000000009368b                zps_eAplApsmeUnBindReqRsp
                0x00000000000936f1                zps_eAplZdoGroupEndpointRemove
 .text          0x000000000009378c     0x1254 C:\Users\I24375~1\AppData\Local\Temp\ccu1xO2l.ltrans13.ltrans.o
                0x000000000009378c                vAplSecAuthPollTimerExpiry.89967
                0x00000000000937de                vAplSecAuthTimerExpiry.89971
                0x00000000000938a8                zps_bAplZdoDeviceAnnceServer
                0x0000000000093b2c                eJoinNetwork.90030
                0x0000000000093bd7                eDiscoverNetworks.90036
                0x0000000000093c2d                eStartNetworkDiscovery.90042
                0x0000000000093c91                eStartRouter.90268
                0x0000000000093d63                vPostApsmeDcfmInd.80910
                0x00000000000941b8                zps_vAplAfPostEvent
                0x00000000000944a4                vPostApsdeDcfmInd.80917
                0x00000000000946c9                zps_vHandleApsdeDataFragIndNotSupported
                0x0000000000094732                zps_eAplZdoNlmeleaveWrapper
                0x00000000000947aa                zps_bAplZdoMgmtLeaveServer
                0x000000000009492a                zps_eAplZdoNlmePermitJoiningWrapper
                0x0000000000094952                zps_bAplZdoPermitJoiningServer
 .text          0x00000000000949e0     0x1438 C:\Users\I24375~1\AppData\Local\Temp\ccu1xO2l.ltrans14.ltrans.o
                0x0000000000094bd3                vPostNldeDcfmInd.80924
                0x000000000009566c                os_vzps_isrMAC
                0x00000000000956ab                ZPS_pvNwkCtor.constprop.138
                0x0000000000095c51                ZPS_vNwkHandleNlmeReqRsp
                0x0000000000095cce                vChangeChannelTimerExpiry.116213
                0x0000000000095d31                eLeaveReset.160976
                0x0000000000095d9c                eLeaveDataDcfmLocalLeave.160986
 .text          0x0000000000095e18     0x143c C:\Users\I24375~1\AppData\Local\Temp\ccu1xO2l.ltrans15.ltrans.o
                0x0000000000095fad                zps_vNwkHandleCmeRouteDiscoveryReq
                0x0000000000096033                vSendNetworkReport.147104
                0x000000000009610d                vPDM_MoveAllDataFromListToList
                0x000000000009614b                vPDM_MoveAllDataWithBufferIdAndStateFromListToList
                0x00000000000961d6                vPDM_MoveAllDataToDeAllocList
                0x00000000000961fe                iPDM_ReconstructReplacedDataTable
                0x000000000009638b                iPDM_ReplaceChangedSegmentInSequence
                0x000000000009647d                vPDM_ImageBitmapRepair.142818
                0x00000000000964de                vPDM_MoveAllDataWithBufferIdFromListToList
                0x0000000000096563                vPDM_DeleteAppendedSequence
                0x000000000009664a                ZPS_vNwkResetOutgoingFrameCounter
                0x000000000009669e                zps_psNwkSendRejoinReqCmd.constprop.12
                0x000000000009671c                zps_psSendNetworkStatusCmd
                0x0000000000096988                zps_eNwkHandleSceRouteRecord
                0x0000000000096a67                zps_eDefaultDataDcfm
                0x0000000000096b56                zps_psSendFrm
                0x0000000000096ec0                zps_psSendBroadcastFrm
                0x0000000000096f56                ZPS_vNwkHandleNldeReqRsp
                0x0000000000097153                zps_eAplApsmeCmdMgrSendCommand
                0x000000000009722a                zps_vAplApsmeCmdMgrRetryTimeout.84906
 .text          0x0000000000097254     0x1290 C:\Users\I24375~1\AppData\Local\Temp\ccu1xO2l.ltrans16.ltrans.o
                0x00000000000972d2                os_vAPP_ZPR_Light_Task
 .text          0x00000000000984e4     0x12a6 C:\Users\I24375~1\AppData\Local\Temp\ccu1xO2l.ltrans17.ltrans.o
                0x00000000000984e4                zps_bAplZdoBindUnbindServer
                0x00000000000988ab                zps_bAplZdoDefaultServer
                0x0000000000098b0c                zps_eZdpNodeDescResponse
                0x0000000000098bb4                zps_eZdpSimpleDescResponse
                0x0000000000098cc1                zps_eAplZdpMgmtRtgResponse
                0x0000000000098d88                zps_bAplZdoMgmtNWKUpdateServer
                0x00000000000990f8                zps_eZdpNwkAddrResponse
                0x00000000000991db                zps_eZdpIeeeAddrResponse
                0x00000000000992be                zps_eZdpPowerDescResponse
                0x000000000009935b                zps_eZdpActiveEpResponse
                0x00000000000993f1                zps_eZdpMatchDescResponse
                0x0000000000099487                zps_eZdpSystemServerDiscoveryResponse
                0x00000000000994f6                zps_eAplZdpMgmtLqiResponse
                0x0000000000099690                zps_bAplZdoZdoClient
 .text          0x000000000009978a     0x1134 C:\Users\I24375~1\AppData\Local\Temp\ccu1xO2l.ltrans18.ltrans.o
                0x000000000009978a                eZCL_CustomCommandReceive
                0x0000000000099918                eCLD_ColourControlCommandHandler
                0x000000000009a521                eCLD_OnOffCommandHandler
                0x000000000009a644                eCLD_BasicCommandHandler
                0x000000000009a6b3                vZCL_HandleAttributesReadResponse
 *fill*         0x000000000009a8be        0x2 00
 .text          0x000000000009a8c0     0x1034 C:\Users\I24375~1\AppData\Local\Temp\ccu1xO2l.ltrans19.ltrans.o
                0x000000000009a8c0                os_vZCL_Task
                0x000000000009a8e6                os_vOTA_MsTask
                0x000000000009a910                os_vTick_Task
                0x000000000009af7a                eZCL_CustomCommandSend.constprop.24
                0x000000000009b478                eCLD_GroupsCommandHandler
 .text          0x000000000009b8f4     0x1094 C:\Users\I24375~1\AppData\Local\Temp\ccu1xO2l.ltrans20.ltrans.o
                0x000000000009b8f4                vBbcIntHandler.163943
                0x000000000009bbac                eAssocRespSent.164252
                0x000000000009bcaa                eRejoinRspDataDcfm.158776
                0x000000000009bd79                zps_eNwkHandleSmeCommStatusInd
                0x000000000009be2d                zps_vCleanUnAuthenHandleExpiry
                0x000000000009bec2                zps_vNwkHandleCmeSyncReq
                0x000000000009bf57                zps_vNwkHandleCmeIdleNwkFormReq
                0x000000000009c05d                zps_vNwkHandleCmeNwkDiscReq
                0x000000000009c0d7                zps_vNwkHandleCmeEdScanReq
                0x000000000009c1ba                zps_eNwkHandleSmeBeaconNotifyInd
                0x000000000009c2bc                zps_vNwkHandleCmeNwkJoinReq
                0x000000000009c594                zps_vNwkHandleCmeNwkActvJoinReq
                0x000000000009c5a0                eSmeEdScScanDcfm.156921
                0x000000000009c76f                vHandleRejoinExpiry.159543
                0x000000000009c7b8                zps_eRejoinDataDcfm
                0x000000000009c7eb                eSmeAsocAssocDcfm.160151
                0x000000000009c86f                eSmeRjPCPollDcfm.160147
 .text          0x000000000009c988      0xeb4 C:\Users\I24375~1\AppData\Local\Temp\ccu1xO2l.ltrans21.ltrans.o
                0x000000000009c988                zps_vAplApsPollTimer
                0x000000000009ca7a                vPostNlmeDcfmInd.80903
                0x000000000009d397                zps_eAplZdoStartStack
                0x000000000009d4d0                vEZ_EZModeNWKJoinHandler
 .text          0x000000000009d83c     0x139c C:\Users\I24375~1\AppData\Local\Temp\ccu1xO2l.ltrans22.ltrans.o
                0x000000000009d83c                os_bDummyMemberCheck.77675
                0x000000000009d841                os_vDefaultErrorHook.77671
                0x000000000009d844                bCLD_ScenesSearchForScene.26113
                0x000000000009d877                eCLD_LevelControlSceneEventHandler.20538
                0x000000000009d8bd                DriverBulb_vSetTunableWhiteColourTemperature
                0x000000000009d8c0                os_vAPP_ButtonsScanTask
                0x000000000009d8c3                APP_ZCL_cbGeneralCallback.7991
                0x000000000009d8f3                vfExtendedStatusCallBack.3097
                0x000000000009d8f6                os_bStrictCheck.1358
                0x000000000009dbe2                bCLD_GroupsSearchForGroup.17894
                0x000000000009dc07                PDUM_eNPduInitDescending
                0x000000000009dc22                eExpireSWTimer.77684
                0x000000000009dc8d                vEnterErrorHook.77667
                0x000000000009dcb4                OS_eCollectMessage
                0x000000000009dd79                OS_eGetSWTimerStatus
                0x000000000009ddbb                eZCL_DoesAttributeHaveReportableChange
                0x000000000009ddd8                eZCL_GetAttributeReportableEntry
                0x000000000009de90                vZCL_AlignNumericAttributeValueTo64.74346
                0x000000000009df9f                eZCL_BuildClientTransmitAddressStructure
                0x000000000009dfd0                bZCL_CheckManufacturerSpecificAttributeFlagMatch
                0x000000000009dfee                eZCL_SearchForAttributeEntry
                0x000000000009e09a                eZCL_GetAttributeTypeSize
                0x000000000009e0b9                vZCL_MarkAttributeInvalid
                0x000000000009e188                u8ZCL_GetAttributeAllignToFourBytesBoundary
                0x000000000009e19d                pvZCL_GetAttributePointer
                0x000000000009e213                vCLD_ScenesGenerateIndividualAttributeCallback
                0x000000000009e26d                eZCL_StoreChangeAttributeValue
                0x000000000009e30c                u16ZCL_WriteTypeNBO.part.0.58861
                0x000000000009e381                u16ZCL_GetStringStructureSize
                0x000000000009e3be                u16ZCL_GetStringAttributeTypeSizeFromBuffer
                0x000000000009e42f                u16ZCL_GetStringSizeAndBufferFromStructure
                0x000000000009e4be                eZCL_GetAttributeTypeSizeFromStructure
                0x000000000009e537                bZCL_SendCommandResponse
                0x000000000009e553                u8ZCL_GetEPIdFromIndex
                0x000000000009e575                eZCL_SearchForEPIndex
                0x000000000009e5af                eZCL_SearchForClusterEntry
                0x000000000009e629                eZCL_BuildTransmitAddressStructure
                0x000000000009e696                eZCL_SearchForEPentry
                0x000000000009e6d2                eZCL_FindCluster
                0x000000000009e723                eCLD_GroupsSetIdentifying
                0x000000000009e748                eCLD_LevelControlClusterIsPresent
                0x000000000009e761                eZCL_SearchForEPentryAndCheckManufacturerId
                0x000000000009e79f                vZCL_PassEventToUser
                0x000000000009e7cc                vCLD_ColourControl_CCT2xyY
                0x000000000009e8b2                bCLD_ColourControl_NumberIsValid.32417
                0x000000000009e8d1                eCLD_ColourControl_xyY2XYZ.32421
                0x000000000009e953                vCLD_ColourControl_XYZ2RGB.32408
                0x000000000009ea73                eCLD_ColourControl_GetRGB
                0x000000000009eb40                vAPP_ZCL_DeviceSpecific_Init
                0x000000000009eba7                vLI_InitVar.3223
 *fill*         0x000000000009ebd8        0x0 00
 .text          0x000000000009ebd8      0xef8 C:\Users\I24375~1\AppData\Local\Temp\ccu1xO2l.ltrans23.ltrans.o
                0x000000000009ec93                vZdoBdrmSendNextTimedRequest
                0x000000000009f133                eZCL_TransmitDataRequest
                0x000000000009f58c                eZCL_SendDefaultResponse
                0x000000000009f68b                vReportTimerClickCallback
 .text          0x000000000009fad0     0x1054 C:\Users\I24375~1\AppData\Local\Temp\ccu1xO2l.ltrans24.ltrans.o
                0x000000000009fe88                vSendMlmeCommStatusFromTxFrame
                0x000000000009fede                MAC_vHandleMlmeVsReqRsp.constprop.143
                0x00000000000a0415                zps_sNwkStart
                0x00000000000a051c                zps_vNwkHandleCmeActvStartRouterReq
                0x00000000000a05c7                vScanBeaconReceived
                0x00000000000a0607                vRunningRxCallback
                0x00000000000a0907                vPostDcfm.164910
                0x00000000000a0976                vScanNextChannel.164897
 .text          0x00000000000a0b24      0xd48 C:\Users\I24375~1\AppData\Local\Temp\ccu1xO2l.ltrans25.ltrans.o
                0x00000000000a0b24                eCLD_ScenesCommandHandler
                0x00000000000a1760                eCLD_IdentifyCommandHandler
 .text          0x00000000000a186c      0xc06 C:\Users\I24375~1\AppData\Local\Temp\ccu1xO2l.ltrans26.ltrans.o
                0x00000000000a186c                vMcpsMgrExpiry.148006
                0x00000000000a18cc                os_vzps_taskZPS
                0x00000000000a1ae9                vStartScanTimerExpiry.116217
                0x00000000000a1b25                ZPS_vAplHandleApsdeReqRsp
                0x00000000000a1f3f                zps_eAplZdpApsdeReqInternal
                0x00000000000a1fae                zps_eAplZdpRequestApsdeReq
                0x00000000000a202e                os_vAPP_AgeOutChildren
                0x00000000000a21ad                zps_bAplZdoMgmtBindServer
                0x00000000000a23ee                zps_eAplZdpBindResponse
                0x00000000000a240f                zps_eZdpUnbindResponse
                0x00000000000a2430                zps_eZdpMgmtLeaveResponse
                0x00000000000a2451                zps_eZdpMgmtPermitJoiningResponse
 .text          0x00000000000a2472      0x6d7 C:\Users\I24375~1\AppData\Local\Temp\ccu1xO2l.ltrans27.ltrans.o
                0x00000000000a2472                AppWarmStart
                0x00000000000a248c                AppColdStart
                0x00000000000a2936                os_vUnclaimedInterrupt
                0x00000000000a2948                os_vControlledIntCheck
                0x00000000000a298d                os_vControlledInterrupt
                0x00000000000a29c6                os_vvISR_AdcDone
                0x00000000000a29cf                os_vvISR_SettleTimer
                0x00000000000a29d5                os_vvISR_PwmTimer
                0x00000000000a29eb                os_vAPP_isrIllegalInstruction
                0x00000000000a2a01                os_vAPP_isrAlignmentException
                0x00000000000a2a17                os_vAPP_isrBusErrorException
                0x00000000000a2a2d                os_vAPP_isrUnimplementedModuleException
                0x00000000000a2a43                os_vAPP_isrStackOverflowException
                0x00000000000a2a59                os_vAPP_isrTickTimer
 *fill*         0x00000000000a2b49        0x3 00
 .text          0x00000000000a2b4c      0x78c C:\Users\I24375~1\AppData\Local\Temp\ccu1xO2l.ltrans28.ltrans.o
                0x00000000000a2b4c                eCLD_LevelControlCommandHandler
                0x00000000000a2e48                vZCL_HandleAttributesWriteRequest
 .text          0x00000000000a32d8      0x858 C:\Users\I24375~1\AppData\Local\Temp\ccu1xO2l.ltrans29.ltrans.o
                0x00000000000a32d8                eHA_RegisterColourDimmableLightEndPoint.constprop.109
 .text          0x00000000000a3b30      0x1f8 C:\Users\I24375~1\AppData\Local\Temp\ccu1xO2l.ltrans30.ltrans.o
                0x00000000000a3b30                APP_ZCL_cbEndpointCallback.7988
 .text          0x00000000000a3d28      0x104 C:\Users\I24375~1\AppData\Local\Temp\ccu1xO2l.ltrans31.ltrans.o
                0x00000000000a3d28                eSendDeviceAnnounce.118872
 .text          0x00000000000a3e2c       0x25 c:/nxp/bstudio_nxp/sdk/tools/ba-elf-ba2-r36379/bin/../lib/gcc/ba-elf/4.7.4/../../../../ba-elf/lib/mcpu_jn51xx_sizeopt\libc.a(lib_a-memcmp.o)
                0x00000000000a3e2c                memcmp
 .text          0x00000000000a3e51       0x19 c:/nxp/bstudio_nxp/sdk/tools/ba-elf-ba2-r36379/bin/../lib/gcc/ba-elf/4.7.4/../../../../ba-elf/lib/mcpu_jn51xx_sizeopt\libc.a(lib_a-memcpy.o)
 .text          0x00000000000a3e6a       0x12 c:/nxp/bstudio_nxp/sdk/tools/ba-elf-ba2-r36379/bin/../lib/gcc/ba-elf/4.7.4/../../../../ba-elf/lib/mcpu_jn51xx_sizeopt\libc.a(lib_a-memset.o)
                0x00000000000a3e6a                memset
 .text          0x00000000000a3e7c       0x12 c:/nxp/bstudio_nxp/sdk/tools/ba-elf-ba2-r36379/bin/../lib/gcc/ba-elf/4.7.4/../../../../ba-elf/lib/mcpu_jn51xx_sizeopt\libc.a(lib_a-strlen.o)
                0x00000000000a3e7c                strlen
 .text          0x00000000000a3e8e       0x2b c:/nxp/bstudio_nxp/sdk/tools/ba-elf-ba2-r36379/bin/../lib/gcc/ba-elf/4.7.4/../../../../ba-elf/lib/mcpu_jn51xx_sizeopt\libc.a(lib_a-strncpy.o)
                0x00000000000a3e8e                strncpy
 *fill*         0x00000000000a3eb9        0x3 00
 .text          0x00000000000a3ebc      0x204 c:/nxp/bstudio_nxp/sdk/tools/ba-elf-ba2-r36379/bin/../lib/gcc/ba-elf/4.7.4/mcpu_jn51xx_sizeopt\libgcc.a(__udivsi3.o)
                0x00000000000a3ebc                __udivsi3
 .text          0x00000000000a40c0       0x30 c:/nxp/bstudio_nxp/sdk/tools/ba-elf-ba2-r36379/bin/../lib/gcc/ba-elf/4.7.4/mcpu_jn51xx_sizeopt\libgcc.a(__divsi3.o)
                0x00000000000a40c0                __divsi3
 .text          0x00000000000a40f0      0x1b0 c:/nxp/bstudio_nxp/sdk/tools/ba-elf-ba2-r36379/bin/../lib/gcc/ba-elf/4.7.4/mcpu_jn51xx_sizeopt\libgcc.a(__umodsi3.o)
                0x00000000000a40f0                __umodsi3
 .text          0x00000000000a42a0       0x24 c:/nxp/bstudio_nxp/sdk/tools/ba-elf-ba2-r36379/bin/../lib/gcc/ba-elf/4.7.4/mcpu_jn51xx_sizeopt\libgcc.a(__modsi3.o)
                0x00000000000a42a0                __modsi3
 .text          0x00000000000a42c4       0x39 c:/nxp/bstudio_nxp/sdk/tools/ba-elf-ba2-r36379/bin/../lib/gcc/ba-elf/4.7.4/mcpu_jn51xx_sizeopt\libgcc.a(_fixunsdfsi.o)
                0x00000000000a42c4                __fixunsdfsi
 .text          0x00000000000a42fd      0x3bd c:/nxp/bstudio_nxp/sdk/tools/ba-elf-ba2-r36379/bin/../lib/gcc/ba-elf/4.7.4/mcpu_jn51xx_sizeopt\libgcc.a(_divdi3.o)
                0x00000000000a42fd                __divdi3
 .text          0x00000000000a46ba      0x350 c:/nxp/bstudio_nxp/sdk/tools/ba-elf-ba2-r36379/bin/../lib/gcc/ba-elf/4.7.4/mcpu_jn51xx_sizeopt\libgcc.a(_udivdi3.o)
                0x00000000000a46ba                __udivdi3
 .text          0x00000000000a4a0a      0x384 c:/nxp/bstudio_nxp/sdk/tools/ba-elf-ba2-r36379/bin/../lib/gcc/ba-elf/4.7.4/mcpu_jn51xx_sizeopt\libgcc.a(addsf3.o)
                0x00000000000a4a0a                __addsf3
 *fill*         0x00000000000a4d8e        0x2 00
 .text          0x00000000000a4d90      0x218 c:/nxp/bstudio_nxp/sdk/tools/ba-elf-ba2-r36379/bin/../lib/gcc/ba-elf/4.7.4/mcpu_jn51xx_sizeopt\libgcc.a(divsf3.o)
                0x00000000000a4d90                __divsf3
 .text          0x00000000000a4fa8       0x81 c:/nxp/bstudio_nxp/sdk/tools/ba-elf-ba2-r36379/bin/../lib/gcc/ba-elf/4.7.4/mcpu_jn51xx_sizeopt\libgcc.a(eqsf2.o)
                0x00000000000a4fa8                __eqsf2
                0x00000000000a4fa8                __nesf2
 .text          0x00000000000a5029       0xac c:/nxp/bstudio_nxp/sdk/tools/ba-elf-ba2-r36379/bin/../lib/gcc/ba-elf/4.7.4/mcpu_jn51xx_sizeopt\libgcc.a(gesf2.o)
                0x00000000000a5029                __gesf2
                0x00000000000a5029                __gtsf2
 .text          0x00000000000a50d5       0xac c:/nxp/bstudio_nxp/sdk/tools/ba-elf-ba2-r36379/bin/../lib/gcc/ba-elf/4.7.4/mcpu_jn51xx_sizeopt\libgcc.a(lesf2.o)
                0x00000000000a50d5                __ltsf2
                0x00000000000a50d5                __lesf2
 *fill*         0x00000000000a5181        0x3 00
 .text          0x00000000000a5184      0x24c c:/nxp/bstudio_nxp/sdk/tools/ba-elf-ba2-r36379/bin/../lib/gcc/ba-elf/4.7.4/mcpu_jn51xx_sizeopt\libgcc.a(mulsf3.o)
                0x00000000000a5184                __mulsf3
 .text          0x00000000000a53d0      0x3a2 c:/nxp/bstudio_nxp/sdk/tools/ba-elf-ba2-r36379/bin/../lib/gcc/ba-elf/4.7.4/mcpu_jn51xx_sizeopt\libgcc.a(subsf3.o)
                0x00000000000a53d0                __subsf3
 .text          0x00000000000a5772       0x53 c:/nxp/bstudio_nxp/sdk/tools/ba-elf-ba2-r36379/bin/../lib/gcc/ba-elf/4.7.4/mcpu_jn51xx_sizeopt\libgcc.a(fixsfsi.o)
                0x00000000000a5772                __fixsfsi
 .text          0x00000000000a57c5       0xad c:/nxp/bstudio_nxp/sdk/tools/ba-elf-ba2-r36379/bin/../lib/gcc/ba-elf/4.7.4/mcpu_jn51xx_sizeopt\libgcc.a(floatunsisf.o)
                0x00000000000a57c5                __floatunsisf
 .text          0x00000000000a5872      0x682 c:/nxp/bstudio_nxp/sdk/tools/ba-elf-ba2-r36379/bin/../lib/gcc/ba-elf/4.7.4/mcpu_jn51xx_sizeopt\libgcc.a(adddf3.o)
                0x00000000000a5872                __adddf3
 .text          0x00000000000a5ef4      0x5c8 c:/nxp/bstudio_nxp/sdk/tools/ba-elf-ba2-r36379/bin/../lib/gcc/ba-elf/4.7.4/mcpu_jn51xx_sizeopt\libgcc.a(divdf3.o)
                0x00000000000a5ef4                __divdf3
 .text          0x00000000000a64bc       0xca c:/nxp/bstudio_nxp/sdk/tools/ba-elf-ba2-r36379/bin/../lib/gcc/ba-elf/4.7.4/mcpu_jn51xx_sizeopt\libgcc.a(gedf2.o)
                0x00000000000a64bc                __gedf2
                0x00000000000a64bc                __gtdf2
 *fill*         0x00000000000a6586        0x2 00
 .text          0x00000000000a6588      0x488 c:/nxp/bstudio_nxp/sdk/tools/ba-elf-ba2-r36379/bin/../lib/gcc/ba-elf/4.7.4/mcpu_jn51xx_sizeopt\libgcc.a(muldf3.o)
                0x00000000000a6588                __muldf3
 .text          0x00000000000a6a10      0x693 c:/nxp/bstudio_nxp/sdk/tools/ba-elf-ba2-r36379/bin/../lib/gcc/ba-elf/4.7.4/mcpu_jn51xx_sizeopt\libgcc.a(subdf3.o)
                0x00000000000a6a10                __subdf3
 .text          0x00000000000a70a3       0x64 c:/nxp/bstudio_nxp/sdk/tools/ba-elf-ba2-r36379/bin/../lib/gcc/ba-elf/4.7.4/mcpu_jn51xx_sizeopt\libgcc.a(fixdfsi.o)
                0x00000000000a70a3                __fixdfsi
 .text          0x00000000000a7107       0x8f c:/nxp/bstudio_nxp/sdk/tools/ba-elf-ba2-r36379/bin/../lib/gcc/ba-elf/4.7.4/mcpu_jn51xx_sizeopt\libgcc.a(extendsfdf2.o)
                0x00000000000a7107                __extendsfdf2
 .text          0x00000000000a7196      0x13e c:/nxp/bstudio_nxp/sdk/tools/ba-elf-ba2-r36379/bin/../lib/gcc/ba-elf/4.7.4/mcpu_jn51xx_sizeopt\libgcc.a(truncdfsf2.o)
                0x00000000000a7196                __truncdfsf2
 *fill*         0x00000000000a72d4        0x4 00
 .text          0x00000000000a72d8      0x1d0 c:/NXP/bstudio_nxp/workspace/JN-AN-1189-ZigBee-HA-Demo/ColorDimmableLight/Build/os_irq.o
                0x00000000000a72d8                os_ExternalException_W
                0x00000000000a731c                os_PIC_ChannelPriorities
                0x00000000000a732c                os_OSMIUM_HwVectTable
                0x00000000000a7368                os_PIC_SwVectTable
 .text          0x00000000000a74a8       0x29 c:/NXP/bstudio_nxp/workspace/JN-AN-1189-ZigBee-HA-Demo/ColorDimmableLight/Build/os_irq_alignment.o
                0x00000000000a74a8                IRQ_Alignment
 .text          0x00000000000a74d1       0x29 c:/NXP/bstudio_nxp/workspace/JN-AN-1189-ZigBee-HA-Demo/ColorDimmableLight/Build/os_irq_buserror.o
                0x00000000000a74d1                IRQ_BusError
 .text          0x00000000000a74fa       0x29 c:/NXP/bstudio_nxp/workspace/JN-AN-1189-ZigBee-HA-Demo/ColorDimmableLight/Build/os_irq_illegalinstruction.o
                0x00000000000a74fa                IRQ_IllegalInstruction
 .text          0x00000000000a7523       0x29 c:/NXP/bstudio_nxp/workspace/JN-AN-1189-ZigBee-HA-Demo/ColorDimmableLight/Build/os_irq_stackoverflowexception.o
                0x00000000000a7523                IRQ_StackOverflowException
 .text          0x00000000000a754c       0x29 c:/NXP/bstudio_nxp/workspace/JN-AN-1189-ZigBee-HA-Demo/ColorDimmableLight/Build/os_irq_unimplementedmodule.o
                0x00000000000a754c                IRQ_UnimplementedModule
 *fill*         0x00000000000a7575        0x3 00
 .text          0x00000000000a7578       0xc0 c:/NXP/bstudio_nxp/sdk/JN-SW-4168/Components/Library\libOS_JN516x.a(os_contirq_JN516x.o)
                0x00000000000a7578                os_ExternalException_R
                0x00000000000a75a8                os_CFunc_W
                0x00000000000a75f8                os_UnclaimedException_W
                0x00000000000a7618                os_UnclaimedInterrupt_W
 .text          0x00000000000a7638       0x48 c:/NXP/bstudio_nxp/sdk/JN-SW-4168/Components/Library\libPWRM_JN516x.a(pwrm_setjmp_JN516x.o)
                0x00000000000a7638                setjmp
                0x00000000000a765c                PWRM_longjmp
 .text          0x00000000000a7680       0x27 c:/NXP/bstudio_nxp/sdk/JN-SW-4168/Components/Library\libHardwareApi_JN516x.a(AHI_Interrupt.o)
                0x00000000000a7680                vAHI_InterruptSetPriority
                0x00000000000a769e                vAHI_InterruptSetActivePriorityLevel
 .text.vMicroSyscall