Archive member included because of file (symbol)

c:/NXP/bstudio_nxp/sdk/JN-SW-4168/Components/Library\libOS_JN516x.a(os.o)
                              c:/NXP/bstudio_nxp/workspace/JN-AN-1189-ZigBee-HA-Demo/ColorDimmableLight/Build/os_gen.o (symbol from plugin) (os_vStart)
c:/NXP/bstudio_nxp/sdk/JN-SW-4168/Components/Library\libOS_JN516x.a(os_contirq_JN516x.o)
                              c:/NXP/bstudio_nxp/workspace/JN-AN-1189-ZigBee-HA-Demo/ColorDimmableLight/Build/os_irq.o (os_UnclaimedException_W)
c:/NXP/bstudio_nxp/sdk/JN-SW-4168/Components/Library\libPWRM_JN516x.a(pwrm.o)
                              c:/NXP/bstudio_nxp/workspace/JN-AN-1189-ZigBee-HA-Demo/ColorDimmableLight/Build/app_start_light.o (symbol from plugin) (PWRM_vInit)
c:/NXP/bstudio_nxp/sdk/JN-SW-4168/Components/Library\libPWRM_JN516x.a(pwrm_setjmp_JN516x.o)
                              pwrm.o (symbol from plugin) (setjmp)
c:/NXP/bstudio_nxp/sdk/JN-SW-4168/Components/Library\libPWRM_JN516x.a(pwrm_cold_start.o)
                              (AppColdStart)
c:/NXP/bstudio_nxp/sdk/JN-SW-4168/Components/Library\libPWRM_JN516x.a(pwrm_warm_start.o)
                              (AppWarmStart)
c:/NXP/bstudio_nxp/sdk/JN-SW-4168/Components/Library\libPDUM_JN516x.a(pdum_nwk.o)
                              c:/NXP/bstudio_nxp/workspace/JN-AN-1189-ZigBee-HA-Demo/ColorDimmableLight/Build/pdum_gen.o (symbol from plugin) (pdum_vNPduInit)
c:/NXP/bstudio_nxp/sdk/JN-SW-4168/Components/Library\libPDUM_JN516x.a(pdum_apl.o)
                              c:/NXP/bstudio_nxp/workspace/JN-AN-1189-ZigBee-HA-Demo/ColorDimmableLight/Build/appZdpExtraction.o (symbol from plugin) (PDUM_u16APduInstanceReadNBO)
c:/NXP/bstudio_nxp/sdk/JN-SW-4168/Components/Library\libPDUM_JN516x.a(pdum.o)
                              pdum_nwk.o (symbol from plugin) (PDUM_u16SizeNBO)
c:/NXP/bstudio_nxp/sdk/JN-SW-4168/Components/Library\libZPSAPL_JN516x.a(zps_apl_af.o)
                              c:/NXP/bstudio_nxp/workspace/JN-AN-1189-ZigBee-HA-Demo/ColorDimmableLight/Build/zha_light_node.o (symbol from plugin) (ZPS_eAplAfInit)
c:/NXP/bstudio_nxp/sdk/JN-SW-4168/Components/Library\libZPSAPL_JN516x.a(zps_apl_af_apsde.o)
                              c:/NXP/bstudio_nxp/workspace/JN-AN-1189-ZigBee-HA-Demo/ColorDimmableLight/Build/zps_gen.o (symbol from plugin) (zps_vHandleApsdeDataFragIndNotSupported)
c:/NXP/bstudio_nxp/sdk/JN-SW-4168/Components/Library\libZPSAPL_JN516x.a(zps_apl_task.o)
                              zps_apl_af_apsde.o (symbol from plugin) (zps_vAplAfPostEvent)
c:/NXP/bstudio_nxp/sdk/JN-SW-4168/Components/Library\libZPSAPL_JN516x.a(zps_apl_apsde.o)
                              zps_apl_task.o (symbol from plugin) (ZPS_vAplRegisterApsdeDcfmIndCallbacks)
c:/NXP/bstudio_nxp/sdk/JN-SW-4168/Components/Library\libZPSAPL_JN516x.a(zps_apl_apsme.o)
                              zps_apl_task.o (symbol from plugin) (ZPS_vAplRegisterApsmeDcfmIndCallbacks)
c:/NXP/bstudio_nxp/sdk/JN-SW-4168/Components/Library\libZPSAPL_JN516x.a(zps_apl_aps_nlde.o)
                              zps_apl_task.o (symbol from plugin) (zps_vAplApsHandleNldeDcfmInd)
c:/NXP/bstudio_nxp/sdk/JN-SW-4168/Components/Library\libZPSAPL_JN516x.a(zps_apl_sec.o)
                              zps_apl_task.o (symbol from plugin) (zps_psFindKeyDescr)
c:/NXP/bstudio_nxp/sdk/JN-SW-4168/Components/Library\libZPSAPL_JN516x.a(zps_apl_aib.o)
                              c:/NXP/bstudio_nxp/workspace/JN-AN-1189-ZigBee-HA-Demo/ColorDimmableLight/Build/app_zbp_utilities.o (symbol from plugin) (zps_psAplAibGetAib)
c:/NXP/bstudio_nxp/sdk/JN-SW-4168/Components/Library\libZPSAPL_JN516x.a(zps_apl_zdo_nwkmanager.o)
                              zps_apl_apsme.o (symbol from plugin) (zps_vAplSaveRecord)
c:/NXP/bstudio_nxp/sdk/JN-SW-4168/Components/Library\libZPSAPL_JN516x.a(zps_apl_zdo_handle_zdp_event.o)
                              zps_apl_task.o (symbol from plugin) (zps_bAplZdoHandleZdpEvent)
c:/NXP/bstudio_nxp/sdk/JN-SW-4168/Components/Library\libZPSAPL_JN516x.a(zps_apl_zdo_trust_center.o)
                              zps_apl_sec.o (symbol from plugin) (zps_eAplTrustCenterFindDevice)
c:/NXP/bstudio_nxp/sdk/JN-SW-4168/Components/Library\libZPSAPL_JN516x.a(zps_apl_zdo_common.o)
                              zps_apl_zdo_nwkmanager.o (symbol from plugin) (zps_eAplZdoNlmeleaveWrapper)
c:/NXP/bstudio_nxp/sdk/JN-SW-4168/Components/Library\libZPSAPL_JN516x.a(zps_apl_zdo_group.o)
                              c:/NXP/bstudio_nxp/workspace/JN-AN-1189-ZigBee-HA-Demo/ColorDimmableLight/Build/GroupsTableManager.o (symbol from plugin) (zps_eAplZdoGroupEndpointAdd)
c:/NXP/bstudio_nxp/sdk/JN-SW-4168/Components/Library\libZPSAPL_JN516x.a(zps_apl_zdo_default_server.o)
                              c:/NXP/bstudio_nxp/workspace/JN-AN-1189-ZigBee-HA-Demo/ColorDimmableLight/Build/zps_gen.o (symbol from plugin) (zps_vAplZdoDefaultServerInit)
c:/NXP/bstudio_nxp/sdk/JN-SW-4168/Components/Library\libZPSAPL_JN516x.a(zps_apl_zdo_bind_manager.o)
[...]
Memory Configuration

Name             Origin             Length             Attributes
flash            0x0000000000080000 0x0000000000040000
ram              0x000000000400004c 0x0000000000007fb4
*default*        0x0000000000000000 0xffffffffffffffff

Linker script and memory map

                0x0000000000001770                __stack_size = 0x1770
                0x00000000000007d0                __minimum_heap_size = 0x7d0
START GROUP
LOAD c:/NXP/bstudio_nxp/workspace/JN-AN-1189-ZigBee-HA-Demo/ColorDimmableLight/Build/os_gen.o
LOAD C:\Users\I24375~1\AppData\Local\Temp\ccoedFI3.ltrans0.ltrans.o
LOAD C:\Users\I24375~1\AppData\Local\Temp\ccoedFI3.ltrans1.ltrans.o
LOAD C:\Users\I24375~1\AppData\Local\Temp\ccoedFI3.ltrans2.ltrans.o
LOAD C:\Users\I24375~1\AppData\Local\Temp\ccoedFI3.ltrans3.ltrans.o
LOAD C:\Users\I24375~1\AppData\Local\Temp\ccoedFI3.ltrans4.ltrans.o
LOAD C:\Users\I24375~1\AppData\Local\Temp\ccoedFI3.ltrans5.ltrans.o
LOAD C:\Users\I24375~1\AppData\Local\Temp\ccoedFI3.ltrans6.ltrans.o
LOAD C:\Users\I24375~1\AppData\Local\Temp\ccoedFI3.ltrans7.ltrans.o
LOAD C:\Users\I24375~1\AppData\Local\Temp\ccoedFI3.ltrans8.ltrans.o
LOAD C:\Users\I24375~1\AppData\Local\Temp\ccoedFI3.ltrans9.ltrans.o
LOAD C:\Users\I24375~1\AppData\Local\Temp\ccoedFI3.ltrans10.ltrans.o
LOAD C:\Users\I24375~1\AppData\Local\Temp\ccoedFI3.ltrans11.ltrans.o
LOAD C:\Users\I24375~1\AppData\Local\Temp\ccoedFI3.ltrans12.ltrans.o
LOAD C:\Users\I24375~1\AppData\Local\Temp\ccoedFI3.ltrans13.ltrans.o
LOAD C:\Users\I24375~1\AppData\Local\Temp\ccoedFI3.ltrans14.ltrans.o
LOAD C:\Users\I24375~1\AppData\Local\Temp\ccoedFI3.ltrans15.ltrans.o
LOAD C:\Users\I24375~1\AppData\Local\Temp\ccoedFI3.ltrans16.ltrans.o
LOAD C:\Users\I24375~1\AppData\Local\Temp\ccoedFI3.ltrans17.ltrans.o
LOAD C:\Users\I24375~1\AppData\Local\Temp\ccoedFI3.ltrans18.ltrans.o
LOAD C:\Users\I24375~1\AppData\Local\Temp\ccoedFI3.ltrans19.ltrans.o
LOAD C:\Users\I24375~1\AppData\Local\Temp\ccoedFI3.ltrans20.ltrans.o
LOAD C:\Users\I24375~1\AppData\Local\Temp\ccoedFI3.ltrans21.ltrans.o
LOAD C:\Users\I24375~1\AppData\Local\Temp\ccoedFI3.ltrans22.ltrans.o
LOAD C:\Users\I24375~1\AppData\Local\Temp\ccoedFI3.ltrans23.ltrans.o
LOAD C:\Users\I24375~1\AppData\Local\Temp\ccoedFI3.ltrans24.ltrans.o
LOAD C:\Users\I24375~1\AppData\Local\Temp\ccoedFI3.ltrans25.ltrans.o
LOAD C:\Users\I24375~1\AppData\Local\Temp\ccoedFI3.ltrans26.ltrans.o
LOAD C:\Users\I24375~1\AppData\Local\Temp\ccoedFI3.ltrans27.ltrans.o
LOAD C:\Users\I24375~1\AppData\Local\Temp\ccoedFI3.ltrans28.ltrans.o
LOAD C:\Users\I24375~1\AppData\Local\Temp\ccoedFI3.ltrans29.ltrans.o
LOAD C:\Users\I24375~1\AppData\Local\Temp\ccoedFI3.ltrans30.ltrans.o
LOAD C:\Users\I24375~1\AppData\Local\Temp\ccoedFI3.ltrans31.ltrans.o
LOAD c:/nxp/bstudio_nxp/sdk/tools/ba-elf-ba2-r36379/bin/../lib/gcc/ba-elf/4.7.4/../../../../ba-elf/lib/mcpu_jn51xx_sizeopt\libc.a
LOAD c:/nxp/bstudio_nxp/sdk/tools/ba-elf-ba2-r36379/bin/../lib/gcc/ba-elf/4.7.4/mcpu_jn51xx_sizeopt\libgcc.a
LOAD c:/nxp/bstudio_nxp/sdk/tools/ba-elf-ba2-r36379/bin/../lib/gcc/ba-elf/4.7.4/../../../../ba-elf/lib/mcpu_jn51xx_sizeopt\libc.a
LOAD c:/NXP/bstudio_nxp/workspace/JN-AN-1189-ZigBee-HA-Demo/ColorDimmableLight/Build/os_irq.o
LOAD c:/NXP/bstudio_nxp/workspace/JN-AN-1189-ZigBee-HA-Demo/ColorDimmableLight/Build/os_irq_alignment.o
LOAD c:/NXP/bstudio_nxp/workspace/JN-AN-1189-ZigBee-HA-Demo/ColorDimmableLight/Build/os_irq_buserror.o
LOAD c:/NXP/bstudio_nxp/workspace/JN-AN-1189-ZigBee-HA-Demo/ColorDimmableLight/Build/os_irq_illegalinstruction.o
LOAD c:/NXP/bstudio_nxp/workspace/JN-AN-1189-ZigBee-HA-Demo/ColorDimmableLight/Build/os_irq_stackoverflowexception.o
LOAD c:/NXP/bstudio_nxp/workspace/JN-AN-1189-ZigBee-HA-Demo/ColorDimmableLight/Build/os_irq_unimplementedmodule.o
LOAD c:/NXP/bstudio_nxp/workspace/JN-AN-1189-ZigBee-HA-Demo/ColorDimmableLight/Build/pdum_gen.o
LOAD c:/NXP/bstudio_nxp/workspace/JN-AN-1189-ZigBee-HA-Demo/ColorDimmableLight/Build/pdum_apdu.o
LOAD c:/NXP/bstudio_nxp/workspace/JN-AN-1189-ZigBee-HA-Demo/ColorDimmableLight/Build/zps_gen.o
LOAD c:/NXP/bstudio_nxp/workspace/JN-AN-1189-ZigBee-HA-Demo/ColorDimmableLight/Build/app_timer_driver.o
LOAD c:/NXP/bstudio_nxp/workspace/JN-AN-1189-ZigBee-HA-Demo/ColorDimmableLight/Build/app_start_light.o
LOAD c:/NXP/bstudio_nxp/workspace/JN-AN-1189-ZigBee-HA-Demo/ColorDimmableLight/Build/app_manage_temperature.o
LOAD c:/NXP/bstudio_nxp/workspace/JN-AN-1189-ZigBee-HA-Demo/ColorDimmableLight/Build/app_light_interpolation.o
LOAD c:/NXP/bstudio_nxp/workspace/JN-AN-1189-ZigBee-HA-Demo/ColorDimmableLight/Build/app_zbp_utilities.o
LOAD c:/NXP/bstudio_nxp/workspace/JN-AN-1189-ZigBee-HA-Demo/ColorDimmableLight/Build/app_exceptions.o
LOAD c:/NXP/bstudio_nxp/workspace/JN-AN-1189-ZigBee-HA-Demo/ColorDimmableLight/Build/app_pdm.o
LOAD c:/NXP/bstudio_nxp/workspace/JN-AN-1189-ZigBee-HA-Demo/ColorDimmableLight/Build/app_power_on_counter.o
LOAD c:/NXP/bstudio_nxp/workspace/JN-AN-1189-ZigBee-HA-Demo/ColorDimmableLight/Build/app_light_effect.o
LOAD c:/NXP/bstudio_nxp/workspace/JN-AN-1189-ZigBee-HA-Demo/ColorDimmableLight/Build/App_ColorDimmableLight.o
LOAD c:/NXP/bstudio_nxp/workspace/JN-AN-1189-ZigBee-HA-Demo/ColorDimmableLight/Build/zha_light_node.o
LOAD c:/NXP/bstudio_nxp/workspace/JN-AN-1189-ZigBee-HA-Demo/ColorDimmableLight/Build/app_zcl_light_task.o
LOAD c:/NXP/bstudio_nxp/workspace/JN-AN-1189-ZigBee-HA-Demo/ColorDimmableLight/Build/AgeChildren.o
LOAD c:/NXP/bstudio_nxp/workspace/JN-AN-1189-ZigBee-HA-Demo/ColorDimmableLight/Build/app_reporting.o
LOAD c:/NXP/bstudio_nxp/workspace/JN-AN-1189-ZigBee-HA-Demo/ColorDimmableLight/Build/app_scenes.o
LOAD c:/NXP/bstudio_nxp/workspace/JN-AN-1189-ZigBee-HA-Demo/ColorDimmableLight/Build/appZdpExtraction.o
LOAD c:/NXP/bstudio_nxp/workspace/JN-AN-1189-ZigBee-HA-Demo/ColorDimmableLight/Build/appZpsBeaconHandler.o
LOAD c:/NXP/bstudio_nxp/workspace/JN-AN-1189-ZigBee-HA-Demo/ColorDimmableLight/Build/haEzFindAndBind.o
LOAD c:/NXP/bstudio_nxp/workspace/JN-AN-1189-ZigBee-HA-Demo/ColorDimmableLight/Build/haEzJoin.o
LOAD c:/NXP/bstudio_nxp/workspace/JN-AN-1189-ZigBee-HA-Demo/ColorDimmableLight/Build/haKeys.o
LOAD c:/NXP/bstudio_nxp/workspace/JN-AN-1189-ZigBee-HA-Demo/ColorDimmableLight/Build/DriverBulb_DR1175.o
LOAD c:/NXP/bstudio_nxp/workspace/JN-AN-1189-ZigBee-HA-Demo/ColorDimmableLight/Build/DriverBulb_Shim.o
LOAD c:/NXP/bstudio_nxp/workspace/JN-AN-1189-ZigBee-HA-Demo/ColorDimmableLight/Build/Alarms.o
LOAD c:/NXP/bstudio_nxp/workspace/JN-AN-1189-ZigBee-HA-Demo/ColorDimmableLight/Build/AlarmsClientCommands.o
LOAD c:/NXP/bstudio_nxp/workspace/JN-AN-1189-ZigBee-HA-Demo/ColorDimmableLight/Build/AlarmsCommandHandler.o
LOAD c:/NXP/bstudio_nxp/workspace/JN-AN-1189-ZigBee-HA-Demo/ColorDimmableLight/Build/AlarmsServerCommands.o
LOAD c:/NXP/bstudio_nxp/workspace/JN-AN-1189-ZigBee-HA-Demo/ColorDimmableLight/Build/AlarmsTableManager.o
LOAD c:/NXP/bstudio_nxp/workspace/JN-AN-1189-ZigBee-HA-Demo/ColorDimmableLight/Build/AnalogInputBasic.o
LOAD c:/NXP/bstudio_nxp/workspace/JN-AN-1189-ZigBee-HA-Demo/ColorDimmableLight/Build/AnalogOutputBasic.o
LOAD c:/NXP/bstudio_nxp/workspace/JN-AN-1189-ZigBee-HA-Demo/ColorDimmableLight/Build/Basic.o
LOAD c:/NXP/bstudio_nxp/workspace/JN-AN-1189-ZigBee-HA-Demo/ColorDimmableLight/Build/BasicClientCommands.o
LOAD c:/NXP/bstudio_nxp/workspace/JN-AN-1189-ZigBee-HA-Demo/ColorDimmableLight/Build/BasicCommandHandler.o
LOAD c:/NXP/bstudio_nxp/workspace/JN-AN-1189-ZigBee-HA-Demo/ColorDimmableLight/Build/BinaryInputBasic.o
LOAD c:/NXP/bstudio_nxp/workspace/JN-AN-1189-ZigBee-HA-Demo/ColorDimmableLight/Build/BinaryOutputBasic.o
LOAD c:/NXP/bstudio_nxp/workspace/JN-AN-1189-ZigBee-HA-Demo/ColorDimmableLight/Build/Commissioning.o
LOAD c:/NXP/bstudio_nxp/workspace/JN-AN-1189-ZigBee-HA-Demo/ColorDimmableLight/Build/DeviceTemperatureConfiguration.o
LOAD c:/NXP/bstudio_nxp/workspace/JN-AN-1189-ZigBee-HA-Demo/ColorDimmableLight/Build/Diagnostics.o
LOAD c:/NXP/bstudio_nxp/workspace/JN-AN-1189-ZigBee-HA-Demo/ColorDimmableLight/Build/DoorLock.o
LOAD c:/NXP/bstudio_nxp/workspace/JN-AN-1189-ZigBee-HA-Demo/ColorDimmableLight/Build/DoorLockCommandHandler.o
LOAD c:/NXP/bstudio_nxp/workspace/JN-AN-1189-ZigBee-HA-Demo/ColorDimmableLight/Build/DoorLockCommands.o
LOAD c:/NXP/bstudio_nxp/workspace/JN-AN-1189-ZigBee-HA-Demo/ColorDimmableLight/Build/ElectricalMeasurement.o
LOAD c:/NXP/bstudio_nxp/workspace/JN-AN-1189-ZigBee-HA-Demo/ColorDimmableLight/Build/Groups.o
LOAD c:/NXP/bstudio_nxp/workspace/JN-AN-1189-ZigBee-HA-Demo/ColorDimmableLight/Build/GroupsClientCommands.o
LOAD c:/NXP/bstudio_nxp/workspace/JN-AN-1189-ZigBee-HA-Demo/ColorDimmableLight/Build/GroupsCommandHandler.o
LOAD c:/NXP/bstudio_nxp/workspace/JN-AN-1189-ZigBee-HA-Demo/ColorDimmableLight/Build/GroupsServerCommands.o
LOAD c:/NXP/bstudio_nxp/workspace/JN-AN-1189-ZigBee-HA-Demo/ColorDimmableLight/Build/GroupsTableManager.o
LOAD c:/NXP/bstudio_nxp/workspace/JN-AN-1189-ZigBee-HA-Demo/ColorDimmableLight/Build/Identify.o
LOAD c:/NXP/bstudio_nxp/workspace/JN-AN-1189-ZigBee-HA-Demo/ColorDimmableLight/Build/IdentifyClientCommands.o
LOAD c:/NXP/bstudio_nxp/workspace/JN-AN-1189-ZigBee-HA-Demo/ColorDimmableLight/Build/IdentifyCommandHandler.o
LOAD c:/NXP/bstudio_nxp/workspace/JN-AN-1189-ZigBee-HA-Demo/ColorDimmableLight/Build/IdentifyServerCommands.o
LOAD c:/NXP/bstudio_nxp/workspace/JN-AN-1189-ZigBee-HA-Demo/ColorDimmableLight/Build/LevelControl.o
LOAD c:/NXP/bstudio_nxp/workspace/JN-AN-1189-ZigBee-HA-Demo/ColorDimmableLight/Build/LevelControlClientCommands.o
LOAD c:/NXP/bstudio_nxp/workspace/JN-AN-1189-ZigBee-HA-Demo/ColorDimmableLight/Build/LevelControlCommandHandler.o
LOAD c:/NXP/bstudio_nxp/workspace/JN-AN-1189-ZigBee-HA-Demo/ColorDimmableLight/Build/MultistateInputBasic.o
LOAD c:/NXP/bstudio_nxp/workspace/JN-AN-1189-ZigBee-HA-Demo/ColorDimmableLight/Build/MultistateOutputBasic.o
LOAD c:/NXP/bstudio_nxp/workspace/JN-AN-1189-ZigBee-HA-Demo/ColorDimmableLight/Build/OOSC.o
LOAD c:/NXP/bstudio_nxp/workspace/JN-AN-1189-ZigBee-HA-Demo/ColorDimmableLight/Build/OnOff.o
LOAD c:/NXP/bstudio_nxp/workspace/JN-AN-1189-ZigBee-HA-Demo/ColorDimmableLight/Build/OnOffCommandHandler.o
LOAD c:/NXP/bstudio_nxp/workspace/JN-AN-1189-ZigBee-HA-Demo/ColorDimmableLight/Build/OnOffCommands.o
LOAD c:/NXP/bstudio_nxp/workspace/JN-AN-1189-ZigBee-HA-Demo/ColorDimmableLight/Build/PollControl.o
LOAD c:/NXP/bstudio_nxp/workspace/JN-AN-1189-ZigBee-HA-Demo/ColorDimmableLight/Build/PollControlClientCommands.o
LOAD c:/NXP/bstudio_nxp/workspace/JN-AN-1189-ZigBee-HA-Demo/ColorDimmableLight/Build/PollControlCommandHandler.o
LOAD c:/NXP/bstudio_nxp/workspace/JN-AN-1189-ZigBee-HA-Demo/ColorDimmableLight/Build/PollControlServerCommands.o
LOAD c:/NXP/bstudio_nxp/workspace/JN-AN-1189-ZigBee-HA-Demo/ColorDimmableLight/Build/PowerConfiguration.o
LOAD c:/NXP/bstudio_nxp/workspace/JN-AN-1189-ZigBee-HA-Demo/ColorDimmableLight/Build/Scenes.o
LOAD c:/NXP/bstudio_nxp/workspace/JN-AN-1189-ZigBee-HA-Demo/ColorDimmableLight/Build/ScenesClientCommands.o
LOAD c:/NXP/bstudio_nxp/workspace/JN-AN-1189-ZigBee-HA-Demo/ColorDimmableLight/Build/ScenesClusterManagement.o
LOAD c:/NXP/bstudio_nxp/workspace/JN-AN-1189-ZigBee-HA-Demo/ColorDimmableLight/Build/ScenesCommandHandler.o
LOAD c:/NXP/bstudio_nxp/workspace/JN-AN-1189-ZigBee-HA-Demo/ColorDimmableLight/Build/ScenesServerCommands.o
LOAD c:/NXP/bstudio_nxp/workspace/JN-AN-1189-ZigBee-HA-Demo/ColorDimmableLight/Build/ScenesTableManager.o
LOAD c:/NXP/bstudio_nxp/workspace/JN-AN-1189-ZigBee-HA-Demo/ColorDimmableLight/Build/TC.o
LOAD c:/NXP/bstudio_nxp/workspace/JN-AN-1189-ZigBee-HA-Demo/ColorDimmableLight/Build/Time.o
LOAD c:/NXP/bstudio_nxp/workspace/JN-AN-1189-ZigBee-HA-Demo/ColorDimmableLight/Build/FlowMeasurement.o
LOAD c:/NXP/bstudio_nxp/workspace/JN-AN-1189-ZigBee-HA-Demo/ColorDimmableLight/Build/IlluminanceLevelSensing.o
LOAD c:/NXP/bstudio_nxp/workspace/JN-AN-1189-ZigBee-HA-Demo/ColorDimmableLight/Build/IlluminanceMeasurement.o
LOAD c:/NXP/bstudio_nxp/workspace/JN-AN-1189-ZigBee-HA-Demo/ColorDimmableLight/Build/OccupancySensing.o
LOAD c:/NXP/bstudio_nxp/workspace/JN-AN-1189-ZigBee-HA-Demo/ColorDimmableLight/Build/PressureMeasurement.o
LOAD c:/NXP/bstudio_nxp/workspace/JN-AN-1189-ZigBee-HA-Demo/ColorDimmableLight/Build/RelativeHumidityMeasurement.o
LOAD c:/NXP/bstudio_nxp/workspace/JN-AN-1189-ZigBee-HA-Demo/ColorDimmableLight/Build/TemperatureMeasurement.o
LOAD c:/NXP/bstudio_nxp/workspace/JN-AN-1189-ZigBee-HA-Demo/ColorDimmableLight/Build/BallastConfiguration.o
LOAD c:/NXP/bstudio_nxp/workspace/JN-AN-1189-ZigBee-HA-Demo/ColorDimmableLight/Build/ColourControl.o
LOAD c:/NXP/bstudio_nxp/workspace/JN-AN-1189-ZigBee-HA-Demo/ColorDimmableLight/Build/ColourControlClientCommands.o
LOAD c:/NXP/bstudio_nxp/workspace/JN-AN-1189-ZigBee-HA-Demo/ColorDimmableLight/Build/ColourControlCommandHandler.o
LOAD c:/NXP/bstudio_nxp/workspace/JN-AN-1189-ZigBee-HA-Demo/ColorDimmableLight/Build/ColourControlConversions.o
LOAD c:/NXP/bstudio_nxp/workspace/JN-AN-1189-ZigBee-HA-Demo/ColorDimmableLight/Build/colour_dimmable_light.o
LOAD c:/NXP/bstudio_nxp/workspace/JN-AN-1189-ZigBee-HA-Demo/ColorDimmableLight/Build/colour_dimmer_switch.o
LOAD c:/NXP/bstudio_nxp/workspace/JN-AN-1189-ZigBee-HA-Demo/ColorDimmableLight/Build/dimmable_light.o
LOAD c:/NXP/bstudio_nxp/workspace/JN-AN-1189-ZigBee-HA-Demo/ColorDimmableLight/Build/dimmer_switch.o
LOAD c:/NXP/bstudio_nxp/workspace/JN-AN-1189-ZigBee-HA-Demo/ColorDimmableLight/Build/light_sensor.o
LOAD c:/NXP/bstudio_nxp/workspace/JN-AN-1189-ZigBee-HA-Demo/ColorDimmableLight/Build/occupancy_sensor.o
LOAD c:/NXP/bstudio_nxp/workspace/JN-AN-1189-ZigBee-HA-Demo/ColorDimmableLight/Build/on_off_light.o
LOAD c:/NXP/bstudio_nxp/workspace/JN-AN-1189-ZigBee-HA-Demo/ColorDimmableLight/Build/on_off_light_switch.o
LOAD c:/NXP/bstudio_nxp/workspace/JN-AN-1189-ZigBee-HA-Demo/ColorDimmableLight/Build/ha.o
LOAD c:/NXP/bstudio_nxp/workspace/JN-AN-1189-ZigBee-HA-Demo/ColorDimmableLight/Build/door_lock.o
LOAD c:/NXP/bstudio_nxp/workspace/JN-AN-1189-ZigBee-HA-Demo/ColorDimmableLight/Build/door_lock_controller.o
LOAD c:/NXP/bstudio_nxp/workspace/JN-AN-1189-ZigBee-HA-Demo/ColorDimmableLight/Build/mains_power_outlet.o
LOAD c:/NXP/bstudio_nxp/workspace/JN-AN-1189-ZigBee-HA-Demo/ColorDimmableLight/Build/on_off_output.o
LOAD c:/NXP/bstudio_nxp/workspace/JN-AN-1189-ZigBee-HA-Demo/ColorDimmableLight/Build/on_off_switch.o
LOAD c:/NXP/bstudio_nxp/workspace/JN-AN-1189-ZigBee-HA-Demo/ColorDimmableLight/Build/plug_control.o
LOAD c:/NXP/bstudio_nxp/workspace/JN-AN-1189-ZigBee-HA-Demo/ColorDimmableLight/Build/remote_control.o
LOAD c:/NXP/bstudio_nxp/workspace/JN-AN-1189-ZigBee-HA-Demo/ColorDimmableLight/Build/simple_sensor.o
LOAD c:/NXP/bstudio_nxp/workspace/JN-AN-1189-ZigBee-HA-Demo/ColorDimmableLight/Build/smart_plug.o
LOAD c:/NXP/bstudio_nxp/workspace/JN-AN-1189-ZigBee-HA-Demo/ColorDimmableLight/Build/DRLC.o
LOAD c:/NXP/bstudio_nxp/workspace/JN-AN-1189-ZigBee-HA-Demo/ColorDimmableLight/Build/DRLCCommandCanceAlllLoadControlEvents.o
LOAD c:/NXP/bstudio_nxp/workspace/JN-AN-1189-ZigBee-HA-Demo/ColorDimmableLight/Build/DRLCCommandCancelLoadControlEvent.o
LOAD c:/NXP/bstudio_nxp/workspace/JN-AN-1189-ZigBee-HA-Demo/ColorDimmableLight/Build/DRLCCommandGetScheduledEvents.o
LOAD c:/NXP/bstudio_nxp/workspace/JN-AN-1189-ZigBee-HA-Demo/ColorDimmableLight/Build/DRLCCommandHandler.o
LOAD c:/NXP/bstudio_nxp/workspace/JN-AN-1189-ZigBee-HA-Demo/ColorDimmableLight/Build/DRLCCommandLoadControlEvent.o
LOAD c:/NXP/bstudio_nxp/workspace/JN-AN-1189-ZigBee-HA-Demo/ColorDimmableLight/Build/DRLCCommandReportEventStatus.o
LOAD c:/NXP/bstudio_nxp/workspace/JN-AN-1189-ZigBee-HA-Demo/ColorDimmableLight/Build/DRLCCustomCommandResponsesClient.o
LOAD c:/NXP/bstudio_nxp/workspace/JN-AN-1189-ZigBee-HA-Demo/ColorDimmableLight/Build/DRLCCustomCommandResponsesServer.o
LOAD c:/NXP/bstudio_nxp/workspace/JN-AN-1189-ZigBee-HA-Demo/ColorDimmableLight/Build/DRLCEffectiveTime.o
LOAD c:/NXP/bstudio_nxp/workspace/JN-AN-1189-ZigBee-HA-Demo/ColorDimmableLight/Build/DRLCScheduler.o
LOAD c:/NXP/bstudio_nxp/workspace/JN-AN-1189-ZigBee-HA-Demo/ColorDimmableLight/Build/DRLCTableManagerNoMutex.o
LOAD c:/NXP/bstudio_nxp/workspace/JN-AN-1189-ZigBee-HA-Demo/ColorDimmableLight/Build/DRLCTableManagerServer.o
LOAD c:/NXP/bstudio_nxp/workspace/JN-AN-1189-ZigBee-HA-Demo/ColorDimmableLight/Build/DRLCUserEventOptInOut.o
LOAD c:/NXP/bstudio_nxp/workspace/JN-AN-1189-ZigBee-HA-Demo/ColorDimmableLight/Build/Price.o
LOAD c:/NXP/bstudio_nxp/workspace/JN-AN-1189-ZigBee-HA-Demo/ColorDimmableLight/Build/PriceBlockPeriodTableManager.o
LOAD c:/NXP/bstudio_nxp/workspace/JN-AN-1189-ZigBee-HA-Demo/ColorDimmableLight/Build/PriceCalorificValueTableManager.o
LOAD c:/NXP/bstudio_nxp/workspace/JN-AN-1189-ZigBee-HA-Demo/ColorDimmableLight/Build/PriceCommandGetBlockPeriod.o
LOAD c:/NXP/bstudio_nxp/workspace/JN-AN-1189-ZigBee-HA-Demo/ColorDimmableLight/Build/PriceCommandGetCalorificValue.o
LOAD c:/NXP/bstudio_nxp/workspace/JN-AN-1189-ZigBee-HA-Demo/ColorDimmableLight/Build/PriceCommandGetConversionFactor.o
LOAD c:/NXP/bstudio_nxp/workspace/JN-AN-1189-ZigBee-HA-Demo/ColorDimmableLight/Build/PriceCommandGetCurrentPrice.o
LOAD c:/NXP/bstudio_nxp/workspace/JN-AN-1189-ZigBee-HA-Demo/ColorDimmableLight/Build/PriceCommandGetScheduledPrices.o
LOAD c:/NXP/bstudio_nxp/workspace/JN-AN-1189-ZigBee-HA-Demo/ColorDimmableLight/Build/PriceCommandPriceAck.o
LOAD c:/NXP/bstudio_nxp/workspace/JN-AN-1189-ZigBee-HA-Demo/ColorDimmableLight/Build/PriceCommandPublishBlockPeriod.o
LOAD c:/NXP/bstudio_nxp/workspace/JN-AN-1189-ZigBee-HA-Demo/ColorDimmableLight/Build/PriceCommandPublishBlockPeriodReceive.o
LOAD c:/NXP/bstudio_nxp/workspace/JN-AN-1189-ZigBee-HA-Demo/ColorDimmableLight/Build/PriceCommandPublishCalorificValue.o
LOAD c:/NXP/bstudio_nxp/workspace/JN-AN-1189-ZigBee-HA-Demo/ColorDimmableLight/Build/PriceCommandPublishCalorificValueReceive.o
LOAD c:/NXP/bstudio_nxp/workspace/JN-AN-1189-ZigBee-HA-Demo/ColorDimmableLight/Build/PriceCommandPublishConversionFactor.o
LOAD c:/NXP/bstudio_nxp/workspace/JN-AN-1189-ZigBee-HA-Demo/ColorDimmableLight/Build/PriceCommandPublishConversionFactorReceive.o
LOAD c:/NXP/bstudio_nxp/workspace/JN-AN-1189-ZigBee-HA-Demo/ColorDimmableLight/Build/PriceCommandPublishPrice.o
LOAD c:/NXP/bstudio_nxp/workspace/JN-AN-1189-ZigBee-HA-Demo/ColorDimmableLight/Build/PriceCommandPublishPriceReceive.o
LOAD c:/NXP/bstudio_nxp/workspace/JN-AN-1189-ZigBee-HA-Demo/ColorDimmableLight/Build/PriceConversionFactorTableManager.o
LOAD c:/NXP/bstudio_nxp/workspace/JN-AN-1189-ZigBee-HA-Demo/ColorDimmableLight/Build/PriceCustomCommandHandler.o
LOAD c:/NXP/bstudio_nxp/workspace/JN-AN-1189-ZigBee-HA-Demo/ColorDimmableLight/Build/PriceCustomCommandResponses.o
LOAD c:/NXP/bstudio_nxp/workspace/JN-AN-1189-ZigBee-HA-Demo/ColorDimmableLight/Build/PriceScheduler.o
LOAD c:/NXP/bstudio_nxp/workspace/JN-AN-1189-ZigBee-HA-Demo/ColorDimmableLight/Build/PriceServerAttributeManager.o
LOAD c:/NXP/bstudio_nxp/workspace/JN-AN-1189-ZigBee-HA-Demo/ColorDimmableLight/Build/PriceTableManager.o
LOAD c:/NXP/bstudio_nxp/workspace/JN-AN-1189-ZigBee-HA-Demo/ColorDimmableLight/Build/SimpleMetering.o
LOAD c:/NXP/bstudio_nxp/workspace/JN-AN-1189-ZigBee-HA-Demo/ColorDimmableLight/Build/SimpleMeteringCommandHandler.o
LOAD c:/NXP/bstudio_nxp/workspace/JN-AN-1189-ZigBee-HA-Demo/ColorDimmableLight/Build/SimpleMetering_SendRequest.o
LOAD c:/NXP/bstudio_nxp/workspace/JN-AN-1189-ZigBee-HA-Demo/ColorDimmableLight/Build/dlist.o
LOAD c:/NXP/bstudio_nxp/workspace/JN-AN-1189-ZigBee-HA-Demo/ColorDimmableLight/Build/zcl.o
LOAD c:/NXP/bstudio_nxp/workspace/JN-AN-1189-ZigBee-HA-Demo/ColorDimmableLight/Build/zcl_CustomCommandReceive.o
LOAD c:/NXP/bstudio_nxp/workspace/JN-AN-1189-ZigBee-HA-Demo/ColorDimmableLight/Build/zcl_CustomCommandSend.o
LOAD c:/NXP/bstudio_nxp/workspace/JN-AN-1189-ZigBee-HA-Demo/ColorDimmableLight/Build/zcl_PDUbufferReadWrite.o
LOAD c:/NXP/bstudio_nxp/workspace/JN-AN-1189-ZigBee-HA-Demo/ColorDimmableLight/Build/zcl_PDUbufferReadWriteString.o
LOAD c:/NXP/bstudio_nxp/workspace/JN-AN-1189-ZigBee-HA-Demo/ColorDimmableLight/Build/zcl_WriteAttributesRequestHandle.o
LOAD c:/NXP/bstudio_nxp/workspace/JN-AN-1189-ZigBee-HA-Demo/ColorDimmableLight/Build/zcl_WriteAttributesRequestSend.o
LOAD c:/NXP/bstudio_nxp/workspace/JN-AN-1189-ZigBee-HA-Demo/ColorDimmableLight/Build/zcl_WriteAttributesResponseHandle.o
LOAD c:/NXP/bstudio_nxp/workspace/JN-AN-1189-ZigBee-HA-Demo/ColorDimmableLight/Build/zcl_attribute.o
LOAD c:/NXP/bstudio_nxp/workspace/JN-AN-1189-ZigBee-HA-Demo/ColorDimmableLight/Build/zcl_buffer.o
LOAD c:/NXP/bstudio_nxp/workspace/JN-AN-1189-ZigBee-HA-Demo/ColorDimmableLight/Build/zcl_clusterCommand.o
LOAD c:/NXP/bstudio_nxp/workspace/JN-AN-1189-ZigBee-HA-Demo/ColorDimmableLight/Build/zcl_command.o
LOAD c:/NXP/bstudio_nxp/workspace/JN-AN-1189-ZigBee-HA-Demo/ColorDimmableLight/Build/zcl_configureReportingCommandHandle.o
LOAD c:/NXP/bstudio_nxp/workspace/JN-AN-1189-ZigBee-HA-Demo/ColorDimmableLight/Build/zcl_configureReportingCommandSend.o
LOAD c:/NXP/bstudio_nxp/workspace/JN-AN-1189-ZigBee-HA-Demo/ColorDimmableLight/Build/zcl_configureReportingResponseHandle.o
LOAD c:/NXP/bstudio_nxp/workspace/JN-AN-1189-ZigBee-HA-Demo/ColorDimmableLight/Build/zcl_defaultResponse.o
LOAD c:/NXP/bstudio_nxp/workspace/JN-AN-1189-ZigBee-HA-Demo/ColorDimmableLight/Build/zcl_discoverAttributesExtendedRequestHandle.o
LOAD c:/NXP/bstudio_nxp/workspace/JN-AN-1189-ZigBee-HA-Demo/ColorDimmableLight/Build/zcl_discoverAttributesExtendedRequestSend.o
LOAD c:/NXP/bstudio_nxp/workspace/JN-AN-1189-ZigBee-HA-Demo/ColorDimmableLight/Build/zcl_discoverAttributesExtendedResponseHandle.o
LOAD c:/NXP/bstudio_nxp/workspace/JN-AN-1189-ZigBee-HA-Demo/ColorDimmableLight/Build/zcl_discoverAttributesRequestHandle.o
LOAD c:/NXP/bstudio_nxp/workspace/JN-AN-1189-ZigBee-HA-Demo/ColorDimmableLight/Build/zcl_discoverAttributesRequestSend.o
LOAD c:/NXP/bstudio_nxp/workspace/JN-AN-1189-ZigBee-HA-Demo/ColorDimmableLight/Build/zcl_discoverAttributesResponseHandle.o
LOAD c:/NXP/bstudio_nxp/workspace/JN-AN-1189-ZigBee-HA-Demo/ColorDimmableLight/Build/zcl_discoverCommandsRequestHandle.o
LOAD c:/NXP/bstudio_nxp/workspace/JN-AN-1189-ZigBee-HA-Demo/ColorDimmableLight/Build/zcl_discoverCommandsRequestSend.o
LOAD c:/NXP/bstudio_nxp/workspace/JN-AN-1189-ZigBee-HA-Demo/ColorDimmableLight/Build/zcl_discoverCommandsResponseHandle.o
LOAD c:/NXP/bstudio_nxp/workspace/JN-AN-1189-ZigBee-HA-Demo/ColorDimmableLight/Build/zcl_event.o
LOAD c:/NXP/bstudio_nxp/workspace/JN-AN-1189-ZigBee-HA-Demo/ColorDimmableLight/Build/zcl_heap.o
LOAD c:/NXP/bstudio_nxp/workspace/JN-AN-1189-ZigBee-HA-Demo/ColorDimmableLight/Build/zcl_library_options.o
LOAD c:/NXP/bstudio_nxp/workspace/JN-AN-1189-ZigBee-HA-Demo/ColorDimmableLight/Build/zcl_readAttributesRequestHandle.o
LOAD c:/NXP/bstudio_nxp/workspace/JN-AN-1189-ZigBee-HA-Demo/ColorDimmableLight/Build/zcl_readAttributesRequestSend.o
LOAD c:/NXP/bstudio_nxp/workspace/JN-AN-1189-ZigBee-HA-Demo/ColorDimmableLight/Build/zcl_readAttributesResponseHandle.o
LOAD c:/NXP/bstudio_nxp/workspace/JN-AN-1189-ZigBee-HA-Demo/ColorDimmableLight/Build/zcl_readReportingConfigurationCommandHandle.o
LOAD c:/NXP/bstudio_nxp/workspace/JN-AN-1189-ZigBee-HA-Demo/ColorDimmableLight/Build/zcl_readReportingConfigurationCommandSend.o
LOAD c:/NXP/bstudio_nxp/workspace/JN-AN-1189-ZigBee-HA-Demo/ColorDimmableLight/Build/zcl_readReportingConfigurationResponseHandle.o
LOAD c:/NXP/bstudio_nxp/workspace/JN-AN-1189-ZigBee-HA-Demo/ColorDimmableLight/Build/zcl_reportManager.o
LOAD c:/NXP/bstudio_nxp/workspace/JN-AN-1189-ZigBee-HA-Demo/ColorDimmableLight/Build/zcl_reportMaths.o
LOAD c:/NXP/bstudio_nxp/workspace/JN-AN-1189-ZigBee-HA-Demo/ColorDimmableLight/Build/zcl_reportScheduler.o
LOAD c:/NXP/bstudio_nxp/workspace/JN-AN-1189-ZigBee-HA-Demo/ColorDimmableLight/Build/zcl_reportStringHandling.o
LOAD c:/NXP/bstudio_nxp/workspace/JN-AN-1189-ZigBee-HA-Demo/ColorDimmableLight/Build/zcl_reportStructure.o
LOAD c:/NXP/bstudio_nxp/workspace/JN-AN-1189-ZigBee-HA-Demo/ColorDimmableLight/Build/zcl_search.o
LOAD c:/NXP/bstudio_nxp/workspace/JN-AN-1189-ZigBee-HA-Demo/ColorDimmableLight/Build/zcl_timer.o
LOAD c:/NXP/bstudio_nxp/workspace/JN-AN-1189-ZigBee-HA-Demo/ColorDimmableLight/Build/zcl_transmit.o
LOAD c:/NXP/bstudio_nxp/sdk/JN-SW-4168/Components/Library\libZPSMAC_Mini_JN516x.a
LOAD c:/NXP/bstudio_nxp/sdk/JN-SW-4168/Components/Library\libOS_JN516x.a
LOAD c:/NXP/bstudio_nxp/sdk/JN-SW-4168/Components/Library\libPWRM_JN516x.a
LOAD c:/NXP/bstudio_nxp/sdk/JN-SW-4168/Components/Library\libZPSTSV_JN516x.a
LOAD c:/NXP/bstudio_nxp/sdk/JN-SW-4168/Components/Library\libAES_SW_JN516x.a
LOAD c:/NXP/bstudio_nxp/sdk/JN-SW-4168/Components/Library\libPDUM_JN516x.a
LOAD c:/NXP/bstudio_nxp/sdk/JN-SW-4168/Components/Library\libZPSAPL_JN516x.a
LOAD c:/NXP/bstudio_nxp/sdk/JN-SW-4168/Components/Library\libRandom_JN516x.a
LOAD c:/NXP/bstudio_nxp/sdk/JN-SW-4168/Components/Library\libPDM_EEPROM_JN516x.a
LOAD c:/NXP/bstudio_nxp/sdk/JN-SW-4168/Components/Library\libDBG_JN516x.a
LOAD c:/NXP/bstudio_nxp/sdk/JN-SW-4168/Components/Library\libZPSNWK_JN516x.a
LOAD c:/NXP/bstudio_nxp/sdk/JN-SW-4168/Components/Library\libRecal_JN516x.a
LOAD c:/NXP/bstudio_nxp/sdk/JN-SW-4168/Components/Library\libMiniMac_JN516x.a
LOAD c:/NXP/bstudio_nxp/sdk/JN-SW-4168/Components/Library\libMiniMacShim_JN516x.a
LOAD c:/NXP/bstudio_nxp/sdk/JN-SW-4168/Components/Library\libMMAC_JN516x.a
LOAD c:/NXP/bstudio_nxp/sdk/JN-SW-4168/Components/Library\libAes_JN516x.a
LOAD c:/NXP/bstudio_nxp/sdk/JN-SW-4168/Components/Library\libHardwareApi_JN516x.a
LOAD c:/NXP/bstudio_nxp/sdk/JN-SW-4168/Components/Library\libMicroSpecific_JN516x.a
LOAD c:/NXP/bstudio_nxp/sdk/JN-SW-4168/Components/Library\libBoot_JN516x.a
LOAD c:/NXP/bstudio_nxp/sdk/JN-SW-4168/Platform/DK4/Library\libBoardLib_JN516x.a
LOAD c:/nxp/bstudio_nxp/sdk/tools/ba-elf-ba2-r36379/bin/../lib/gcc/ba-elf/4.7.4/../../../../ba-elf/lib/mcpu_jn51xx_sizeopt\libm.a
END GROUP
LOAD c:/nxp/bstudio_nxp/sdk/tools/ba-elf-ba2-r36379/bin/../lib/gcc/ba-elf/4.7.4/../../../../ba-elf/lib/mcpu_jn51xx_sizeopt\libc.a
LOAD c:/nxp/bstudio_nxp/sdk/tools/ba-elf-ba2-r36379/bin/../lib/gcc/ba-elf/4.7.4/mcpu_jn51xx_sizeopt\libgcc.a
LOAD c:/nxp/bstudio_nxp/sdk/tools/ba-elf-ba2-r36379/bin/../lib/gcc/ba-elf/4.7.4/../../../../ba-elf/lib/mcpu_jn51xx_sizeopt\libc.a
                0x0000000000080038                _exception_vsr_table = 0x80038
                0x0000000004000000                pSPIflashFncTable = 0x4000000
                0x0000000000000044                restore_state = 0x44
                0x000000000000004a                bZSPIWaitWIPClear = 0x4a
                0x0000000000000050                u16ZSPIflashRDID = 0x50
                0x0000000000000056                u8SelectFlashChipType = 0x56
                0x000000000000005c                memcpy = 0x5c
                0x0000000000000066                vBootFlashProg = 0x66
                [0x00000000000007d0]                __minimum_heap_size = DEFINED (__minimum_heap_size)?__minimum_heap_size:0xd16
                [0x0000000000001770]                __stack_size = DEFINED (__stack_size)?__stack_size:0x800
                0x0000000000000000                _SwConfig = (DEFINED (g_bSWConf_Debug) | (DEFINED (g_bSWConf_AltDebugPort) << 0x1))

.version        0x000000000007fffc        0x4
                0x000000000007fffc        0x4 LONG 0x7030008

.bir            0x0000000000080000       0x10
                0x0000000000080000                _flash_start = ABSOLUTE (.)
                0x0000000000080000                _flash_beg = ABSOLUTE (.)
                0x0000000000080000        0x4 LONG 0x12345678
                0x0000000000080004        0x4 LONG 0x11223344
                0x0000000000080008        0x4 LONG 0x55667788
                0x000000000008000c        0x1 BYTE 0x8
                0x000000000008000d        0x1 BYTE 0x1
                0x000000000008000e        0x2 SHORT 0x0

.flashheader    0x0000000000080010       0x28
                0x0000000000080010        0x4 LONG 0x0
                0x0000000000080014        0x4 LONG 0x0
                0x0000000000080018        0x4 LONG 0x0
                0x000000000008001c        0x2 SHORT 0x0
                0x000000000008001e        0x2 SHORT 0x0 ABSOLUTE (_SwConfig)
                0x0000000000080020                _enc_start = ABSOLUTE (.)
                0x0000000000080020        0x4 LONG 0x26270 ABSOLUTE (_image_len)
                0x0000000000080024        0x4 LONG 0xa5954 ABSOLUTE (_flash_data_start)
                0x0000000000080028        0x2 SHORT 0x13 ((ABSOLUTE (_ram_data_start) / 0x4) & 0xffff)
                0x000000000008002a        0x2 SHORT 0x247 ((ABSOLUTE (_ram_data_len) / 0x4) & 0xffff)
                0x000000000008002c        0x2 SHORT 0x25a ((ABSOLUTE (_bss_start) / 0x4) & 0xffff)
                0x000000000008002e        0x2 SHORT 0xf22 ((ABSOLUTE (_bss_len) / 0x4) & 0xffff)
                0x0000000000080030        0x4 LONG 0xa1dcc ABSOLUTE (AppWarmStart)
                0x0000000000080034        0x4 LONG 0xa1de6 ABSOLUTE (AppColdStart)
                0x0000000000000000                _enc_offset = (_enc_start & 0xf)

.ro_mac_address
                0x0000000000080040        0x0
                0x0000000000080040                _FlsMACAddress = ABSOLUTE (.)
 *(.ro_mac_address)
                0x0000000000080040                . = ALIGN (0x10)

.ro_ota_header  0x0000000000080040        0x0
                0x0000000000080040                _FlsOtaHeader = ABSOLUTE (.)
 *(.ro_ota_header)
                0x0000000000080040                . = ALIGN (0x10)

.ro_se_lnkKey   0x0000000000080040        0x0
                0x0000000000080040                _FlsLinkKey = ABSOLUTE (.)
 *(.ro_se_lnkKey)
                0x0000000000080040                . = ALIGN (0x10)

.rodata         0x0000000000080038      0xb7d
 *(.rodata*)
 .rodata        0x0000000000080038       0x38 C:\Users\I24375~1\AppData\Local\Temp\ccoedFI3.ltrans2.ltrans.o
 .rodata.str1.1
                0x0000000000080070        0x5 C:\Users\I24375~1\AppData\Local\Temp\ccoedFI3.ltrans3.ltrans.o
                                         0x10 (size before relaxing)
 *fill*         0x0000000000080075        0x3 00
 .rodata        0x0000000000080078       0x20 C:\Users\I24375~1\AppData\Local\Temp\ccoedFI3.ltrans4.ltrans.o
                0x0000000000080080                au32UartAddrOffset
 .rodata.str1.1
                0x0000000000080098        0x3 C:\Users\I24375~1\AppData\Local\Temp\ccoedFI3.ltrans4.ltrans.o
 .rodata.str1.1
                0x000000000008009b        0x6 C:\Users\I24375~1\AppData\Local\Temp\ccoedFI3.ltrans5.ltrans.o
 *fill*         0x00000000000800a1        0x3 00
 .rodata        0x00000000000800a4       0x18 C:\Users\I24375~1\AppData\Local\Temp\ccoedFI3.ltrans5.ltrans.o
                0x00000000000800a4                au32NwkPdmRecordOffsets
 .rodata.str1.1
                0x00000000000800bc        0xa C:\Users\I24375~1\AppData\Local\Temp\ccoedFI3.ltrans7.ltrans.o
                                         0x19 (size before relaxing)
 .rodata.str1.1
                0x00000000000800c6        0x7 C:\Users\I24375~1\AppData\Local\Temp\ccoedFI3.ltrans8.ltrans.o
                                         0x14 (size before relaxing)
 .rodata.str1.1
                0x00000000000800cd       0x11 C:\Users\I24375~1\AppData\Local\Temp\ccoedFI3.ltrans10.ltrans.o
                                         0x14 (size before relaxing)
 *fill*         0x00000000000800de        0x2 00
 .rodata        0x00000000000800e0       0x90 C:\Users\I24375~1\AppData\Local\Temp\ccoedFI3.ltrans11.ltrans.o
                0x00000000000800e8                g_u32NwkFcSaveCountBitShift
 .rodata.str1.1
                0x0000000000000000       0x11 C:\Users\I24375~1\AppData\Local\Temp\ccoedFI3.ltrans11.ltrans.o
                                          0xa (size before relaxing)
 .rodata.str1.1
                0x0000000000000000       0x11 C:\Users\I24375~1\AppData\Local\Temp\ccoedFI3.ltrans12.ltrans.o
                                          0x7 (size before relaxing)
 .rodata        0x0000000000080170        0x6 C:\Users\I24375~1\AppData\Local\Temp\ccoedFI3.ltrans12.ltrans.o
 .rodata.str1.1
                0x0000000000000000       0x11 C:\Users\I24375~1\AppData\Local\Temp\ccoedFI3.ltrans13.ltrans.o
                                          0x4 (size before relaxing)
 .rodata.str1.1
                0x0000000000080176        0x7 C:\Users\I24375~1\AppData\Local\Temp\ccoedFI3.ltrans14.ltrans.o
                                         0x19 (size before relaxing)
 .rodata.str1.1
                0x000000000008017d       0x17 C:\Users\I24375~1\AppData\Local\Temp\ccoedFI3.ltrans15.ltrans.o
 .rodata        0x0000000000080194      0x118 C:\Users\I24375~1\AppData\Local\Temp\ccoedFI3.ltrans15.ltrans.o
                0x0000000000080194                gu32ZCLVersion
                0x0000000000080198                OS_g_u32Version
                0x000000000008019c                PDUM_g_u32Version
                0x00000000000801a0                ZPS_g_u32MacVersion
                0x00000000000801a4                ZPS_g_u32TsvVersion
 .rodata.str1.1
                0x00000000000802ac       0x40 C:\Users\I24375~1\AppData\Local\Temp\ccoedFI3.ltrans17.ltrans.o
                                         0x73 (size before relaxing)
 .rodata        0x00000000000802ec        0x8 C:\Users\I24375~1\AppData\Local\Temp\ccoedFI3.ltrans18.ltrans.o
 .rodata        0x00000000000802f4       0x18 C:\Users\I24375~1\AppData\Local\Temp\ccoedFI3.ltrans19.ltrans.o
                0x0000000000080304                pu64NewMacOverrideMyAddressLocation
                0x0000000000080308                g_bReverToOldParent
 .rodata.str1.1
                0x000000000008030c       0x59 C:\Users\I24375~1\AppData\Local\Temp\ccoedFI3.ltrans24.ltrans.o
                                         0x7a (size before relaxing)
 .rodata.str1.1
                0x0000000000080365       0x10 C:\Users\I24375~1\AppData\Local\Temp\ccoedFI3.ltrans25.ltrans.o
                                         0x2f (size before relaxing)
 .rodata.str1.1
                0x0000000000080375        0x5 C:\Users\I24375~1\AppData\Local\Temp\ccoedFI3.ltrans26.ltrans.o
                                         0x13 (size before relaxing)
 *fill*         0x000000000008037a        0x2 00
 .rodata        0x000000000008037c       0x94 C:\Users\I24375~1\AppData\Local\Temp\ccoedFI3.ltrans26.ltrans.o
                0x000000000008037c                zps_pacNwkFrmStdByteFmt
                0x0000000000080380                zps_pacNwkFrmStdLongFmt
                0x0000000000080384                zps_pacNwkFrmStdHalfFmt
 .rodata.str1.1
                0x0000000000080410      0x10d C:\Users\I24375~1\AppData\Local\Temp\ccoedFI3.ltrans27.ltrans.o
 *fill*         0x000000000008051d        0x3 00
 .rodata        0x0000000000080520      0x220 C:\Users\I24375~1\AppData\Local\Temp\ccoedFI3.ltrans28.ltrans.o
 .rodata.str1.1
                0x0000000000080740       0x76 C:\Users\I24375~1\AppData\Local\Temp\ccoedFI3.ltrans30.ltrans.o
 *fill*         0x00000000000807b6        0x2 00
 .rodata        0x00000000000807b8      0x3f8 C:\Users\I24375~1\AppData\Local\Temp\ccoedFI3.ltrans30.ltrans.o
                0x00000000000807b8                zps_g_pvApl
                0x00000000000807bc                au32TimerBaseAddress
 .rodata.str1.1
                0x0000000000080bb0        0x5 C:\Users\I24375~1\AppData\Local\Temp\ccoedFI3.ltrans31.ltrans.o
                                          0x9 (size before relaxing)

.text           0x0000000000080bb8    0x24d9c
 *(.text*)
 .text          0x0000000000080bb8     0x1864 C:\Users\I24375~1\AppData\Local\Temp\ccoedFI3.ltrans1.ltrans.o
                0x0000000000080bf6                DBG_vUartFlush
                0x0000000000080c23                DBG_vUartPutch
                0x0000000000080c69                os_u32APP_cbGetTickTimer
                0x0000000000080c72                os_bAPP_cbSetTickTimerCompare
                0x0000000000080d71                boIdValueSearchMatch.142899
                0x0000000000080dcb                vMMAC_RadioToOffAndWait
                0x0000000000080de8                vStartReceive
                0x0000000000080e04                vSetChannelAndPower
                0x0000000000080fe6                vMiniMac_NextTransaction
                0x0000000000081050                eTransmit
                0x000000000008115b                vMiniMac_TxComplete
                0x000000000008124c                vTimerFired
                0x000000000008131b                eCLD_ScenesSaveClusters.constprop.29
                0x00000000000814bd                vDispatch.77661
                0x000000000008158f                OS_eStartSWTimer.constprop.152
                0x00000000000816ae                OS_eContinueSWTimer.constprop.30
                0x00000000000817a7                OS_eStopSWTimer
                0x00000000000818ca                vStartStopTimer
                0x00000000000818f5                os_vAPP_RadioRecal
                0x00000000000819b0                OS_ePostMessage
                0x0000000000081b16                OS_eExitCriticalSection
                0x0000000000081bfb                OS_eActivateTask
                0x0000000000081c96                vPostMlmeDcfmInd.98178
                0x0000000000081d39                u16ZCL_APduInstanceWriteNBO
                0x0000000000081d8d                u16ZCL_WriteCommandHeader
                0x0000000000081e05                u16ZCL_APduInstanceWriteStringNBO
                0x0000000000081ecc                u16ZCL_WriteAttributeValueIntoBuffer
                0x0000000000081f3e                u16ZCL_APduInstanceReadStringNBO.part.3.58990
                0x0000000000082017                eZCL_GetAttributeTypeSizeFromBuffer
                0x000000000008208e                u16ZCL_GetTxPayloadSize
                0x00000000000820c6                iPDM_ReadSegmentHeaderDataFromEEPROMsegment
                0x000000000008211f                iPDM_ReadUserDataFromEEPROMsegment
                0x0000000000082199                iPDM_ReCalculateWearCountAndChecksumAndWriteFileSystemHeader
                0x00000000000821e3                vPDM_SetEEPROMandFileSystemValidState
                0x000000000008220a                iPDM_ReadUserDataFromFileSystemRecord
                0x000000000008222a                u16ZCL_ReadTypeNBO
                0x00000000000822df                u16ZCL_APduInstanceReadNBO
                0x0000000000082330                u16ZCL_ReadCommandHeader.part.0.61756
                0x00000000000823a7                vPDM_WriteFileSystemRecordAndSegmentDataIntoEEPROMsegment
                0x00000000000823e2                bSMBusWait.168139
 *fill*         0x000000000008241c        0x0 00
 .text          0x000000000008241c     0x1bf8 C:\Users\I24375~1\AppData\Local\Temp\ccoedFI3.ltrans2.ltrans.o
                0x000000000008241c                DBG_iUartGetChar
                0x00000000000824d0                vMMAC_IntHandlerBbc
                0x00000000000824ea                eBasicTxCompleteHandler
                0x00000000000824ef                vTxRxTimeout.165242
                0x00000000000825b7                zps_eNwkHandleSmePollDcfm
                0x00000000000825e1                ZPS_eTsvOpen
                0x00000000000825fe                vZdoServersInit.2824
                0x0000000000082764                vDisplayAddressMapTable
                0x000000000008277e                vDisplayNT
                0x0000000000082798                sEZ_GetDiscEntry.11089
                0x00000000000827d9                ZPS_bIsMacAddressUsedInApsTable
                0x000000000008288f                ZPS_vGetDeviceCurrentData.constprop.128
                0x000000000008290e                u8PDM_CalculateLargestDataRecordStored
                0x000000000008293f                iPDM_FilterDuplicateAppendedSegmentsOnList.144071
                0x0000000000082983                eCLD_GroupsCheckGroupExists
                0x00000000000829f0                zps_vNwkBttMgrInit
                0x0000000000082a1e                ZPS_vNwkNibClearTables
                0x0000000000082b3f                PDUM_vInit
                0x0000000000082bfa                vMicroIntEnableOnly.constprop.148
                0x0000000000082c26                vMiniMac_MLME_SetReq_PanId
                0x0000000000082c63                vMiniMac_MLME_SetReq_ShortAddr
                0x0000000000082c71                pvZCL_HeapAlloc.part.0.69150.constprop.127
                0x0000000000082caa                vZCL_InitializeClusterInstance.constprop.118
                0x0000000000082cbb                vACI_OptimisedCcmStar.constprop.56
                0x0000000000082ea6                zps_eNwkRtDiscMatch.constprop.53
                0x0000000000082ef9                psDLISTsearchFromHead
                0x0000000000082f22                eCLD_ScenesFindScene
                0x0000000000082f70                eCLD_ColourControl_xyY2HSV.constprop.28
                0x0000000000083132                vCLD_ColourControl_xyY2CCT.constprop.27
                0x00000000000831e2                eCLD_ColourControl_HSV2xyY.constprop.26
                0x00000000000834df                eCLD_ColourControlHandleColourModeChange
                0x0000000000083585                vMiniMac_ReturnTxBufferCallback
                0x0000000000083597                psGetTxFrameBuffer
                0x00000000000835d6                psGetAndBuildCoordRealignment
                0x000000000008362e                pvHeap_Alloc
                0x0000000000083631                vMicroIntRestoreState
                0x000000000008363d                TSV_eStart
                0x000000000008368d                bAHI_WriteEEPROMfixSegmentData
                0x00000000000836eb                bAHI_InitialiseEEPROM
                0x0000000000083733                vAHI_ReadDataFromEEPROMregister
                0x0000000000083760                vAHI_WriteDataIntoEEPROMregister
                0x0000000000083790                iAHI_WriteDataIntoEEPROMsegment.constprop.132
                0x00000000000837de                iPDM_WriteSegmentHeaderDataIntoEEPROMsegment
                0x000000000008380d                u8AHI_WakeTimerFiredStatus
                0x0000000000083821                vAHI_WakeTimerStop.part.3.167487
                0x0000000000083841                vAHI_UartReset.part.4.167241
                0x0000000000083879                u8AHI_TimerFired.part.9.167054
                0x0000000000083894                vAHI_ClockXtalPull
                0x00000000000838b1                vAHI_OptimiseWaitStates
                0x00000000000838fd                bAHI_GetClkSource
                0x000000000008390a                vAHI_CpuDoze
                0x000000000008391d                vAHI_SwReset
                0x000000000008394e                u16AHI_AdcRead
                0x0000000000083973                vAHI_AdcStartSample
                0x00000000000839d0                bAHI_APRegulatorEnabled
                0x00000000000839dd                vAHI_ApConfigure.part.0.166725.constprop.150
                0x0000000000083a0b                bIssueACIcommand
                0x0000000000083c6d                vTransformKey.isra.0.86464
                0x0000000000083c9d                MAC_u64GetExtAddr
                0x0000000000083cb8                bHandleZdoLeaveRequest.6003
                0x0000000000083d14                ZPS_u64NwkNibFindExtAddr
                0x0000000000083dba                eCLD_ScenesSetLastConfiguredBy.isra.1.25586
                0x0000000000083df1                ZPS_u16NwkNibFindNwkAddr
                0x0000000000083e92                psSearchForFrameToSend
                0x0000000000083ee9                eMiniMac_FrameInProgress
                0x0000000000083f14                vRemoveFromTxQueue
                0x0000000000083f50                vAddToTxQueue
                0x0000000000083f86                u8GetHeaderSize
                0x0000000000083fae                vMiniMac_MLME_SetReq_MaxCsmaBackoffs
                0x0000000000083fce                vMiniMac_MLME_SetReq_MaxBe
                0x0000000000083ff1                vMiniMac_MLME_SetReq_MinBe
 .text          0x0000000000084014     0x1f59 C:\Users\I24375~1\AppData\Local\Temp\ccoedFI3.ltrans3.ltrans.o
                0x0000000000084014                eSmeAcScBeaconInd.156392
                0x000000000008407a                eSmeASFlBeaconInd.156227
                0x000000000008409c                eSmeUDNTScanDcfm.155677
                0x00000000000840b8                vPermitJoinHandleExpiry.151221
                0x00000000000840c1                vNwkMcpsTimerCallback
                0x00000000000840db                zps_eSceGenlIllegal
                0x00000000000840e2                zps_eSmeGenlIllegal
                0x00000000000840e9                DBG_vUartFailedAssert
                0x00000000000840ed                psGetVsMcpsBuf.98182
                0x00000000000840f6                psGetMlmeBuf.98175
                0x000000000008413d                psGetNlmeBuf.80896
                0x0000000000084147                psGetNldeBuf.80917
                0x0000000000084151                psGetApsmeBuf.80903
                0x000000000008415a                psGetApsdeBuf.80910
                0x0000000000084273                vLoopbackTimerCallback
                0x00000000000842a2                zps_eNwkFormStInit
                0x00000000000842b7                bCheckMatchingEntry.156387
                0x00000000000842dd                zps_psNwkSlistRemoveFromHead
                0x00000000000842f4                zps_psNwkSlistRemove
                0x000000000008432c                zps_bNwkMcpsMgrRemoveDescrFromLists
                0x000000000008436a                zps_vNwkSlistAddToTail
                0x0000000000084384                ZPS_bNwkSecHaveNetworkKey
                0x00000000000843b8                ZPS_bNwkSecFindMatSet
                0x00000000000843f4                zps_eNwkRctMatchNwkAddr
                0x000000000008445e                ZPS_u8NwkCalcNldeReqOverhead
                0x0000000000084499                zps_vRemoveNextHop
                0x000000000008454e                zps_vRemoveRoute
                0x00000000000845e5                zps_psNwkRtMatchNwkAddr
                0x000000000008465b                ZPS_u8NwkNibNtDiscMatch
                0x0000000000084717                zps_vNwkFreeMcpsHandle
                0x0000000000084741                ZPS_u64NwkNibGetMappedIeeeAddr
                0x0000000000084763                ZPS_vNwkSecResetDevice
                0x00000000000847a8                ZPS_bNwkNibNtActvMatch
                0x0000000000084857                bCheckNwkAddr
                0x00000000000848a0                ZPS_vSetExtendedStatus
                0x00000000000848b2                zps_eNwkRtMatch
                0x00000000000849bf                zps_psApsApsAllocateDcfmRecord
                0x0000000000084a2d                zps_u8CalcLinkCost
                0x0000000000084a69                zps_u64NwkLibFromPayload
                0x0000000000084c06                eSmeAcScBeaconInd.156235
                0x0000000000084d0e                eSmeUDNTBeaconInd.156211
                0x0000000000084d31                zps_vNwkLibU64ToPayload
                0x0000000000084d5e                zps_vInitBeaconPayload
                0x0000000000084dda                zps_eNwkDcfmIndPost
                0x0000000000084dfd                zps_psNwkDcfmIndGetBuf
                0x0000000000084e1f                eLeaveDataDcfmRemoteLeave.160977
                0x0000000000084e68                vSendDcfm.156913
                0x0000000000084e8c                eSmeEdScScanDcfm.156215
                0x0000000000084ed5                eSmeGenlScanDcfm.156219
                0x0000000000084f33                eRouteRequestDataDcfm.152397
                0x0000000000084f87                eNldeDataDcfm.150227
                0x0000000000084fb7                zps_vSendNwkStatusInd
                0x0000000000084fe8                DBG_vInit
                0x000000000008502a                vPDM_ReadBitmapHeader.143756
                0x0000000000085049                psSLISTsearch
                0x0000000000085089                psSLISTremove
                0x0000000000085107                vSLISTaddToTail
                0x0000000000085126                psSLISTgetNext
                0x000000000008514a                bPDM_ImageBitmapRepairCheck
                0x0000000000085172                u8PDM_ReadSequenceNumber
                0x0000000000085195                boSegmentNumberDeleteSearchMatch.143326
                0x00000000000851b0                u8PDM_ReadSegmentDataSize
                0x00000000000851c4                u32PDM_ReadFileSystemHeaderWearCount
                0x00000000000851da                boSearchForWearCountSubstitute.143642
                0x0000000000085200                boSearchForWearCountInsertPoint.142895
                0x000000000008521e                vPDM_WriteFileSystemHeaderWearCount
                0x0000000000085230                RND_u32GetRand256
                0x000000000008524d                RND_u32GetRand
                0x0000000000085274                u16CalculateFailedTxCount.116217
                0x000000000008529e                vZdoIeeeAddrServerSendExtendResponse.part.0.102014
                0x00000000000852ff                vZdoNwkAddrServerSendExtendResponse.part.0.100834
                0x0000000000085360                zps_bAplZdoServerHandleConfirmAcks
                0x00000000000853aa                zps_bPerformLeaveActionDecider
                0x00000000000853c2                vHandleUpdateDeviceIndication.89986
                0x00000000000853ec                u32GetScanChannels.89973
                0x0000000000085417                bDuplicateCheck.86342
                0x0000000000085524                zps_vAplApsInitDuplicateTable
                0x0000000000085547                eHandleRemoveNonBroadcastEndpointsFromGroup.84970
                0x00000000000855bf                eHandleAddEntryToGroupTable.84933
                0x000000000008561b                bIsBindTableMatch.84910
                0x000000000008566c                eRemoveEntryInBindingTable.84938
                0x00000000000856eb                zps_vAplApsInitFragTransmitPool
                0x000000000008570c                zps_vAplApsFillAndPostApsAck
                0x0000000000085776                zps_u8AplApsFreeMsgHandle
                0x00000000000857e0                zps_vAplApsInitSyncMsgPool
                0x0000000000085818                zps_vAplApsInitFragReceivePool
                0x000000000008583b                vFillDataIndStruct.80759
                0x0000000000085899                vFillApduErrorEvent.80752
                0x00000000000858dc                bCheckProfile.80747
                0x000000000008591a                ZPS_bIsGroupPresent
                0x0000000000085952                pdum_u16ReadNBO
                0x0000000000085ab3                PDUM_u16SizeNBO
                0x0000000000085b11                PDUM_u16APduInstanceWriteStrNBO
                0x0000000000085c90                PDUM_eNPduReadHeaderNBO
                0x0000000000085ce3                PDUM_u16APduInstanceReadNBO
                0x0000000000085d2e                u8ZdoBindUnbindServerUnpackApdu
                0x0000000000085d7d                PDUM_eNPduPrependHeaderNBO
                0x0000000000085dd8                zps_psFormatCmdFrameGeneral
                0x0000000000085e63                PDUM_eNPduAppendDataNBO
                0x0000000000085ec0                PDUM_u16APduInstanceWriteNBO
                0x0000000000085f2a                PDUM_thAPduInstanceGetApdu
                0x0000000000085f45                PDUM_eAPduInstanceSetPayloadSize
 .text          0x0000000000085f6d     0x1380 C:\Users\I24375~1\AppData\Local\Temp\ccoedFI3.ltrans4.ltrans.o
                0x0000000000085fa3                os_vAPP_cbEnableTickTimer
                0x0000000000086023                os_vAPP_cbDisableTickTimer
                0x0000000000086067                vRetryCcaFailure
                0x00000000000860b3                eOrphanNotificationSent.164885
                0x00000000000860fc                DBG_vUartInitHardware
                0x0000000000086239                dbg_vPrintfImplNoneVerbose
                0x00000000000866c0                eCLD_ScenesCountScenes
                0x00000000000866da                ZPS_bSecDecrypt
                0x00000000000867ec                boPDM_IsBitmapSaturated.143791
                0x0000000000086835                vDLISTaddToHead
                0x000000000008685e                vDLISTaddToTail
                0x0000000000086881                psDLISTremove
                0x00000000000868e3                eZCLAddReport
                0x0000000000086b97                eCLD_ScenesRemoveAllScenes
                0x0000000000086c30                iPDM_SearchForBufferIdInList
                0x0000000000086c65                iPDM_SearchForBufferIdInFileSystem
                0x0000000000086c78                iPDM_ReadUserDataFromSegmentWithId
                0x0000000000086cad                iPDM_SearchForSpecificSegmentInList
                0x0000000000086cdf                bPCA9634_WriteRegister
                0x0000000000086d5d                bRGB_LED_Off
                0x0000000000086d92                bRGB_LED_SetLevel
                0x0000000000086ddf                vLI_UpdateDriver
                0x0000000000086e30                bRGB_LED_On
                0x0000000000086e44                vRGBLight_SetLevels
                0x0000000000086ebb                APP_vHandleIdentify
                0x0000000000086f07                MAC_vPibSetRxOnWhenIdle.constprop.138
                0x0000000000086f10                vMiniMac_Init
                0x0000000000087278                eBuildAndSend.164895
 .text          0x00000000000872ed     0x1605 C:\Users\I24375~1\AppData\Local\Temp\ccoedFI3.ltrans5.ltrans.o
                0x00000000000872ed                PDM_eSaveRecordData
                0x0000000000087722                zps_vAplSaveRecord
                0x0000000000087843                vAplSecRemoveLinkKey.90063
                0x00000000000878bf                ZPS_vNwkSaveRecord
                0x00000000000878eb                zps_bNwkFindAddIeeeAddr
                0x0000000000087a69                eCheckAddrConflict.isra.4.147337
                0x0000000000087aff                ZPS_vRemoveEntryFromAddressMap
                0x0000000000087b48                ZPS_vNwkMacEntriesClear
                0x0000000000087bf1                ZPS_vNwkSaveAllRecords
                0x0000000000087c08                zps_vSaveAllZpsRecords
                0x0000000000087c27                ZPS_vNwkNibSetNwkAddr
                0x0000000000087c45                zps_eNwkHandleSceRejnResponse
                0x0000000000087ca2                ZPS_vNwkNibSetExtPanId
                0x0000000000087cc6                ZPS_vNwkNibSetKeySeqNum
                0x0000000000087cda                ZPS_vNwkNibSetDepth
                0x0000000000087d03                ZPS_vNwkNibSetUpdateId
                0x0000000000087d12                vSendNetworkUpdate.147104
                0x0000000000087e42                ZPS_vNwkNibSetPanId
                0x0000000000087e60                ZPS_vNwkNibSetCapabilityInfo
                0x0000000000087e8d                ZPS_vNwkNibSetChannel
                0x0000000000087eab                zps_u8NwkHandleRejoinReq
                0x0000000000087f74                zps_vProcessLocalAddrConflict
                0x000000000008801f                ZPS_vNwkSaveNt
                0x0000000000088146                ZPS_vNtSetUsedStatus
                0x00000000000881ec                zps_vJoinInitNtParent
                0x000000000008838b                vContinueRejoin.158768
                0x0000000000088432                zps_vBuildSortedActvNTList
                0x00000000000884f0                zps_vCheckActvNtForDuplicate
                0x000000000008858c                vFinish.159980
                0x00000000000885e2                zps_eNwkHandleSceLeave
                0x0000000000088799                zps_vTidyActvNtAfterJoin
                0x0000000000088828                eUnsolicitedRejoinRspDataDcfm.147112
                0x0000000000088853                ZPS_vNwkSaveSecMat
                0x0000000000088867                vPDM_MoveAllDataWithBufferIdAndStateFromListToList
 *fill*         0x00000000000888f2        0x2 00
 .text          0x00000000000888f4     0x1520 C:\Users\I24375~1\AppData\Local\Temp\ccoedFI3.ltrans6.ltrans.o
                0x00000000000888f4                vZCL_EventHandler
 .text          0x0000000000089e14     0x16ba C:\Users\I24375~1\AppData\Local\Temp\ccoedFI3.ltrans7.ltrans.o
                0x0000000000089e14                vMcpsMgrExpiry.148002
                0x000000000008a008                zps_vNwkHandleCmeRouteDiscoveryReq
                0x000000000008a08e                vSendNetworkReport.147100
                0x000000000008a168                zps_eNwkHandleSceRouteReply
                0x000000000008a413                vPDM_MoveAllDataFromListToList
                0x000000000008a451                vPDM_MoveAllDataToDeAllocList
                0x000000000008a479                iPDM_ReconstructReplacedDataTable
                0x000000000008a606                iPDM_ReplaceChangedSegmentInSequence
                0x000000000008a6f8                vPDM_ImageBitmapRepair.142814
                0x000000000008a759                vPDM_MoveAllDataWithBufferIdFromListToList
                0x000000000008a7de                vPDM_DeleteAppendedSequence
                0x000000000008a8c5                ZPS_vNwkResetOutgoingFrameCounter
                0x000000000008a919                zps_psNwkSendRejoinReqCmd.constprop.12
                0x000000000008a997                zps_psSendNetworkStatusCmd
                0x000000000008ac03                zps_eNwkHandleSceRouteRecord
                0x000000000008ace2                zps_eDefaultDataDcfm
                0x000000000008add1                zps_psSendFrm
                0x000000000008b13b                zps_psSendBroadcastFrm
                0x000000000008b1d1                ZPS_vNwkHandleNldeReqRsp
                0x000000000008b3ce                zps_eAplApsmeCmdMgrSendCommand
                0x000000000008b4a5                zps_vAplApsmeCmdMgrRetryTimeout.84902
 .text          0x000000000008b4ce     0x142d C:\Users\I24375~1\AppData\Local\Temp\ccoedFI3.ltrans8.ltrans.o
                0x000000000008b4ce                zps_bAplZdoIeeeAddrServer
                0x000000000008b627                zps_bAplZdoNwkAddrServer
                0x000000000008b7ab                eBeaconReqSent.164889
                0x000000000008b7d2                vPDM_AddFileSystemElementToListInAscendingWearCountOrder
                0x000000000008b8e0                vPDM_MoveFileRecordFromListToList
                0x000000000008b902                vPDM_MoveRecordToDeAllocList
                0x000000000008b922                iPDM_WriteSegmentHeaderAndData
                0x000000000008bb1e                vIncrementFrameCounterInPdm.isra.0.149428
                0x000000000008bcfd                iPDM_SegmentCopyAndAppendData.constprop.151
                0x000000000008bd5a                eMakeEntryInBindingTable.84956
                0x000000000008be04                vMiniMac_McpsCallback
                0x000000000008c05c                eMcpsTxCompleteHandler.164380
                0x000000000008c08a                ZPS_bSecEncrypt
                0x000000000008c240                vProcessListsForSubmission.148126
                0x000000000008c5cd                zps_vNwkMcpsMgrPost
                0x000000000008c5f1                psSendRouteReplyCmd.152375
                0x000000000008c703                zps_vNwkSendAnyPendingData
                0x000000000008c739                vHandleRouteDiscoveryExpiry.151953
                0x000000000008c80a                zps_psNwkPropagateLocalLeave
                0x000000000008c832                zps_vNwkHandleCmeLeaveReq
 *fill*         0x000000000008c8fb        0x1 00
 .text          0x000000000008c8fc     0x1224 C:\Users\I24375~1\AppData\Local\Temp\ccoedFI3.ltrans9.ltrans.o
                0x000000000008c9e8                vMiniMac_MlmeCallback
                0x000000000008cd3e                vMiniMacPoll_CheckPollResponse
                0x000000000008cd99                ePollReqSent.165497
                0x000000000008cdf2                vCLD_ScenesUpdateSceneValid
                0x000000000008ce72                eCLD_OnOffSceneEventHandler.21974
                0x000000000008cef9                eCLD_LevelControlUpdate
                0x000000000008d1a2                eCLD_LevelControlSetOnOffState.constprop.23
                0x000000000008d25b                eCLD_ColourControlUpdate
                0x000000000008d66f                eCLD_ColourControlSceneEventHandler.30955
                0x000000000008d6b5                PDM_vDeleteAllDataRecords
                0x000000000008d732                iPDM_VerifyDataSequenceWithBufferId
                0x000000000008d7d4                vManagePowerOnCountInit
                0x000000000008d84a                os_vAPP_vManagePowerOnCount
                0x000000000008d8b3                APP_ZCL_SaveLightLevel
                0x000000000008d8da                vSaveScenesNVM
                0x000000000008d96d                eCLD_GroupsRemoveAllGroups
                0x000000000008da1f                zps_eAplApsmeUnBindReqRsp
                0x000000000008da85                zps_eAplZdoGroupEndpointRemove
 .text          0x000000000008db20     0x18fa C:\Users\I24375~1\AppData\Local\Temp\ccoedFI3.ltrans10.ltrans.o
                0x000000000008db20                zps_eNwkHandleSceLinkStatus
                0x000000000008dc54                eSmeOrphScanDcfm.159993
                0x000000000008dccc                zps_psFindKeyDescr
                0x000000000008ddf8                zps_eAplSecEncryptPacket
                0x000000000008deea                eUnfragmentedUnicastTransmission.83494
                0x000000000008e227                zps_eAplSendApsmeCmdFrame
                0x000000000008e398                zps_eAplApsmeUpdateDeviceReqRsp.part.4.85067
                0x000000000008e539                vHandleJoinedNwk.11117
                0x000000000008e594                ZPS_vSetDevicePreviousData.constprop.15
                0x000000000008e782                ZPS_bNwkNibAddrMapAddEntry
                0x000000000008e949                zps_vAgeRouter
                0x000000000008e987                zps_eNwkHandleSdeActvDcfmData
                0x000000000008eb0c                vMcpsMgrTimeoutExpiry
                0x000000000008eb7b                zps_vLinkStatusHandleExpiry
                0x000000000008ec1c                zps_eNwkHandleSceRouteRequest
                0x000000000008f0ed                zps_sNwkNibNtCheckJoin
                0x000000000008f39b                zps_vNwkHandleCmeDirectJoinReq
 .text.unlikely
                0x000000000008f41a       0x5f C:\Users\I24375~1\AppData\Local\Temp\ccoedFI3.ltrans10.ltrans.o
                0x000000000008f41a                vInitUnknownNeighbor.148014
 .text          0x000000000008f479     0x1303 C:\Users\I24375~1\AppData\Local\Temp\ccoedFI3.ltrans11.ltrans.o
                0x000000000008f479                vBbcIntHandler.163939
                0x000000000008f731                os_vzps_isrMAC
                0x000000000008f7ef                eRejoinRspDataDcfm.158772
                0x000000000008f8be                zps_eNwkHandleSmeCommStatusInd
                0x000000000008f972                ZPS_pvNwkCtor.constprop.136
                0x000000000008ff18                ZPS_vNwkHandleNlmeReqRsp
                0x000000000008ff95                zps_vAplAfPostEvent
                0x0000000000090104                zps_eAplZdoNlmeleaveWrapper
                0x000000000009017c                zps_bAplZdoMgmtLeaveServer
                0x00000000000902fc                zps_eAplZdoNlmePermitJoiningWrapper
                0x0000000000090324                zps_bAplZdoPermitJoiningServer
                0x00000000000903b0                zps_bAplZdoDeviceAnnceServer
                0x0000000000090634                vChangeChannelTimerExpiry.116209
                0x0000000000090697                eLeaveReset.160972
                0x0000000000090702                eLeaveDataDcfmLocalLeave.160982
 .text          0x000000000009077c     0x18e1 C:\Users\I24375~1\AppData\Local\Temp\ccoedFI3.ltrans12.ltrans.o
                0x000000000009077c                zps_vSendJoinDcfm
                0x00000000000907c3                vGiveUp.159543
                0x00000000000907fb                PDUM_eNPduAllocate
                0x000000000009086a                zps_u8AplApsConstructAndPostLoopBackDataInd.83511
                0x00000000000909a3                u8PostUnicastMsgToNHLE.83519
                0x00000000000909dc                PDUM_eNPduClone
                0x0000000000090a28                PDUM_eNPduFree
                0x0000000000090a95                vPostVsMcpsDcfmInd.98185
                0x0000000000090b7f                zps_vNwkMcpsMgrFreeReqDescr
                0x0000000000090bb1                zps_psAllocateAndFormatMacHdr
                0x0000000000090eb4                zps_psNwkInitCmdFrame
                0x0000000000090f33                eSendLinkStatusDataDcfm.part.1.146065
                0x0000000000091065                zps_vNwkRemoveConflictedBroadcast
                0x00000000000910b7                vFreePendingReqDescr
                0x000000000009111e                zps_vNwkMcpsMgrTidyBtrReqDescr
                0x0000000000091162                vNwkBttTimerExpiry.154477
                0x0000000000091283                PDUM_hAPduAllocateAPduInstance
                0x00000000000912f7                hZCL_AllocateAPduInstance
                0x0000000000091333                zps_eAplZdoSendZdpResponse
                0x0000000000091638                zps_bAplZdoMatchDescServer
                0x000000000009164c                zps_bAplZdoNodeDescServer
                0x00000000000917b8                zps_bAplZdoSimpleDescServer
                0x0000000000091a19                zps_bAplZdoPowerDescServer
                0x0000000000091b36                zps_bAplZdoActiveEpServer
                0x0000000000091c1f                zps_bAplZdoSystemServerDiscoveryServer
                0x0000000000091ca8                zps_bAplZdoMgmtLqiServer
                0x0000000000091ed4                zps_bAplZdoMgmtRtgServer
                0x000000000009201a                bSendResponse.115028
 *fill*         0x000000000009205d        0x3 00
 .text          0x0000000000092060     0x1670 C:\Users\I24375~1\AppData\Local\Temp\ccoedFI3.ltrans13.ltrans.o
                0x0000000000092060                eAssocRespSent.164248
                0x000000000009207f                zps_vNwkHandleCmeSyncReq
                0x0000000000092114                zps_vNwkHandleCmeIdleNwkFormReq
                0x000000000009221a                zps_vNwkHandleCmeNwkDiscReq
                0x0000000000092294                zps_vNwkHandleCmeEdScanReq
                0x00000000000923f5                zps_eNwkHandleSmeBeaconNotifyInd
                0x0000000000092479                zps_eNwkHandleSceNwkReport
                0x00000000000924f7                zps_vNwkHandleCmeNwkJoinReq
                0x00000000000927d0                zps_vNwkHandleCmeNwkActvJoinReq
                0x00000000000927dc                eSmeEdScScanDcfm.156917
                0x00000000000929ab                vHandleRejoinExpiry.159539
                0x00000000000929f3                zps_eRejoinDataDcfm
                0x0000000000092a26                eSmeAsocAssocDcfm.160147
                0x0000000000092aaa                eSmeRjPCPollDcfm.160143
                0x0000000000092aeb                eSceRjRsRejoinRsp.160111
                0x0000000000092c69                zps_eNwkHandleSmeOrphanInd
                0x0000000000092ef3                zps_eNwkHandleSceNwkStatus
                0x000000000009324d                zps_eNwkHandleSmeAssocInd
                0x000000000009326f                zps_eNwkHandleSceRejnRequest
                0x00000000000932ef                vHandleNwkLocalUpdateAfterBcast.147117
                0x0000000000093343                vHandleNwkRemoteUpdateAfterBcast.147108
                0x0000000000093396                vMiniMac_PurgeAssocResp.constprop.5
                0x00000000000933f6                zps_vCleanUnAuthenHandleExpiry
                0x000000000009348b                zps_eProcessAddrConflict
                0x0000000000093638                ZPS_vNwkNibCheckAndUpdateAddresses
 .text          0x00000000000936d0     0x1214 C:\Users\I24375~1\AppData\Local\Temp\ccoedFI3.ltrans14.ltrans.o
                0x00000000000936d0                os_vAPP_ZPR_Light_Task
 .text          0x00000000000948e4     0x15cd C:\Users\I24375~1\AppData\Local\Temp\ccoedFI3.ltrans15.ltrans.o
                0x00000000000948e4                os_bDummyMemberCheck.77671
                0x00000000000948e9                os_vDefaultErrorHook.77667
                0x00000000000948ec                bCLD_ScenesSearchForScene.26109
                0x000000000009491f                eCLD_LevelControlSceneEventHandler.20534
                0x0000000000094965                DriverBulb_vSetTunableWhiteColourTemperature
                0x0000000000094968                os_vAPP_ButtonsScanTask
                0x000000000009496b                APP_ZCL_cbGeneralCallback.7987
                0x000000000009499b                vfExtendedStatusCallBack.3097
                0x000000000009499e                os_bStrictCheck.1358
                0x0000000000094c8a                bCLD_GroupsSearchForGroup.17890
                0x0000000000094caf                PDUM_eNPduWriteDataFromBuffer
                0x0000000000094d09                PDUM_eNPduWriteDataToBuffer
                0x0000000000094d67                PDUM_eNPduWriteFromBuffer
                0x0000000000094d90                PDUM_eNPduDescend
                0x0000000000094db6                PDUM_eNPduAscend
                0x0000000000094ddc                PDUM_eNPduClaimData
                0x0000000000094e49                PDUM_eNPduClaimHeader
                0x0000000000094e6c                PDUM_eNPduInitDescending
                0x0000000000094e87                eExpireSWTimer.77680
                0x0000000000094ef2                vEnterErrorHook.77663
                0x0000000000094f19                OS_eCollectMessage
                0x0000000000094fde                OS_eGetSWTimerStatus
                0x0000000000095020                eZCL_DoesAttributeHaveReportableChange
                0x000000000009503d                eZCL_GetAttributeReportableEntry
                0x00000000000950f5                vZCL_AlignNumericAttributeValueTo64.74342
                0x0000000000095204                eZCL_BuildClientTransmitAddressStructure
                0x0000000000095235                bZCL_CheckManufacturerSpecificAttributeFlagMatch
                0x0000000000095253                eZCL_SearchForAttributeEntry
                0x00000000000952ff                eZCL_GetAttributeTypeSize
                0x000000000009531e                vZCL_MarkAttributeInvalid
                0x00000000000953ed                u8ZCL_GetAttributeAllignToFourBytesBoundary
                0x0000000000095402                pvZCL_GetAttributePointer
                0x0000000000095478                vCLD_ScenesGenerateIndividualAttributeCallback
                0x00000000000954d2                eZCL_StoreChangeAttributeValue
                0x0000000000095571                u16ZCL_WriteTypeNBO.part.0.58857
                0x00000000000955e6                u16ZCL_GetStringStructureSize
                0x0000000000095623                u16ZCL_GetStringAttributeTypeSizeFromBuffer
                0x0000000000095694                u16ZCL_GetStringSizeAndBufferFromStructure
                0x0000000000095723                eZCL_GetAttributeTypeSizeFromStructure
                0x000000000009579c                bZCL_SendCommandResponse
                0x00000000000957b8                u8ZCL_GetEPIdFromIndex
                0x00000000000957da                eZCL_SearchForEPIndex
                0x0000000000095814                eZCL_SearchForClusterEntry
                0x000000000009588e                eZCL_BuildTransmitAddressStructure
                0x00000000000958fb                eZCL_SearchForEPentry
                0x0000000000095937                eZCL_FindCluster
                0x0000000000095988                eCLD_GroupsSetIdentifying
                0x00000000000959ad                vCLD_IdentifyTimerClickCallback.18953
                0x0000000000095a21                eCLD_LevelControlClusterIsPresent
                0x0000000000095a3a                eZCL_SearchForEPentryAndCheckManufacturerId
                0x0000000000095a78                vZCL_PassEventToUser
                0x0000000000095aa5                vCLD_ColourControl_CCT2xyY
                0x0000000000095b8b                bCLD_ColourControl_NumberIsValid.32413
                0x0000000000095baa                eCLD_ColourControl_xyY2XYZ.32417
                0x0000000000095c2c                vCLD_ColourControl_XYZ2RGB.32404
                0x0000000000095d4c                eCLD_ColourControl_GetRGB
                0x0000000000095e19                vAPP_ZCL_DeviceSpecific_Init
                0x0000000000095e80                vLI_InitVar.3219
 *fill*         0x0000000000095eb1        0x3 00
 .text          0x0000000000095eb4     0x1104 C:\Users\I24375~1\AppData\Local\Temp\ccoedFI3.ltrans16.ltrans.o
                0x0000000000095f6f                vZdoBdrmSendNextTimedRequest
                0x000000000009640f                eZCL_TransmitDataRequest
                0x0000000000096868                eZCL_SendDefaultResponse
                0x0000000000096967                vZCL_HandleAttributesReadResponse
                0x0000000000096b72                vReportTimerClickCallback
 .text          0x0000000000096fb8     0x11ac C:\Users\I24375~1\AppData\Local\Temp\ccoedFI3.ltrans17.ltrans.o
                0x0000000000096fb8                zps_bAplZdoBindUnbindServer
                0x000000000009737f                zps_bAplZdoDefaultServer
                0x00000000000975e0                zps_eZdpNodeDescResponse
                0x0000000000097688                zps_eZdpSimpleDescResponse
                0x0000000000097795                zps_eAplZdpMgmtLqiResponse
                0x000000000009787d                zps_eZdpPowerDescResponse
                0x000000000009791a                zps_eZdpActiveEpResponse
                0x00000000000979b0                zps_eZdpMatchDescResponse
                0x0000000000097a46                zps_eZdpSystemServerDiscoveryResponse
                0x0000000000097ab5                zps_eAplZdpMgmtRtgResponse
                0x0000000000097b7c                zps_eZdpNwkAddrResponse
                0x0000000000097c5f                zps_eZdpIeeeAddrResponse
                0x0000000000097df4                zps_bAplZdoMgmtNWKUpdateServer
 *fill*         0x0000000000098164        0x0 00
 .text          0x0000000000098164     0x102c C:\Users\I24375~1\AppData\Local\Temp\ccoedFI3.ltrans18.ltrans.o
                0x0000000000098164                os_vZCL_Task
                0x000000000009818a                os_vOTA_MsTask
                0x00000000000981b4                os_vTick_Task
                0x000000000009881e                eZCL_CustomCommandSend.constprop.24
                0x0000000000098d16                eCLD_GroupsCommandHandler
 .text          0x0000000000099190      0xeb4 C:\Users\I24375~1\AppData\Local\Temp\ccoedFI3.ltrans19.ltrans.o
                0x0000000000099190                zps_vAplApsPollTimer
                0x0000000000099282                vPostNlmeDcfmInd.80899
                0x0000000000099b9f                zps_eAplZdoStartStack
                0x0000000000099cd8                vEZ_EZModeNWKJoinHandler
 .text          0x000000000009a044      0xf29 C:\Users\I24375~1\AppData\Local\Temp\ccoedFI3.ltrans20.ltrans.o
                0x000000000009a044                eZCL_CustomCommandReceive
                0x000000000009a1d2                eCLD_ColourControlCommandHandler
                0x000000000009addb                eCLD_OnOffCommandHandler
                0x000000000009aefe                eCLD_BasicCommandHandler
 *fill*         0x000000000009af6d        0x3 00
 .text          0x000000000009af70     0x1274 C:\Users\I24375~1\AppData\Local\Temp\ccoedFI3.ltrans21.ltrans.o
                0x000000000009b128                vPollTimeout.165495
                0x000000000009b274                vSendMlmeCommStatusFromTxFrame
                0x000000000009b2ca                MAC_vHandleMlmeVsReqRsp.constprop.141
                0x000000000009b801                zps_sNwkStart
                0x000000000009b8a0                eSmeAcScScanDcfm.156924
                0x000000000009bbdd                zps_vNwkHandleCmeActvStartRouterReq
                0x000000000009bc87                vScanBeaconReceived
                0x000000000009bcc7                vRunningRxCallback
                0x000000000009bfc7                vPostDcfm.164906
                0x000000000009c036                vScanNextChannel.164893
 .text          0x000000000009c1e4      0xd48 C:\Users\I24375~1\AppData\Local\Temp\ccoedFI3.ltrans22.ltrans.o
                0x000000000009c1e4                eCLD_ScenesCommandHandler
                0x000000000009ce20                eCLD_IdentifyCommandHandler
 .text          0x000000000009cf2c      0xbb0 C:\Users\I24375~1\AppData\Local\Temp\ccoedFI3.ltrans23.ltrans.o
                0x000000000009cf2c                vAplSecAuthPollTimerExpiry.89963
                0x000000000009cf7e                vAplSecAuthTimerExpiry.89967
                0x000000000009d1c5                vPostApsdeDcfmInd.80913
                0x000000000009d3ea                zps_vHandleApsdeDataFragIndNotSupported
                0x000000000009d453                eJoinNetwork.90026
                0x000000000009d4fe                eDiscoverNetworks.90032
                0x000000000009d554                eStartNetworkDiscovery.90038
                0x000000000009d5b8                eStartRouter.90264
                0x000000000009d68a                vPostApsmeDcfmInd.80906
 .text          0x000000000009dadc      0xbc3 C:\Users\I24375~1\AppData\Local\Temp\ccoedFI3.ltrans24.ltrans.o
                0x000000000009dadc                APP_ZCL_cbEndpointCallback.7984
                0x000000000009dcd4                ZPS_vAplHandleApsdeReqRsp
                0x000000000009e0ee                zps_eAplZdpApsdeReqInternal
                0x000000000009e1dd                vEnablePermitJoin
                0x000000000009e25b                os_vAPP_AgeOutChildren
                0x000000000009e3da                zps_bAplZdoMgmtBindServer
                0x000000000009e61b                zps_eAplZdpBindResponse
                0x000000000009e63c                zps_eZdpUnbindResponse
                0x000000000009e65d                zps_eZdpMgmtLeaveResponse
                0x000000000009e67e                zps_eZdpMgmtPermitJoiningResponse
 *fill*         0x000000000009e69f        0x1 00
 .text          0x000000000009e6a0      0xcc8 C:\Users\I24375~1\AppData\Local\Temp\ccoedFI3.ltrans25.ltrans.o
                0x000000000009e893                vPostNldeDcfmInd.80920
                0x000000000009f32c                vStartScanTimerExpiry.116213
 .text          0x000000000009f368      0xc88 C:\Users\I24375~1\AppData\Local\Temp\ccoedFI3.ltrans26.ltrans.o
                0x000000000009f368                vSdeHandleMcpsDataInd.148098
 .text          0x000000000009fff0      0xbdb C:\Users\I24375~1\AppData\Local\Temp\ccoedFI3.ltrans27.ltrans.o
                0x000000000009fff0                vOSError
                0x00000000000a0048                OS_eEnterCriticalSection
                0x00000000000a0110                PDUM_eAPduFreeAPduInstance
                0x00000000000a0193                PDM_eReadDataFromRecord.part.0.142138
                0x00000000000a0216                PDM_eReadDataFromRecord
                0x00000000000a0236                vLoadAplRecord.90013
                0x00000000000a0264                vLoadNwkRecord.148994
                0x00000000000a029c                ZPS_eTsvStart
                0x00000000000a02f7                zps_eNwkHandleSceNwkUpdate
                0x00000000000a031b                vProcessTimedList.148030
                0x00000000000a0361                zps_vNwkMcpsMgrPostTimed
                0x00000000000a0374                vNwkMcpsSendTimedDfcm
                0x00000000000a03b8                zps_vAplAfPostTimerEvent
                0x00000000000a0435                zps_vExpireOldRoutes
                0x00000000000a04be                zps_vNwkJoinStStartResponseTimer
                0x00000000000a04f8                ZPS_eTsvStop
                0x00000000000a054c                zps_bAplZdoBindRequestServer
                0x00000000000a06b3                ZPS_vResetBoundServerContext
                0x00000000000a0713                vZdoBdrmBackStopTimerExpiry
                0x00000000000a0738                zps_eAplZdoBdrmRequestSend
                0x00000000000a07d5                zps_vNwkHandleCmePermitJoinReq
                0x00000000000a083d                zps_eNwkBtrMatch
                0x00000000000a093a                zps_vAplApsStopPollTimer.part.3.83398
                0x00000000000a09bb                bHasTimerFired.74873
                0x00000000000a0a25                eHandleRemoveBroadcastEndpointsFromGroup.84929
                0x00000000000a0a7f                eZCL_SetReceiveEventAddressStructure
                0x00000000000a0afe                APP_vManageTemperatureTick2
                0x00000000000a0b73                DBG_vDumpStack
                0x00000000000a0bb5                vUnclaimedInterrupt
 .text          0x00000000000a0bcb      0xa6e C:\Users\I24375~1\AppData\Local\Temp\ccoedFI3.ltrans28.ltrans.o
                0x00000000000a0bcb                os_vzps_taskZPS
                0x00000000000a0de8                eHA_RegisterColourDimmableLightEndPoint.constprop.107
 *fill*         0x00000000000a1639        0x3 00
 .text          0x00000000000a163c      0x790 C:\Users\I24375~1\AppData\Local\Temp\ccoedFI3.ltrans29.ltrans.o
                0x00000000000a163c                eCLD_LevelControlCommandHandler
                0x00000000000a1938                vZCL_HandleAttributesWriteRequest
 .text          0x00000000000a1dcc      0x336 C:\Users\I24375~1\AppData\Local\Temp\ccoedFI3.ltrans30.ltrans.o
                0x00000000000a1dcc                AppWarmStart
                0x00000000000a1de6                AppColdStart
                0x00000000000a1eee                os_vUnclaimedInterrupt
                0x00000000000a1f00                os_vControlledIntCheck
                0x00000000000a1f45                os_vControlledInterrupt
                0x00000000000a1f7e                os_vvISR_AdcDone
                0x00000000000a1f87                os_vvISR_SettleTimer
                0x00000000000a1f8d                os_vvISR_PwmTimer
                0x00000000000a1fa3                os_vAPP_isrIllegalInstruction
                0x00000000000a1fb9                os_vAPP_isrAlignmentException
                0x00000000000a1fcf                os_vAPP_isrBusErrorException
                0x00000000000a1fe5                os_vAPP_isrUnimplementedModuleException
                0x00000000000a1ffb                os_vAPP_isrStackOverflowException
                0x00000000000a2011                os_vAPP_isrTickTimer
 .text          0x00000000000a2102      0x1fd C:\Users\I24375~1\AppData\Local\Temp\ccoedFI3.ltrans31.ltrans.o
                0x00000000000a2205                zps_bAplZdoZdoClient
 .text          0x00000000000a22ff       0x25 c:/nxp/bstudio_nxp/sdk/tools/ba-elf-ba2-r36379/bin/../lib/gcc/ba-elf/4.7.4/../../../../ba-elf/lib/mcpu_jn51xx_sizeopt\libc.a(lib_a-memcmp.o)
                0x00000000000a22ff                memcmp
 .text          0x00000000000a2324       0x19 c:/nxp/bstudio_nxp/sdk/tools/ba-elf-ba2-r36379/bin/../lib/gcc/ba-elf/4.7.4/../../../../ba-elf/lib/mcpu_jn51xx_sizeopt\libc.a(lib_a-memcpy.o)
 .text          0x00000000000a233d       0x12 c:/nxp/bstudio_nxp/sdk/tools/ba-elf-ba2-r36379/bin/../lib/gcc/ba-elf/4.7.4/../../../../ba-elf/lib/mcpu_jn51xx_sizeopt\libc.a(lib_a-memset.o)
                0x00000000000a233d                memset
 .text          0x00000000000a234f       0x12 c:/nxp/bstudio_nxp/sdk/tools/ba-elf-ba2-r36379/bin/../lib/gcc/ba-elf/4.7.4/../../../../ba-elf/lib/mcpu_jn51xx_sizeopt\libc.a(lib_a-strlen.o)
                0x00000000000a234f                strlen
 .text          0x00000000000a2361       0x2b c:/nxp/bstudio_nxp/sdk/tools/ba-elf-ba2-r36379/bin/../lib/gcc/ba-elf/4.7.4/../../../../ba-elf/lib/mcpu_jn51xx_sizeopt\libc.a(lib_a-strncpy.o)
                0x00000000000a2361                strncpy
 *fill*         0x00000000000a238c        0x0 00
 .text          0x00000000000a238c      0x204 c:/nxp/bstudio_nxp/sdk/tools/ba-elf-ba2-r36379/bin/../lib/gcc/ba-elf/4.7.4/mcpu_jn51xx_sizeopt\libgcc.a(__udivsi3.o)
                0x00000000000a238c                __udivsi3
 .text          0x00000000000a2590       0x30 c:/nxp/bstudio_nxp/sdk/tools/ba-elf-ba2-r36379/bin/../lib/gcc/ba-elf/4.7.4/mcpu_jn51xx_sizeopt\libgcc.a(__divsi3.o)
                0x00000000000a2590                __divsi3
 .text          0x00000000000a25c0      0x1b0 c:/nxp/bstudio_nxp/sdk/tools/ba-elf-ba2-r36379/bin/../lib/gcc/ba-elf/4.7.4/mcpu_jn51xx_sizeopt\libgcc.a(__umodsi3.o)
                0x00000000000a25c0                __umodsi3
 .text          0x00000000000a2770       0x24 c:/nxp/bstudio_nxp/sdk/tools/ba-elf-ba2-r36379/bin/../lib/gcc/ba-elf/4.7.4/mcpu_jn51xx_sizeopt\libgcc.a(__modsi3.o)
                0x00000000000a2770                __modsi3
 .text          0x00000000000a2794       0x39 c:/nxp/bstudio_nxp/sdk/tools/ba-elf-ba2-r36379/bin/../lib/gcc/ba-elf/4.7.4/mcpu_jn51xx_sizeopt\libgcc.a(_fixunsdfsi.o)
                0x00000000000a2794                __fixunsdfsi
 .text          0x00000000000a27cd      0x3bd c:/nxp/bstudio_nxp/sdk/tools/ba-elf-ba2-r36379/bin/../lib/gcc/ba-elf/4.7.4/mcpu_jn51xx_sizeopt\libgcc.a(_divdi3.o)
                0x00000000000a27cd                __divdi3
 .text          0x00000000000a2b8a      0x350 c:/nxp/bstudio_nxp/sdk/tools/ba-elf-ba2-r36379/bin/../lib/gcc/ba-elf/4.7.4/mcpu_jn51xx_sizeopt\libgcc.a(_udivdi3.o)
                0x00000000000a2b8a                __udivdi3
 .text          0x00000000000a2eda      0x384 c:/nxp/bstudio_nxp/sdk/tools/ba-elf-ba2-r36379/bin/../lib/gcc/ba-elf/4.7.4/mcpu_jn51xx_sizeopt\libgcc.a(addsf3.o)
                0x00000000000a2eda                __addsf3
 *fill*         0x00000000000a325e        0x2 00
 .text          0x00000000000a3260      0x218 c:/nxp/bstudio_nxp/sdk/tools/ba-elf-ba2-r36379/bin/../lib/gcc/ba-elf/4.7.4/mcpu_jn51xx_sizeopt\libgcc.a(divsf3.o)
                0x00000000000a3260                __divsf3
 .text          0x00000000000a3478       0x81 c:/nxp/bstudio_nxp/sdk/tools/ba-elf-ba2-r36379/bin/../lib/gcc/ba-elf/4.7.4/mcpu_jn51xx_sizeopt\libgcc.a(eqsf2.o)
                0x00000000000a3478                __eqsf2
                0x00000000000a3478                __nesf2
 .text          0x00000000000a34f9       0xac c:/nxp/bstudio_nxp/sdk/tools/ba-elf-ba2-r36379/bin/../lib/gcc/ba-elf/4.7.4/mcpu_jn51xx_sizeopt\libgcc.a(gesf2.o)
                0x00000000000a34f9                __gesf2
                0x00000000000a34f9                __gtsf2
 .text          0x00000000000a35a5       0xac c:/nxp/bstudio_nxp/sdk/tools/ba-elf-ba2-r36379/bin/../lib/gcc/ba-elf/4.7.4/mcpu_jn51xx_sizeopt\libgcc.a(lesf2.o)
                0x00000000000a35a5                __ltsf2
                0x00000000000a35a5                __lesf2
 *fill*         0x00000000000a3651        0x3 00
 .text          0x00000000000a3654      0x24c c:/nxp/bstudio_nxp/sdk/tools/ba-elf-ba2-r36379/bin/../lib/gcc/ba-elf/4.7.4/mcpu_jn51xx_sizeopt\libgcc.a(mulsf3.o)
                0x00000000000a3654                __mulsf3
 .text          0x00000000000a38a0      0x3a2 c:/nxp/bstudio_nxp/sdk/tools/ba-elf-ba2-r36379/bin/../lib/gcc/ba-elf/4.7.4/mcpu_jn51xx_sizeopt\libgcc.a(subsf3.o)
                0x00000000000a38a0                __subsf3
 .text          0x00000000000a3c42       0x53 c:/nxp/bstudio_nxp/sdk/tools/ba-elf-ba2-r36379/bin/../lib/gcc/ba-elf/4.7.4/mcpu_jn51xx_sizeopt\libgcc.a(fixsfsi.o)
                0x00000000000a3c42                __fixsfsi
 .text          0x00000000000a3c95       0xad c:/nxp/bstudio_nxp/sdk/tools/ba-elf-ba2-r36379/bin/../lib/gcc/ba-elf/4.7.4/mcpu_jn51xx_sizeopt\libgcc.a(floatunsisf.o)
                0x00000000000a3c95                __floatunsisf
 .text          0x00000000000a3d42      0x682 c:/nxp/bstudio_nxp/sdk/tools/ba-elf-ba2-r36379/bin/../lib/gcc/ba-elf/4.7.4/mcpu_jn51xx_sizeopt\libgcc.a(adddf3.o)
                0x00000000000a3d42                __adddf3
 .text          0x00000000000a43c4      0x5c8 c:/nxp/bstudio_nxp/sdk/tools/ba-elf-ba2-r36379/bin/../lib/gcc/ba-elf/4.7.4/mcpu_jn51xx_sizeopt\libgcc.a(divdf3.o)
                0x00000000000a43c4                __divdf3
 .text          0x00000000000a498c       0xca c:/nxp/bstudio_nxp/sdk/tools/ba-elf-ba2-r36379/bin/../lib/gcc/ba-elf/4.7.4/mcpu_jn51xx_sizeopt\libgcc.a(gedf2.o)
                0x00000000000a498c                __gedf2
                0x00000000000a498c                __gtdf2
 *fill*         0x00000000000a4a56        0x2 00
 .text          0x00000000000a4a58      0x488 c:/nxp/bstudio_nxp/sdk/tools/ba-elf-ba2-r36379/bin/../lib/gcc/ba-elf/4.7.4/mcpu_jn51xx_sizeopt\libgcc.a(muldf3.o)
                0x00000000000a4a58                __muldf3
 .text          0x00000000000a4ee0      0x693 c:/nxp/bstudio_nxp/sdk/tools/ba-elf-ba2-r36379/bin/../lib/gcc/ba-elf/4.7.4/mcpu_jn51xx_sizeopt\libgcc.a(subdf3.o)
                0x00000000000a4ee0                __subdf3
 .text          0x00000000000a5573       0x64 c:/nxp/bstudio_nxp/sdk/tools/ba-elf-ba2-r36379/bin/../lib/gcc/ba-elf/4.7.4/mcpu_jn51xx_sizeopt\libgcc.a(fixdfsi.o)
                0x00000000000a5573                __fixdfsi
 .text          0x00000000000a55d7       0x8f c:/nxp/bstudio_nxp/sdk/tools/ba-elf-ba2-r36379/bin/../lib/gcc/ba-elf/4.7.4/mcpu_jn51xx_sizeopt\libgcc.a(extendsfdf2.o)
                0x00000000000a55d7                __extendsfdf2
 .text          0x00000000000a5666      0x13e c:/nxp/bstudio_nxp/sdk/tools/ba-elf-ba2-r36379/bin/../lib/gcc/ba-elf/4.7.4/mcpu_jn51xx_sizeopt\libgcc.a(truncdfsf2.o)
                0x00000000000a5666                __truncdfsf2
 .text          0x00000000000a57a4       0x48 c:/NXP/bstudio_nxp/sdk/JN-SW-4168/Components/Library\libPWRM_JN516x.a(pwrm_setjmp_JN516x.o)
                0x00000000000a57a4                setjmp
                0x00000000000a57c8                PWRM_longjmp
 .text          0x00000000000a57ec       0x27 c:/NXP/bstudio_nxp/sdk/JN-SW-4168/Components/Library\libHardwareApi_JN516x.a(AHI_Interrupt.o)
                0x00000000000a57ec                vAHI_InterruptSetPriority
                0x00000000000a580a                vAHI_InterruptSetActivePriorityLevel
 .text.vMicroSyscall
                0x00000000000a5813       0x17 c:/NXP/bstudio_nxp/sdk/JN-SW-4168/Components/Library\libMicroSpecific_JN516x.a(MicroSyscall_ba.o)
                0x00000000000a5813                vMicroSyscall
 .text          0x00000000000a582a        0x0 c:/NXP/bstudio_nxp/sdk/JN-SW-4168/Components/Library\libZPSAPL_JN516x.a(zps_apl_version_lc.o)
                0x00000000000a582a                ZPS_APL_Version_2v0
 .text          0x00000000000a582a        0x0 c:/NXP/bstudio_nxp/sdk/JN-SW-4168/Components/Library\libZPSNWK_JN516x.a(zps_nwk_version_lc.o)
                0x00000000000a582a                ZPS_NWK_Version_2v0
 .text          0x00000000000a582a      0x12a c:/nxp/bstudio_nxp/sdk/tools/ba-elf-ba2-r36379/bin/../lib/gcc/ba-elf/4.7.4/../../../../ba-elf/lib/mcpu_jn51xx_sizeopt\libm.a(lib_a-s_floor.o)
                0x00000000000a582a                floor
                0x00000000000a5954                _flash_end = ABSOLUTE (.)

.rela.dyn       0x00000000000a5954        0x0
 .rela.text     0x0000000000000000        0x0 c:/NXP/bstudio_nxp/workspace/JN-AN-1189-ZigBee-HA-Demo/ColorDimmableLight/Build/os_irq.o
 .rela.data     0x0000000000000000        0x0 c:/NXP/bstudio_nxp/workspace/JN-AN-1189-ZigBee-HA-Demo/ColorDimmableLight/Build/os_irq.o
 .rela.rodata   0x0000000000000000        0x0 c:/NXP/bstudio_nxp/workspace/JN-AN-1189-ZigBee-HA-Demo/ColorDimmableLight/Build/os_irq.o
                0x000000000400004c                . = ORIGIN (ram)

.data           0x000000000400004c      0x91c load address 0x00000000000a5954
                0x000000000400004c                _ram_data_start = ABSOLUTE (.)
 *(.data*)
 .data          0x000000000400004c       0x1c C:\Users\I24375~1\AppData\Local\Temp\ccoedFI3.ltrans0.ltrans.o
                0x000000000400004c                u32DefaultChannelMask.11672
                0x0000000004000050                u8MiniMacConfig_MaxConcurrentAssocResponses
                0x0000000004000054                psShadowRxBuffer
 .data          0x0000000004000068      0x148 C:\Users\I24375~1\AppData\Local\Temp\ccoedFI3.ltrans2.ltrans.o
                0x0000000004000068                u32HeapStart
                0x000000000400006c                asCLD_ColourControlCCTlist
 .data          0x00000000040001b0        0x1 C:\Users\I24375~1\AppData\Local\Temp\ccoedFI3.ltrans4.ltrans.o
 *fill*         0x00000000040001b1        0x1 00